[INFO] [launch]: All log files can be found below /root/.ros/log/2026-09-09-20-20-08-362635-ExternalDrive-8659
[INFO] [launch]: Default logging verbosity is set to INFO
[INFO] [launch.user]: controller=pure_pursuit custom_amcl=True rviz=False
[INFO] [autodrive_bridge_40hz-1]: process started with pid [8688]
[INFO] [sensor_odometry_node-2]: process started with pid [8690]
[INFO] [ekf_localization_node-3]: process started with pid [8692]
[INFO] [map_server-4]: process started with pid [8694]
[INFO] [lifecycle_manager-5]: process started with pid [8696]
[INFO] [gpu_amcl_cpp_node-6]: process started with pid [8698]
[INFO] [ground_truth_amcl_monitor-7]: process started with pid [8700]
[INFO] [calibration-8]: process started with pid [8702]
[INFO] [component_container-9]: process started with pid [8704]
[INFO] [actuator_interface-10]: process started with pid [8706]
[ekf_localization_node-3] [INFO] [1788985208.608841641] [ekf_localization]: Local odometry trust filter ready: /odom -> /ekf_odom and /ekf_pose in frame odom; reset events=/autodrive/reset_command
[lifecycle_manager-5] [INFO] [1788985208.632607498] [lifecycle_manager_map]: Creating
[lifecycle_manager-5] [INFO] [1788985208.639368249] [lifecycle_manager_map]: [34m[1mCreating and initializing lifecycle service clients[0m[0m
[map_server-4] [INFO] [1788985208.642257518] [map_server]: 
[map_server-4] 	map_server lifecycle node launched. 
[map_server-4] 	Waiting on external lifecycle transitions to activate
[map_server-4] 	See https://design.ros2.org/articles/node_lifecycle.html for more information.
[map_server-4] [INFO] [1788985208.643750188] [map_server]: Creating
[sensor_odometry_node-2] [INFO] [1788985208.644099072] [sensor_odometry]: Deterministic odometry observer: exact timestamp packets, encoders + IMU only
[lifecycle_manager-5] [INFO] [1788985208.645525608] [lifecycle_manager_map]: [34m[1mStarting managed nodes bringup...[0m[0m
[lifecycle_manager-5] [INFO] [1788985208.645587744] [lifecycle_manager_map]: [34m[1mConfiguring map_server[0m[0m
[map_server-4] [INFO] [1788985208.645887446] [map_server]: Configuring
[map_server-4] [INFO] [1788985208.645967547] [map_io]: Loading yaml file: /workspace/src/f1tenth_planning/maps/autodrive_track_ftg_commit_20260909_025m.yaml
[map_server-4] [INFO] [1788985208.646330628] [map_io]: resolution: 0.025
[map_server-4] [INFO] [1788985208.646346948] [map_io]: origin[0]: -6.82
[map_server-4] [INFO] [1788985208.646357438] [map_io]: origin[1]: -12.3
[map_server-4] [INFO] [1788985208.646365022] [map_io]: origin[2]: 0
[map_server-4] [INFO] [1788985208.646386072] [map_io]: free_thresh: 0.25
[map_server-4] [INFO] [1788985208.646395369] [map_io]: occupied_thresh: 0.65
[map_server-4] [INFO] [1788985208.646405168] [map_io]: mode: trinary
[map_server-4] [INFO] [1788985208.646415427] [map_io]: negate: 0
[map_server-4] [INFO] [1788985208.646733193] [map_io]: Loading image_file: /workspace/src/f1tenth_planning/maps/autodrive_track_ftg_commit_20260909_025m.pgm
[map_server-4] [INFO] [1788985208.695733191] [map_io]: Read map /workspace/src/f1tenth_planning/maps/autodrive_track_ftg_commit_20260909_025m.pgm: 349 X 877 map @ 0.025 m/cell
[lifecycle_manager-5] [INFO] [1788985208.712346071] [lifecycle_manager_map]: [34m[1mActivating map_server[0m[0m
[map_server-4] [INFO] [1788985208.713383166] [map_server]: Activating
[map_server-4] [INFO] [1788985208.714253469] [map_server]: Creating bond (map_server) to lifecycle manager.
[component_container-9] [INFO] [1788985208.813593418] [controller_container]: Load Library: /workspace/install/lib/libpure_pursuit_node.so
[component_container-9] [INFO] [1788985208.817515755] [controller_container]: Found class: rclcpp_components::NodeFactoryTemplate<f1tenth_control::PurePursuitNode>
[component_container-9] [INFO] [1788985208.817580767] [controller_container]: Instantiate class: rclcpp_components::NodeFactoryTemplate<f1tenth_control::PurePursuitNode>
[lifecycle_manager-5] [INFO] [1788985208.823991120] [lifecycle_manager_map]: Server map_server connected with bond.
[lifecycle_manager-5] [INFO] [1788985208.824053908] [lifecycle_manager_map]: [34m[1mManaged nodes are active[0m[0m
[lifecycle_manager-5] [INFO] [1788985208.824070449] [lifecycle_manager_map]: [34m[1mCreating bond timer...[0m[0m
[component_container-9] [INFO] [1788985208.842335779] [pure_pursuit_node]: Initializing Pure Pursuit Node
[component_container-9] [INFO] [1788985208.861613167] [pure_pursuit_node]: Loaded trajectory with 2586 waypoints (51.7 m)
[component_container-9] [INFO] [1788985208.883609635] [pure_pursuit_node]: Pure Pursuit Node initialized
[INFO] [launch_ros.actions.load_composable_nodes]: Loaded node '/pure_pursuit_node' in container '/controller_container'
[component_container-9] [INFO] [1788985208.885697812] [pure_pursuit_node]:   Trajectory: /workspace/src/f1tenth_planning/trajectories/autodrive_track_ftg_commit_20260909_025m_mintime_raceline.csv (2586 points)
[component_container-9] [INFO] [1788985208.885729441] [pure_pursuit_node]:   Lookahead: 0.35 - 0.95 m (gain: 0.05)
[component_container-9] [INFO] [1788985208.885749619] [pure_pursuit_node]:   Max speed cap: 3.00 m/s
[component_container-9] [INFO] [1788985208.885761091] [pure_pursuit_node]:   Lookahead adapt: cte_weight=1.00 cte_gain=0.042 curvature_gain=1.900
[component_container-9] [INFO] [1788985208.885776049] [pure_pursuit_node]:   Speed adapt: curvature_factor=0.102 floor_ratio=0.52
[component_container-9] [INFO] [1788985208.885793802] [pure_pursuit_node]:   Speed adapt (CTE): factor=1.500 floor_ratio=0.55
[component_container-9] [INFO] [1788985208.885803630] [pure_pursuit_node]:   Speed limits: max_lat_accel=6.50 min_reg_speed=0.00
[component_container-9] [INFO] [1788985208.885812928] [pure_pursuit_node]:   Yaw-rate damping: 0.000 s
[component_container-9] [INFO] [1788985208.885821895] [pure_pursuit_node]:   Target-heading turn-in gain: 0.000
[component_container-9] [INFO] [1788985208.885830651] [pure_pursuit_node]:   Command shaping: steer_rate=3.20 accel=3.00 decel=8.00
[component_container-9] [INFO] [1788985208.885841461] [pure_pursuit_node]:   Pose: /current_map_pose (map frame)
[component_container-9] [INFO] [1788985208.885850278] [pure_pursuit_node]:   Odom: /odom
[component_container-9] [INFO] [1788985208.885858423] [pure_pursuit_node]:   Control trigger: /odom (one command per odometry update; nominal 40.0 Hz)
[component_container-9] [INFO] [1788985208.885869033] [pure_pursuit_node]:   Steering feedback: /autodrive/roboracer_1/steering (lead gain 0.25)
[component_container-9] [INFO] [1788985208.885879092] [pure_pursuit_node]:   Startup path gate: distance <= 0.80 m, heading <= 0.75 rad
[component_container-9] [INFO] [1788985208.885890784] [pure_pursuit_node]:   Command: /cmd/speed
[gpu_amcl_cpp_node-6] [INFO] [1788985208.887323932] [gpu_amcl_cpp]: [AMCL] Parameters: update_min_d=0.02000, update_min_a=0.03500, max_scan_age=0.2500, odom_history=1.000s, cloud_publish_rate=1.0 Hz, debug_pre_resample=false, slip_threshold=1.00 rad/s, initial_raceline_heading=false, local_correction_gate=0.00m/0.00rad xy_gain=0.500 cross_track_only=false yaw_gain=0.000 association=0.80m recenter_cloud=true
[gpu_amcl_cpp_node-6] [INFO] [1788985208.903030693] [gpu_amcl_cpp]: Particle cloud publishing scan-synchronized, max 1.0 Hz
[gpu_amcl_cpp_node-6] [INFO] [1788985208.903092308] [gpu_amcl_cpp]: GPU AMCL C++ node created — waiting for map...
[gpu_amcl_cpp_node-6] [INFO] [1788985208.915325133] [gpu_amcl_cpp]: Received first map (349x877 @ 0.025 m/cell) — initialising PF
[gpu_amcl_cpp_node-6] [INFO] [1788985208.935876952] [gpu_amcl_cpp]: Loaded 2587 global heading points from /workspace/src/f1tenth_planning/trajectories/autodrive_track_ftg_commit_20260909_025m_mintime_raceline.csv
[autodrive_bridge_40hz-1] /usr/local/lib/python3.10/dist-packages/numpy/core/getlimits.py:499: UserWarning: The value of the smallest subnormal for <class 'numpy.float64'> type is zero.
[autodrive_bridge_40hz-1]   setattr(self, word, getattr(machar, word).flat[0])
[autodrive_bridge_40hz-1] /usr/local/lib/python3.10/dist-packages/numpy/core/getlimits.py:89: UserWarning: The value of the smallest subnormal for <class 'numpy.float64'> type is zero.
[autodrive_bridge_40hz-1]   return self._float_to_str(self.smallest_subnormal)
[gpu_amcl_cpp_node-6] [INFO] [1788985208.952610699] [gpu_amcl_cpp]: Global AMCL startup prior centred at saved map start (0.801, 3.158, -1.571) with covariance (0.500, 0.500, 0.200).
[gpu_amcl_cpp_node-6] [INFO] [1788985208.952738238] [gpu_amcl_cpp]: Particle filter initialised with 2500 particles (global)
[gpu_amcl_cpp_node-6] [INFO] [1788985208.952829860] [gpu_amcl_cpp]: Global particle initialization active; waiting for scans before publishing pose
[calibration-8] [INFO] [1788985208.996449135] [allowed_telemetry_recorder]: Calibration mode=sensor_record duration=240.000 s output=/workspace/src/f1tenth_planning/analysis/amcl_tuning_campaign_20260909/acceptance_3mps_gain050_fullxy_bag/telemetry/sensor_record_20260909_202008.csv
[autodrive_bridge_40hz-1] [autodrive_bridge_40hz] camera decode/publication disabled
[autodrive_bridge_40hz-1] [autodrive_bridge_40hz] bounded request pacing enabled at 40 Hz (max one outstanding request)
[ground_truth_amcl_monitor-7] [INFO] [1788985209.317015993] [ground_truth_amcl_monitor]: Absolute map scoring enabled from explicit map start: (0.8006, 3.1583, -1.5708)
[ground_truth_amcl_monitor-7] [WARN] [1788985209.327710713] [ground_truth_amcl_monitor]: Ground-truth monitor is diagnostics-only; simulator IPS/odom are not controller inputs
[autodrive_bridge_40hz-1] Connected!
[actuator_interface-10] [INFO] [1788985209.363076658] [autodrive_actuator_interface]: Actuator interface ready; no arming state
[actuator_interface-10] [WARN] [1788985209.365175815] [autodrive_actuator_interface]: Neutral output: no command
[component_container-9] [WARN] [1788985209.413513341] [pure_pursuit_node]: No pose received on /current_map_pose yet
[gpu_amcl_cpp_node-6] [INFO] [1788985209.413721982] [gpu_amcl_cpp]: Received first odometry sample at (0.00, 0.00, 0.00).
[actuator_interface-10] [WARN] [1788985209.437946339] [autodrive_actuator_interface]: Neutral output: no odometry
[gpu_amcl_cpp_node-6] [INFO] [1788985209.619960247] [gpu_amcl_cpp]: Received LiDAR callback #1 (1081 ranges).
[gpu_amcl_cpp_node-6] [INFO] [1788985209.620049425] [gpu_amcl_cpp]: AMCL odom delta: at_scan=(0.000, 0.000, 0.000) baseline=(0.000, 0.000, 0.000) delta=(0.000, 0.000, 0.000) moved=false scan_age=0.050s
[gpu_amcl_cpp_node-6] [INFO] [1788985209.620081966] [gpu_amcl_cpp]: Starting AMCL scan update #1 (sampled from 1081 ranges).
[gpu_amcl_cpp_node-6] [INFO] [1788985209.623332372] [gpu_amcl_cpp]: AMCL scan update #1 completed; evaluating pose confidence.
[gpu_amcl_cpp_node-6] [INFO] [1788985209.623967934] [gpu_amcl_cpp]: Global AMCL refining: cluster_weight=0.611, covariance xy=0.030 (max 0.250), yaw=0.004 (max 0.120).
[gpu_amcl_cpp_node-6] [INFO] [1788985209.623990006] [gpu_amcl_cpp]: Global AMCL lock evidence: quality=false stable_scans=1/5 travel=0.000/0.750 m (min_weight=0.500).
[gpu_amcl_cpp_node-6] [INFO] [1788985209.821109908] [gpu_amcl_cpp]: Publishing provisional global AMCL pose for localization ramp; travel=0.000/0.750 m stable_scans=5/5.
[ground_truth_amcl_monitor-7] [INFO] [1788985209.822040203] [ground_truth_amcl_monitor]: Relative GT alignment initialized: yaw=-0.000, translation=(-0.000, 0.000)
[ground_truth_amcl_monitor-7] [INFO] [1788985209.822579635] [ground_truth_amcl_monitor]: AMCL vs GT: gt=(0.801, 3.158) amcl=(0.801, 3.158) error=0.000 m / 0.000 rad; current_map=unavailable; odom=(0.801, 3.158, -1.571) error=0.000 m / 0.000 rad; ekf=(0.801, 3.158, -1.571) error=0.000 m / 0.000 rad; RMS=0.000 m / 0.000 rad max=0.000 m / 0.000 rad samples=1
[component_container-9] [INFO] [1788985210.119491634] [pure_pursuit_node]: Aligned closed trajectory seam to startup pose at original waypoint 1090
[component_container-9] [INFO] [1788985210.119577265] [pure_pursuit_node]: Startup path gate passed: path_distance=0.166 m heading_error=0.302 rad
[component_container-9] [INFO] [1788985210.119592864] [pure_pursuit_node]: Pure Pursuit: pose=(0.801, 3.158, -1.571) cte=-0.166 closest=0 target=18 path_dist=0.166 heading_err=0.302 steer=-0.003 speed=0.003
[actuator_interface-10] [INFO] [1788985210.467446664] [autodrive_actuator_interface]: Collision baseline established at cumulative count 0
[gpu_amcl_cpp_node-6] [INFO] [1788985210.620385647] [gpu_amcl_cpp]: AMCL odom delta: at_scan=(0.130, -0.008, -0.095) baseline=(0.091, -0.005, -0.086) delta=(0.039, -0.004, -0.009) moved=true scan_age=0.051s
[ground_truth_amcl_monitor-7] [INFO] [1788985210.823756885] [ground_truth_amcl_monitor]: AMCL vs GT: gt=(0.775, 2.716) amcl=(0.779, 2.770) error=0.054 m / 0.000 rad; current_map=(0.779, 2.770, -1.542) error=0.054 m / 0.000 rad; odom=(0.779, 2.770, -1.542) error=0.054 m / 0.000 rad; ekf=(0.779, 2.770, -1.542) error=0.054 m / 0.000 rad; RMS=0.048 m / 0.014 rad max=0.129 m / 0.061 rad samples=39
[gpu_amcl_cpp_node-6] [INFO] [1788985211.020964472] [gpu_amcl_cpp]: Global AMCL candidate rejected: start-anchor distance 0.775 m > 0.750 m.
[component_container-9] [INFO] [1788985211.119688866] [pure_pursuit_node]: Pure Pursuit: pose=(0.935, 2.084, -1.320) cte=-0.002 closest=53 target=78 path_dist=0.002 heading_err=-0.010 steer=-0.039 speed=2.971
[gpu_amcl_cpp_node-6] [INFO] [1788985211.271865941] [gpu_amcl_cpp]: Global AMCL lock accepted at (0.990, 1.832, -1.375); continuing with local tracking.
[gpu_amcl_cpp_node-6] [INFO] [1788985211.321142567] [gpu_amcl_cpp]: AMCL local correction: odom_prediction=(1.018, 1.691, -1.369) scan=(1.013, 1.681, -1.381) correction=0.011 m/0.011 rad cluster_weight=0.933 publish=true
[gpu_amcl_cpp_node-6] [WARN] [1788985211.594543358] [gpu_amcl_cpp]: No local AMCL cluster near odometry prediction; using causal odometry pose.
[gpu_amcl_cpp_node-6] [INFO] [1788985211.646254631] [gpu_amcl_cpp]: AMCL odom delta: at_scan=(2.431, 0.412, 0.091) baseline=(2.277, 0.393, 0.142) delta=(0.154, 0.018, -0.051) moved=true scan_age=0.053s
[ground_truth_amcl_monitor-7] [INFO] [1788985211.869313006] [ground_truth_amcl_monitor]: AMCL vs GT: gt=(1.290, 0.002) amcl=(1.220, 0.291) error=0.297 m / 0.107 rad; current_map=(1.259, 0.084, -1.330) error=0.087 m / 0.000 rad; odom=(1.289, 0.082, -1.330) error=0.080 m / 0.000 rad; ekf=(1.289, 0.082, -1.330) error=0.080 m / 0.000 rad; RMS=0.163 m / 0.027 rad max=0.655 m / 0.107 rad samples=72
[component_container-9] [INFO] [1788985212.119816378] [pure_pursuit_node]: Pure Pursuit: pose=(1.385, -0.678, -1.649) cte=-0.034 closest=193 target=215 path_dist=0.034 heading_err=0.126 steer=0.043 speed=2.829
[gpu_amcl_cpp_node-6] [INFO] [1788985212.350953566] [gpu_amcl_cpp]: AMCL local correction: odom_prediction=(1.389, -1.109, -1.639) scan=(1.390, -1.130, -1.637) correction=0.022 m/0.002 rad cluster_weight=0.946 publish=true
[gpu_amcl_cpp_node-6] [INFO] [1788985212.695838727] [gpu_amcl_cpp]: AMCL odom delta: at_scan=(5.071, 0.554, -0.092) baseline=(4.925, 0.564, -0.050) delta=(0.146, -0.010, -0.042) moved=true scan_age=0.050s
[gpu_amcl_cpp_node-6] [WARN] [1788985212.697222082] [gpu_amcl_cpp]: No local AMCL cluster near odometry prediction; using causal odometry pose.
[ground_truth_amcl_monitor-7] [INFO] [1788985212.870334334] [ground_truth_amcl_monitor]: AMCL vs GT: gt=(1.302, -2.652) amcl=(1.331, -2.464) error=0.190 m / 0.010 rad; current_map=(1.305, -2.670, -1.693) error=0.017 m / 0.000 rad; odom=(1.322, -2.207, -1.704) error=0.446 m / 0.010 rad; ekf=(1.322, -2.207, -1.704) error=0.446 m / 0.010 rad; RMS=0.150 m / 0.028 rad max=0.655 m / 0.107 rad samples=108
[component_container-9] [INFO] [1788985213.166924049] [pure_pursuit_node]: Pure Pursuit: pose=(1.178, -3.651, -1.780) cte=0.013 closest=342 target=368 path_dist=0.013 heading_err=0.075 steer=0.117 speed=2.930
[gpu_amcl_cpp_node-6] [INFO] [1788985213.370955405] [gpu_amcl_cpp]: AMCL local correction: odom_prediction=(1.129, -4.073, -1.728) scan=(1.129, -4.069, -1.727) correction=0.003 m/0.000 rad cluster_weight=0.929 publish=true
[gpu_amcl_cpp_node-6] [INFO] [1788985213.744404794] [gpu_amcl_cpp]: AMCL odom delta: at_scan=(8.138, 0.129, -0.194) baseline=(7.990, 0.157, -0.184) delta=(0.148, -0.028, -0.010) moved=true scan_age=0.051s
[ground_truth_amcl_monitor-7] [INFO] [1788985213.870463619] [ground_truth_amcl_monitor]: AMCL vs GT: gt=(0.870, -5.554) amcl=(0.887, -5.508) error=0.048 m / 0.000 rad; current_map=(0.883, -5.516, -1.759) error=0.039 m / 0.000 rad; odom=(0.857, -5.337, -1.759) error=0.217 m / 0.000 rad; ekf=(0.857, -5.337, -1.759) error=0.217 m / 0.000 rad; RMS=0.147 m / 0.025 rad max=0.655 m / 0.107 rad samples=145
[component_container-9] [INFO] [1788985214.168752491] [pure_pursuit_node]: Pure Pursuit: pose=(0.678, -6.517, -1.773) cte=-0.013 closest=488 target=514 path_dist=0.013 heading_err=-0.018 steer=-0.065 speed=2.934
[gpu_amcl_cpp_node-6] [WARN] [1788985214.221585008] [gpu_amcl_cpp]: Queued LiDAR scan until source-time odometry arrives (queued=1).
[gpu_amcl_cpp_node-6] [INFO] [1788985214.419097747] [gpu_amcl_cpp]: AMCL local correction: odom_prediction=(0.527, -7.106, -1.801) scan=(0.536, -7.081, -1.822) correction=0.027 m/0.021 rad cluster_weight=0.959 publish=true
[gpu_amcl_cpp_node-6] [INFO] [1788985214.644755808] [gpu_amcl_cpp]: Received LiDAR callback #95 (1081 ranges).
[gpu_amcl_cpp_node-6] [INFO] [1788985214.644813346] [gpu_amcl_cpp]: Starting AMCL scan update #95 (sampled from 1081 ranges).
[gpu_amcl_cpp_node-6] [INFO] [1788985214.645418351] [gpu_amcl_cpp]: AMCL scan update #95 completed; evaluating pose confidence.
[gpu_amcl_cpp_node-6] [INFO] [1788985214.745438626] [gpu_amcl_cpp]: AMCL odom delta: at_scan=(11.016, -0.538, -0.300) baseline=(10.881, -0.497, -0.284) delta=(0.135, -0.041, -0.016) moved=true scan_age=0.050s
[ground_truth_amcl_monitor-7] [INFO] [1788985214.871126135] [ground_truth_amcl_monitor]: AMCL vs GT: gt=(0.171, -8.390) amcl=(0.192, -8.347) error=0.047 m / 0.000 rad; current_map=(0.185, -8.368, -1.873) error=0.026 m / 0.000 rad; odom=(0.155, -8.195, -1.873) error=0.196 m / 0.000 rad; ekf=(0.155, -8.195, -1.873) error=0.196 m / 0.000 rad; RMS=0.147 m / 0.023 rad max=0.655 m / 0.107 rad samples=181
[component_container-9] [INFO] [1788985215.194396534] [pure_pursuit_node]: Pure Pursuit: pose=(-0.120, -9.265, -2.005) cte=-0.047 closest=631 target=654 path_dist=0.047 heading_err=-0.056 steer=-0.386 speed=2.492
[gpu_amcl_cpp_node-6] [INFO] [1788985215.445557380] [gpu_amcl_cpp]: AMCL local correction: odom_prediction=(-0.412, -9.691, -2.377) scan=(-0.441, -9.741, -2.366) correction=0.058 m/0.010 rad cluster_weight=0.997 publish=true
[gpu_amcl_cpp_node-6] [INFO] [1788985215.796327661] [gpu_amcl_cpp]: AMCL odom delta: at_scan=(12.933, -1.715, -1.236) baseline=(12.921, -1.685, -1.157) delta=(0.012, -0.030, -0.079) moved=true scan_age=0.052s
[ground_truth_amcl_monitor-7] [INFO] [1788985215.918221794] [ground_truth_amcl_monitor]: AMCL vs GT: gt=(-1.298, -10.270) amcl=(-1.153, -10.220) error=0.153 m / 0.119 rad; current_map=(-1.219, -10.229, -3.066) error=0.089 m / 0.000 rad; odom=(-1.032, -9.798, -3.066) error=0.542 m / 0.000 rad; ekf=(-1.032, -9.798, -3.066) error=0.542 m / 0.000 rad; RMS=0.146 m / 0.030 rad max=0.655 m / 0.140 rad samples=218
[component_container-9] [INFO] [1788985216.244519212] [pure_pursuit_node]: Pure Pursuit: pose=(-2.005, -9.964, 2.500) cte=-0.021 closest=742 target=767 path_dist=0.021 heading_err=0.128 steer=-0.137 speed=2.623
[gpu_amcl_cpp_node-6] [INFO] [1788985216.471673779] [gpu_amcl_cpp]: AMCL local correction: odom_prediction=(-2.317, -9.689, 2.326) scan=(-2.329, -9.677, 2.327) correction=0.017 m/0.001 rad cluster_weight=0.973 publish=true
[gpu_amcl_cpp_node-6] [INFO] [1788985216.820472422] [gpu_amcl_cpp]: AMCL odom delta: at_scan=(11.614, -3.371, -2.636) baseline=(11.737, -3.302, -2.626) delta=(-0.123, -0.069, -0.010) moved=true scan_age=0.050s
[ground_truth_amcl_monitor-7] [INFO] [1788985216.920911823] [ground_truth_amcl_monitor]: AMCL vs GT: gt=(-2.938, -8.646) amcl=(-2.890, -8.726) error=0.093 m / 0.082 rad; current_map=(-2.946, -8.598, 1.943) error=0.049 m / 0.000 rad; odom=(-2.635, -8.331, 2.025) error=0.437 m / 0.082 rad; ekf=(-2.635, -8.331, 2.025) error=0.437 m / 0.082 rad; RMS=0.138 m / 0.036 rad max=0.655 m / 0.182 rad samples=256
[component_container-9] [INFO] [1788985217.293777307] [pure_pursuit_node]: Pure Pursuit: pose=(-3.146, -7.467, 1.682) cte=-0.003 closest=883 target=909 path_dist=0.003 heading_err=-0.039 steer=-0.122 speed=2.934
[gpu_amcl_cpp_node-6] [INFO] [1788985217.498396035] [gpu_amcl_cpp]: AMCL local correction: odom_prediction=(-3.155, -7.027, 1.523) scan=(-3.155, -7.025, 1.527) correction=0.003 m/0.004 rad cluster_weight=0.992 publish=true
[gpu_amcl_cpp_node-6] [INFO] [1788985217.870164602] [gpu_amcl_cpp]: AMCL odom delta: at_scan=(8.661, -3.665, 2.965) baseline=(8.803, -3.686, 3.025) delta=(-0.142, 0.021, -0.061) moved=true scan_age=0.050s
[ground_truth_amcl_monitor-7] [INFO] [1788985217.921519237] [ground_truth_amcl_monitor]: AMCL vs GT: gt=(-3.083, -5.805) amcl=(-3.095, -5.918) error=0.113 m / 0.064 rad; current_map=(-3.066, -5.780, 1.330) error=0.031 m / 0.000 rad; odom=(-2.835, -5.365, 1.330) error=0.506 m / 0.000 rad; ekf=(-2.864, -5.503, 1.394) error=0.374 m / 0.064 rad; RMS=0.133 m / 0.036 rad max=0.655 m / 0.182 rad samples=294
[component_container-9] [INFO] [1788985218.320587649] [pure_pursuit_node]: Pure Pursuit: pose=(-2.751, -4.515, 1.338) cte=-0.018 closest=1033 target=1058 path_dist=0.018 heading_err=-0.055 steer=-0.128 speed=2.912
[gpu_amcl_cpp_node-6] [INFO] [1788985218.546359163] [gpu_amcl_cpp]: AMCL local correction: odom_prediction=(-2.569, -4.008, 1.175) scan=(-2.575, -3.999, 1.171) correction=0.011 m/0.004 rad cluster_weight=0.952 publish=true
[gpu_amcl_cpp_node-6] [INFO] [1788985218.919808893] [gpu_amcl_cpp]: AMCL odom delta: at_scan=(6.224, -3.034, 2.978) baseline=(6.320, -3.047, 3.039) delta=(-0.097, 0.013, -0.061) moved=true scan_age=0.050s
[ground_truth_amcl_monitor-7] [INFO] [1788985218.922383662] [ground_truth_amcl_monitor]: AMCL vs GT: gt=(-2.414, -3.199) amcl=(-2.470, -3.333) error=0.145 m / 0.000 rad; current_map=(-2.481, -3.370, 1.407) error=0.184 m / 0.000 rad; odom=(-2.233, -3.065, 1.407) error=0.225 m / 0.000 rad; ekf=(-2.233, -3.065, 1.407) error=0.225 m / 0.000 rad; RMS=0.133 m / 0.036 rad max=0.655 m / 0.182 rad samples=331
[component_container-9] [INFO] [1788985219.343670148] [pure_pursuit_node]: Pure Pursuit: pose=(-2.030, -2.320, 1.327) cte=0.088 closest=1148 target=1169 path_dist=0.088 heading_err=-0.016 steer=0.328 speed=2.485
[gpu_amcl_cpp_node-6] [INFO] [1788985219.571282255] [gpu_amcl_cpp]: AMCL local correction: odom_prediction=(-1.976, -1.919, 1.655) scan=(-1.969, -1.878, 1.622) correction=0.042 m/0.033 rad cluster_weight=0.948 publish=true
[gpu_amcl_cpp_node-6] [INFO] [1788985219.692937400] [gpu_amcl_cpp]: Received LiDAR callback #188 (1081 ranges).
[gpu_amcl_cpp_node-6] [INFO] [1788985219.692995659] [gpu_amcl_cpp]: Starting AMCL scan update #188 (sampled from 1081 ranges).
[gpu_amcl_cpp_node-6] [INFO] [1788985219.694072279] [gpu_amcl_cpp]: AMCL scan update #188 completed; evaluating pose confidence.
[gpu_amcl_cpp_node-6] [WARN] [1788985219.947024445] [gpu_amcl_cpp]: Queued LiDAR scan until source-time odometry arrives (queued=1).
[ground_truth_amcl_monitor-7] [INFO] [1788985219.948452754] [ground_truth_amcl_monitor]: AMCL vs GT: gt=(-1.918, -0.950) amcl=(-1.963, -1.142) error=0.198 m / 0.101 rad; current_map=(-1.956, -1.118, 1.220) error=0.172 m / 0.000 rad; odom=(-1.838, -1.218, 1.220) error=0.280 m / 0.000 rad; ekf=(-1.845, -1.242, 1.321) error=0.301 m / 0.101 rad; RMS=0.140 m / 0.039 rad max=0.655 m / 0.182 rad samples=368
[gpu_amcl_cpp_node-6] [INFO] [1788985219.949717296] [gpu_amcl_cpp]: AMCL odom delta: at_scan=(4.376, -2.638, 2.791) baseline=(4.400, -2.646, 2.892) delta=(-0.024, 0.007, -0.101) moved=true scan_age=0.054s
[component_container-9] [INFO] [1788985220.393793027] [pure_pursuit_node]: Pure Pursuit: pose=(-1.412, -0.356, 1.181) cte=0.216 closest=1251 target=1270 path_dist=0.216 heading_err=0.173 steer=0.524 speed=1.458
[gpu_amcl_cpp_node-6] [INFO] [1788985220.619666793] [gpu_amcl_cpp]: AMCL local correction: odom_prediction=(-1.333, -0.119, 1.516) scan=(-1.324, -0.097, 1.461) correction=0.024 m/0.055 rad cluster_weight=0.928 publish=true
[ground_truth_amcl_monitor-7] [INFO] [1788985220.948619671] [ground_truth_amcl_monitor]: AMCL vs GT: gt=(-1.497, 0.492) amcl=(-1.484, 0.495) error=0.014 m / 0.000 rad; current_map=(-1.481, 0.490, 1.931) error=0.017 m / 0.000 rad; odom=(-1.466, 0.145, 1.931) error=0.349 m / 0.000 rad; ekf=(-1.466, 0.145, 1.931) error=0.349 m / 0.000 rad; RMS=0.137 m / 0.043 rad max=0.655 m / 0.188 rad samples=405
[gpu_amcl_cpp_node-6] [INFO] [1788985220.997150850] [gpu_amcl_cpp]: AMCL odom delta: at_scan=(2.943, -2.290, -2.861) baseline=(3.014, -2.266, -2.782) delta=(-0.071, -0.024, -0.079) moved=true scan_age=0.051s
[component_container-9] [INFO] [1788985221.416168882] [pure_pursuit_node]: Pure Pursuit: pose=(-1.357, 1.111, 0.893) cte=-0.001 closest=1323 target=1346 path_dist=0.001 heading_err=0.529 steer=0.232 speed=1.683
[gpu_amcl_cpp_node-6] [INFO] [1788985221.646147337] [gpu_amcl_cpp]: AMCL local correction: odom_prediction=(-1.217, 1.405, 1.036) scan=(-1.173, 1.444, 1.029) correction=0.059 m/0.007 rad cluster_weight=0.947 publish=true
[ground_truth_amcl_monitor-7] [INFO] [1788985221.949313678] [ground_truth_amcl_monitor]: AMCL vs GT: gt=(-1.115, 1.833) amcl=(-1.100, 1.767) error=0.068 m / 0.124 rad; current_map=(-1.102, 1.841, 1.662) error=0.015 m / 0.000 rad; odom=(-1.124, 1.143, 1.662) error=0.690 m / 0.000 rad; ekf=(-1.124, 1.143, 1.662) error=0.690 m / 0.000 rad; RMS=0.136 m / 0.046 rad max=0.655 m / 0.188 rad samples=440
[gpu_amcl_cpp_node-6] [INFO] [1788985222.017604529] [gpu_amcl_cpp]: AMCL odom delta: at_scan=(1.881, -1.950, -2.859) baseline=(2.015, -1.924, -3.050) delta=(-0.134, -0.025, 0.191) moved=true scan_age=0.051s
[component_container-9] [INFO] [1788985222.445386750] [pure_pursuit_node]: Pure Pursuit: pose=(-1.429, 2.910, 1.530) cte=-0.072 closest=1415 target=1438 path_dist=0.072 heading_err=0.314 steer=0.125 speed=2.301
[gpu_amcl_cpp_node-6] [INFO] [1788985222.695348427] [gpu_amcl_cpp]: AMCL local correction: odom_prediction=(-1.416, 3.332, 1.606) scan=(-1.409, 3.356, 1.612) correction=0.025 m/0.006 rad cluster_weight=0.979 publish=true
[ground_truth_amcl_monitor-7] [INFO] [1788985222.950106871] [ground_truth_amcl_monitor]: AMCL vs GT: gt=(-1.511, 3.642) amcl=(-1.493, 3.614) error=0.034 m / 0.000 rad; current_map=(-1.481, 3.585, 2.128) error=0.065 m / 0.000 rad; odom=(-1.483, 2.819, 2.128) error=0.823 m / 0.000 rad; ekf=(-1.483, 2.819, 2.128) error=0.823 m / 0.000 rad; RMS=0.132 m / 0.048 rad max=0.655 m / 0.191 rad samples=477
[gpu_amcl_cpp_node-6] [INFO] [1788985223.018827138] [gpu_amcl_cpp]: AMCL odom delta: at_scan=(0.254, -2.347, -2.414) baseline=(0.339, -2.284, -2.584) delta=(-0.085, -0.064, 0.170) moved=true scan_age=0.053s
[component_container-9] [INFO] [1788985223.468265499] [pure_pursuit_node]: Pure Pursuit: pose=(-2.227, 3.946, -2.873) cte=0.092 closest=1483 target=1505 path_dist=0.092 heading_err=-0.305 steer=0.199 speed=1.677
[gpu_amcl_cpp_node-6] [INFO] [1788985223.695363040] [gpu_amcl_cpp]: AMCL local correction: odom_prediction=(-2.465, 3.853, -2.711) scan=(-2.486, 3.822, -2.698) correction=0.038 m/0.012 rad cluster_weight=0.981 publish=true
[ground_truth_amcl_monitor-7] [INFO] [1788985223.950356074] [ground_truth_amcl_monitor]: AMCL vs GT: gt=(-2.839, 3.542) amcl=(-2.850, 3.539) error=0.012 m / 0.000 rad; current_map=(-2.853, 3.549, -2.345) error=0.016 m / 0.000 rad; odom=(-2.865, 2.748, -2.345) error=0.794 m / 0.000 rad; ekf=(-2.865, 2.748, -2.345) error=0.794 m / 0.000 rad; RMS=0.129 m / 0.051 rad max=0.655 m / 0.191 rad samples=513
[gpu_amcl_cpp_node-6] [INFO] [1788985224.070992058] [gpu_amcl_cpp]: AMCL odom delta: at_scan=(0.607, -3.813, -0.507) baseline=(0.520, -3.757, -0.622) delta=(0.087, -0.055, 0.115) moved=true scan_age=0.053s
[component_container-9] [INFO] [1788985224.494451050] [pure_pursuit_node]: Pure Pursuit: pose=(-3.176, 2.179, -1.903) cte=-0.019 closest=1592 target=1618 path_dist=0.019 heading_err=0.210 steer=0.221 speed=2.908
[gpu_amcl_cpp_node-6] [INFO] [1788985224.722392083] [gpu_amcl_cpp]: Received LiDAR callback #280 (1081 ranges).
[gpu_amcl_cpp_node-6] [INFO] [1788985224.722451675] [gpu_amcl_cpp]: Starting AMCL scan update #280 (sampled from 1081 ranges).
[gpu_amcl_cpp_node-6] [INFO] [1788985224.722984344] [gpu_amcl_cpp]: AMCL scan update #280 completed; evaluating pose confidence.
[gpu_amcl_cpp_node-6] [INFO] [1788985224.723696820] [gpu_amcl_cpp]: AMCL local correction: odom_prediction=(-3.293, 1.717, -1.717) scan=(-3.298, 1.718, -1.709) correction=0.005 m/0.007 rad cluster_weight=0.950 publish=true
[ground_truth_amcl_monitor-7] [INFO] [1788985224.997907942] [ground_truth_amcl_monitor]: AMCL vs GT: gt=(-3.306, 1.013) amcl=(-3.297, 1.154) error=0.141 m / 0.076 rad; current_map=(-3.298, 1.057, -1.615) error=0.044 m / 0.000 rad; odom=(-3.346, 0.239, -1.615) error=0.775 m / 0.000 rad; ekf=(-3.346, 0.239, -1.615) error=0.775 m / 0.000 rad; RMS=0.127 m / 0.052 rad max=0.655 m / 0.191 rad samples=550
[gpu_amcl_cpp_node-6] [INFO] [1788985225.119554772] [gpu_amcl_cpp]: AMCL odom delta: at_scan=(2.998, -4.158, -0.254) baseline=(2.974, -4.153, -0.165) delta=(0.024, -0.005, -0.090) moved=true scan_age=0.051s
[component_container-9] [INFO] [1788985225.496011833] [pure_pursuit_node]: Pure Pursuit: pose=(-3.673, -0.089, -2.047) cte=-0.117 closest=1707 target=1730 path_dist=0.117 heading_err=-0.212 steer=-0.524 speed=1.619
[gpu_amcl_cpp_node-6] [INFO] [1788985225.726232903] [gpu_amcl_cpp]: AMCL local correction: odom_prediction=(-3.771, -0.270, -2.347) scan=(-3.840, -0.365, -2.342) correction=0.117 m/0.005 rad cluster_weight=0.978 publish=true
[ground_truth_amcl_monitor-7] [INFO] [1788985226.024269684] [ground_truth_amcl_monitor]: AMCL vs GT: gt=(-4.260, -0.604) amcl=(-4.173, -0.589) error=0.088 m / 0.105 rad; current_map=(-4.261, -0.599, -3.082) error=0.005 m / 0.000 rad; odom=(-4.147, -0.893, -3.082) error=0.310 m / 0.000 rad; ekf=(-4.147, -0.893, -3.082) error=0.310 m / 0.000 rad; RMS=0.129 m / 0.053 rad max=0.655 m / 0.197 rad samples=586
[gpu_amcl_cpp_node-6] [INFO] [1788985226.146040827] [gpu_amcl_cpp]: AMCL odom delta: at_scan=(4.046, -5.114, -1.692) baseline=(4.052, -5.054, -1.632) delta=(-0.006, -0.060, -0.060) moved=true scan_age=0.051s
[component_container-9] [INFO] [1788985226.544781105] [pure_pursuit_node]: Pure Pursuit: pose=(-5.115, -0.372, 2.672) cte=-0.005 closest=1783 target=1806 path_dist=0.005 heading_err=-0.069 steer=-0.481 speed=2.178
[gpu_amcl_cpp_node-6] [INFO] [1788985226.773128170] [gpu_amcl_cpp]: AMCL local correction: odom_prediction=(-5.419, -0.145, 2.345) scan=(-5.432, -0.141, 2.346) correction=0.014 m/0.001 rad cluster_weight=0.950 publish=true
[ground_truth_amcl_monitor-7] [INFO] [1788985227.071225163] [ground_truth_amcl_monitor]: AMCL vs GT: gt=(-5.758, 0.392) amcl=(-5.708, 0.274) error=0.128 m / 0.105 rad; current_map=(-5.748, 0.397, 1.835) error=0.011 m / 0.000 rad; odom=(-5.570, 0.091, 1.835) error=0.354 m / 0.000 rad; ekf=(-5.570, 0.091, 1.835) error=0.354 m / 0.000 rad; RMS=0.127 m / 0.054 rad max=0.655 m / 0.197 rad samples=622
[gpu_amcl_cpp_node-6] [INFO] [1788985227.171905627] [gpu_amcl_cpp]: AMCL odom delta: at_scan=(2.823, -6.419, -2.993) baseline=(2.943, -6.399, -2.956) delta=(-0.120, -0.020, -0.037) moved=true scan_age=0.052s
[component_container-9] [INFO] [1788985227.566257464] [pure_pursuit_node]: Pure Pursuit: pose=(-6.082, 1.883, 1.633) cte=-0.015 closest=1908 target=1934 path_dist=0.015 heading_err=0.086 steer=0.034 speed=2.899
[gpu_amcl_cpp_node-6] [INFO] [1788985227.795940184] [gpu_amcl_cpp]: AMCL local correction: odom_prediction=(-6.101, 2.371, 1.641) scan=(-6.090, 2.376, 1.640) correction=0.012 m/0.001 rad cluster_weight=0.948 publish=true
[ground_truth_amcl_monitor-7] [INFO] [1788985228.073218970] [ground_truth_amcl_monitor]: AMCL vs GT: gt=(-6.216, 3.172) amcl=(-6.206, 3.157) error=0.018 m / 0.000 rad; current_map=(-6.206, 3.161, 1.604) error=0.015 m / 0.000 rad; odom=(-6.028, 2.872, 1.604) error=0.354 m / 0.000 rad; ekf=(-6.028, 2.872, 1.604) error=0.354 m / 0.000 rad; RMS=0.127 m / 0.053 rad max=0.655 m / 0.197 rad samples=659
[gpu_amcl_cpp_node-6] [INFO] [1788985228.242426799] [gpu_amcl_cpp]: AMCL odom delta: at_scan=(-0.187, -6.783, 2.952) baseline=(0.007, -6.814, 3.016) delta=(-0.195, 0.031, -0.064) moved=true scan_age=0.051s
[component_container-9] [INFO] [1788985228.616854735] [pure_pursuit_node]: Pure Pursuit: pose=(-6.024, 4.814, 1.413) cte=-0.024 closest=2055 target=2081 path_dist=0.024 heading_err=-0.057 steer=-0.206 speed=2.838
[gpu_amcl_cpp_node-6] [INFO] [1788985228.821019822] [gpu_amcl_cpp]: AMCL local correction: odom_prediction=(-5.909, 5.241, 1.187) scan=(-5.899, 5.243, 1.188) correction=0.010 m/0.001 rad cluster_weight=0.986 publish=true
[ground_truth_amcl_monitor-7] [INFO] [1788985229.118390293] [ground_truth_amcl_monitor]: AMCL vs GT: gt=(-5.611, 6.056) amcl=(-5.667, 5.824) error=0.239 m / 0.044 rad; current_map=(-5.589, 6.029, 1.185) error=0.034 m / 0.000 rad; odom=(-5.426, 5.730, 1.185) error=0.375 m / 0.000 rad; ekf=(-5.426, 5.730, 1.185) error=0.375 m / 0.000 rad; RMS=0.127 m / 0.052 rad max=0.655 m / 0.197 rad samples=696
[gpu_amcl_cpp_node-6] [INFO] [1788985229.270848986] [gpu_amcl_cpp]: AMCL odom delta: at_scan=(-2.841, -6.090, 2.553) baseline=(-2.799, -6.116, 2.606) delta=(-0.042, 0.027, -0.053) moved=true scan_age=0.051s
[component_container-9] [INFO] [1788985229.666443754] [pure_pursuit_node]: Pure Pursuit: pose=(-4.734, 7.230, 0.689) cte=-0.094 closest=2193 target=2217 path_dist=0.094 heading_err=-0.094 steer=-0.492 speed=2.096
[gpu_amcl_cpp_node-6] [INFO] [1788985229.770753977] [gpu_amcl_cpp]: Received LiDAR callback #370 (1081 ranges).
[gpu_amcl_cpp_node-6] [INFO] [1788985229.770814981] [gpu_amcl_cpp]: Starting AMCL scan update #370 (sampled from 1081 ranges).
[gpu_amcl_cpp_node-6] [INFO] [1788985229.771421599] [gpu_amcl_cpp]: AMCL scan update #370 completed; evaluating pose confidence.
[gpu_amcl_cpp_node-6] [INFO] [1788985229.821558780] [gpu_amcl_cpp]: AMCL local correction: odom_prediction=(-4.626, 7.346, 0.540) scan=(-4.581, 7.384, 0.559) correction=0.059 m/0.019 rad cluster_weight=0.994 publish=true
[ground_truth_amcl_monitor-7] [INFO] [1788985230.121758197] [ground_truth_amcl_monitor]: AMCL vs GT: gt=(-4.038, 7.531) amcl=(-4.162, 7.508) error=0.126 m / 0.038 rad; current_map=(-4.041, 7.511, 0.004) error=0.020 m / 0.000 rad; odom=(-4.189, 6.861, 0.004) error=0.687 m / 0.000 rad; ekf=(-4.189, 6.861, 0.004) error=0.687 m / 0.000 rad; RMS=0.128 m / 0.052 rad max=0.655 m / 0.197 rad samples=734
[gpu_amcl_cpp_node-6] [INFO] [1788985230.295006024] [gpu_amcl_cpp]: AMCL odom delta: at_scan=(-3.733, -4.557, 1.769) baseline=(-3.714, -4.686, 1.678) delta=(-0.020, 0.130, 0.092) moved=true scan_age=0.052s
[component_container-9] [INFO] [1788985230.719288642] [pure_pursuit_node]: Pure Pursuit: pose=(-2.749, 7.627, -0.457) cte=-0.086 closest=2293 target=2317 path_dist=0.086 heading_err=0.255 steer=-0.038 speed=2.519
[gpu_amcl_cpp_node-6] [INFO] [1788985230.822520131] [gpu_amcl_cpp]: AMCL local correction: odom_prediction=(-2.535, 7.573, -0.504) scan=(-2.496, 7.570, -0.489) correction=0.039 m/0.015 rad cluster_weight=0.955 publish=true
[ground_truth_amcl_monitor-7] [INFO] [1788985231.170656282] [ground_truth_amcl_monitor]: AMCL vs GT: gt=(-1.673, 7.084) amcl=(-1.833, 7.189) error=0.192 m / 0.055 rad; current_map=(-1.720, 7.113, -0.620) error=0.055 m / 0.000 rad; odom=(-2.114, 6.397, -0.620) error=0.816 m / 0.000 rad; ekf=(-2.114, 6.397, -0.620) error=0.816 m / 0.000 rad; RMS=0.129 m / 0.052 rad max=0.655 m / 0.197 rad samples=772
[gpu_amcl_cpp_node-6] [INFO] [1788985231.321993271] [gpu_amcl_cpp]: AMCL odom delta: at_scan=(-2.965, -2.607, 0.762) baseline=(-3.062, -2.703, 0.797) delta=(0.097, 0.096, -0.035) moved=true scan_age=0.051s
[component_container-9] [INFO] [1788985231.745586666] [pure_pursuit_node]: Pure Pursuit: pose=(-0.535, 5.784, -1.147) cte=0.000 closest=2439 target=2464 path_dist=0.000 heading_err=0.154 steer=0.147 speed=2.933
[gpu_amcl_cpp_node-6] [INFO] [1788985231.870791169] [gpu_amcl_cpp]: AMCL local correction: odom_prediction=(-0.450, 5.604, -1.132) scan=(-0.452, 5.598, -1.131) correction=0.006 m/0.001 rad cluster_weight=0.970 publish=true
[ground_truth_amcl_monitor-7] [INFO] [1788985232.170970749] [ground_truth_amcl_monitor]: AMCL vs GT: gt=(0.004, 4.889) amcl=(-0.039, 4.967) error=0.088 m / 0.000 rad; current_map=(-0.052, 4.972, -1.020) error=0.100 m / 0.000 rad; odom=(-0.495, 4.280, -1.020) error=0.787 m / 0.000 rad; ekf=(-0.495, 4.280, -1.020) error=0.787 m / 0.000 rad; RMS=0.129 m / 0.052 rad max=0.655 m / 0.197 rad samples=807
[gpu_amcl_cpp_node-6] [INFO] [1788985232.343133521] [gpu_amcl_cpp]: AMCL odom delta: at_scan=(-0.978, -1.240, 0.252) baseline=(-1.057, -1.264, 0.341) delta=(0.079, 0.024, -0.089) moved=true scan_age=0.051s
[component_container-9] [INFO] [1788985232.793509992] [pure_pursuit_node]: Pure Pursuit: pose=(0.557, 3.372, -1.352) cte=0.001 closest=2572 target=12 path_dist=0.001 heading_err=0.099 steer=0.114 speed=2.959
[gpu_amcl_cpp_node-6] [INFO] [1788985232.896393999] [gpu_amcl_cpp]: AMCL local correction: odom_prediction=(0.603, 3.215, -1.340) scan=(0.608, 3.217, -1.349) correction=0.005 m/0.009 rad cluster_weight=0.922 publish=true
[ground_truth_amcl_monitor-7] [INFO] [1788985233.192748625] [ground_truth_amcl_monitor]: AMCL vs GT: gt=(0.897, 2.279) amcl=(0.810, 2.610) error=0.342 m / 0.072 rad; current_map=(0.887, 2.408, -1.240) error=0.130 m / 0.000 rad; odom=(0.328, 1.827, -1.240) error=0.726 m / 0.000 rad; ekf=(0.328, 1.827, -1.240) error=0.726 m / 0.000 rad; RMS=0.135 m / 0.052 rad max=0.655 m / 0.197 rad samples=842
[gpu_amcl_cpp_node-6] [WARN] [1788985233.244158564] [gpu_amcl_cpp]: No local AMCL cluster near odometry prediction; using causal odometry pose.
[gpu_amcl_cpp_node-6] [INFO] [1788985233.344361663] [gpu_amcl_cpp]: AMCL odom delta: at_scan=(1.549, -0.425, 0.073) baseline=(1.494, -0.431, 0.138) delta=(0.055, 0.006, -0.064) moved=true scan_age=0.049s
[component_container-9] [INFO] [1788985233.794416190] [pure_pursuit_node]: Pure Pursuit: pose=(1.233, 1.006, -1.445) cte=-0.072 closest=109 target=132 path_dist=0.072 heading_err=0.047 steer=-0.180 speed=2.688
[gpu_amcl_cpp_node-6] [INFO] [1788985233.896646090] [gpu_amcl_cpp]: AMCL local correction: odom_prediction=(1.230, 1.044, -1.524) scan=(1.240, 1.063, -1.513) correction=0.021 m/0.010 rad cluster_weight=0.921 publish=true
[ground_truth_amcl_monitor-7] [INFO] [1788985234.196822244] [ground_truth_amcl_monitor]: AMCL vs GT: gt=(1.274, -0.240) amcl=(1.223, 0.455) error=0.697 m / 0.092 rad; current_map=(1.236, 0.308, -1.436) error=0.549 m / 0.000 rad; odom=(0.665, -0.315, -1.436) error=0.614 m / 0.000 rad; ekf=(0.651, -0.168, -1.528) error=0.627 m / 0.092 rad; RMS=0.161 m / 0.052 rad max=0.745 m / 0.197 rad samples=878
[gpu_amcl_cpp_node-6] [WARN] [1788985234.247411814] [gpu_amcl_cpp]: No local AMCL cluster near odometry prediction; using causal odometry pose.
[gpu_amcl_cpp_node-6] [INFO] [1788985234.347271939] [gpu_amcl_cpp]: AMCL odom delta: at_scan=(3.901, -0.031, 0.260) baseline=(3.762, -0.070, 0.290) delta=(0.139, 0.039, -0.029) moved=true scan_age=0.051s
[component_container-9] [INFO] [1788985234.817457987] [pure_pursuit_node]: Pure Pursuit: pose=(1.371, -1.488, -1.464) cte=-0.008 closest=234 target=256 path_dist=0.008 heading_err=-0.122 steer=-0.230 speed=2.944
[gpu_amcl_cpp_node-6] [INFO] [1788985234.819043701] [gpu_amcl_cpp]: Received LiDAR callback #460 (1081 ranges).
[gpu_amcl_cpp_node-6] [INFO] [1788985234.819188433] [gpu_amcl_cpp]: Starting AMCL scan update #460 (sampled from 1081 ranges).
[gpu_amcl_cpp_node-6] [INFO] [1788985234.819856737] [gpu_amcl_cpp]: AMCL scan update #460 completed; evaluating pose confidence.
[gpu_amcl_cpp_node-6] [INFO] [1788985234.927223582] [gpu_amcl_cpp]: AMCL local correction: odom_prediction=(1.375, -1.715, -1.528) scan=(1.382, -1.786, -1.516) correction=0.071 m/0.011 rad cluster_weight=0.922 publish=true
[ground_truth_amcl_monitor-7] [INFO] [1788985235.221914017] [ground_truth_amcl_monitor]: AMCL vs GT: gt=(1.265, -3.060) amcl=(1.323, -2.508) error=0.556 m / 0.104 rad; current_map=(1.293, -2.725, -1.654) error=0.337 m / 0.000 rad; odom=(0.629, -2.895, -1.654) error=0.657 m / 0.000 rad; ekf=(0.629, -2.895, -1.654) error=0.657 m / 0.000 rad; RMS=0.195 m / 0.052 rad max=0.801 m / 0.197 rad samples=914
[gpu_amcl_cpp_node-6] [INFO] [1788985235.396361845] [gpu_amcl_cpp]: AMCL odom delta: at_scan=(6.584, -0.157, 0.069) baseline=(6.437, -0.168, 0.076) delta=(0.147, 0.011, -0.007) moved=true scan_age=0.051s
[gpu_amcl_cpp_node-6] [WARN] [1788985235.745989043] [gpu_amcl_cpp]: No local AMCL cluster near odometry prediction; using causal odometry pose.
[component_container-9] [INFO] [1788985235.865321573] [pure_pursuit_node]: Pure Pursuit: pose=(0.976, -4.221, -1.969) cte=0.130 closest=372 target=396 path_dist=0.130 heading_err=0.241 steer=0.524 speed=1.809
[gpu_amcl_cpp_node-6] [INFO] [1788985236.073405922] [gpu_amcl_cpp]: AMCL local correction: odom_prediction=(0.950, -4.304, -1.633) scan=(0.902, -4.328, -1.633) correction=0.053 m/0.001 rad cluster_weight=0.908 publish=true
[ground_truth_amcl_monitor-7] [INFO] [1788985236.247891611] [ground_truth_amcl_monitor]: AMCL vs GT: gt=(0.896, -5.217) amcl=(0.946, -4.512) error=0.707 m / 0.094 rad; current_map=(0.976, -4.615, -1.242) error=0.608 m / 0.000 rad; odom=(0.344, -4.640, -1.242) error=0.799 m / 0.000 rad; ekf=(0.344, -4.640, -1.242) error=0.799 m / 0.000 rad; RMS=0.217 m / 0.053 rad max=0.801 m / 0.197 rad samples=950
[gpu_amcl_cpp_node-6] [INFO] [1788985236.421397542] [gpu_amcl_cpp]: AMCL odom delta: at_scan=(8.181, -0.316, 0.301) baseline=(8.083, -0.349, 0.362) delta=(0.097, 0.034, -0.061) moved=true scan_age=0.051s
[component_container-9] [INFO] [1788985236.893702956] [pure_pursuit_node]: Pure Pursuit: pose=(0.908, -5.630, -2.285) cte=-0.054 closest=442 target=465 path_dist=0.054 heading_err=0.515 steer=0.237 speed=1.958
[gpu_amcl_cpp_node-6] [WARN] [1788985236.896412087] [gpu_amcl_cpp]: No local AMCL cluster near odometry prediction; using causal odometry pose.
[gpu_amcl_cpp_node-6] [INFO] [1788985237.121099208] [gpu_amcl_cpp]: AMCL local correction: odom_prediction=(0.697, -5.917, -2.184) scan=(0.675, -5.965, -2.156) correction=0.053 m/0.028 rad cluster_weight=0.929 publish=true
[ground_truth_amcl_monitor-7] [INFO] [1788985237.299360629] [ground_truth_amcl_monitor]: AMCL vs GT: gt=(0.540, -6.689) amcl=(0.640, -6.036) error=0.661 m / 0.073 rad; current_map=(0.640, -6.036, -1.865) error=0.661 m / 0.000 rad; odom=(0.062, -5.883, -1.938) error=0.938 m / 0.073 rad; ekf=(0.062, -5.883, -1.938) error=0.938 m / 0.073 rad; RMS=0.245 m / 0.053 rad max=0.801 m / 0.197 rad samples=986
[gpu_amcl_cpp_node-6] [INFO] [1788985237.421758949] [gpu_amcl_cpp]: AMCL odom delta: at_scan=(9.149, -0.757, -0.075) baseline=(9.085, -0.749, -0.180) delta=(0.064, -0.008, 0.105) moved=true scan_age=0.051s
[component_container-9] [INFO] [1788985237.896169050] [pure_pursuit_node]: Pure Pursuit: pose=(0.674, -7.309, -1.782) cte=-0.189 closest=526 target=545 path_dist=0.189 heading_err=-0.024 steer=-0.524 speed=1.639
[gpu_amcl_cpp_node-6] [INFO] [1788985238.147584515] [gpu_amcl_cpp]: AMCL local correction: odom_prediction=(0.526, -7.842, -2.269) scan=(0.516, -7.880, -2.259) correction=0.040 m/0.010 rad cluster_weight=0.970 publish=true
[ground_truth_amcl_monitor-7] [INFO] [1788985238.322526260] [ground_truth_amcl_monitor]: AMCL vs GT: gt=(0.249, -8.179) amcl=(0.344, -8.057) error=0.155 m / 0.004 rad; current_map=(0.264, -8.128, -2.417) error=0.053 m / 0.000 rad; odom=(-0.147, -7.180, -2.421) error=1.075 m / 0.004 rad; ekf=(-0.147, -7.180, -2.421) error=1.075 m / 0.004 rad; RMS=0.253 m / 0.054 rad max=0.801 m / 0.197 rad samples=1020
[gpu_amcl_cpp_node-6] [INFO] [1788985238.450145152] [gpu_amcl_cpp]: AMCL odom delta: at_scan=(10.568, -1.181, -0.659) baseline=(10.508, -1.130, -0.756) delta=(0.060, -0.051, 0.097) moved=true scan_age=0.056s
[component_container-9] [INFO] [1788985238.943987261] [pure_pursuit_node]: Pure Pursuit: pose=(0.027, -9.204, -1.464) cte=-0.150 closest=625 target=648 path_dist=0.150 heading_err=-0.567 steer=-0.524 speed=1.398
[gpu_amcl_cpp_node-6] [INFO] [1788985239.172329077] [gpu_amcl_cpp]: AMCL local correction: odom_prediction=(0.043, -9.310, -1.782) scan=(0.031, -9.388, -1.770) correction=0.079 m/0.012 rad cluster_weight=0.991 publish=true
[ground_truth_amcl_monitor-7] [INFO] [1788985239.322537731] [ground_truth_amcl_monitor]: AMCL vs GT: gt=(-0.048, -9.591) amcl=(-0.004, -9.496) error=0.105 m / 0.106 rad; current_map=(-0.036, -9.562, -2.084) error=0.031 m / 0.000 rad; odom=(-0.466, -8.439, -2.084) error=1.225 m / 0.000 rad; ekf=(-0.466, -8.439, -2.084) error=1.225 m / 0.000 rad; RMS=0.249 m / 0.055 rad max=0.801 m / 0.197 rad samples=1056
[gpu_amcl_cpp_node-6] [INFO] [1788985239.492888414] [gpu_amcl_cpp]: AMCL odom delta: at_scan=(11.794, -1.437, -0.919) baseline=(11.742, -1.378, -0.797) delta=(0.051, -0.059, -0.122) moved=true scan_age=0.051s
[gpu_amcl_cpp_node-6] [INFO] [1788985239.819302603] [gpu_amcl_cpp]: Received LiDAR callback #547 (1081 ranges).
[gpu_amcl_cpp_node-6] [INFO] [1788985239.819357636] [gpu_amcl_cpp]: Starting AMCL scan update #547 (sampled from 1081 ranges).
[gpu_amcl_cpp_node-6] [INFO] [1788985239.819986836] [gpu_amcl_cpp]: AMCL scan update #547 completed; evaluating pose confidence.
[component_container-9] [INFO] [1788985239.992901348] [pure_pursuit_node]: Pure Pursuit: pose=(-1.252, -10.120, -2.738) cte=-0.020 closest=703 target=728 path_dist=0.020 heading_err=-0.290 steer=-0.524 speed=1.741
[gpu_amcl_cpp_node-6] [INFO] [1788985240.221281476] [gpu_amcl_cpp]: AMCL local correction: odom_prediction=(-1.462, -10.179, -3.099) scan=(-1.579, -10.202, -3.093) correction=0.119 m/0.007 rad cluster_weight=0.996 publish=true
[ground_truth_amcl_monitor-7] [INFO] [1788985240.322670580] [ground_truth_amcl_monitor]: AMCL vs GT: gt=(-1.721, -10.218) amcl=(-1.599, -10.193) error=0.125 m / 0.127 rad; current_map=(-1.658, -10.185, 2.942) error=0.072 m / 0.000 rad; odom=(-1.911, -9.074, 3.068) error=1.159 m / 0.127 rad; ekf=(-1.911, -9.074, 3.068) error=1.159 m / 0.127 rad; RMS=0.246 m / 0.056 rad max=0.801 m / 0.197 rad samples=1092
[gpu_amcl_cpp_node-6] [INFO] [1788985240.496834776] [gpu_amcl_cpp]: AMCL odom delta: at_scan=(12.077, -3.096, -2.189) baseline=(12.141, -2.995, -2.077) delta=(-0.063, -0.101, -0.112) moved=true scan_age=0.051s
[component_container-9] [INFO] [1788985240.995003281] [pure_pursuit_node]: Pure Pursuit: pose=(-2.797, -8.908, 2.123) cte=0.001 closest=809 target=834 path_dist=0.001 heading_err=-0.135 steer=-0.249 speed=2.880
[gpu_amcl_cpp_node-6] [INFO] [1788985241.222190952] [gpu_amcl_cpp]: AMCL local correction: odom_prediction=(-2.986, -8.427, 1.816) scan=(-2.989, -8.432, 1.822) correction=0.006 m/0.007 rad cluster_weight=0.963 publish=true
[ground_truth_amcl_monitor-7] [INFO] [1788985241.345666723] [ground_truth_amcl_monitor]: AMCL vs GT: gt=(-3.039, -8.149) amcl=(-3.013, -8.293) error=0.146 m / 0.007 rad; current_map=(-3.052, -8.097, 1.760) error=0.053 m / 0.000 rad; odom=(-3.337, -6.975, 1.760) error=1.211 m / 0.000 rad; ekf=(-3.337, -6.975, 1.760) error=1.211 m / 0.000 rad; RMS=0.242 m / 0.056 rad max=0.801 m / 0.197 rad samples=1128
[gpu_amcl_cpp_node-6] [INFO] [1788985241.520753209] [gpu_amcl_cpp]: AMCL odom delta: at_scan=(9.644, -4.229, -2.973) baseline=(9.790, -4.203, -2.949) delta=(-0.145, -0.027, -0.024) moved=true scan_age=0.052s
[component_container-9] [INFO] [1788985242.021694304] [pure_pursuit_node]: Pure Pursuit: pose=(-3.102, -6.038, 1.495) cte=-0.008 closest=955 target=980 path_dist=0.008 heading_err=-0.055 steer=-0.164 speed=2.913
[gpu_amcl_cpp_node-6] [INFO] [1788985242.250897126] [gpu_amcl_cpp]: AMCL local correction: odom_prediction=(-3.013, -5.535, 1.348) scan=(-3.008, -5.528, 1.340) correction=0.009 m/0.008 rad cluster_weight=0.953 publish=true
[ground_truth_amcl_monitor-7] [INFO] [1788985242.370922996] [ground_truth_amcl_monitor]: AMCL vs GT: gt=(-2.946, -5.211) amcl=(-2.961, -5.345) error=0.135 m / 0.010 rad; current_map=(-2.923, -5.200, 1.312) error=0.025 m / 0.000 rad; odom=(-3.238, -4.035, 1.312) error=1.212 m / 0.000 rad; ekf=(-3.238, -4.035, 1.312) error=1.212 m / 0.000 rad; RMS=0.239 m / 0.055 rad max=0.801 m / 0.197 rad samples=1164
[gpu_amcl_cpp_node-6] [INFO] [1788985242.570420860] [gpu_amcl_cpp]: AMCL odom delta: at_scan=(6.649, -3.886, 2.861) baseline=(6.783, -3.925, 2.858) delta=(-0.135, 0.039, 0.002) moved=true scan_age=0.050s
[component_container-9] [INFO] [1788985243.044462360] [pure_pursuit_node]: Pure Pursuit: pose=(-2.359, -3.164, 1.286) cte=-0.009 closest=1103 target=1129 path_dist=0.009 heading_err=0.016 steer=-0.000 speed=2.957
[gpu_amcl_cpp_node-6] [INFO] [1788985243.270483133] [gpu_amcl_cpp]: AMCL local correction: odom_prediction=(-2.177, -2.666, 1.266) scan=(-2.175, -2.659, 1.252) correction=0.007 m/0.013 rad cluster_weight=0.932 publish=true
[ground_truth_amcl_monitor-7] [INFO] [1788985243.396644822] [ground_truth_amcl_monitor]: AMCL vs GT: gt=(-2.093, -2.351) amcl=(-2.127, -2.511) error=0.164 m / 0.047 rad; current_map=(-2.073, -2.309, 1.331) error=0.046 m / 0.000 rad; odom=(-2.386, -1.164, 1.331) error=1.223 m / 0.000 rad; ekf=(-2.386, -1.164, 1.331) error=1.223 m / 0.000 rad; RMS=0.236 m / 0.054 rad max=0.801 m / 0.197 rad samples=1200
[gpu_amcl_cpp_node-6] [INFO] [1788985243.621830529] [gpu_amcl_cpp]: AMCL odom delta: at_scan=(3.689, -3.085, 3.048) baseline=(3.836, -3.099, 3.039) delta=(-0.146, 0.014, 0.010) moved=true scan_age=0.052s
[component_container-9] [INFO] [1788985244.068706315] [pure_pursuit_node]: Pure Pursuit: pose=(-1.631, -0.534, 1.331) cte=0.042 closest=1240 target=1265 path_dist=0.042 heading_err=0.016 steer=0.142 speed=2.809
[gpu_amcl_cpp_node-6] [INFO] [1788985244.298329605] [gpu_amcl_cpp]: AMCL local correction: odom_prediction=(-1.542, 0.046, 1.552) scan=(-1.539, 0.072, 1.539) correction=0.027 m/0.013 rad cluster_weight=0.926 publish=true
[ground_truth_amcl_monitor-7] [INFO] [1788985244.420959189] [ground_truth_amcl_monitor]: AMCL vs GT: gt=(-1.537, 0.399) amcl=(-1.539, 0.256) error=0.144 m / 0.079 rad; current_map=(-1.525, 0.400, 1.439) error=0.011 m / 0.000 rad; odom=(-1.890, 1.313, 1.439) error=0.980 m / 0.000 rad; ekf=(-1.890, 1.313, 1.439) error=0.980 m / 0.000 rad; RMS=0.234 m / 0.054 rad max=0.801 m / 0.197 rad samples=1236
[gpu_amcl_cpp_node-6] [INFO] [1788985244.646989199] [gpu_amcl_cpp]: AMCL odom delta: at_scan=(1.250, -2.531, 2.848) baseline=(1.385, -2.573, 2.830) delta=(-0.135, 0.042, 0.018) moved=true scan_age=0.052s
[gpu_amcl_cpp_node-6] [INFO] [1788985244.824619777] [gpu_amcl_cpp]: Received LiDAR callback #635 (1081 ranges).
[gpu_amcl_cpp_node-6] [INFO] [1788985244.824692163] [gpu_amcl_cpp]: Starting AMCL scan update #635 (sampled from 1081 ranges).
[gpu_amcl_cpp_node-6] [INFO] [1788985244.825509396] [gpu_amcl_cpp]: AMCL scan update #635 completed; evaluating pose confidence.
[component_container-9] [INFO] [1788985245.116830822] [pure_pursuit_node]: Pure Pursuit: pose=(-1.251, 2.505, 1.533) cte=0.028 closest=1393 target=1418 path_dist=0.028 heading_err=0.142 steer=0.438 speed=2.359
[gpu_amcl_cpp_node-6] [INFO] [1788985245.344092192] [gpu_amcl_cpp]: AMCL local correction: odom_prediction=(-1.251, 2.727, 1.818) scan=(-1.260, 2.807, 1.779) correction=0.081 m/0.039 rad cluster_weight=0.972 publish=true
[ground_truth_amcl_monitor-7] [INFO] [1788985245.445716878] [ground_truth_amcl_monitor]: AMCL vs GT: gt=(-1.353, 3.048) amcl=(-1.281, 2.855) error=0.206 m / 0.089 rad; current_map=(-1.311, 2.929, 2.002) error=0.126 m / 0.000 rad; odom=(-1.667, 3.657, 2.002) error=0.685 m / 0.000 rad; ekf=(-1.667, 3.657, 2.002) error=0.685 m / 0.000 rad; RMS=0.231 m / 0.054 rad max=0.801 m / 0.197 rad samples=1272
[gpu_amcl_cpp_node-6] [INFO] [1788985245.670849525] [gpu_amcl_cpp]: AMCL odom delta: at_scan=(-0.991, -2.718, -2.708) baseline=(-0.877, -2.664, -2.686) delta=(-0.114, -0.054, -0.023) moved=true scan_age=0.053s
[component_container-9] [INFO] [1788985246.117343455] [pure_pursuit_node]: Pure Pursuit: pose=(-2.118, 4.056, 2.945) cte=0.211 closest=1479 target=1501 path_dist=0.211 heading_err=0.064 steer=0.524 speed=1.439
[gpu_amcl_cpp_node-6] [INFO] [1788985246.345912568] [gpu_amcl_cpp]: AMCL local correction: odom_prediction=(-2.360, 4.090, -2.953) scan=(-2.355, 4.084, -2.945) correction=0.008 m/0.008 rad cluster_weight=0.972 publish=true
[ground_truth_amcl_monitor-7] [INFO] [1788985246.470071621] [ground_truth_amcl_monitor]: AMCL vs GT: gt=(-2.470, 3.985) amcl=(-2.423, 4.071) error=0.098 m / 0.154 rad; current_map=(-2.522, 4.032, -2.695) error=0.070 m / 0.000 rad; odom=(-2.783, 4.438, -2.695) error=0.551 m / 0.000 rad; ekf=(-2.684, 4.477, -2.849) error=0.536 m / 0.154 rad; RMS=0.229 m / 0.055 rad max=0.801 m / 0.197 rad samples=1308
[gpu_amcl_cpp_node-6] [INFO] [1788985246.697188820] [gpu_amcl_cpp]: AMCL odom delta: at_scan=(-1.068, -3.846, -0.658) baseline=(-1.127, -3.795, -0.757) delta=(0.059, -0.051, 0.099) moved=true scan_age=0.054s
[component_container-9] [INFO] [1788985247.144131733] [pure_pursuit_node]: Pure Pursuit: pose=(-3.113, 2.954, -1.995) cte=0.013 closest=1553 target=1577 path_dist=0.013 heading_err=0.258 steer=0.489 speed=2.134
[gpu_amcl_cpp_node-6] [INFO] [1788985247.371987117] [gpu_amcl_cpp]: AMCL local correction: odom_prediction=(-3.227, 2.601, -1.703) scan=(-3.232, 2.593, -1.695) correction=0.010 m/0.008 rad cluster_weight=0.938 publish=true
[ground_truth_amcl_monitor-7] [INFO] [1788985247.472861745] [ground_truth_amcl_monitor]: AMCL vs GT: gt=(-3.252, 2.429) amcl=(-3.239, 2.480) error=0.053 m / 0.100 rad; current_map=(-3.238, 2.357, -1.515) error=0.073 m / 0.000 rad; odom=(-3.595, 2.872, -1.515) error=0.560 m / 0.000 rad; ekf=(-3.595, 2.872, -1.515) error=0.560 m / 0.000 rad; RMS=0.226 m / 0.055 rad max=0.801 m / 0.197 rad samples=1344
[gpu_amcl_cpp_node-6] [INFO] [1788985247.718358930] [gpu_amcl_cpp]: AMCL odom delta: at_scan=(0.825, -4.328, 0.019) baseline=(0.718, -4.337, 0.138) delta=(0.108, 0.008, -0.118) moved=true scan_age=0.052s
[gpu_amcl_cpp_node-6] [WARN] [1788985248.176170930] [gpu_amcl_cpp]: Queued LiDAR scan until source-time odometry arrives (queued=1).
[component_container-9] [INFO] [1788985248.176641372] [pure_pursuit_node]: Pure Pursuit: pose=(-3.492, 0.840, -1.819) cte=0.118 closest=1661 target=1685 path_dist=0.118 heading_err=0.037 steer=0.275 speed=2.369
[gpu_amcl_cpp_node-6] [INFO] [1788985248.422493232] [gpu_amcl_cpp]: AMCL local correction: odom_prediction=(-3.515, 0.526, -1.485) scan=(-3.512, 0.464, -1.477) correction=0.062 m/0.008 rad cluster_weight=0.976 publish=true
[ground_truth_amcl_monitor-7] [INFO] [1788985248.473814895] [ground_truth_amcl_monitor]: AMCL vs GT: gt=(-3.512, 0.293) amcl=(-3.514, 0.495) error=0.202 m / 0.016 rad; current_map=(-3.501, 0.364, -1.468) error=0.072 m / 0.000 rad; odom=(-3.834, 1.066, -1.468) error=0.838 m / 0.000 rad; ekf=(-3.834, 1.066, -1.468) error=0.838 m / 0.000 rad; RMS=0.224 m / 0.055 rad max=0.801 m / 0.197 rad samples=1378
[gpu_amcl_cpp_node-6] [INFO] [1788985248.721958463] [gpu_amcl_cpp]: AMCL odom delta: at_scan=(2.455, -4.643, -0.319) baseline=(2.417, -4.633, -0.217) delta=(0.038, -0.010, -0.103) moved=true scan_age=0.051s
[component_container-9] [INFO] [1788985249.192005061] [pure_pursuit_node]: Pure Pursuit: pose=(-4.015, -0.553, -2.979) cte=-0.263 closest=1731 target=1753 path_dist=0.263 heading_err=0.302 steer=-0.403 speed=1.444
[gpu_amcl_cpp_node-6] [INFO] [1788985249.449183586] [gpu_amcl_cpp]: AMCL local correction: odom_prediction=(-4.261, -0.540, 3.009) scan=(-4.248, -0.547, 3.012) correction=0.014 m/0.003 rad cluster_weight=0.981 publish=true
[ground_truth_amcl_monitor-7] [INFO] [1788985249.520147402] [ground_truth_amcl_monitor]: AMCL vs GT: gt=(-4.374, -0.499) amcl=(-4.255, -0.544) error=0.127 m / 0.013 rad; current_map=(-4.360, -0.529, 2.996) error=0.033 m / 0.000 rad; odom=(-4.769, 0.325, 2.996) error=0.914 m / 0.000 rad; ekf=(-4.769, 0.325, 2.996) error=0.914 m / 0.000 rad; RMS=0.222 m / 0.056 rad max=0.801 m / 0.197 rad samples=1414
[gpu_amcl_cpp_node-6] [INFO] [1788985249.743216769] [gpu_amcl_cpp]: AMCL odom delta: at_scan=(2.790, -5.931, -1.681) baseline=(2.804, -5.802, -1.676) delta=(-0.014, -0.129, -0.005) moved=true scan_age=0.052s
[gpu_amcl_cpp_node-6] [INFO] [1788985249.868948802] [gpu_amcl_cpp]: Received LiDAR callback #724 (1081 ranges).
[gpu_amcl_cpp_node-6] [INFO] [1788985249.869019876] [gpu_amcl_cpp]: Starting AMCL scan update #724 (sampled from 1081 ranges).
[gpu_amcl_cpp_node-6] [INFO] [1788985249.869672700] [gpu_amcl_cpp]: AMCL scan update #724 completed; evaluating pose confidence.
[component_container-9] [INFO] [1788985250.219367957] [pure_pursuit_node]: Pure Pursuit: pose=(-5.412, -0.239, 2.314) cte=-0.099 closest=1798 target=1817 path_dist=0.099 heading_err=-0.008 steer=-0.524 speed=1.867
[gpu_amcl_cpp_node-6] [INFO] [1788985250.496444946] [gpu_amcl_cpp]: AMCL local correction: odom_prediction=(-5.638, 0.146, 1.829) scan=(-5.632, 0.160, 1.823) correction=0.015 m/0.006 rad cluster_weight=0.955 publish=true
[ground_truth_amcl_monitor-7] [INFO] [1788985250.549435990] [ground_truth_amcl_monitor]: AMCL vs GT: gt=(-5.662, 0.241) amcl=(-5.635, 0.153) error=0.093 m / 0.068 rad; current_map=(-5.659, 0.257, 1.760) error=0.016 m / 0.000 rad; odom=(-6.027, 1.063, 1.760) error=0.899 m / 0.000 rad; ekf=(-6.004, 0.958, 1.829) error=0.794 m / 0.068 rad; RMS=0.220 m / 0.056 rad max=0.801 m / 0.197 rad samples=1450
[gpu_amcl_cpp_node-6] [INFO] [1788985250.795566242] [gpu_amcl_cpp]: AMCL odom delta: at_scan=(1.484, -6.955, -2.814) baseline=(1.612, -6.917, -2.888) delta=(-0.128, -0.038, 0.074) moved=true scan_age=0.052s
[component_container-9] [INFO] [1788985251.269499351] [pure_pursuit_node]: Pure Pursuit: pose=(-6.110, 2.127, 1.554) cte=-0.010 closest=1921 target=1945 path_dist=0.010 heading_err=0.135 steer=0.118 speed=2.922
[gpu_amcl_cpp_node-6] [INFO] [1788985251.498886859] [gpu_amcl_cpp]: AMCL local correction: odom_prediction=(-6.146, 2.643, 1.716) scan=(-6.146, 2.638, 1.714) correction=0.005 m/0.003 rad cluster_weight=0.948 publish=true
[ground_truth_amcl_monitor-7] [INFO] [1788985251.571704742] [ground_truth_amcl_monitor]: AMCL vs GT: gt=(-6.190, 2.889) amcl=(-6.146, 2.640) error=0.252 m / 0.031 rad; current_map=(-6.173, 2.846, 1.685) error=0.046 m / 0.000 rad; odom=(-6.540, 3.641, 1.685) error=0.829 m / 0.000 rad; ekf=(-6.540, 3.641, 1.685) error=0.829 m / 0.000 rad; RMS=0.218 m / 0.056 rad max=0.801 m / 0.197 rad samples=1486
[gpu_amcl_cpp_node-6] [INFO] [1788985251.797112325] [gpu_amcl_cpp]: AMCL odom delta: at_scan=(-1.152, -7.310, 2.976) baseline=(-1.001, -7.334, 2.998) delta=(-0.150, 0.023, -0.022) moved=true scan_age=0.051s
[component_container-9] [INFO] [1788985252.295508969] [pure_pursuit_node]: Pure Pursuit: pose=(-6.014, 4.856, 1.181) cte=-0.023 closest=2057 target=2082 path_dist=0.023 heading_err=0.168 steer=0.107 speed=2.840
[gpu_amcl_cpp_node-6] [INFO] [1788985252.520545606] [gpu_amcl_cpp]: AMCL local correction: odom_prediction=(-5.812, 5.441, 1.232) scan=(-5.807, 5.472, 1.232) correction=0.031 m/0.000 rad cluster_weight=0.987 publish=true
[ground_truth_amcl_monitor-7] [INFO] [1788985252.573209828] [ground_truth_amcl_monitor]: AMCL vs GT: gt=(-5.785, 5.612) amcl=(-5.763, 5.599) error=0.025 m / 0.000 rad; current_map=(-5.766, 5.591, 1.296) error=0.028 m / 0.000 rad; odom=(-6.155, 6.197, 1.296) error=0.692 m / 0.000 rad; ekf=(-6.155, 6.197, 1.296) error=0.692 m / 0.000 rad; RMS=0.216 m / 0.055 rad max=0.801 m / 0.197 rad samples=1523
[gpu_amcl_cpp_node-6] [INFO] [1788985252.820068817] [gpu_amcl_cpp]: AMCL odom delta: at_scan=(-3.540, -6.789, 2.608) baseline=(-3.481, -6.819, 2.703) delta=(-0.058, 0.031, -0.095) moved=true scan_age=0.049s
[component_container-9] [INFO] [1788985253.344597817] [pure_pursuit_node]: Pure Pursuit: pose=(-4.745, 7.269, 0.758) cte=-0.132 closest=2193 target=2216 path_dist=0.132 heading_err=-0.168 steer=-0.524 speed=1.731
[gpu_amcl_cpp_node-6] [INFO] [1788985253.522946493] [gpu_amcl_cpp]: AMCL local correction: odom_prediction=(-4.709, 7.342, 0.537) scan=(-4.632, 7.409, 0.556) correction=0.102 m/0.019 rad cluster_weight=0.993 publish=true
[ground_truth_amcl_monitor-7] [INFO] [1788985253.574082478] [ground_truth_amcl_monitor]: AMCL vs GT: gt=(-4.554, 7.472) amcl=(-4.670, 7.375) error=0.151 m / 0.097 rad; current_map=(-4.648, 7.387, 0.440) error=0.126 m / 0.000 rad; odom=(-5.222, 7.685, 0.440) error=0.702 m / 0.000 rad; ekf=(-5.222, 7.685, 0.440) error=0.702 m / 0.000 rad; RMS=0.215 m / 0.055 rad max=0.801 m / 0.197 rad samples=1558
[gpu_amcl_cpp_node-6] [INFO] [1788985253.868536119] [gpu_amcl_cpp]: AMCL odom delta: at_scan=(-4.574, -5.467, 1.504) baseline=(-4.584, -5.633, 1.516) delta=(0.010, 0.166, -0.012) moved=true scan_age=0.052s
[component_container-9] [INFO] [1788985254.392814720] [pure_pursuit_node]: Pure Pursuit: pose=(-3.018, 7.679, -0.067) cte=-0.099 closest=2280 target=2299 path_dist=0.099 heading_err=-0.032 steer=-0.524 speed=1.875
[gpu_amcl_cpp_node-6] [INFO] [1788985254.571097532] [gpu_amcl_cpp]: AMCL local correction: odom_prediction=(-2.698, 7.688, -0.407) scan=(-2.646, 7.691, -0.387) correction=0.052 m/0.020 rad cluster_weight=0.952 publish=true
[ground_truth_amcl_monitor-7] [INFO] [1788985254.621428116] [ground_truth_amcl_monitor]: AMCL vs GT: gt=(-2.488, 7.624) amcl=(-2.672, 7.690) error=0.195 m / 0.115 rad; current_map=(-2.582, 7.645, -0.522) error=0.097 m / 0.000 rad; odom=(-3.374, 7.805, -0.522) error=0.905 m / 0.000 rad; ekf=(-3.374, 7.805, -0.522) error=0.905 m / 0.000 rad; RMS=0.213 m / 0.056 rad max=0.801 m / 0.197 rad samples=1594
[gpu_amcl_cpp_node-6] [INFO] [1788985254.897819058] [gpu_amcl_cpp]: Received LiDAR callback #813 (1081 ranges).
[gpu_amcl_cpp_node-6] [INFO] [1788985254.897888909] [gpu_amcl_cpp]: AMCL odom delta: at_scan=(-4.261, -3.639, 0.992) baseline=(-4.333, -3.743, 0.946) delta=(0.072, 0.105, 0.046) moved=true scan_age=0.052s
[gpu_amcl_cpp_node-6] [INFO] [1788985254.897924286] [gpu_amcl_cpp]: Starting AMCL scan update #813 (sampled from 1081 ranges).
[gpu_amcl_cpp_node-6] [INFO] [1788985254.898872063] [gpu_amcl_cpp]: AMCL scan update #813 completed; evaluating pose confidence.
[component_container-9] [INFO] [1788985255.444829487] [pure_pursuit_node]: Pure Pursuit: pose=(-0.826, 6.212, -0.880) cte=-0.006 closest=2413 target=2439 path_dist=0.006 heading_err=-0.039 steer=-0.120 speed=2.906
[gpu_amcl_cpp_node-6] [INFO] [1788985255.620384552] [gpu_amcl_cpp]: AMCL local correction: odom_prediction=(-0.576, 5.905, -0.941) scan=(-0.580, 5.910, -0.927) correction=0.006 m/0.014 rad cluster_weight=0.960 publish=true
[ground_truth_amcl_monitor-7] [INFO] [1788985255.622134705] [ground_truth_amcl_monitor]: AMCL vs GT: gt=(-0.559, 5.879) amcl=(-0.578, 5.907) error=0.035 m / 0.000 rad; current_map=(-0.576, 5.905, -0.941) error=0.031 m / 0.000 rad; odom=(-1.526, 6.139, -0.941) error=1.002 m / 0.000 rad; ekf=(-1.526, 6.139, -0.941) error=1.002 m / 0.000 rad; RMS=0.212 m / 0.056 rad max=0.801 m / 0.197 rad samples=1631
[gpu_amcl_cpp_node-6] [INFO] [1788985255.919706676] [gpu_amcl_cpp]: AMCL odom delta: at_scan=(-2.232, -1.947, 0.486) baseline=(-2.359, -2.009, 0.423) delta=(0.127, 0.062, 0.063) moved=true scan_age=0.049s
[component_container-9] [INFO] [1788985256.472235175] [pure_pursuit_node]: Pure Pursuit: pose=(0.527, 3.491, -1.097) cte=-0.008 closest=2566 target=6 path_dist=0.008 heading_err=-0.147 steer=-0.228 speed=2.945
[ground_truth_amcl_monitor-7] [INFO] [1788985256.648825122] [ground_truth_amcl_monitor]: AMCL vs GT: gt=(0.666, 3.206) amcl=(0.614, 3.321) error=0.127 m / 0.070 rad; current_map=(0.672, 3.188, -1.201) error=0.019 m / 0.000 rad; odom=(-0.296, 3.455, -1.201) error=0.994 m / 0.000 rad; ekf=(-0.296, 3.455, -1.201) error=0.994 m / 0.000 rad; RMS=0.210 m / 0.055 rad max=0.801 m / 0.197 rad samples=1668
[gpu_amcl_cpp_node-6] [INFO] [1788985256.650121674] [gpu_amcl_cpp]: AMCL local correction: odom_prediction=(0.672, 3.188, -1.201) scan=(0.668, 3.174, -1.208) correction=0.014 m/0.007 rad cluster_weight=0.927 publish=true
[gpu_amcl_cpp_node-6] [INFO] [1788985256.944648202] [gpu_amcl_cpp]: AMCL odom delta: at_scan=(0.000, -1.037, 0.148) baseline=(-0.076, -1.047, 0.102) delta=(0.076, 0.010, 0.047) moved=true scan_age=0.050s
[gpu_amcl_cpp_node-6] [WARN] [1788985256.945706417] [gpu_amcl_cpp]: No local AMCL cluster near odometry prediction; using causal odometry pose.
[component_container-9] [INFO] [1788985257.493749914] [pure_pursuit_node]: Pure Pursuit: pose=(1.142, 1.235, -1.321) cte=-0.024 closest=97 target=122 path_dist=0.024 heading_err=-0.062 steer=-0.180 speed=2.877
[ground_truth_amcl_monitor-7] [INFO] [1788985257.696474591] [ground_truth_amcl_monitor]: AMCL vs GT: gt=(1.234, 0.507) amcl=(1.191, 0.969) error=0.464 m / 0.042 rad; current_map=(1.202, 0.828, -1.519) error=0.322 m / 0.000 rad; odom=(0.217, 1.059, -1.519) error=1.158 m / 0.000 rad; ekf=(0.217, 1.059, -1.519) error=1.158 m / 0.000 rad; RMS=0.214 m / 0.055 rad max=0.801 m / 0.197 rad samples=1706
[gpu_amcl_cpp_node-6] [INFO] [1788985257.696658967] [gpu_amcl_cpp]: AMCL local correction: odom_prediction=(1.202, 0.828, -1.519) scan=(1.198, 0.861, -1.508) correction=0.034 m/0.011 rad cluster_weight=0.955 publish=true
[gpu_amcl_cpp_node-6] [INFO] [1788985257.971861380] [gpu_amcl_cpp]: AMCL odom delta: at_scan=(2.891, -0.471, 0.224) baseline=(2.751, -0.503, 0.223) delta=(0.140, 0.032, 0.001) moved=true scan_age=0.051s
[gpu_amcl_cpp_node-6] [WARN] [1788985258.026934940] [gpu_amcl_cpp]: No local AMCL cluster near odometry prediction; using causal odometry pose.
[component_container-9] [INFO] [1788985258.494390399] [pure_pursuit_node]: Pure Pursuit: pose=(1.410, -1.753, -1.554) cte=-0.053 closest=247 target=272 path_dist=0.053 heading_err=-0.049 steer=-0.237 speed=2.762
[ground_truth_amcl_monitor-7] [INFO] [1788985258.698066501] [ground_truth_amcl_monitor]: AMCL vs GT: gt=(1.371, -2.305) amcl=(1.389, -2.062) error=0.244 m / 0.000 rad; current_map=(1.393, -2.039, -1.799) error=0.267 m / 0.000 rad; odom=(0.364, -1.630, -1.799) error=1.212 m / 0.000 rad; ekf=(0.364, -1.630, -1.799) error=1.212 m / 0.000 rad; RMS=0.218 m / 0.055 rad max=0.801 m / 0.197 rad samples=1743
[gpu_amcl_cpp_node-6] [INFO] [1788985258.750207561] [gpu_amcl_cpp]: AMCL local correction: odom_prediction=(1.358, -2.191, -1.810) scan=(1.351, -2.246, -1.804) correction=0.055 m/0.005 rad cluster_weight=0.945 publish=true
[gpu_amcl_cpp_node-6] [INFO] [1788985259.021492096] [gpu_amcl_cpp]: AMCL odom delta: at_scan=(5.709, -0.529, 0.009) baseline=(5.566, -0.532, 0.035) delta=(0.143, 0.003, -0.026) moved=true scan_age=0.051s
[component_container-9] [INFO] [1788985259.543346710] [pure_pursuit_node]: Pure Pursuit: pose=(1.041, -4.701, -1.651) cte=-0.012 closest=395 target=421 path_dist=0.012 heading_err=-0.092 steer=-0.195 speed=2.936
[ground_truth_amcl_monitor-7] [INFO] [1788985259.725082229] [ground_truth_amcl_monitor]: AMCL vs GT: gt=(0.957, -5.172) amcl=(1.011, -4.937) error=0.241 m / 0.086 rad; current_map=(0.973, -5.085, -1.862) error=0.089 m / 0.000 rad; odom=(-0.047, -4.496, -1.862) error=1.210 m / 0.000 rad; ekf=(-0.047, -4.496, -1.862) error=1.210 m / 0.000 rad; RMS=0.219 m / 0.055 rad max=0.801 m / 0.197 rad samples=1778
[gpu_amcl_cpp_node-6] [INFO] [1788985259.794509893] [gpu_amcl_cpp]: AMCL local correction: odom_prediction=(0.904, -5.296, -1.904) scan=(0.919, -5.285, -1.897) correction=0.019 m/0.007 rad cluster_weight=0.961 publish=true
[gpu_amcl_cpp_node-6] [INFO] [1788985259.942492221] [gpu_amcl_cpp]: Received LiDAR callback #903 (1081 ranges).
[gpu_amcl_cpp_node-6] [INFO] [1788985259.942549930] [gpu_amcl_cpp]: Starting AMCL scan update #903 (sampled from 1081 ranges).
[gpu_amcl_cpp_node-6] [INFO] [1788985259.943408560] [gpu_amcl_cpp]: AMCL scan update #903 completed; evaluating pose confidence.
[gpu_amcl_cpp_node-6] [INFO] [1788985260.069073107] [gpu_amcl_cpp]: AMCL odom delta: at_scan=(8.386, -1.042, -0.038) baseline=(8.310, -1.035, -0.130) delta=(0.076, -0.006, 0.092) moved=true scan_age=0.053s
[component_container-9] [INFO] [1788985260.547103772] [pure_pursuit_node]: Pure Pursuit: pose=(0.478, -7.349, -1.858) cte=-0.008 closest=530 target=556 path_dist=0.008 heading_err=0.051 steer=0.043 speed=2.930
[ground_truth_amcl_monitor-7] [INFO] [1788985260.750668165] [ground_truth_amcl_monitor]: AMCL vs GT: gt=(0.347, -7.870) amcl=(0.395, -7.679) error=0.197 m / 0.022 rad; current_map=(0.358, -7.833, -1.794) error=0.039 m / 0.000 rad; odom=(-0.626, -6.971, -1.794) error=1.325 m / 0.000 rad; ekf=(-0.626, -6.971, -1.794) error=1.325 m / 0.000 rad; RMS=0.219 m / 0.055 rad max=0.801 m / 0.197 rad samples=1810
[gpu_amcl_cpp_node-6] [INFO] [1788985260.819565665] [gpu_amcl_cpp]: AMCL local correction: odom_prediction=(0.317, -8.037, -1.762) scan=(0.320, -8.005, -1.772) correction=0.032 m/0.011 rad cluster_weight=0.978 publish=true
[gpu_amcl_cpp_node-6] [INFO] [1788985261.118140838] [gpu_amcl_cpp]: AMCL odom delta: at_scan=(11.118, -1.739, -0.527) baseline=(10.950, -1.651, -0.444) delta=(0.167, -0.088, -0.082) moved=true scan_age=0.052s
[component_container-9] [INFO] [1788985261.617167484] [pure_pursuit_node]: Pure Pursuit: pose=(-0.555, -9.866, -2.484) cte=-0.057 closest=667 target=687 path_dist=0.057 heading_err=0.065 steer=-0.393 speed=2.179
[ground_truth_amcl_monitor-7] [INFO] [1788985261.775118601] [ground_truth_amcl_monitor]: AMCL vs GT: gt=(-0.763, -10.056) amcl=(-0.651, -9.966) error=0.144 m / 0.072 rad; current_map=(-0.682, -9.983, -2.653) error=0.109 m / 0.000 rad; odom=(-1.552, -8.971, -2.653) error=1.342 m / 0.000 rad; ekf=(-1.552, -8.971, -2.653) error=1.342 m / 0.000 rad; RMS=0.218 m / 0.054 rad max=0.801 m / 0.197 rad samples=1846
[gpu_amcl_cpp_node-6] [INFO] [1788985261.844946206] [gpu_amcl_cpp]: AMCL local correction: odom_prediction=(-0.807, -10.051, -2.747) scan=(-0.817, -10.069, -2.718) correction=0.021 m/0.029 rad cluster_weight=0.999 publish=true
[gpu_amcl_cpp_node-6] [INFO] [1788985262.121627833] [gpu_amcl_cpp]: AMCL odom delta: at_scan=(12.296, -3.077, -1.653) baseline=(12.299, -2.994, -1.558) delta=(-0.003, -0.083, -0.095) moved=true scan_age=0.050s
[component_container-9] [INFO] [1788985262.644824355] [pure_pursuit_node]: Pure Pursuit: pose=(-2.495, -9.652, 2.522) cte=-0.112 closest=770 target=793 path_dist=0.112 heading_err=-0.265 steer=-0.524 speed=1.629
[ground_truth_amcl_monitor-7] [INFO] [1788985262.818743793] [ground_truth_amcl_monitor]: AMCL vs GT: gt=(-2.705, -9.529) amcl=(-2.575, -9.631) error=0.165 m / 0.139 rad; current_map=(-2.579, -9.627, 2.293) error=0.159 m / 0.000 rad; odom=(-3.217, -8.676, 2.293) error=0.995 m / 0.000 rad; ekf=(-3.217, -8.676, 2.293) error=0.995 m / 0.000 rad; RMS=0.217 m / 0.055 rad max=0.801 m / 0.197 rad samples=1882
[gpu_amcl_cpp_node-6] [INFO] [1788985262.872644154] [gpu_amcl_cpp]: AMCL local correction: odom_prediction=(-2.637, -9.579, 2.183) scan=(-2.708, -9.514, 2.195) correction=0.096 m/0.012 rad cluster_weight=0.965 publish=true
[gpu_amcl_cpp_node-6] [INFO] [1788985263.171881228] [gpu_amcl_cpp]: AMCL odom delta: at_scan=(11.324, -4.138, 3.082) baseline=(11.430, -4.140, -3.126) delta=(-0.106, 0.002, -0.075) moved=true scan_age=0.052s
[component_container-9] [INFO] [1788985263.670851189] [pure_pursuit_node]: Pure Pursuit: pose=(-3.125, -7.965, 2.228) cte=-0.040 closest=858 target=883 path_dist=0.040 heading_err=-0.498 steer=-0.462 speed=1.631
[ground_truth_amcl_monitor-7] [INFO] [1788985263.848814462] [ground_truth_amcl_monitor]: AMCL vs GT: gt=(-3.291, -7.752) amcl=(-3.232, -7.812) error=0.084 m / 0.090 rad; current_map=(-3.272, -7.742, 2.051) error=0.021 m / 0.000 rad; odom=(-3.756, -6.979, 2.051) error=0.902 m / 0.000 rad; ekf=(-3.756, -6.979, 2.051) error=0.902 m / 0.000 rad; RMS=0.215 m / 0.055 rad max=0.801 m / 0.197 rad samples=1918
[gpu_amcl_cpp_node-6] [INFO] [1788985263.918733929] [gpu_amcl_cpp]: AMCL local correction: odom_prediction=(-3.299, -7.700, 1.909) scan=(-3.328, -7.661, 1.949) correction=0.049 m/0.040 rad cluster_weight=0.988 publish=true
[gpu_amcl_cpp_node-6] [INFO] [1788985264.196269218] [gpu_amcl_cpp]: AMCL odom delta: at_scan=(9.899, -4.573, 2.956) baseline=(9.975, -4.583, 3.073) delta=(-0.076, 0.010, -0.117) moved=true scan_age=0.050s
[component_container-9] [INFO] [1788985264.715765951] [pure_pursuit_node]: Pure Pursuit: pose=(-3.033, -6.562, 1.724) cte=0.112 closest=929 target=949 path_dist=0.112 heading_err=-0.218 steer=0.197 speed=2.379
[ground_truth_amcl_monitor-7] [INFO] [1788985264.849875768] [ground_truth_amcl_monitor]: AMCL vs GT: gt=(-3.060, -6.303) amcl=(-3.057, -6.308) error=0.005 m / 0.000 rad; current_map=(-3.057, -6.320, 1.894) error=0.016 m / 0.000 rad; odom=(-3.511, -5.801, 1.894) error=0.675 m / 0.000 rad; ekf=(-3.511, -5.801, 1.894) error=0.675 m / 0.000 rad; RMS=0.213 m / 0.056 rad max=0.801 m / 0.197 rad samples=1953
[gpu_amcl_cpp_node-6] [INFO] [1788985264.967890838] [gpu_amcl_cpp]: Received LiDAR callback #989 (1081 ranges).
[gpu_amcl_cpp_node-6] [INFO] [1788985264.967941182] [gpu_amcl_cpp]: Starting AMCL scan update #989 (sampled from 1081 ranges).
[gpu_amcl_cpp_node-6] [INFO] [1788985264.969045994] [gpu_amcl_cpp]: AMCL scan update #989 completed; evaluating pose confidence.
[gpu_amcl_cpp_node-6] [INFO] [1788985264.969501719] [gpu_amcl_cpp]: AMCL local correction: odom_prediction=(-3.170, -6.042, 2.023) scan=(-3.136, -6.077, 2.014) correction=0.049 m/0.009 rad cluster_weight=0.982 publish=true
[gpu_amcl_cpp_node-6] [INFO] [1788985265.245860041] [gpu_amcl_cpp]: AMCL odom delta: at_scan=(8.440, -4.530, -3.118) baseline=(8.440, -4.530, -3.038) delta=(0.000, 0.000, -0.080) moved=true scan_age=0.051s
[component_container-9] [INFO] [1788985265.717957016] [pure_pursuit_node]: Pure Pursuit: pose=(-2.871, -4.950, 0.650) cte=-0.009 closest=1010 target=1034 path_dist=0.009 heading_err=0.640 steer=0.492 speed=1.597
[ground_truth_amcl_monitor-7] [INFO] [1788985265.893973939] [ground_truth_amcl_monitor]: AMCL vs GT: gt=(-2.712, -4.836) amcl=(-2.767, -4.872) error=0.066 m / 0.129 rad; current_map=(-2.699, -4.806, 0.838) error=0.033 m / 0.000 rad; odom=(-3.145, -4.503, 0.838) error=0.546 m / 0.000 rad; ekf=(-3.145, -4.503, 0.838) error=0.546 m / 0.000 rad; RMS=0.212 m / 0.056 rad max=0.801 m / 0.197 rad samples=1988
[gpu_amcl_cpp_node-6] [INFO] [1788985266.019662621] [gpu_amcl_cpp]: AMCL local correction: odom_prediction=(-2.660, -4.768, 1.086) scan=(-2.640, -4.749, 1.041) correction=0.028 m/0.045 rad cluster_weight=0.943 publish=true
[gpu_amcl_cpp_node-6] [INFO] [1788985266.295477654] [gpu_amcl_cpp]: AMCL odom delta: at_scan=(7.367, -3.868, -3.142) baseline=(7.454, -3.873, 3.017) delta=(-0.087, 0.005, 0.124) moved=true scan_age=0.050s
[component_container-9] [INFO] [1788985266.745000738] [pure_pursuit_node]: Pure Pursuit: pose=(-2.561, -3.546, 1.156) cte=-0.102 closest=1082 target=1104 path_dist=0.102 heading_err=0.143 steer=-0.206 speed=2.454
[ground_truth_amcl_monitor-7] [INFO] [1788985266.922831603] [ground_truth_amcl_monitor]: AMCL vs GT: gt=(-2.437, -3.309) amcl=(-2.513, -3.417) error=0.132 m / 0.085 rad; current_map=(-2.440, -3.312, 0.918) error=0.004 m / 0.000 rad; odom=(-2.932, -3.052, 0.918) error=0.558 m / 0.000 rad; ekf=(-2.932, -3.052, 0.918) error=0.558 m / 0.000 rad; RMS=0.210 m / 0.056 rad max=0.801 m / 0.197 rad samples=2024
[gpu_amcl_cpp_node-6] [INFO] [1788985267.044483574] [gpu_amcl_cpp]: AMCL local correction: odom_prediction=(-2.251, -3.079, 0.890) scan=(-2.262, -3.091, 0.871) correction=0.016 m/0.019 rad cluster_weight=0.961 publish=true
[gpu_amcl_cpp_node-6] [INFO] [1788985267.320601164] [gpu_amcl_cpp]: AMCL odom delta: at_scan=(5.805, -3.444, 3.006) baseline=(5.835, -3.450, 2.912) delta=(-0.030, 0.005, 0.094) moved=true scan_age=0.050s
[component_container-9] [INFO] [1788985267.795841005] [pure_pursuit_node]: Pure Pursuit: pose=(-2.203, -1.992, 1.563) cte=-0.163 closest=1162 target=1181 path_dist=0.163 heading_err=-0.248 steer=-0.524 speed=1.430
[ground_truth_amcl_monitor-7] [INFO] [1788985267.924202641] [ground_truth_amcl_monitor]: AMCL vs GT: gt=(-2.224, -1.792) amcl=(-2.238, -1.888) error=0.097 m / 0.000 rad; current_map=(-2.232, -1.909, 1.480) error=0.117 m / 0.000 rad; odom=(-2.799, -1.880, 1.480) error=0.581 m / 0.000 rad; ekf=(-2.799, -1.880, 1.480) error=0.581 m / 0.000 rad; RMS=0.209 m / 0.057 rad max=0.801 m / 0.197 rad samples=2059
[gpu_amcl_cpp_node-6] [INFO] [1788985268.095361472] [gpu_amcl_cpp]: AMCL local correction: odom_prediction=(-2.177, -1.646, 1.127) scan=(-2.165, -1.611, 1.116) correction=0.037 m/0.011 rad cluster_weight=0.949 publish=true
[gpu_amcl_cpp_node-6] [INFO] [1788985268.321832811] [gpu_amcl_cpp]: AMCL odom delta: at_scan=(4.514, -3.282, 2.310) baseline=(4.584, -3.356, 2.345) delta=(-0.070, 0.074, -0.035) moved=true scan_age=0.054s
[component_container-9] [INFO] [1788985268.844932542] [pure_pursuit_node]: Pure Pursuit: pose=(-1.559, -0.566, 1.822) cte=0.119 closest=1239 target=1261 path_dist=0.119 heading_err=-0.475 steer=-0.025 speed=2.299
[ground_truth_amcl_monitor-7] [INFO] [1788985268.969330564] [ground_truth_amcl_monitor]: AMCL vs GT: gt=(-1.595, -0.408) amcl=(-1.551, -0.527) error=0.127 m / 0.089 rad; current_map=(-1.587, -0.393, 1.878) error=0.017 m / 0.000 rad; odom=(-2.219, -0.555, 1.878) error=0.642 m / 0.000 rad; ekf=(-2.219, -0.555, 1.878) error=0.642 m / 0.000 rad; RMS=0.207 m / 0.057 rad max=0.801 m / 0.197 rad samples=2094
[actuator_interface-10] [ERROR] [1788985269.071867601] [autodrive_actuator_interface]: Collision count increased to 1; terminal stop latched, no simulator reset published
[ground_truth_amcl_monitor-7] [INFO] [1788985269.071976275] [ground_truth_amcl_monitor]: Collision epoch changed; discarding localization comparison; waiting for fresh AMCL alignment
[gpu_amcl_cpp_node-6] [WARN] [1788985269.072074640] [gpu_amcl_cpp]: No local AMCL cluster near odometry prediction; using causal odometry pose.
[actuator_interface-10] [WARN] [1788985269.088338145] [autodrive_actuator_interface]: Neutral output: external stop
[gpu_amcl_cpp_node-6] [INFO] [1788985269.370760781] [gpu_amcl_cpp]: AMCL odom delta: at_scan=(3.365, -3.131, -2.842) baseline=(3.365, -3.131, -2.841) delta=(0.000, 0.000, -0.000) moved=false scan_age=0.054s
[component_container-9] [INFO] [1788985269.873069104] [pure_pursuit_node]: Pure Pursuit: pose=(-1.698, -0.048, 1.871) cte=-0.127 closest=1263 target=1281 path_dist=0.127 heading_err=-0.508 steer=-0.524 speed=1.267
[gpu_amcl_cpp_node-6] [INFO] [1788985269.994926711] [gpu_amcl_cpp]: Received LiDAR callback #1076 (1081 ranges).
[gpu_amcl_cpp_node-6] [INFO] [1788985270.372517774] [gpu_amcl_cpp]: AMCL odom delta: at_scan=(3.365, -3.131, -2.842) baseline=(3.365, -3.131, -2.841) delta=(0.000, 0.000, -0.000) moved=false scan_age=0.051s
[component_container-9] [INFO] [1788985270.893504562] [pure_pursuit_node]: Pure Pursuit: pose=(-1.698, -0.048, 1.871) cte=-0.127 closest=1263 target=1281 path_dist=0.127 heading_err=-0.508 steer=-0.524 speed=1.267
[gpu_amcl_cpp_node-6] [INFO] [1788985271.373895656] [gpu_amcl_cpp]: AMCL odom delta: at_scan=(3.365, -3.131, -2.842) baseline=(3.365, -3.131, -2.841) delta=(0.000, 0.000, -0.000) moved=false scan_age=0.053s
[component_container-9] [INFO] [1788985271.941816909] [pure_pursuit_node]: Pure Pursuit: pose=(-1.698, -0.048, 1.871) cte=-0.127 closest=1263 target=1281 path_dist=0.127 heading_err=-0.508 steer=-0.524 speed=1.267
[gpu_amcl_cpp_node-6] [INFO] [1788985272.421600773] [gpu_amcl_cpp]: AMCL odom delta: at_scan=(3.365, -3.131, -2.842) baseline=(3.365, -3.131, -2.841) delta=(0.000, 0.000, -0.000) moved=false scan_age=0.051s
[component_container-9] [INFO] [1788985272.970474790] [pure_pursuit_node]: Pure Pursuit: pose=(-1.698, -0.048, 1.871) cte=-0.127 closest=1263 target=1281 path_dist=0.127 heading_err=-0.508 steer=-0.524 speed=1.267
[gpu_amcl_cpp_node-6] [INFO] [1788985273.442271583] [gpu_amcl_cpp]: AMCL odom delta: at_scan=(3.365, -3.131, -2.842) baseline=(3.365, -3.131, -2.841) delta=(0.000, 0.000, -0.000) moved=false scan_age=0.051s
[gpu_amcl_cpp_node-6] [WARN] [1788985273.548537294] [gpu_amcl_cpp]: Queued LiDAR scan until source-time odometry arrives (queued=1).
[component_container-9] [INFO] [1788985273.993727031] [pure_pursuit_node]: Pure Pursuit: pose=(-1.698, -0.048, 1.871) cte=-0.127 closest=1263 target=1281 path_dist=0.127 heading_err=-0.508 steer=-0.524 speed=1.267
[gpu_amcl_cpp_node-6] [INFO] [1788985274.494254234] [gpu_amcl_cpp]: AMCL odom delta: at_scan=(3.365, -3.131, -2.842) baseline=(3.365, -3.131, -2.841) delta=(0.000, 0.000, -0.000) moved=false scan_age=0.052s
[component_container-9] [INFO] [1788985275.017427875] [pure_pursuit_node]: Pure Pursuit: pose=(-1.698, -0.048, 1.871) cte=-0.127 closest=1263 target=1281 path_dist=0.127 heading_err=-0.508 steer=-0.524 speed=1.267
[gpu_amcl_cpp_node-6] [INFO] [1788985275.018657371] [gpu_amcl_cpp]: Received LiDAR callback #1168 (1081 ranges).
[gpu_amcl_cpp_node-6] [INFO] [1788985275.521029916] [gpu_amcl_cpp]: AMCL odom delta: at_scan=(3.365, -3.131, -2.842) baseline=(3.365, -3.131, -2.841) delta=(0.000, 0.000, -0.000) moved=false scan_age=0.050s
[component_container-9] [INFO] [1788985276.046215280] [pure_pursuit_node]: Pure Pursuit: pose=(-1.698, -0.048, 1.871) cte=-0.127 closest=1263 target=1281 path_dist=0.127 heading_err=-0.508 steer=-0.524 speed=1.267
[gpu_amcl_cpp_node-6] [INFO] [1788985276.548384693] [gpu_amcl_cpp]: AMCL odom delta: at_scan=(3.365, -3.131, -2.842) baseline=(3.365, -3.131, -2.841) delta=(0.000, 0.000, -0.000) moved=false scan_age=0.053s
[component_container-9] [INFO] [1788985277.097964163] [pure_pursuit_node]: Pure Pursuit: pose=(-1.698, -0.048, 1.871) cte=-0.127 closest=1263 target=1281 path_dist=0.127 heading_err=-0.508 steer=-0.524 speed=1.267
[gpu_amcl_cpp_node-6] [INFO] [1788985277.549653352] [gpu_amcl_cpp]: AMCL odom delta: at_scan=(3.365, -3.131, -2.842) baseline=(3.365, -3.131, -2.841) delta=(0.000, 0.000, -0.000) moved=false scan_age=0.051s
[component_container-9] [INFO] [1788985278.117292115] [pure_pursuit_node]: Pure Pursuit: pose=(-1.698, -0.048, 1.871) cte=-0.127 closest=1263 target=1281 path_dist=0.127 heading_err=-0.508 steer=-0.524 speed=1.267
