nohup: ignoring input
================================================================
  F1Tenth Universal Trajectory Optimization Pipeline
================================================================
  Map:              /home/akselmo/Documents/GitHub/BachelorProject/f1tenth_sim/maps/Spielberg_map.yaml
  Track name:       Spielberg
  Opt type:         mintime
  Max speed:        12.0 m/s
  Centerline pts:   800
  Direction:        cw
  Car width:        0.273 m
  Wall clearance:   0.06 m
  Optimizer width:  0.393 m
  Min track width:  0.393 m
  Wall distances:   yes
  Output:           /home/akselmo/Documents/GitHub/BachelorProject/f1tenth_planning/trajectories/Spielberg_raceline_current.csv
  Skip extract:     False

================================================================
  Step 0: Extract centerline from map
================================================================
  Converted 23739 grey/unknown pixels to wall (SLAM cleanup)
  Closed 9 wall gap pixels
  Padded map by 15px (['top', 'bottom', 'left', 'right']): new size 2030x2030
  Wall threshold: 140 (occupied_thresh=0.45)
  Image size: 2030x2030 px, resolution: 0.05796 m/px
  Outer boundary: 8116 points
  Estimated perimeter: 470.4 m → using 800 centerline points
  Wall obstacle components: 2
  Using wall components for GVD: [1, 2] (sizes: [22265, 21329])
  GVD boundary pixels (thresh=2.0): 11205
  Thinning method: cv2.ximgproc.THINNING_ZHANGSUEN
  GVD skeleton: 5523 pixels
  Saved GVD debug visualization: /home/akselmo/Documents/GitHub/BachelorProject/f1tenth_planning/trajectories/Spielberg_raceline_current_gvd.png
  Junction pixels (degree>=3): 280
  Junction clusters: 69, sizes: [4, 4, 4, 4, 4, 4, 4, 4, 4, 4, 4, 4, 4, 4, 4, 4, 4, 4, 4, 4, 4, 4, 4, 4, 4, 4, 4, 4, 4, 4, 4, 4, 4, 4, 4, 4, 4, 4, 4, 4, 4, 4, 4, 4, 4, 4, 4, 4, 4, 4, 4, 4, 4, 4, 4, 4, 4, 4, 4, 4, 4, 4, 4, 4, 4, 4, 4, 6, 6]
  Chains: 69
    Chain 0: cluster 0→44, 140 px
    Chain 1: cluster 0→4, 3 px
    Chain 2: cluster 1→44, 5 px
    Chain 3: cluster 1→35, 6 px
    Chain 4: cluster 2→7, 4 px
    Chain 5: cluster 2→5, 5 px
    Chain 6: cluster 3→31, 26 px
    Chain 7: cluster 3→33, 3 px
    Chain 8: cluster 4→65, 15 px
    Chain 9: cluster 5→38, 74 px
    Chain 10: cluster 6→7, 61 px
    Chain 11: cluster 6→40, 431 px
    Chain 12: cluster 8→53, 497 px
    Chain 13: cluster 8→43, 23 px
    Chain 14: cluster 9→16, 16 px
    Chain 15: cluster 9→64, 17 px
    Chain 16: cluster 10→38, 34 px
    Chain 17: cluster 10→63, 114 px
    Chain 18: cluster 11→18, 6 px
    Chain 19: cluster 11→40, 6 px
    Chain 20: cluster 12→59, 78 px
    Chain 21: cluster 12→63, 1113 px
    Chain 22: cluster 13→19, 6 px
    Chain 23: cluster 13→61, 13 px
    Chain 24: cluster 14→41, 6 px
    Chain 25: cluster 14→33, 3 px
    Chain 26: cluster 15→26, 6 px
    Chain 27: cluster 15→23, 6 px
    Chain 28: cluster 16→27, 6 px
    Chain 29: cluster 17→55, 6 px
    Chain 30: cluster 17→19, 6 px
    Chain 31: cluster 18→58, 6 px
    Chain 32: cluster 20→45, 3 px
    Chain 33: cluster 20→68, 6 px
    Chain 34: cluster 21→67, 3 px
    Chain 35: cluster 21→22, 3 px
    Chain 36: cluster 22→39, 3 px
    Chain 37: cluster 23→66, 6 px
    Chain 38: cluster 24→27, 4 px
    Chain 39: cluster 24→48, 4 px
    Chain 40: cluster 25→29, 3 px
    Chain 41: cluster 25→62, 25 px
    Chain 42: cluster 26→32, 6 px
    Chain 43: cluster 28→34, 4 px
    Chain 44: cluster 28→37, 993 px
    Chain 45: cluster 29→49, 6 px
    Chain 46: cluster 30→54, 16 px
    Chain 47: cluster 30→56, 9 px
    Chain 48: cluster 31→56, 16 px
    Chain 49: cluster 32→51, 6 px
    Chain 50: cluster 34→42, 264 px
    Chain 51: cluster 35→43, 291 px
    Chain 52: cluster 36→48, 3 px
    Chain 53: cluster 36→59, 11 px
    Chain 54: cluster 37→41, 67 px
    Chain 55: cluster 39→46, 4 px
    Chain 56: cluster 42→67, 818 px
    Chain 57: cluster 45→65, 4 px
    Chain 58: cluster 46→57, 3 px
    Chain 59: cluster 47→52, 6 px
    Chain 60: cluster 47→55, 6 px
    Chain 61: cluster 49→68, 6 px
    Chain 62: cluster 50→60, 6 px
    Chain 63: cluster 50→51, 6 px
    Chain 64: cluster 52→54, 9 px
    Chain 65: cluster 53→64, 4 px
    Chain 66: cluster 57→62, 4 px
    Chain 67: cluster 58→66, 6 px
    Chain 68: cluster 60→61, 6 px
  Best cycle: 69 chains (of 69)
  Start pixel (476,172), EDT=21.2px, world=(-75.75,52.84)
  Ring walk: 5381 pixels, closed=True
  Saved GVD debug visualization: /home/akselmo/Documents/GitHub/BachelorProject/f1tenth_planning/trajectories/Spielberg_raceline_current_gvd.png
  Pixel path: 5381 pts, 359.5 m, loop_gap=0.082 m
  Detected winding: cw
  Measuring track widths (ray-cast)...
  Width DT-capped: 1273 sides
  Width after smoothing: right [1.012, 1.106] m, left [1.013, 1.117] m
  Track feasibility OK: narrowest total=2.025m >= min_track_width=0.393m
  Saved TUM track CSV: /home/akselmo/Documents/GitHub/BachelorProject/f1tenth_planning/global_racetrajectory_optimization/inputs/tracks/Spielberg.csv
  Points: 800, avg width right: 1.066 m, avg width left: 1.067 m
  Patched racecar.ini: s_reg -> 10.0
  Patched racecar.ini: width_opt -> 0.393 (car_width=0.27 + 2*clearance=0.06)
  Patched racecar.ini: stepsize_prep -> 0.150m, stepsize_reg -> 0.200m
  Patched racecar.ini: stepsize_interp_after_opt -> 0.050m
  Patched main_globaltraj.py: min_track_width -> 0.393

================================================================
  Step 1: Optimize trajectory (mintime, Spielberg)
================================================================
  Command: /usr/bin/python3 main_globaltraj.py
  Working dir: /home/akselmo/Documents/GitHub/BachelorProject/f1tenth_planning/global_racetrajectory_optimization

Spline approximation: mean deviation 0.05m, maximum deviation 0.26m
Fixed normal crossings by shrinking widths to 80%
CasADi - 2026-03-15 15:32:26 MESSAGE("nlp::init") [.../casadi/core/function_internal.cpp:570]
CasADi - 2026-03-15 15:32:26 MESSAGE("nlp::init") [.../casadi/core/x_function.hpp:331]
CasADi - 2026-03-15 15:32:26 MESSAGE("nlp::init") [.../casadi/core/mx_function.cpp:113]
CasADi - 2026-03-15 15:32:26 MESSAGE("Using live variables: work array is 13698 instead of 354180") [.../casadi/core/mx_function.cpp:336]
CasADi - 2026-03-15 15:32:26 MESSAGE("solver::init") [.../casadi/core/function_internal.cpp:570]
CasADi - 2026-03-15 15:32:27 MESSAGE("solver::create_function nlp_grad:[x, p, lam:f, lam:g]->[f, g, grad:gamma:x, grad:gamma:p]") [.../casadi/core/oracle_function.cpp:242]
CasADi - 2026-03-15 15:32:31 MESSAGE("solver::create_function nlp_f:[x, p]->[f]") [.../casadi/core/oracle_function.cpp:242]
CasADi - 2026-03-15 15:32:31 MESSAGE("solver::create_function nlp_g:[x, p]->[g]") [.../casadi/core/oracle_function.cpp:242]
CasADi - 2026-03-15 15:32:31 MESSAGE("solver::create_function nlp_grad_f:[x, p]->[f, grad:f:x]") [.../casadi/core/oracle_function.cpp:242]
CasADi - 2026-03-15 15:32:31 MESSAGE("solver::create_function nlp_jac_g:[x, p]->[g, jac:g:x]") [.../casadi/core/oracle_function.cpp:242]
CasADi - 2026-03-15 15:32:39 MESSAGE("solver::create_function nlp_hess_l:[x, p, lam:f, lam:g]->[triu:hess:gamma:x:x]") [.../casadi/core/oracle_function.cpp:242]
There are 41069 variables and 53042 constraints.
Using exact Hessian

******************************************************************************
This program contains Ipopt, a library for large-scale nonlinear optimization.
 Ipopt is released as open source code under the Eclipse Public License (EPL).
         For more information visit https://github.com/coin-or/Ipopt
******************************************************************************

This is Ipopt version 3.14.11, running with linear solver MUMPS 5.4.1.

Number of nonzeros in equality constraint Jacobian...:   316545
Number of nonzeros in inequality constraint Jacobian.:    78690
Number of nonzeros in Lagrangian Hessian.............:   254925

Total number of variables............................:    41069
                     variables with only lower bounds:        0
                variables with lower and upper bounds:    13693
                     variables with only upper bounds:        0
Total number of equality constraints.................:    35936
Total number of inequality constraints...............:    17106
        inequality constraints with only lower bounds:     1710
   inequality constraints with lower and upper bounds:    10265
        inequality constraints with only upper bounds:     3421

iter    objective    inf_pr   inf_du lg(mu)  ||d||  lg(rg) alpha_du alpha_pr  ls
   0  1.7110000e+01 6.17e-01 1.39e+00  -1.0 0.00e+00    -  0.00e+00 0.00e+00   0
   1  1.7200432e+01 6.04e-01 1.57e+03  -1.0 4.88e+00    -  7.44e-04 2.19e-02f  1
   2  1.7237512e+01 6.00e-01 1.10e+02  -1.0 4.99e+00    -  2.51e-02 5.99e-03f  1
   3  1.7461322e+01 5.88e-01 1.73e+03  -1.0 5.30e+00    -  2.64e-02 2.11e-02f  1
   4  1.7622647e+01 5.84e-01 1.74e+03  -1.0 6.71e+00   0.0 6.65e-03 6.61e-03f  1
   5  1.7961467e+01 5.79e-01 2.01e+03  -1.0 3.45e+00   1.3 9.36e-03 8.91e-03f  1
   6  1.8051147e+01 5.77e-01 4.31e+04  -1.0 1.81e+00   1.8 8.00e-03 2.13e-03f  1
   7  1.8060301e+01 5.77e-01 2.84e+05  -1.0 2.21e+00   2.2 5.93e-03 2.16e-04f  1
   8  1.8319496e+01 5.74e-01 4.75e+05  -1.0 2.50e+00   1.7 1.16e-02 5.60e-03f  1
   9  1.8361590e+01 5.73e-01 1.27e+06  -1.0 2.37e+00   2.1 1.13e-02 9.06e-04f  1
iter    objective    inf_pr   inf_du lg(mu)  ||d||  lg(rg) alpha_du alpha_pr  ls
  10  1.8601150e+01 5.70e-01 3.66e+06  -1.0 2.33e+00   2.6 1.67e-02 5.18e-03f  1
  11  1.9331182e+01 5.63e-01 3.60e+06  -1.0 1.92e+00   2.1 1.32e-02 1.34e-02f  1
  12  1.9382243e+01 5.62e-01 5.60e+06  -1.0 1.51e+00   3.4 3.01e-03 1.11e-03h  1
  13  1.9585883e+01 5.60e-01 5.55e+06  -1.0 1.49e+00   2.9 4.16e-03 4.24e-03f  1
  14  1.9667365e+01 5.59e-01 8.77e+06  -1.0 1.46e+00   3.4 5.62e-03 1.76e-03h  1
  15  1.9735929e+01 5.58e-01 2.22e+07  -1.0 1.46e+00   3.8 7.56e-03 1.50e-03h  1
  16  1.9997799e+01 5.55e-01 2.47e+07  -1.0 1.42e+00   3.3 8.83e-03 5.45e-03h  1
  17  2.0107719e+01 5.54e-01 3.18e+07  -1.0 1.40e+00   3.7 6.09e-03 2.39e-03h  1
  18  2.0180159e+01 5.53e-01 5.70e+07  -1.0 1.39e+00   4.2 6.52e-03 1.60e-03h  1
  19  2.0418803e+01 5.50e-01 5.92e+07  -1.0 1.36e+00   3.7 6.52e-03 5.04e-03h  1
iter    objective    inf_pr   inf_du lg(mu)  ||d||  lg(rg) alpha_du alpha_pr  ls
  20  2.0469392e+01 5.49e-01 6.83e+07  -1.0 1.33e+00   4.1 3.27e-03 1.12e-03h  1
  21  2.0471540e+01 5.49e-01 1.09e+08  -1.0 1.33e+00   4.5 3.63e-03 4.78e-05h  1
  22  2.0670242e+01 5.47e-01 1.09e+08  -1.0 1.35e+00   4.1 4.44e-03 4.25e-03h  1
  23  2.0687779e+01 5.47e-01 1.13e+08  -1.0 1.33e+00   4.5 7.31e-04 3.89e-04h  1
  24  2.0728030e+01 5.46e-01 1.10e+08  -1.0 4.21e+00   4.0 1.34e-04 8.62e-04h  1
  25  2.0736484e+01 5.46e-01 1.11e+08  -1.0 1.33e+00   4.4 2.47e-04 1.87e-04h  1
  26  2.0775415e+01 5.46e-01 9.41e+07  -1.0 1.55e+00   4.9 1.36e-04 8.73e-04h  1
  27  2.0778764e+01 5.46e-01 9.37e+07  -1.0 1.33e+00   4.4 2.10e-05 7.36e-05h  1
  28r 2.0778764e+01 5.46e-01 1.00e+03  -0.3 0.00e+00   4.8 0.00e+00 3.89e-07R  4
  29r 2.5526911e+01 2.18e-01 2.96e+03  -0.3 3.96e+02    -  1.48e-03 1.32e-03f  1
iter    objective    inf_pr   inf_du lg(mu)  ||d||  lg(rg) alpha_du alpha_pr  ls
  30  2.5623606e+01 2.17e-01 3.48e+02  -1.0 3.55e+00    -  1.29e-03 3.81e-03f  1
  31  2.5650951e+01 2.17e-01 5.15e+03  -1.0 3.37e+00    -  5.12e-03 1.15e-03f  1
  32  2.5710571e+01 2.16e-01 5.04e+03  -1.0 6.00e+00    -  2.15e-03 2.39e-03f  1
  33  2.5751240e+01 2.16e-01 4.54e+03  -1.0 3.81e+01    -  3.02e-04 1.57e-03f  1
  34  2.5760478e+01 2.16e-01 4.68e+03  -1.0 1.08e+00   4.3 6.57e-04 2.86e-04f  1
  35  2.5760982e+01 2.16e-01 5.24e+03  -1.0 1.19e+00   3.9 1.37e-03 1.52e-05h  1
  36  2.5772021e+01 2.16e-01 5.72e+03  -1.0 1.23e+00   3.4 1.51e-03 3.25e-04f  1
  37  2.5809600e+01 2.16e-01 6.80e+03  -1.0 1.25e+00   2.9 3.74e-03 1.07e-03f  1
  38  2.6159638e+01 2.14e-01 4.60e+03  -1.0 1.28e+00   2.4 4.35e-03 9.44e-03f  1
  39  2.6163478e+01 2.14e-01 1.27e+04  -1.0 1.26e+00   2.8 1.83e-02 1.11e-04h  1
iter    objective    inf_pr   inf_du lg(mu)  ||d||  lg(rg) alpha_du alpha_pr  ls
  40  2.6780805e+01 2.10e-01 1.49e+04  -1.0 1.45e+00   2.4 2.08e-02 1.63e-02f  1
  41  2.6970735e+01 2.09e-01 1.35e+04  -1.0 1.35e+00   2.8 3.51e-03 5.53e-03f  1
  42  2.7158938e+01 2.08e-01 1.25e+04  -1.0 1.31e+00   3.2 4.35e-03 5.68e-03h  1
  43  2.7211744e+01 2.08e-01 1.47e+04  -1.0 1.28e+00   3.6 4.99e-03 1.64e-03h  1
  44  2.7401356e+01 2.06e-01 1.37e+04  -1.0 1.29e+00   3.2 4.39e-03 5.70e-03h  1
  45  2.7519284e+01 2.06e-01 1.39e+04  -1.0 1.25e+00   3.6 4.02e-03 3.69e-03h  1
  46  2.7555384e+01 2.05e-01 1.41e+04  -1.0 1.23e+00   4.0 1.43e-03 1.15e-03h  1
  47  2.7620459e+01 2.05e-01 1.51e+04  -1.0 1.24e+00   3.5 3.42e-03 2.04e-03h  1
  48  2.7697078e+01 2.04e-01 1.47e+04  -1.0 1.22e+00   4.0 2.05e-03 2.45e-03h  1
  49  2.7721484e+01 2.04e-01 2.09e+04  -1.0 1.23e+00   3.5 6.00e-03 7.62e-04h  1
iter    objective    inf_pr   inf_du lg(mu)  ||d||  lg(rg) alpha_du alpha_pr  ls
  50  2.7846328e+01 2.03e-01 1.29e+05  -1.0 1.21e+00   3.9 4.26e-04 3.98e-03h  1
  51  2.7884004e+01 2.03e-01 1.29e+05  -1.0 1.19e+00   4.3 1.95e-03 1.23e-03h  1
  52  2.7952134e+01 2.03e-01 1.29e+05  -1.0 1.20e+00   3.9 3.47e-03 2.18e-03h  1
  53  2.8010638e+01 2.02e-01 1.28e+05  -1.0 1.18e+00   4.3 6.54e-03 1.92e-03h  1
  54  2.8128614e+01 2.02e-01 1.28e+05  -1.0 1.19e+00   3.8 7.09e-03 3.75e-03h  1
  55  2.8171490e+01 2.01e-01 1.28e+05  -1.0 1.16e+00   4.2 4.45e-03 1.42e-03h  1
  56  2.8209913e+01 2.01e-01 1.28e+05  -1.0 1.15e+00   4.7 5.97e-03 1.29e-03h  1
  57  2.8219307e+01 2.01e-01 1.57e+05  -1.0 1.14e+00   6.0 4.19e-04 3.19e-04h  1
  58  2.8235532e+01 2.01e-01 1.28e+05  -1.0 1.14e+00   5.5 1.74e-05 5.49e-04h  1
  59  2.8243405e+01 2.01e-01 3.15e+05  -1.0 1.15e+00   5.0 6.69e-03 2.65e-04h  1
iter    objective    inf_pr   inf_du lg(mu)  ||d||  lg(rg) alpha_du alpha_pr  ls
  60  2.8298168e+01 2.00e-01 3.04e+05  -1.0 1.15e+00   4.6 7.86e-04 1.80e-03h  1
  61  2.8301133e+01 2.00e-01 5.66e+05  -1.0 1.14e+00   5.0 9.25e-03 9.94e-05h  1
  62  2.8452448e+01 1.99e-01 5.61e+05  -1.0 1.15e+00   4.5 4.68e-03 4.91e-03h  1
  63  2.8470008e+01 1.99e-01 6.46e+05  -1.0 1.12e+00   4.9 4.16e-03 5.92e-04h  1
  64  2.8502238e+01 1.99e-01 6.71e+05  -1.0 4.15e+00   4.5 4.85e-03 1.05e-03h  1
  65  2.8525714e+01 1.99e-01 7.32e+05  -1.0 1.12e+00   4.9 3.74e-03 7.86e-04h  1
  66  2.8587203e+01 1.99e-01 7.32e+05  -1.0 1.43e+00   4.4 2.28e-03 1.94e-03h  1
  67  2.8645027e+01 1.98e-01 7.93e+05  -1.0 1.10e+00   4.8 5.40e-03 1.90e-03h  1
  68  2.8713988e+01 1.98e-01 6.97e+05  -1.0 1.09e+00   5.3 4.18e-04 2.30e-03h  1
  69  2.8749171e+01 1.98e-01 6.94e+05  -1.0 1.18e+00   4.8 9.80e-04 1.15e-03h  1
iter    objective    inf_pr   inf_du lg(mu)  ||d||  lg(rg) alpha_du alpha_pr  ls
  70  2.8762270e+01 1.97e-01 8.05e+05  -1.0 1.08e+00   5.2 3.03e-03 4.40e-04h  1
  71  2.8791613e+01 1.97e-01 8.17e+05  -1.0 1.61e+00   4.7 2.07e-03 9.55e-04h  1
  72  2.8808834e+01 1.97e-01 9.02e+05  -1.0 1.08e+00   5.2 2.84e-03 5.77e-04h  1
  73  2.8809629e+01 1.97e-01 1.22e+06  -1.0 1.07e+00   5.6 3.12e-03 2.70e-05h  1
  74  2.8936206e+01 1.96e-01 1.16e+06  -1.0 1.08e+00   5.1 2.38e-03 4.22e-03h  1
  75  2.8958953e+01 1.96e-01 1.26e+06  -1.0 1.06e+00   5.5 1.96e-03 7.78e-04h  1
  76  2.9002825e+01 1.96e-01 1.23e+06  -1.0 1.06e+00   5.1 4.38e-04 1.47e-03h  1
  77  2.9010519e+01 1.96e-01 1.36e+06  -1.0 1.05e+00   5.5 1.91e-03 2.64e-04h  1
  78  2.9049998e+01 1.96e-01 1.28e+06  -1.0 1.05e+00   5.9 1.01e-03 1.36e-03h  1
  79  2.9098673e+01 1.95e-01 1.24e+06  -1.0 1.04e+00   5.4 1.01e-03 1.66e-03h  1
iter    objective    inf_pr   inf_du lg(mu)  ||d||  lg(rg) alpha_du alpha_pr  ls
  80  2.9101700e+01 1.95e-01 1.63e+06  -1.0 1.04e+00   5.9 2.24e-03 1.05e-04h  1
  81  2.9127641e+01 1.95e-01 1.66e+06  -1.0 1.82e+00   5.4 1.46e-03 8.85e-04h  1
  82  2.9166802e+01 1.95e-01 1.52e+06  -1.0 1.03e+00   5.8 4.84e-04 1.36e-03h  1
  83  2.9178739e+01 1.95e-01 1.55e+06  -1.0 1.03e+00   6.2 4.97e-04 4.17e-04h  1
  84  2.9200228e+01 1.95e-01 2.10e+06  -1.0 1.03e+00   5.8 3.31e-03 7.44e-04h  1
  85  2.9201030e+01 1.95e-01 2.58e+06  -1.0 2.11e+01   5.3 5.08e-04 2.67e-05h  1
  86  2.9204831e+01 1.95e-01 5.61e+06  -1.0 2.97e+00   5.7 1.61e-03 1.27e-04h  1
  87  2.9253254e+01 1.94e-01 7.77e+06  -1.0 6.75e+00   5.2 3.62e-04 1.56e-03h  1
  88  2.9264636e+01 1.94e-01 5.65e+06  -1.0 1.02e+00   6.6 1.16e-05 3.82e-04h  1
  89  2.9301525e+01 1.94e-01 6.13e+06  -1.0 1.29e+00   6.1 5.47e-04 1.23e-03h  1
iter    objective    inf_pr   inf_du lg(mu)  ||d||  lg(rg) alpha_du alpha_pr  ls
  90  2.9303960e+01 1.94e-01 6.04e+06  -1.0 1.17e+00   5.6 6.21e-04 8.00e-05h  1
  91  2.9311806e+01 1.94e-01 6.04e+06  -1.0 1.01e+00   6.9 5.55e-05 2.65e-04h  1
  92  2.9314633e+01 1.94e-01 6.05e+06  -1.0 1.01e+00   6.5 4.19e-06 9.50e-05h  1
  93  2.9340538e+01 1.94e-01 6.01e+06  -1.0 1.01e+00   6.0 1.18e-03 8.60e-04h  1
  94  2.9357889e+01 1.94e-01 5.92e+06  -1.0 1.01e+00   6.4 2.02e-03 5.83e-04h  1
  95  2.9386161e+01 1.93e-01 5.74e+06  -1.0 1.01e+00   5.9 3.35e-03 9.36e-04h  1
  96  2.9399436e+01 1.93e-01 6.10e+06  -1.0 1.01e+00   6.4 4.17e-03 4.47e-04h  1
  97  2.9450701e+01 1.93e-01 6.76e+06  -1.0 1.00e+00   5.9 3.96e-03 1.69e-03h  1
  98  2.9455085e+01 1.93e-01 1.05e+07  -1.0 9.98e-01   6.3 4.59e-03 1.48e-04h  1
  99  2.9540089e+01 1.92e-01 1.18e+07  -1.0 9.97e-01   5.8 8.03e-03 2.79e-03h  1
iter    objective    inf_pr   inf_du lg(mu)  ||d||  lg(rg) alpha_du alpha_pr  ls
 100  2.9545376e+01 1.92e-01 1.74e+07  -1.0 9.88e-01   6.3 7.33e-03 1.79e-04h  1
 101  2.9613553e+01 1.92e-01 1.74e+07  -1.0 1.10e+00   5.8 2.26e-03 2.23e-03h  1
 102  2.9616261e+01 1.92e-01 2.06e+07  -1.0 9.79e-01   7.1 6.55e-04 9.30e-05h  1
 103  2.9627804e+01 1.92e-01 2.40e+07  -1.0 9.80e-01   6.6 2.20e-03 3.94e-04h  1
 104  2.9633187e+01 1.92e-01 2.92e+07  -1.0 9.79e-01   7.1 1.21e-03 1.85e-04h  1
 105  2.9687181e+01 1.91e-01 3.23e+07  -1.0 9.78e-01   6.6 3.74e-03 1.84e-03h  1
 106  2.9693364e+01 1.91e-01 3.45e+07  -1.0 9.72e-01   7.0 7.26e-04 2.13e-04h  1
 107  2.9739959e+01 1.91e-01 3.23e+07  -1.0 9.70e-01   6.5 2.42e-05 1.59e-03h  1
 108  2.9741782e+01 1.91e-01 3.22e+07  -1.0 9.67e-01   7.0 4.19e-05 6.35e-05h  1
 109  2.9749014e+01 1.91e-01 3.55e+07  -1.0 9.66e-01   6.5 3.06e-03 2.49e-04h  1
iter    objective    inf_pr   inf_du lg(mu)  ||d||  lg(rg) alpha_du alpha_pr  ls
 110  2.9752250e+01 1.91e-01 3.56e+07  -1.0 1.04e+01   6.0 1.80e-04 1.08e-04h  1
 111  2.9764054e+01 1.91e-01 3.91e+07  -1.0 9.66e-01   6.4 3.90e-03 4.06e-04h  1
 112  2.9809485e+01 1.91e-01 3.45e+07  -1.0 9.66e-01   6.8 1.48e-05 1.58e-03h  1
 113  2.9831560e+01 1.90e-01 3.38e+07  -1.0 1.02e+00   6.4 1.61e-05 7.48e-04h  1
 114  2.9833394e+01 1.90e-01 4.00e+07  -1.0 9.56e-01   6.8 2.53e-03 6.35e-05h  1
 115  2.9867535e+01 1.90e-01 4.10e+07  -1.0 9.53e-01   6.3 2.62e-03 1.15e-03h  1
 116  2.9875174e+01 1.90e-01 4.77e+07  -1.0 9.51e-01   6.7 3.33e-03 2.64e-04h  1
 117  2.9886042e+01 1.90e-01 7.21e+07  -1.0 9.51e-01   7.2 4.42e-03 3.79e-04h  1
 118  2.9981994e+01 1.89e-01 7.66e+07  -1.0 9.49e-01   6.7 5.83e-03 3.30e-03h  1
 119  2.9982934e+01 1.89e-01 9.33e+07  -1.0 9.38e-01   7.1 3.32e-03 3.29e-05h  1
iter    objective    inf_pr   inf_du lg(mu)  ||d||  lg(rg) alpha_du alpha_pr  ls
 120  2.9987621e+01 1.89e-01 9.35e+07  -1.0 9.36e-01   6.6 3.21e-04 1.62e-04h  1
 121  2.9994416e+01 1.89e-01 9.27e+07  -1.0 9.56e-01   7.1 6.53e-05 2.38e-04h  1
 122  3.0004374e+01 1.89e-01 9.26e+07  -1.0 9.50e-01   6.6 3.36e-04 3.43e-04h  1
 123  3.0011611e+01 1.89e-01 9.16e+07  -1.0 9.35e-01   7.0 2.33e-06 2.54e-04h  1
 124  3.0038682e+01 1.89e-01 9.07e+07  -1.0 9.35e-01   6.5 1.37e-04 9.29e-04h  1
 125  3.0041708e+01 1.89e-01 9.16e+07  -1.0 9.31e-01   7.0 3.97e-04 1.06e-04h  1
 126  3.0068632e+01 1.89e-01 9.08e+07  -1.0 1.47e+00   6.5 7.02e-05 9.21e-04h  1
 127  3.0070318e+01 1.89e-01 9.11e+07  -1.0 9.28e-01   6.9 1.54e-04 5.91e-05h  1
 128  3.0081977e+01 1.89e-01 9.08e+07  -1.0 3.10e+00   6.4 5.93e-05 3.97e-04h  1
 129  3.0114039e+01 1.89e-01 8.89e+07  -1.0 9.27e-01   6.9 4.12e-04 1.12e-03h  1
iter    objective    inf_pr   inf_du lg(mu)  ||d||  lg(rg) alpha_du alpha_pr  ls
 130  3.0120051e+01 1.89e-01 1.12e+08  -1.0 9.24e-01   7.3 3.44e-03 2.13e-04h  1
 131  3.0126352e+01 1.89e-01 1.13e+08  -1.0 9.25e-01   6.8 5.76e-04 2.19e-04h  1
 132  3.0136926e+01 1.88e-01 1.10e+08  -1.0 9.23e-01   7.2 2.73e-06 3.73e-04h  1
 133  3.0142041e+01 1.88e-01 1.10e+08  -1.0 9.24e-01   6.8 1.34e-04 1.78e-04h  1
 134  3.0143722e+01 1.88e-01 1.13e+08  -1.0 9.21e-01   7.2 5.81e-04 5.94e-05h  1
 135  3.0177649e+01 1.88e-01 1.16e+08  -1.0 9.24e-01   6.7 2.94e-03 1.17e-03h  1
 136  3.0180199e+01 1.88e-01 1.24e+08  -1.0 9.18e-01   7.1 1.73e-03 9.01e-05h  1
 137  3.0217685e+01 1.88e-01 1.23e+08  -1.0 9.24e-01   6.7 9.57e-04 1.29e-03h  1
 138  3.0262788e+01 1.88e-01 1.16e+08  -1.0 9.15e-01   7.1 1.52e-05 1.59e-03h  1
 139  3.0276602e+01 1.88e-01 1.47e+08  -1.0 9.10e-01   7.5 3.19e-03 4.93e-04h  1
iter    objective    inf_pr   inf_du lg(mu)  ||d||  lg(rg) alpha_du alpha_pr  ls
 140  3.0294758e+01 1.87e-01 1.66e+08  -1.0 9.12e-01   7.0 6.10e-03 6.41e-04h  1
 141  3.0302981e+01 1.87e-01 2.03e+08  -1.0 9.08e-01   7.5 4.05e-03 2.94e-04h  1
 142  3.0351657e+01 1.87e-01 2.26e+08  -1.0 9.12e-01   7.0 1.00e-02 1.71e-03h  1
 143  3.0357535e+01 1.87e-01 2.54e+08  -1.0 9.04e-01   7.4 3.59e-03 2.11e-04h  1
 144  3.0442165e+01 1.86e-01 2.52e+08  -1.0 9.09e-01   6.9 2.12e-03 2.97e-03h  1
 145  3.0446287e+01 1.86e-01 2.61e+08  -1.0 8.98e-01   7.4 1.48e-03 1.48e-04h  1
 146  3.0470788e+01 1.86e-01 2.60e+08  -1.0 1.93e+00   6.9 2.91e-04 8.61e-04h  1
 147  3.0474317e+01 1.86e-01 2.69e+08  -1.0 8.97e-01   7.3 1.71e-03 1.27e-04h  1
 148  3.0486813e+01 1.86e-01 2.69e+08  -1.0 1.60e+00   6.8 4.43e-04 4.38e-04h  1
 149  3.0493457e+01 1.86e-01 2.80e+08  -1.0 9.00e-01   7.3 2.27e-03 2.39e-04h  1
iter    objective    inf_pr   inf_du lg(mu)  ||d||  lg(rg) alpha_du alpha_pr  ls
 150  3.0514566e+01 1.86e-01 2.79e+08  -1.0 1.75e+00   6.8 6.31e-04 7.42e-04h  1
 151  3.0523386e+01 1.86e-01 2.88e+08  -1.0 9.27e-01   7.2 2.43e-03 3.20e-04h  1
 152  3.0543195e+01 1.86e-01 3.19e+08  -1.0 9.27e-01   7.6 3.09e-03 7.28e-04h  1
 153  3.0566331e+01 1.86e-01 3.19e+08  -1.0 9.33e-01   7.2 8.54e-04 8.38e-04h  1
 154  3.0583827e+01 1.86e-01 3.22e+08  -1.0 9.25e-01   7.6 9.23e-04 6.44e-04h  1
 155  3.0599776e+01 1.85e-01 3.20e+08  -1.0 1.95e+00   7.1 2.82e-05 5.77e-04h  1
 156  3.0600748e+01 1.85e-01 3.20e+08  -1.0 8.95e-01   7.5 1.69e-05 3.54e-05h  1
 157  3.0601847e+01 1.85e-01 3.20e+08  -1.0 9.07e-01   7.1 7.81e-05 3.92e-05h  1
 158  3.0622736e+01 1.85e-01 3.39e+08  -1.0 8.95e-01   7.5 3.05e-03 7.59e-04h  1
 159  3.0634708e+01 1.85e-01 3.39e+08  -1.0 9.65e-01   7.0 2.98e-04 4.24e-04h  1
iter    objective    inf_pr   inf_du lg(mu)  ||d||  lg(rg) alpha_du alpha_pr  ls
 160  3.0642680e+01 1.85e-01 3.46e+08  -1.0 8.93e-01   7.4 1.34e-03 2.90e-04h  1
 161  3.0669923e+01 1.85e-01 3.46e+08  -1.0 3.07e+00   6.9 9.53e-04 9.62e-04h  1
 162  3.0671624e+01 1.85e-01 3.75e+08  -1.0 8.92e-01   7.4 4.73e-03 6.19e-05h  1
 163  3.0675293e+01 1.85e-01 3.79e+08  -1.0 8.89e-01   7.8 4.00e-04 1.35e-04h  1
 164  3.0708577e+01 1.85e-01 3.73e+08  -1.0 8.96e-01   7.3 7.53e-05 1.21e-03h  1
 165  3.0710962e+01 1.85e-01 4.38e+08  -1.0 8.89e-01   7.8 4.21e-03 8.79e-05h  1
 166  3.0785735e+01 1.84e-01 4.31e+08  -1.0 9.11e-01   7.3 1.39e-03 2.72e-03h  1
 167  3.0787607e+01 1.84e-01 4.40e+08  -1.0 9.03e-01   7.7 7.52e-04 6.97e-05h  1
 168  3.0795777e+01 1.84e-01 4.39e+08  -1.0 8.93e-01   7.2 1.35e-04 2.96e-04h  1
 169  3.0806614e+01 1.84e-01 4.39e+08  -1.0 8.82e-01   7.6 3.85e-04 4.00e-04h  1
iter    objective    inf_pr   inf_du lg(mu)  ||d||  lg(rg) alpha_du alpha_pr  ls
 170  3.0842033e+01 1.84e-01 4.36e+08  -1.0 1.35e+00   7.2 5.30e-04 1.27e-03h  1
 171  3.0843527e+01 1.84e-01 4.46e+08  -1.0 8.80e-01   7.6 1.03e-03 5.52e-05h  1
 172  3.0847119e+01 1.84e-01 5.58e+08  -1.0 8.77e-01   8.0 4.10e-03 1.34e-04h  1
 173  3.0872027e+01 1.84e-01 5.65e+08  -1.0 8.81e-01   7.5 1.79e-03 9.17e-04h  1
 174  3.0874102e+01 1.84e-01 7.52e+08  -1.0 8.75e-01   8.0 7.74e-03 7.74e-05h  1
 175  3.0897998e+01 1.83e-01 7.60e+08  -1.0 8.80e-01   7.5 2.19e-03 8.79e-04h  1
 176  3.0902240e+01 1.83e-01 1.00e+09  -1.0 8.74e-01   7.9 1.15e-02 1.58e-04h  1
 177  3.1017815e+01 1.83e-01 9.74e+08  -1.0 8.79e-01   7.4 1.33e-04 4.23e-03h  1
 178  3.1021011e+01 1.83e-01 9.72e+08  -1.0 8.66e-01   7.9 3.80e-05 1.20e-04h  1
 179  3.1021641e+01 1.83e-01 1.16e+09  -1.0 8.64e-01   8.3 3.79e-03 2.38e-05h  1
iter    objective    inf_pr   inf_du lg(mu)  ||d||  lg(rg) alpha_du alpha_pr  ls
 180  3.1039114e+01 1.82e-01 1.15e+09  -1.0 8.66e-01   7.8 1.63e-04 6.55e-04h  1
 181  3.1039876e+01 1.82e-01 1.40e+09  -1.0 8.63e-01   8.2 5.77e-03 2.88e-05h  1
 182  3.1100778e+01 1.82e-01 1.38e+09  -1.0 8.66e-01   7.8 8.39e-04 2.28e-03h  1
 183  3.1101410e+01 1.82e-01 1.67e+09  -1.0 8.59e-01   8.2 1.10e-02 2.40e-05h  1
 184  3.1136349e+01 1.82e-01 1.70e+09  -1.0 1.06e+00   7.7 2.26e-03 1.32e-03h  1
 185  3.1163524e+01 1.82e-01 1.82e+09  -1.0 9.34e-01   8.1 2.61e-03 1.04e-03h  1
 186  3.1241679e+01 1.81e-01 1.75e+09  -1.0 9.97e-01   7.7 8.20e-05 2.94e-03h  1
 187  3.1247831e+01 1.81e-01 1.74e+09  -1.0 8.50e-01   8.1 3.84e-07 2.36e-04h  1
 188r 3.1247831e+01 1.81e-01 9.99e+02  -0.7 0.00e+00   7.6 0.00e+00 3.19e-07R  5
 189r 3.3486319e+01 3.28e-01 9.98e+02  -0.7 3.82e+01    -  4.70e-03 3.87e-03f  1
iter    objective    inf_pr   inf_du lg(mu)  ||d||  lg(rg) alpha_du alpha_pr  ls
 190r 3.7779654e+01 6.30e-01 1.02e+03  -0.7 4.41e+01    -  1.44e-02 6.39e-03f  1
 191r 3.7905068e+01 7.11e-01 1.02e+03  -0.7 1.09e+04  -2.0 4.92e-05 3.57e-05f  1
 192r 3.9025595e+01 7.24e-01 9.92e+02  -0.7 5.27e+00   1.1 2.22e-02 1.04e-02f  1
 193r 3.9094436e+01 7.23e-01 6.16e+04  -0.7 1.05e+01   1.6 1.62e-03 1.45e-03f  1
 194r 4.1854636e+01 8.85e-01 6.00e+04  -0.7 3.61e+00   1.1 4.44e-02 2.58e-02f  1
 195r 4.2379530e+01 8.73e-01 5.92e+04  -0.7 1.84e+00   1.5 9.67e-02 1.33e-02f  1
 196r 4.2697381e+01 7.64e-01 5.04e+04  -0.7 1.15e-01   2.8 1.25e-01 1.25e-01f  1
 197r 4.2667496e+01 7.40e-01 4.89e+04  -0.7 3.41e-02   4.2 1.33e-01 3.29e-02f  1
 198r 4.2617564e+01 6.80e-01 4.65e+04  -0.7 3.47e-02   3.7 5.53e-02 8.38e-02f  1
 199r 4.2547165e+01 6.24e-01 4.25e+04  -0.7 2.58e-02   4.1 7.91e-02 8.53e-02f  1
iter    objective    inf_pr   inf_du lg(mu)  ||d||  lg(rg) alpha_du alpha_pr  ls
 200r 4.2469083e+01 5.66e-01 3.83e+04  -0.7 2.11e-02   4.5 6.70e-02 9.53e-02f  1
 201r 4.2412312e+01 5.22e-01 3.49e+04  -0.7 1.73e-02   5.0 1.08e-01 7.92e-02f  1
 202r 4.2320422e+01 4.51e-01 2.96e+04  -0.7 1.84e-02   4.5 1.11e-01 1.38e-01f  1
 203r 4.2255035e+01 4.19e-01 2.55e+04  -0.7 1.23e-02   4.9 1.41e-01 1.15e-01f  1
 204r 4.2149767e+01 4.17e-01 1.98e+04  -0.7 1.83e-02   4.4 4.38e-01 2.03e-01f  1
 205r 4.2093690e+01 4.16e-01 1.68e+04  -0.7 7.81e-03   4.9 3.45e-01 1.35e-01f  1
 206r 4.1980734e+01 4.16e-01 5.70e+03  -0.7 6.40e-03   5.3 3.23e-01 3.31e-01f  1
 207r 4.1832127e+01 4.16e-01 1.27e+05  -0.7 5.30e-03   5.7 2.03e-01 6.80e-01f  1
 208r 4.1789665e+01 4.15e-01 7.81e+04  -0.7 4.08e-03   5.2 7.17e-01 4.15e-01f  1
 209r 4.1734368e+01 4.14e-01 2.17e+04  -0.7 2.22e-03   5.7 6.96e-01 1.00e+00f  1
iter    objective    inf_pr   inf_du lg(mu)  ||d||  lg(rg) alpha_du alpha_pr  ls
 210r 4.1718104e+01 4.12e-01 6.35e+03  -0.7 3.28e-03   5.2 1.00e+00 7.42e-01f  1
 211r 4.1711501e+01 4.11e-01 1.38e+03  -0.7 1.25e-03   5.6 1.00e+00 1.00e+00f  1
 212r 4.1702167e+01 4.08e-01 1.37e+03  -0.7 3.56e-03   5.1 1.00e+00 8.25e-01f  1
 213r 4.1698793e+01 4.07e-01 4.91e+02  -0.7 1.34e-03   5.6 1.00e+00 1.00e+00f  1
 214r 4.1694583e+01 4.05e-01 6.89e+02  -0.7 3.89e-03   5.1 1.00e+00 7.53e-01f  1
 215r 4.1693696e+01 4.01e-01 2.46e+04  -0.7 1.12e-02   4.6 4.23e-01 3.78e-01f  1
 216r 4.1692756e+01 3.99e-01 9.38e+03  -0.7 4.25e-03   5.0 1.00e+00 6.12e-01f  1
 217r 4.1694736e+01 3.94e-01 6.07e+03  -0.7 1.22e-02   4.6 1.00e+00 3.67e-01f  1
 218r 4.1705443e+01 3.86e-01 9.10e+03  -0.7 3.54e-02   4.1 2.04e-01 2.37e-01f  1
 219r 4.1708857e+01 3.83e-01 6.75e+03  -0.7 1.34e-02   4.5 1.00e+00 2.59e-01f  1
iter    objective    inf_pr   inf_du lg(mu)  ||d||  lg(rg) alpha_du alpha_pr  ls
 220r 4.1723519e+01 3.74e-01 5.20e+03  -0.7 4.10e-02   4.0 1.00e+00 2.34e-01f  1
 221r 4.1731969e+01 3.68e-01 3.09e+03  -0.7 1.56e-02   4.5 1.00e+00 4.08e-01f  1
 222r 4.1751605e+01 3.58e-01 2.37e+03  -0.7 4.66e-02   4.0 1.00e+00 2.44e-01f  1
 223r 4.1763538e+01 3.51e-01 1.39e+03  -0.7 1.76e-02   4.4 1.00e+00 4.24e-01f  1
 224r 4.1788147e+01 3.39e-01 1.08e+03  -0.7 5.24e-02   3.9 1.00e+00 2.51e-01f  1
 225r 4.1800549e+01 3.32e-01 7.14e+02  -0.7 1.97e-02   4.4 1.00e+00 3.47e-01f  1
 226r 4.1834807e+01 3.17e-01 5.41e+02  -0.7 5.86e-02   3.9 1.00e+00 2.90e-01f  1
 227r 4.1848381e+01 3.10e-01 4.41e+02  -0.7 2.20e-02   4.3 1.00e+00 3.11e-01f  1
 228r 4.1878484e+01 2.97e-01 4.34e+02  -0.7 6.46e-02   3.8 1.00e+00 2.19e-01f  1
 229r 4.1897016e+01 2.88e-01 4.26e+02  -0.7 2.39e-02   4.3 1.00e+00 3.65e-01f  1
iter    objective    inf_pr   inf_du lg(mu)  ||d||  lg(rg) alpha_du alpha_pr  ls
 230r 4.1936258e+01 2.71e-01 4.57e+02  -0.7 7.13e-02   3.8 1.00e+00 2.52e-01f  1
 231r 4.1970766e+01 2.56e-01 7.84e+02  -0.7 2.71e-02   4.2 1.00e+00 5.95e-01f  1
 232r 4.1992617e+01 2.46e-01 6.04e+02  -0.7 1.01e-02   4.6 1.00e+00 1.00e+00f  1
 233r 4.2001035e+01 2.42e-01 4.31e+02  -0.7 3.81e-03   5.1 1.00e+00 1.00e+00f  1
 234r 4.2021149e+01 2.34e-01 4.73e+03  -0.7 1.14e-02   4.6 1.00e+00 7.71e-01f  1
 235r 4.2066769e+01 2.14e-01 1.42e+03  -0.7 3.42e-02   4.1 1.00e+00 6.10e-01f  1
 236r 4.2095052e+01 2.02e-01 9.71e+02  -0.7 1.28e-02   4.5 1.00e+00 1.00e+00f  1
 237r 4.2106060e+01 1.97e-01 4.32e+02  -0.7 4.80e-03   5.0 1.00e+00 1.00e+00f  1
 238r 4.2110306e+01 1.96e-01 6.34e+02  -0.7 1.80e-03   5.4 1.00e+00 1.00e+00f  1
 239r 4.2123239e+01 1.90e-01 9.49e+02  -0.7 5.39e-03   4.9 1.00e+00 1.00e+00f  1
iter    objective    inf_pr   inf_du lg(mu)  ||d||  lg(rg) alpha_du alpha_pr  ls
 240r 4.2159864e+01 1.75e-01 7.34e+03  -0.7 1.61e-02   4.4 1.00e+00 1.00e+00f  1
 241r 4.2185438e+01 1.64e-01 5.51e+03  -0.7 4.71e-02   3.9 1.00e+00 2.41e-01f  1
 242r 4.2222959e+01 1.46e-01 4.76e+03  -0.7 1.43e-01   3.5 1.00e+00 1.27e-01f  1
 243  4.1848587e+01 1.23e-01 6.94e+02  -1.0 1.38e+00    -  8.52e-02 1.54e-01f  1
 244  4.2119735e+01 1.16e-01 1.18e+07  -1.0 3.84e-01   7.1 2.36e-01 5.42e-02h  1
 245  4.2123052e+01 1.16e-01 1.18e+07  -1.0 3.58e-01   6.7 6.72e-02 6.70e-04h  1
 246r 4.2123052e+01 1.16e-01 1.00e+03  -0.7 0.00e+00   7.1 0.00e+00 2.62e-07R  6
 247r 4.2292618e+01 8.87e-02 9.99e+02  -0.7 1.33e+02    -  1.20e-03 1.39e-03f  1
 248  4.2294048e+01 8.81e-02 8.38e+01  -1.0 9.83e-01    -  2.45e-02 7.01e-03f  1
 249  4.2309294e+01 8.34e-02 6.60e+02  -1.0 8.47e-01    -  2.51e-02 5.36e-02f  1
iter    objective    inf_pr   inf_du lg(mu)  ||d||  lg(rg) alpha_du alpha_pr  ls
 250  4.2364264e+01 8.23e-02 1.03e+05  -1.0 3.05e-01   6.6 9.34e-02 1.30e-02h  1
 251  4.2418040e+01 8.12e-02 5.56e+05  -1.0 3.01e-01   6.1 8.30e-01 1.28e-02h  1
 252  4.2418694e+01 8.12e-02 5.29e+05  -1.0 2.95e-01   5.7 8.41e-02 1.53e-04h  1
 253  4.2429216e+01 8.10e-02 8.69e+06  -1.0 2.97e-01   6.1 1.38e-01 2.41e-03h  1
 254  4.2540179e+01 7.90e-02 9.50e+06  -1.0 2.94e-01   5.6 1.21e-01 2.47e-02h  1
 255  4.2542275e+01 7.90e-02 1.73e+07  -1.0 2.89e-01   6.0 1.50e-01 4.77e-04h  1
 256  4.2687092e+01 7.66e-02 1.72e+07  -1.0 3.18e-01   5.6 2.02e-01 3.09e-02h  1
 257  4.2816295e+01 7.43e-02 1.93e+07  -1.0 2.84e-01   6.0 1.03e-01 2.89e-02h  1
 258  4.2895823e+01 7.30e-02 2.68e+07  -1.0 2.72e-01   6.4 9.64e-02 1.85e-02h  1
 259  4.2939001e+01 7.22e-02 5.04e+07  -1.0 2.68e-01   6.8 1.29e-01 1.03e-02h  1
iter    objective    inf_pr   inf_du lg(mu)  ||d||  lg(rg) alpha_du alpha_pr  ls
 260  4.2994319e+01 7.13e-02 5.67e+07  -1.0 2.85e-01   6.4 3.83e-02 1.29e-02h  1
 261  4.3018887e+01 7.09e-02 8.69e+07  -1.0 3.24e-01   6.8 4.42e-05 5.86e-03h  1
 262  4.3070469e+01 7.00e-02 8.62e+07  -1.0 3.09e-01   6.3 1.65e-04 1.22e-02h  1
 263  4.3075291e+01 6.99e-02 8.61e+07  -1.0 2.57e-01   6.7 8.69e-02 1.18e-03h  1
 264  4.3120833e+01 6.92e-02 8.52e+07  -1.0 3.83e-01   6.3 8.39e-02 1.08e-02h  1
 265  4.3184001e+01 6.81e-02 8.39e+07  -1.0 2.54e-01   6.7 8.24e-02 1.53e-02h  1
 266  4.3252605e+01 6.70e-02 1.09e+08  -1.0 2.51e-01   7.1 7.13e-02 1.70e-02h  1
 267  4.3294227e+01 6.63e-02 1.05e+08  -1.0 3.53e-01   6.6 2.28e-03 1.02e-02h  1
 268  4.3300946e+01 6.62e-02 1.04e+08  -1.0 2.44e-01   7.1 1.40e-05 1.70e-03h  1
 269  4.3302507e+01 6.61e-02 1.05e+08  -1.0 2.44e-01   7.5 1.29e-03 3.98e-04h  1
iter    objective    inf_pr   inf_du lg(mu)  ||d||  lg(rg) alpha_du alpha_pr  ls
 270  4.3322665e+01 6.58e-02 1.11e+08  -1.0 2.66e-01   7.0 2.94e-02 5.09e-03h  1
 271  4.3329180e+01 6.57e-02 1.16e+08  -1.0 2.42e-01   7.4 6.34e-03 1.66e-03h  1
 272  4.3373588e+01 6.49e-02 1.25e+08  -1.0 2.41e-01   6.9 6.06e-02 1.12e-02h  1
 273  4.3385469e+01 6.48e-02 1.42e+08  -1.0 2.39e-01   7.4 2.41e-02 3.06e-03h  1
 274  4.3418681e+01 6.42e-02 1.47e+08  -1.0 3.08e-01   6.9 5.77e-02 8.43e-03h  1
 275  4.3455245e+01 6.36e-02 1.77e+08  -1.0 2.37e-01   7.3 5.77e-02 9.45e-03h  1
 276  4.3463436e+01 6.35e-02 1.76e+08  -1.0 1.66e+00   6.8 1.65e-02 2.13e-03h  1
 277  4.3506870e+01 6.27e-02 1.97e+08  -1.0 2.38e-01   7.3 5.77e-02 1.12e-02h  1
 278  4.3536530e+01 6.23e-02 2.79e+08  -1.0 2.41e-01   7.7 5.82e-02 7.78e-03h  1
 279  4.3609572e+01 6.11e-02 2.79e+08  -1.0 2.45e-01   7.2 4.43e-02 1.89e-02h  1
iter    objective    inf_pr   inf_du lg(mu)  ||d||  lg(rg) alpha_du alpha_pr  ls
 280  4.3612566e+01 6.10e-02 5.75e+08  -1.0 2.41e-01   8.6 2.44e-02 8.05e-04h  1
 281  4.3694055e+01 5.97e-02 5.22e+08  -1.0 2.41e-01   8.1 1.02e-02 2.17e-02h  1
 282  4.3701055e+01 5.96e-02 7.10e+08  -1.0 2.36e-01   8.5 2.08e-02 1.91e-03h  1
 283  4.3712743e+01 5.94e-02 7.58e+08  -1.0 2.35e-01   8.0 2.31e-02 3.17e-03h  1
 284  4.3746558e+01 5.89e-02 9.00e+08  -1.0 2.34e-01   8.4 2.69e-02 9.23e-03h  1
 285  4.3751657e+01 5.88e-02 8.96e+08  -1.0 7.84e-01   8.0 3.81e-05 1.41e-03h  1
 286  4.3753844e+01 5.87e-02 9.14e+08  -1.0 2.32e-01   8.4 3.33e-03 6.03e-04h  1
 287  4.3756998e+01 5.87e-02 1.83e+09  -1.0 2.32e-01   8.8 4.53e-02 8.72e-04h  1
 288  4.3782742e+01 5.83e-02 1.79e+09  -1.0 2.31e-01   8.3 2.01e-03 7.08e-03h  1
 289  4.3784124e+01 5.83e-02 2.56e+09  -1.0 2.30e-01   8.8 4.65e-02 3.84e-04h  1
iter    objective    inf_pr   inf_du lg(mu)  ||d||  lg(rg) alpha_du alpha_pr  ls
 290  4.3795564e+01 5.81e-02 2.55e+09  -1.0 2.29e-01   8.3 3.31e-03 3.16e-03h  1
 291  4.3798431e+01 5.80e-02 2.54e+09  -1.0 2.29e-01   8.7 4.09e-06 7.98e-04h  1
 292  4.3814925e+01 5.78e-02 2.52e+09  -1.0 3.72e-01   8.2 9.19e-04 4.57e-03h  1
 293  4.3816034e+01 5.77e-02 2.85e+09  -1.0 2.27e-01   8.7 2.89e-02 3.10e-04h  1
 294  4.3838707e+01 5.74e-02 2.83e+09  -1.0 3.73e-01   8.2 6.96e-03 6.29e-03h  1
 295  4.3840044e+01 5.74e-02 3.26e+09  -1.0 2.26e-01   8.6 4.64e-02 3.75e-04h  1
 296  4.3864822e+01 5.70e-02 3.24e+09  -1.0 3.87e-01   8.1 1.66e-02 6.88e-03h  1
 297  4.3867164e+01 5.69e-02 3.37e+09  -1.0 2.24e-01   8.6 1.94e-02 6.59e-04h  1
 298  4.3882926e+01 5.67e-02 3.36e+09  -1.0 6.33e-01   8.1 8.00e-05 4.41e-03h  1
 299  4.3883858e+01 5.67e-02 3.35e+09  -1.0 2.23e-01   8.5 7.61e-05 2.63e-04h  1
iter    objective    inf_pr   inf_du lg(mu)  ||d||  lg(rg) alpha_du alpha_pr  ls
 300  4.3883984e+01 5.67e-02 4.09e+09  -1.0 2.23e-01   8.9 3.32e-02 3.56e-05h  1
 301  4.3975810e+01 5.52e-02 3.89e+09  -1.0 2.22e-01   8.5 3.61e-04 2.57e-02h  1
 302  4.3976874e+01 5.52e-02 4.45e+09  -1.0 2.17e-01   8.9 3.36e-02 3.08e-04h  1
 303  4.3990914e+01 5.50e-02 4.48e+09  -1.0 2.25e-01   8.4 3.32e-02 4.02e-03h  1
 304  4.4018531e+01 5.45e-02 4.43e+09  -1.0 2.11e-01   8.8 7.39e-03 7.98e-03h  1
 305  4.4031458e+01 5.43e-02 4.97e+09  -1.0 2.07e-01   9.3 1.62e-02 3.77e-03h  1
 306  4.4039143e+01 5.42e-02 5.21e+09  -1.0 2.40e-01   8.8 2.78e-02 2.24e-03h  1
 307  4.4045291e+01 5.41e-02 5.77e+09  -1.0 2.05e-01   9.2 1.70e-02 1.80e-03h  1
 308  4.4066370e+01 5.38e-02 5.74e+09  -1.0 2.96e-01   8.7 6.47e-03 6.15e-03h  1
 309  4.4067792e+01 5.37e-02 5.79e+09  -1.0 2.04e-01   9.2 2.38e-03 4.19e-04h  1
iter    objective    inf_pr   inf_du lg(mu)  ||d||  lg(rg) alpha_du alpha_pr  ls
 310  4.4075422e+01 5.36e-02 5.77e+09  -1.0 4.64e-01   8.7 6.32e-04 2.24e-03h  1
 311  4.4080778e+01 5.35e-02 5.85e+09  -1.0 2.03e-01   9.1 4.99e-03 1.58e-03h  1
 312  4.4110811e+01 5.31e-02 6.13e+09  -1.0 2.03e-01   9.5 1.29e-02 8.88e-03h  1
MUMPS returned INFO(1) = -9 and requires more memory, reallocating.  Attempt 1
  Increasing icntl[13] from 1000 to 2000.
 313  4.4111218e+01 5.31e-02 6.46e+09  -1.0 2.15e-01   9.1 1.66e-02 1.21e-04h  1
 314  4.4125161e+01 5.28e-02 8.39e+09  -1.0 2.01e-01   9.5 3.25e-02 4.15e-03h  1
 315  4.4138342e+01 5.26e-02 8.59e+09  -1.0 5.09e-01   9.0 2.14e-02 3.93e-03h  1
 316  4.4139616e+01 5.26e-02 1.04e+10  -1.0 1.99e-01   9.4 3.30e-02 3.81e-04h  1
 317  4.4156564e+01 5.23e-02 1.06e+10  -1.0 4.86e-01   9.0 3.45e-02 5.04e-03h  1
 318  4.4158517e+01 5.23e-02 1.20e+10  -1.0 1.98e-01   9.4 3.18e-02 5.86e-04h  1
 319  4.4178870e+01 5.20e-02 1.21e+10  -1.0 4.60e-01   8.9 3.68e-02 6.06e-03h  1
iter    objective    inf_pr   inf_du lg(mu)  ||d||  lg(rg) alpha_du alpha_pr  ls
 320  4.4180901e+01 5.20e-02 1.34e+10  -1.0 1.97e-01   9.3 3.87e-02 6.12e-04h  1
 321  4.4197576e+01 5.17e-02 1.34e+10  -1.0 5.96e-01   8.9 3.74e-02 4.98e-03h  1
 322  4.4200142e+01 5.17e-02 1.45e+10  -1.0 1.95e-01   9.3 3.80e-02 7.75e-04h  1
 323  4.4212599e+01 5.15e-02 1.44e+10  -1.0 8.70e-01   8.8 2.04e-02 3.74e-03h  1
 324  4.4214988e+01 5.14e-02 1.49e+10  -1.0 1.95e-01   9.2 2.39e-02 7.23e-04h  1
 325  4.4226495e+01 5.13e-02 1.48e+10  -1.0 1.09e+00   8.8 1.33e-02 3.47e-03h  1
 326  4.4227916e+01 5.12e-02 1.53e+10  -1.0 1.94e-01   9.2 2.52e-02 4.31e-04h  1
 327  4.4243305e+01 5.10e-02 1.53e+10  -1.0 9.53e-01   8.7 9.40e-03 4.62e-03h  1
 328  4.4244095e+01 5.10e-02 1.53e+10  -1.0 2.96e-01   9.1 1.03e-04 2.41e-04h  1
 329  4.4244205e+01 5.10e-02 1.53e+10  -1.0 1.93e-01   9.6 1.74e-04 3.35e-05h  1
iter    objective    inf_pr   inf_du lg(mu)  ||d||  lg(rg) alpha_du alpha_pr  ls
 330  4.4245919e+01 5.10e-02 1.52e+10  -1.0 1.92e-01   9.1 1.98e-04 5.18e-04h  1
 331  4.4273221e+01 5.05e-02 1.83e+10  -1.0 1.93e-01   9.5 6.49e-02 8.32e-03h  1
 332  4.4325135e+01 4.97e-02 1.80e+10  -1.0 1.90e-01   9.0 8.38e-03 1.57e-02h  1
 333  4.4327572e+01 4.97e-02 1.81e+10  -1.0 1.88e-01   9.5 2.95e-03 7.59e-04h  1
 334  4.4328467e+01 4.97e-02 1.82e+10  -1.0 1.88e-01   9.9 1.09e-03 2.80e-04h  1
 335  4.4343851e+01 4.95e-02 1.80e+10  -1.0 2.21e-01   9.4 1.11e-03 4.79e-03h  1
 336  4.4377440e+01 4.89e-02 2.00e+10  -1.0 1.87e-01   9.8 2.81e-02 1.05e-02h  1
 337  4.4377529e+01 4.89e-02 2.02e+10  -1.0 2.37e+00   9.4 7.49e-03 2.81e-05h  1
 338  4.4388579e+01 4.88e-02 2.24e+10  -1.0 1.85e-01   9.8 2.58e-02 3.49e-03h  1
 339  4.4402784e+01 4.85e-02 2.22e+10  -1.0 5.89e-01   9.3 2.61e-03 4.49e-03h  1
iter    objective    inf_pr   inf_du lg(mu)  ||d||  lg(rg) alpha_du alpha_pr  ls
 340  4.4403373e+01 4.85e-02 2.35e+10  -1.0 2.49e-01   9.7 1.54e-02 1.88e-04h  1
 341  4.4404343e+01 4.85e-02 2.59e+10  -1.0 1.84e-01  10.2 9.20e-03 3.10e-04h  1
 342  4.4472087e+01 4.75e-02 2.46e+10  -1.0 1.83e-01   9.7 1.04e-02 2.14e-02h  1
 343  4.4498260e+01 4.71e-02 2.33e+10  -1.0 1.80e-01  10.1 3.60e-03 8.50e-03h  1
MUMPS returned INFO(1) = -9 and requires more memory, reallocating.  Attempt 1
  Increasing icntl[13] from 2000 to 4000.
 344  4.4498626e+01 4.71e-02 2.43e+10  -1.0 1.78e-01  10.5 1.76e-03 1.20e-04h  1
 345  4.4498746e+01 4.71e-02 2.49e+10  -1.0 1.78e-01  10.0 3.17e-03 3.91e-05h  1
 346  4.4507269e+01 4.69e-02 2.57e+10  -1.0 8.23e-01   9.6 2.73e-02 2.79e-03h  1
 347  4.4507802e+01 4.69e-02 2.63e+10  -1.0 2.24e-01  10.0 3.87e-03 1.75e-04h  1
 348  4.4508648e+01 4.69e-02 2.70e+10  -1.0 7.45e-01   9.5 3.04e-02 2.76e-04h  1
 349  4.4569904e+01 4.60e-02 2.40e+10  -1.0 1.77e-01   9.9 1.84e-03 1.99e-02h  1
iter    objective    inf_pr   inf_du lg(mu)  ||d||  lg(rg) alpha_du alpha_pr  ls
 350  4.4571866e+01 4.59e-02 3.43e+10  -1.0 1.74e-01  10.4 2.62e-02 6.56e-04h  1
 351  4.4572020e+01 4.59e-02 3.67e+10  -1.0 4.63e-01   9.9 2.52e-02 5.16e-05h  1
 352  4.4590108e+01 4.57e-02 4.32e+10  -1.0 1.74e-01  10.3 2.55e-02 6.04e-03h  1
 353  4.4608796e+01 4.54e-02 4.36e+10  -1.0 3.42e-01   9.8 1.73e-02 6.23e-03h  1
 354  4.4609479e+01 4.54e-02 4.36e+10  -1.0 1.72e-01  10.3 2.37e-04 2.31e-04h  1
 355  4.4609778e+01 4.54e-02 4.36e+10  -1.0 5.21e-01   9.8 3.27e-04 1.00e-04h  1
 356  4.4610439e+01 4.54e-02 4.37e+10  -1.0 1.72e-01  10.2 8.34e-04 2.23e-04h  1
 357  4.4611842e+01 4.53e-02 7.21e+10  -1.0 1.72e-01  10.6 3.83e-02 4.74e-04h  1
 358  4.4627954e+01 4.51e-02 7.09e+10  -1.0 1.71e-01  10.2 1.05e-03 5.41e-03h  1
 359  4.4629064e+01 4.51e-02 9.67e+10  -1.0 1.71e-01  10.6 4.18e-02 3.77e-04h  1
iter    objective    inf_pr   inf_du lg(mu)  ||d||  lg(rg) alpha_du alpha_pr  ls
 360  4.4661302e+01 4.46e-02 9.55e+10  -1.0 1.71e-01  10.1 9.16e-03 1.09e-02h  1
 361  4.4661933e+01 4.46e-02 1.15e+11  -1.0 1.69e-01  10.5 3.93e-02 2.16e-04h  1
 362  4.4669581e+01 4.45e-02 1.17e+11  -1.0 1.91e-01  10.1 3.18e-02 2.60e-03h  1
 363  4.4703845e+01 4.39e-02 1.26e+11  -1.0 1.68e-01  10.5 3.76e-02 1.17e-02h  1
 364  4.4704801e+01 4.39e-02 1.61e+11  -1.0 1.66e-01  10.9 2.82e-02 3.32e-04h  1
 365  4.4718968e+01 4.37e-02 1.67e+11  -1.0 1.73e-01  10.4 2.72e-02 4.90e-03h  1
 366  4.4719986e+01 4.37e-02 1.93e+11  -1.0 1.66e-01  10.9 2.53e-02 3.55e-04h  1
 367  4.4729871e+01 4.35e-02 2.87e+11  -1.0 1.66e-01  11.3 3.36e-02 3.45e-03h  1
 368  4.4779534e+01 4.28e-02 2.76e+11  -1.0 1.65e-01  10.8 8.71e-03 1.73e-02h  1
 369  4.4780326e+01 4.28e-02 3.34e+11  -1.0 1.62e-01  11.2 2.33e-02 2.82e-04h  1
iter    objective    inf_pr   inf_du lg(mu)  ||d||  lg(rg) alpha_du alpha_pr  ls
 370  4.4784972e+01 4.27e-02 3.47e+11  -1.0 1.62e-01  10.8 2.79e-02 1.64e-03h  1
 371  4.4811274e+01 4.23e-02 3.72e+11  -1.0 1.62e-01  11.2 2.26e-02 9.33e-03h  1
 372  4.4816998e+01 4.22e-02 3.80e+11  -1.0 4.01e-01  10.7 2.74e-02 2.05e-03h  1
 373  4.4819899e+01 4.22e-02 4.22e+11  -1.0 1.60e-01  11.1 2.55e-02 1.04e-03h  1
 374  4.4831723e+01 4.20e-02 4.25e+11  -1.0 3.43e-01  10.7 3.13e-02 4.22e-03h  1
 375  4.4839142e+01 4.19e-02 4.92e+11  -1.0 1.59e-01  11.1 5.09e-02 2.67e-03h  1
 376  4.4845858e+01 4.18e-02 4.92e+11  -1.0 4.36e-01  10.6 4.70e-02 2.40e-03h  1
 377  4.4877743e+01 4.13e-02 4.74e+11  -1.0 1.59e-01  11.0 2.15e-04 1.14e-02h  1
 378  4.4878378e+01 4.13e-02 4.74e+11  -1.0 1.57e-01  11.5 2.99e-04 2.32e-04h  1
 379  4.4878617e+01 4.13e-02 4.75e+11  -1.0 1.67e-01  11.0 1.87e-03 8.65e-05h  1
iter    objective    inf_pr   inf_du lg(mu)  ||d||  lg(rg) alpha_du alpha_pr  ls
 380  4.4880515e+01 4.13e-02 5.50e+11  -1.0 1.57e-01  11.4 2.27e-02 6.90e-04h  1
 381  4.4890678e+01 4.11e-02 5.46e+11  -1.0 1.59e-01  10.9 1.12e-03 3.67e-03h  1
 382  4.4891400e+01 4.11e-02 6.00e+11  -1.0 1.56e-01  11.4 1.95e-02 2.64e-04h  1
 383  4.4914588e+01 4.08e-02 1.03e+12  -1.0 1.87e-01  10.9 6.96e-03 8.41e-03h  1
 384  4.4927933e+01 4.06e-02 1.02e+12  -1.0 1.55e-01  11.3 3.04e-03 4.90e-03h  1
 385  4.4928151e+01 4.06e-02 1.02e+12  -1.0 1.54e-01  11.7 4.58e-03 8.06e-05h  1
 386  4.4928892e+01 4.05e-02 1.02e+12  -1.0 1.54e-01  11.3 5.40e-05 2.73e-04h  1
 387  4.4930361e+01 4.05e-02 1.02e+12  -1.0 8.60e-01  10.8 1.77e-04 5.42e-04h  1
 388  4.4932022e+01 4.05e-02 1.02e+12  -1.0 1.54e-01  11.2 7.43e-04 6.12e-04h  1
 389  4.4947184e+01 4.03e-02 1.01e+12  -1.0 1.54e-01  11.6 8.99e-03 5.61e-03h  1
iter    objective    inf_pr   inf_du lg(mu)  ||d||  lg(rg) alpha_du alpha_pr  ls
 390  4.4953599e+01 4.02e-02 1.01e+12  -1.0 1.79e-01  11.2 1.30e-05 2.37e-03h  1
 391  4.4983760e+01 3.97e-02 1.00e+12  -1.0 1.53e-01  11.6 2.28e-03 1.12e-02h  1
 392  4.4984964e+01 3.97e-02 1.00e+12  -1.0 1.51e-01  12.0 1.37e-02 4.54e-04h  1
 393r 4.4984964e+01 3.97e-02 1.00e+03  -1.0 0.00e+00  11.5 0.00e+00 3.06e-07R  6
 394r 4.5362886e+01 3.86e-02 1.29e+03  -1.0 9.42e+01    -  1.36e-02 4.01e-03f  1
 395r 4.5721088e+01 4.55e-02 1.63e+03  -1.0 1.60e+01    -  3.34e-02 8.43e-03f  1
 396r 4.6069474e+01 4.33e-02 1.46e+03  -1.0 9.22e+00    -  8.03e-02 2.81e-02f  1
 397r 4.6268124e+01 4.05e-02 1.31e+03  -1.0 5.02e+00  -2.0 9.06e-02 5.64e-02f  1
 398r 4.6372040e+01 3.44e-02 3.00e+03  -1.0 2.53e+00  -0.7 8.20e-02 1.23e-01f  1
 399r 4.6395177e+01 3.31e-02 3.63e+03  -1.0 1.61e+00   0.7 5.70e-02 3.97e-02f  1
iter    objective    inf_pr   inf_du lg(mu)  ||d||  lg(rg) alpha_du alpha_pr  ls
 400r 4.6628095e+01 2.10e-02 3.78e+03  -1.0 4.27e-02   2.0 4.66e-01 3.62e-01f  1
 401r 4.6640228e+01 1.60e-02 2.61e+03  -1.0 1.90e-02   3.3 6.57e-01 2.39e-01f  1
 402r 4.6713245e+01 3.12e-03 2.95e+04  -1.0 2.26e-02   2.8 2.66e-01 8.05e-01f  1
 403  4.6612153e+01 6.25e-03 2.45e+03  -1.0 1.00e+00    -  4.95e-03 4.87e-02f  1
 404  4.6612229e+01 6.19e-03 1.04e+08  -1.0 4.01e-02  11.1 1.00e+00 9.53e-03h  1
 405  4.6612230e+01 6.19e-03 1.04e+08  -1.0 3.92e-02  10.6 2.87e-02 1.01e-04h  1
 406  4.6612265e+01 6.17e-03 2.09e+08  -1.0 3.82e-02  10.1 4.22e-02 3.88e-03h  1
 407  4.6612528e+01 6.01e-03 2.91e+08  -1.0 3.55e-02   9.6 1.09e-01 2.51e-02h  1
 408  4.6612732e+01 5.87e-03 4.03e+08  -1.0 3.66e-02  10.0 1.04e-01 2.35e-02h  1
 409  4.6613432e+01 5.37e-03 5.20e+08  -1.0 3.37e-02   9.6 5.66e-01 8.53e-02h  1
iter    objective    inf_pr   inf_du lg(mu)  ||d||  lg(rg) alpha_du alpha_pr  ls
 410  4.6613437e+01 5.37e-03 7.43e+08  -1.0 3.11e-02  10.0 2.04e-01 1.07e-03h  1
 411  4.6613306e+01 5.16e-03 7.02e+08  -1.0 5.21e-02   9.5 1.00e+00 3.93e-02h  1
 412  4.6613306e+01 5.15e-03 8.96e+08  -1.0 2.96e-02   9.9 2.59e-01 7.12e-04h  1
 413  4.6613319e+01 5.13e-03 4.41e+09  -1.0 3.06e-02  10.4 1.00e+00 3.80e-03h  1
 414  4.6613478e+01 4.93e-03 3.54e+09  -1.0 3.25e-02   9.9 2.69e-01 3.94e-02h  1
 415  4.6613562e+01 4.87e-03 3.53e+09  -1.0 2.89e-02  10.3 7.80e-01 1.28e-02h  1
 416  4.6613755e+01 4.73e-03 2.50e+09  -1.0 3.46e-02   9.8 4.01e-01 2.75e-02h  1
 417  4.6614249e+01 4.55e-03 2.74e+09  -1.0 2.76e-02  10.3 7.77e-01 3.90e-02h  1
 418  4.6614751e+01 4.47e-03 2.06e+09  -1.0 1.19e-01   9.8 3.25e-01 1.78e-02h  1
 419  4.6615202e+01 4.42e-03 2.36e+09  -1.0 2.64e-02  10.2 8.19e-01 1.19e-02h  1
iter    objective    inf_pr   inf_du lg(mu)  ||d||  lg(rg) alpha_du alpha_pr  ls
 420  4.6615910e+01 4.35e-03 1.79e+09  -1.0 1.49e-01   9.7 3.63e-01 1.50e-02h  1
 421  4.6617345e+01 4.22e-03 2.45e+09  -1.0 2.73e-02  10.2 2.34e-01 2.88e-02h  1
 422  4.6619566e+01 4.02e-03 2.63e+09  -1.0 2.49e-02  10.6 4.20e-02 4.87e-02h  1
