[INFO] [launch]: All log files can be found below /root/.ros/log/2026-09-08-19-35-48-009264-ExternalDrive-32186
[INFO] [launch]: Default logging verbosity is set to INFO
[INFO] [launch.user]: controller=pure_pursuit custom_amcl=True lateral_planner=False rviz=False
[INFO] [autodrive_bridge_40hz-1]: process started with pid [32239]
[INFO] [sensor_odometry_node-2]: process started with pid [32241]
[INFO] [ekf_localization_node-3]: process started with pid [32243]
[INFO] [map_server-4]: process started with pid [32245]
[INFO] [lifecycle_manager-5]: process started with pid [32247]
[INFO] [gpu_amcl_cpp_node-6]: process started with pid [32249]
[INFO] [ground_truth_amcl_monitor-7]: process started with pid [32251]
[INFO] [component_container-8]: process started with pid [32253]
[INFO] [actuator_interface-9]: process started with pid [32255]
[lifecycle_manager-5] [INFO] [1788896148.318400894] [lifecycle_manager_map]: Creating
[map_server-4] [INFO] [1788896148.320044435] [map_server]: 
[map_server-4] 	map_server lifecycle node launched. 
[map_server-4] 	Waiting on external lifecycle transitions to activate
[map_server-4] 	See https://design.ros2.org/articles/node_lifecycle.html for more information.
[map_server-4] [INFO] [1788896148.320471978] [map_server]: Creating
[sensor_odometry_node-2] [INFO] [1788896148.322220175] [sensor_odometry]: Deterministic odometry observer: exact timestamp packets, encoders + IMU only
[lifecycle_manager-5] [INFO] [1788896148.323143572] [lifecycle_manager_map]: [34m[1mCreating and initializing lifecycle service clients[0m[0m
[lifecycle_manager-5] [INFO] [1788896148.325738000] [lifecycle_manager_map]: [34m[1mStarting managed nodes bringup...[0m[0m
[lifecycle_manager-5] [INFO] [1788896148.325837387] [lifecycle_manager_map]: [34m[1mConfiguring map_server[0m[0m
[map_server-4] [INFO] [1788896148.326813983] [map_server]: Configuring
[map_server-4] [INFO] [1788896148.326928478] [map_io]: Loading yaml file: /workspace/src/f1tenth_planning/maps/autodrive_track_ftg_commit_20260908_lap01.yaml
[map_server-4] [INFO] [1788896148.327641479] [map_io]: resolution: 0.05
[map_server-4] [INFO] [1788896148.327664722] [map_io]: origin[0]: -6.82
[map_server-4] [INFO] [1788896148.327674851] [map_io]: origin[1]: -12.3
[map_server-4] [INFO] [1788896148.327683067] [map_io]: origin[2]: 0
[map_server-4] [INFO] [1788896148.327691222] [map_io]: free_thresh: 0.25
[map_server-4] [INFO] [1788896148.327699398] [map_io]: occupied_thresh: 0.65
[map_server-4] [INFO] [1788896148.327708475] [map_io]: mode: trinary
[map_server-4] [INFO] [1788896148.327718453] [map_io]: negate: 0
[map_server-4] [INFO] [1788896148.328170103] [map_io]: Loading image_file: /workspace/src/f1tenth_planning/maps/autodrive_track_ftg_commit_20260908_lap01.pgm
[ekf_localization_node-3] [INFO] [1788896148.329598629] [ekf_localization]: Local odometry trust filter ready: /odom -> /ekf_odom and /ekf_pose in frame odom; reset events=/autodrive/reset_command
[map_server-4] [INFO] [1788896148.341724007] [map_io]: Read map /workspace/src/f1tenth_planning/maps/autodrive_track_ftg_commit_20260908_lap01.pgm: 175 X 438 map @ 0.05 m/cell
[lifecycle_manager-5] [INFO] [1788896148.348271928] [lifecycle_manager_map]: [34m[1mActivating map_server[0m[0m
[map_server-4] [INFO] [1788896148.348554380] [map_server]: Activating
[map_server-4] [INFO] [1788896148.348934093] [map_server]: Creating bond (map_server) to lifecycle manager.
[lifecycle_manager-5] [INFO] [1788896148.460387881] [lifecycle_manager_map]: Server map_server connected with bond.
[lifecycle_manager-5] [INFO] [1788896148.460455428] [lifecycle_manager_map]: [34m[1mManaged nodes are active[0m[0m
[lifecycle_manager-5] [INFO] [1788896148.460474083] [lifecycle_manager_map]: [34m[1mCreating bond timer...[0m[0m
[component_container-8] [INFO] [1788896148.484914857] [controller_container]: Load Library: /workspace/install/lib/libpure_pursuit_node.so
[component_container-8] [INFO] [1788896148.489011700] [controller_container]: Found class: rclcpp_components::NodeFactoryTemplate<f1tenth_control::PurePursuitNode>
[component_container-8] [INFO] [1788896148.490173685] [controller_container]: Instantiate class: rclcpp_components::NodeFactoryTemplate<f1tenth_control::PurePursuitNode>
[component_container-8] [INFO] [1788896148.508128364] [pure_pursuit_node]: Initializing Pure Pursuit Node
[component_container-8] [INFO] [1788896148.521174463] [pure_pursuit_node]: Loaded trajectory with 2646 waypoints (52.9 m)
[component_container-8] [INFO] [1788896148.538601109] [pure_pursuit_node]: Pure Pursuit Node initialized
[component_container-8] [INFO] [1788896148.539557838] [pure_pursuit_node]:   Trajectory: /workspace/src/f1tenth_planning/trajectories/autodrive_track_ftg_commit_20260908_lap01_mintime_raceline.csv (2646 points)
[component_container-8] [INFO] [1788896148.539590510] [pure_pursuit_node]:   Lookahead: 0.35 - 0.95 m (gain: 0.05)
[component_container-8] [INFO] [1788896148.539617390] [pure_pursuit_node]:   Max speed cap: 1.00 m/s
[component_container-8] [INFO] [1788896148.539633621] [pure_pursuit_node]:   Lookahead adapt: cte_weight=1.00 cte_gain=0.042 curvature_gain=1.900
[component_container-8] [INFO] [1788896148.539650192] [pure_pursuit_node]:   Speed adapt: curvature_factor=0.102 floor_ratio=0.52
[component_container-8] [INFO] [1788896148.539666412] [pure_pursuit_node]:   Speed adapt (CTE): factor=1.500 floor_ratio=0.55
[component_container-8] [INFO] [1788896148.539680439] [pure_pursuit_node]:   Speed limits: max_lat_accel=6.50 min_reg_speed=0.80
[component_container-8] [INFO] [1788896148.539695197] [pure_pursuit_node]:   Yaw-rate damping: 0.000 s
[component_container-8] [INFO] [1788896148.539708692] [pure_pursuit_node]:   Target-heading turn-in gain: 0.300
[component_container-8] [INFO] [1788896148.539722438] [pure_pursuit_node]:   Command shaping: steer_rate=3.20 accel=3.00 decel=8.00
[component_container-8] [INFO] [1788896148.539738227] [pure_pursuit_node]:   Pose: /current_map_pose (map frame)
[component_container-8] [INFO] [1788896148.539750350] [pure_pursuit_node]:   Odom: /odom
[component_container-8] [INFO] [1788896148.539763014] [pure_pursuit_node]:   Control trigger: /odom (one command per odometry update; nominal 20.0 Hz)
[component_container-8] [INFO] [1788896148.539776590] [pure_pursuit_node]:   Steering feedback: /autodrive/roboracer_1/steering (lead gain 0.25)
[component_container-8] [INFO] [1788896148.539788752] [pure_pursuit_node]:   Startup path gate: distance <= 0.80 m, heading <= 0.75 rad
[component_container-8] [INFO] [1788896148.539822025] [pure_pursuit_node]:   Command: /cmd/speed
[gpu_amcl_cpp_node-6] [INFO] [1788896148.539748216] [gpu_amcl_cpp]: [AMCL] Parameters: update_min_d=0.02000, update_min_a=0.03500, max_scan_age=0.2500, odom_history=1.000s, cloud_publish_rate=1.0 Hz, debug_pre_resample=false, slip_threshold=1.00 rad/s, initial_raceline_heading=true, local_correction_gate=0.04m/0.08rad gain=0.100 association=0.80m recenter_cloud=true
[INFO] [launch_ros.actions.load_composable_nodes]: Loaded node '/pure_pursuit_node' in container '/controller_container'
[gpu_amcl_cpp_node-6] [INFO] [1788896148.558024570] [gpu_amcl_cpp]: Particle cloud publishing scan-synchronized, max 1.0 Hz
[gpu_amcl_cpp_node-6] [INFO] [1788896148.558141279] [gpu_amcl_cpp]: GPU AMCL C++ node created — waiting for map...
[gpu_amcl_cpp_node-6] [INFO] [1788896148.573449763] [gpu_amcl_cpp]: Received first map (175x438 @ 0.050 m/cell) — initialising PF
[gpu_amcl_cpp_node-6] [INFO] [1788896148.582974501] [gpu_amcl_cpp]: Loaded 2647 global heading points from /workspace/src/f1tenth_planning/trajectories/autodrive_track_ftg_commit_20260908_lap01_mintime_raceline.csv
[gpu_amcl_cpp_node-6] [INFO] [1788896148.583068057] [gpu_amcl_cpp]: Initial local pose loaded from raceline start: x=-2.66 y=4.22 yaw=-2.984 rad
[gpu_amcl_cpp_node-6] [INFO] [1788896148.583120426] [gpu_amcl_cpp]: Initial local pose uses raceline heading: x=-2.66 y=4.22 yaw=-2.984 rad
[gpu_amcl_cpp_node-6] [INFO] [1788896148.583130775] [gpu_amcl_cpp]: Applied local AMCL startup heading offset: 0.000 rad -> yaw -2.984 rad
[gpu_amcl_cpp_node-6] [INFO] [1788896148.602180413] [gpu_amcl_cpp]: Particle filter initialised with 2500 particles (local)
[gpu_amcl_cpp_node-6] [INFO] [1788896148.602637001] [gpu_amcl_cpp]: Published initial pose: (-2.67, 4.21, -2.99)
[autodrive_bridge_40hz-1] /usr/local/lib/python3.10/dist-packages/numpy/core/getlimits.py:499: UserWarning: The value of the smallest subnormal for <class 'numpy.float64'> type is zero.
[autodrive_bridge_40hz-1]   setattr(self, word, getattr(machar, word).flat[0])
[autodrive_bridge_40hz-1] /usr/local/lib/python3.10/dist-packages/numpy/core/getlimits.py:89: UserWarning: The value of the smallest subnormal for <class 'numpy.float64'> type is zero.
[autodrive_bridge_40hz-1]   return self._float_to_str(self.smallest_subnormal)
[ground_truth_amcl_monitor-7] [WARN] [1788896148.657650278] [ground_truth_amcl_monitor]: Ground-truth monitor is diagnostics-only; simulator IPS/odom are not controller inputs
[actuator_interface-9] [INFO] [1788896148.734812059] [autodrive_actuator_interface]: Actuator interface ready; no arming state
[actuator_interface-9] [WARN] [1788896148.738965358] [autodrive_actuator_interface]: Neutral output: no command
[autodrive_bridge_40hz-1] [autodrive_bridge_40hz] camera decode/publication disabled
[autodrive_bridge_40hz-1] [autodrive_bridge_40hz] bounded request pacing enabled at 40 Hz (max one outstanding request)
[autodrive_bridge_40hz-1] Connected!
[component_container-8] [WARN] [1788896149.704725520] [pure_pursuit_node]: No pose received on /current_map_pose yet
[gpu_amcl_cpp_node-6] [INFO] [1788896149.705155508] [gpu_amcl_cpp]: Received first odometry sample at (0.00, 0.00, 0.00).
[gpu_amcl_cpp_node-6] [INFO] [1788896149.706208879] [gpu_amcl_cpp]: Received LiDAR callback #1 (1081 ranges).
[gpu_amcl_cpp_node-6] [INFO] [1788896149.706784220] [gpu_amcl_cpp]: Local AMCL lock anchored on first scan at (-2.666, 4.214, -2.986) with odom reference (0.000, 0.000, 0.000).
[gpu_amcl_cpp_node-6] [INFO] [1788896149.706814097] [gpu_amcl_cpp]: AMCL odom delta: at_scan=(0.000, 0.000, 0.000) baseline=(0.000, 0.000, 0.000) delta=(0.000, 0.000, 0.000) moved=false scan_age=0.011s
[gpu_amcl_cpp_node-6] [INFO] [1788896149.706827482] [gpu_amcl_cpp]: Starting AMCL scan update #1 (sampled from 1081 ranges).
[gpu_amcl_cpp_node-6] [INFO] [1788896149.709429073] [gpu_amcl_cpp]: AMCL scan update #1 completed; evaluating pose confidence.
[gpu_amcl_cpp_node-6] [INFO] [1788896149.710786225] [gpu_amcl_cpp]: AMCL local correction: odom_prediction=(-2.666, 4.214, -2.986) scan=(-2.635, 4.137, -2.963) correction=0.083 m/0.023 rad cluster_weight=0.815 publish=true
[gpu_amcl_cpp_node-6] [WARN] [1788896149.710836980] [gpu_amcl_cpp]: Rejected large local AMCL scan correction; restarting cloud at odometry prediction.
[ground_truth_amcl_monitor-7] [INFO] [1788896149.713690395] [ground_truth_amcl_monitor]: Ground-truth alignment initialized: map->world yaw=1.415, translation=(5.377, 5.137)
[ground_truth_amcl_monitor-7] [INFO] [1788896149.762331341] [ground_truth_amcl_monitor]: AMCL vs GT: gt=(-2.666, 4.214) amcl=(-2.666, 4.214) error=0.000 m / 0.000 rad; current_map=(-2.666, 4.214, -2.986) error=0.000 m / 0.000 rad; odom=(-2.666, 4.214, -2.986) error=0.000 m / 0.000 rad; ekf=(-2.666, 4.214, -2.986) error=0.000 m / 0.000 rad; RMS=0.000 m / 0.000 rad max=0.000 m / 0.000 rad samples=1
[component_container-8] [INFO] [1788896149.961840692] [pure_pursuit_node]: Aligned closed trajectory seam to startup pose at original waypoint 0
[component_container-8] [INFO] [1788896149.962087496] [pure_pursuit_node]: Startup path gate passed: path_distance=0.007 m heading_error=0.008 rad
[component_container-8] [INFO] [1788896149.962119517] [pure_pursuit_node]: Pure Pursuit: pose=(-2.666, 4.214, -2.986) cte=-0.007 closest=0 target=18 path_dist=0.007 heading_err=0.008 steer=0.003 speed=0.800
[gpu_amcl_cpp_node-6] [INFO] [1788896150.714058425] [gpu_amcl_cpp]: AMCL odom delta: at_scan=(0.453, 0.020, 0.192) baseline=(0.389, 0.010, 0.128) delta=(0.063, 0.010, 0.065) moved=true scan_age=0.052s
[actuator_interface-9] [INFO] [1788896150.715053426] [autodrive_actuator_interface]: Collision baseline established at cumulative count 0
[gpu_amcl_cpp_node-6] [INFO] [1788896150.715992291] [gpu_amcl_cpp]: AMCL local correction: odom_prediction=(-3.110, 4.123, -2.794) scan=(-3.122, 4.073, -2.791) correction=0.052 m/0.002 rad cluster_weight=0.798 publish=true
[gpu_amcl_cpp_node-6] [WARN] [1788896150.716043868] [gpu_amcl_cpp]: Rejected large local AMCL scan correction; restarting cloud at odometry prediction.
[ground_truth_amcl_monitor-7] [INFO] [1788896150.763214830] [ground_truth_amcl_monitor]: AMCL vs GT: gt=(-3.294, 4.056) amcl=(-3.110, 4.123) error=0.196 m / 0.075 rad; current_map=(-3.172, 4.098, -2.719) error=0.129 m / 0.000 rad; odom=(-3.110, 4.123, -2.794) error=0.196 m / 0.075 rad; ekf=(-3.110, 4.123, -2.794) error=0.196 m / 0.075 rad; RMS=0.045 m / 0.020 rad max=0.196 m / 0.075 rad samples=41
[component_container-8] [INFO] [1788896151.009723630] [pure_pursuit_node]: Pure Pursuit: pose=(-3.455, 3.850, -2.151) cte=0.174 closest=40 target=62 path_dist=0.174 heading_err=0.097 steer=0.524 speed=0.800
[gpu_amcl_cpp_node-6] [WARN] [1788896151.211895827] [gpu_amcl_cpp]: Queued LiDAR scan until source-time odometry arrives (queued=1).
[gpu_amcl_cpp_node-6] [INFO] [1788896151.760686512] [gpu_amcl_cpp]: AMCL odom delta: at_scan=(1.041, 0.489, 0.895) baseline=(1.041, 0.489, 0.895) delta=(0.000, -0.000, -0.000) moved=false scan_age=0.049s
[ground_truth_amcl_monitor-7] [INFO] [1788896151.812925332] [ground_truth_amcl_monitor]: AMCL vs GT: gt=(-3.635, 3.772) amcl=(-3.619, 3.569) error=0.204 m / 0.011 rad; current_map=(-3.624, 3.559, -2.079) error=0.214 m / 0.000 rad; odom=(-3.619, 3.569, -2.091) error=0.204 m / 0.011 rad; ekf=(-3.619, 3.569, -2.091) error=0.204 m / 0.011 rad; RMS=0.144 m / 0.030 rad max=0.267 m / 0.125 rad samples=83
[gpu_amcl_cpp_node-6] [INFO] [1788896151.862825014] [gpu_amcl_cpp]: AMCL local correction: odom_prediction=(-3.630, 3.548, -2.047) scan=(-3.714, 3.529, -2.083) correction=0.085 m/0.036 rad cluster_weight=0.777 publish=true
[gpu_amcl_cpp_node-6] [WARN] [1788896151.862890297] [gpu_amcl_cpp]: Rejected large local AMCL scan correction; restarting cloud at odometry prediction.
[component_container-8] [INFO] [1788896152.011524481] [pure_pursuit_node]: Pure Pursuit: pose=(-3.646, 3.502, -1.709) cte=0.231 closest=58 target=76 path_dist=0.231 heading_err=-0.125 steer=0.524 speed=0.800
[gpu_amcl_cpp_node-6] [WARN] [1788896152.112464600] [gpu_amcl_cpp]: No local AMCL cluster near odometry prediction; using causal odometry pose.
[ground_truth_amcl_monitor-7] [INFO] [1788896152.162840317] [ground_truth_amcl_monitor]: Collision epoch changed; discarding localization comparison; waiting for fresh AMCL alignment
[actuator_interface-9] [ERROR] [1788896152.163325479] [autodrive_actuator_interface]: Collision count increased to 1; terminal stop latched, no simulator reset published
[actuator_interface-9] [WARN] [1788896152.175475013] [autodrive_actuator_interface]: Neutral output: external stop
[gpu_amcl_cpp_node-6] [INFO] [1788896152.761343862] [gpu_amcl_cpp]: AMCL odom delta: at_scan=(1.077, 0.659, 1.890) baseline=(1.077, 0.659, 1.890) delta=(0.000, 0.000, 0.000) moved=false scan_age=0.048s
[component_container-8] [INFO] [1788896153.059771499] [pure_pursuit_node]: Pure Pursuit: pose=(-3.628, 3.395, -1.096) cte=0.187 closest=62 target=81 path_dist=0.187 heading_err=-0.697 steer=-0.075 speed=0.800
[gpu_amcl_cpp_node-6] [INFO] [1788896153.811708379] [gpu_amcl_cpp]: AMCL odom delta: at_scan=(1.077, 0.659, 1.890) baseline=(1.077, 0.659, 1.890) delta=(0.000, 0.000, 0.000) moved=false scan_age=0.050s
[component_container-8] [INFO] [1788896154.109384323] [pure_pursuit_node]: Pure Pursuit: pose=(-3.628, 3.395, -1.096) cte=0.187 closest=62 target=81 path_dist=0.187 heading_err=-0.697 steer=-0.075 speed=0.800
[gpu_amcl_cpp_node-6] [INFO] [1788896154.711360465] [gpu_amcl_cpp]: Received LiDAR callback #102 (1081 ranges).
[gpu_amcl_cpp_node-6] [INFO] [1788896154.860923474] [gpu_amcl_cpp]: AMCL odom delta: at_scan=(1.077, 0.659, 1.890) baseline=(1.077, 0.659, 1.890) delta=(0.000, 0.000, 0.000) moved=false scan_age=0.049s
[component_container-8] [INFO] [1788896155.109520609] [pure_pursuit_node]: Pure Pursuit: pose=(-3.628, 3.395, -1.096) cte=0.187 closest=62 target=81 path_dist=0.187 heading_err=-0.697 steer=-0.075 speed=0.800
[gpu_amcl_cpp_node-6] [INFO] [1788896155.862467936] [gpu_amcl_cpp]: AMCL odom delta: at_scan=(1.077, 0.659, 1.890) baseline=(1.077, 0.659, 1.890) delta=(0.000, 0.000, 0.000) moved=false scan_age=0.051s
[component_container-8] [INFO] [1788896156.110951677] [pure_pursuit_node]: Pure Pursuit: pose=(-3.628, 3.395, -1.096) cte=0.187 closest=62 target=81 path_dist=0.187 heading_err=-0.697 steer=-0.075 speed=0.800
[gpu_amcl_cpp_node-6] [INFO] [1788896156.862876100] [gpu_amcl_cpp]: AMCL odom delta: at_scan=(1.077, 0.659, 1.890) baseline=(1.077, 0.659, 1.890) delta=(0.000, 0.000, 0.000) moved=false scan_age=0.051s
[component_container-8] [INFO] [1788896157.161448868] [pure_pursuit_node]: Pure Pursuit: pose=(-3.628, 3.395, -1.096) cte=0.187 closest=62 target=81 path_dist=0.187 heading_err=-0.697 steer=-0.075 speed=0.800
[gpu_amcl_cpp_node-6] [INFO] [1788896157.910604274] [gpu_amcl_cpp]: AMCL odom delta: at_scan=(1.077, 0.659, 1.890) baseline=(1.077, 0.659, 1.890) delta=(0.000, 0.000, 0.000) moved=false scan_age=0.049s
[component_container-8] [INFO] [1788896158.210274104] [pure_pursuit_node]: Pure Pursuit: pose=(-3.628, 3.395, -1.096) cte=0.187 closest=62 target=81 path_dist=0.187 heading_err=-0.697 steer=-0.075 speed=0.800
[gpu_amcl_cpp_node-6] [INFO] [1788896158.960736094] [gpu_amcl_cpp]: AMCL odom delta: at_scan=(1.077, 0.659, 1.890) baseline=(1.077, 0.659, 1.890) delta=(0.000, 0.000, 0.000) moved=false scan_age=0.049s
[component_container-8] [INFO] [1788896159.259564702] [pure_pursuit_node]: Pure Pursuit: pose=(-3.628, 3.395, -1.096) cte=0.187 closest=62 target=81 path_dist=0.187 heading_err=-0.697 steer=-0.075 speed=0.800
[gpu_amcl_cpp_node-6] [INFO] [1788896159.712684709] [gpu_amcl_cpp]: Received LiDAR callback #202 (1081 ranges).
[gpu_amcl_cpp_node-6] [INFO] [1788896160.012443876] [gpu_amcl_cpp]: AMCL odom delta: at_scan=(1.077, 0.659, 1.890) baseline=(1.077, 0.659, 1.890) delta=(0.000, 0.000, 0.000) moved=false scan_age=0.051s
[component_container-8] [INFO] [1788896160.310205026] [pure_pursuit_node]: Pure Pursuit: pose=(-3.628, 3.395, -1.096) cte=0.187 closest=62 target=81 path_dist=0.187 heading_err=-0.697 steer=-0.075 speed=0.800
[gpu_amcl_cpp_node-6] [INFO] [1788896161.060234901] [gpu_amcl_cpp]: AMCL odom delta: at_scan=(1.077, 0.659, 1.890) baseline=(1.077, 0.659, 1.890) delta=(0.000, 0.000, 0.000) moved=false scan_age=0.049s
[component_container-8] [INFO] [1788896161.359818297] [pure_pursuit_node]: Pure Pursuit: pose=(-3.628, 3.395, -1.096) cte=0.187 closest=62 target=81 path_dist=0.187 heading_err=-0.697 steer=-0.075 speed=0.800
[gpu_amcl_cpp_node-6] [INFO] [1788896162.062208419] [gpu_amcl_cpp]: AMCL odom delta: at_scan=(1.077, 0.659, 1.890) baseline=(1.077, 0.659, 1.890) delta=(0.000, 0.000, 0.000) moved=false scan_age=0.050s
[component_container-8] [INFO] [1788896162.410233324] [pure_pursuit_node]: Pure Pursuit: pose=(-3.628, 3.395, -1.096) cte=0.187 closest=62 target=81 path_dist=0.187 heading_err=-0.697 steer=-0.075 speed=0.800
[gpu_amcl_cpp_node-6] [INFO] [1788896163.112148601] [gpu_amcl_cpp]: AMCL odom delta: at_scan=(1.077, 0.659, 1.890) baseline=(1.077, 0.659, 1.890) delta=(0.000, 0.000, 0.000) moved=false scan_age=0.050s
[component_container-8] [INFO] [1788896163.467196590] [pure_pursuit_node]: Pure Pursuit: pose=(-3.628, 3.395, -1.096) cte=0.187 closest=62 target=81 path_dist=0.187 heading_err=-0.697 steer=-0.075 speed=0.800
[gpu_amcl_cpp_node-6] [INFO] [1788896164.136207079] [gpu_amcl_cpp]: AMCL odom delta: at_scan=(1.077, 0.659, 1.890) baseline=(1.077, 0.659, 1.890) delta=(0.000, 0.000, 0.000) moved=false scan_age=0.050s
[component_container-8] [INFO] [1788896164.485428693] [pure_pursuit_node]: Pure Pursuit: pose=(-3.628, 3.395, -1.096) cte=0.187 closest=62 target=81 path_dist=0.187 heading_err=-0.697 steer=-0.075 speed=0.800
[gpu_amcl_cpp_node-6] [INFO] [1788896164.735603159] [gpu_amcl_cpp]: Received LiDAR callback #302 (1081 ranges).
[gpu_amcl_cpp_node-6] [INFO] [1788896165.186118403] [gpu_amcl_cpp]: AMCL odom delta: at_scan=(1.077, 0.659, 1.890) baseline=(1.077, 0.659, 1.890) delta=(0.000, 0.000, 0.000) moved=false scan_age=0.049s
[component_container-8] [INFO] [1788896165.486333845] [pure_pursuit_node]: Pure Pursuit: pose=(-3.628, 3.395, -1.096) cte=0.187 closest=62 target=81 path_dist=0.187 heading_err=-0.697 steer=-0.075 speed=0.800
[gpu_amcl_cpp_node-6] [INFO] [1788896166.186775619] [gpu_amcl_cpp]: AMCL odom delta: at_scan=(1.077, 0.659, 1.890) baseline=(1.077, 0.659, 1.890) delta=(0.000, 0.000, 0.000) moved=false scan_age=0.050s
[component_container-8] [INFO] [1788896166.508210587] [pure_pursuit_node]: Pure Pursuit: pose=(-3.628, 3.395, -1.096) cte=0.187 closest=62 target=81 path_dist=0.187 heading_err=-0.697 steer=-0.075 speed=0.800
[gpu_amcl_cpp_node-6] [INFO] [1788896167.210726148] [gpu_amcl_cpp]: AMCL odom delta: at_scan=(1.077, 0.659, 1.890) baseline=(1.077, 0.659, 1.890) delta=(0.000, 0.000, 0.000) moved=false scan_age=0.049s
[component_container-8] [INFO] [1788896167.510165560] [pure_pursuit_node]: Pure Pursuit: pose=(-3.628, 3.395, -1.096) cte=0.187 closest=62 target=81 path_dist=0.187 heading_err=-0.697 steer=-0.075 speed=0.800
[gpu_amcl_cpp_node-6] [INFO] [1788896168.235955960] [gpu_amcl_cpp]: AMCL odom delta: at_scan=(1.077, 0.659, 1.890) baseline=(1.077, 0.659, 1.890) delta=(0.000, 0.000, 0.000) moved=false scan_age=0.049s
[component_container-8] [INFO] [1788896168.535071122] [pure_pursuit_node]: Pure Pursuit: pose=(-3.628, 3.395, -1.096) cte=0.187 closest=62 target=81 path_dist=0.187 heading_err=-0.697 steer=-0.075 speed=0.800
[gpu_amcl_cpp_node-6] [INFO] [1788896169.236177411] [gpu_amcl_cpp]: AMCL odom delta: at_scan=(1.077, 0.659, 1.890) baseline=(1.077, 0.659, 1.890) delta=(0.000, 0.000, 0.000) moved=false scan_age=0.049s
[component_container-8] [INFO] [1788896169.585187764] [pure_pursuit_node]: Pure Pursuit: pose=(-3.628, 3.395, -1.096) cte=0.187 closest=62 target=81 path_dist=0.187 heading_err=-0.697 steer=-0.075 speed=0.800
[gpu_amcl_cpp_node-6] [INFO] [1788896169.736612240] [gpu_amcl_cpp]: Received LiDAR callback #401 (1081 ranges).
[gpu_amcl_cpp_node-6] [INFO] [1788896170.236378752] [gpu_amcl_cpp]: AMCL odom delta: at_scan=(1.077, 0.659, 1.890) baseline=(1.077, 0.659, 1.890) delta=(0.000, 0.000, 0.000) moved=false scan_age=0.049s
[component_container-8] [INFO] [1788896170.634172747] [pure_pursuit_node]: Pure Pursuit: pose=(-3.628, 3.395, -1.096) cte=0.187 closest=62 target=81 path_dist=0.187 heading_err=-0.697 steer=-0.075 speed=0.800
[gpu_amcl_cpp_node-6] [INFO] [1788896171.237681372] [gpu_amcl_cpp]: AMCL odom delta: at_scan=(1.077, 0.659, 1.890) baseline=(1.077, 0.659, 1.890) delta=(0.000, 0.000, 0.000) moved=false scan_age=0.049s
[component_container-8] [INFO] [1788896171.635400946] [pure_pursuit_node]: Pure Pursuit: pose=(-3.628, 3.395, -1.096) cte=0.187 closest=62 target=81 path_dist=0.187 heading_err=-0.697 steer=-0.075 speed=0.800
[gpu_amcl_cpp_node-6] [INFO] [1788896172.286228708] [gpu_amcl_cpp]: AMCL odom delta: at_scan=(1.077, 0.659, 1.890) baseline=(1.077, 0.659, 1.890) delta=(0.000, 0.000, 0.000) moved=false scan_age=0.050s
[component_container-8] [INFO] [1788896172.685284193] [pure_pursuit_node]: Pure Pursuit: pose=(-3.628, 3.395, -1.096) cte=0.187 closest=62 target=81 path_dist=0.187 heading_err=-0.697 steer=-0.075 speed=0.800
[gpu_amcl_cpp_node-6] [INFO] [1788896173.286968756] [gpu_amcl_cpp]: AMCL odom delta: at_scan=(1.077, 0.659, 1.890) baseline=(1.077, 0.659, 1.890) delta=(0.000, 0.000, 0.000) moved=false scan_age=0.050s
[component_container-8] [INFO] [1788896173.736970158] [pure_pursuit_node]: Pure Pursuit: pose=(-3.628, 3.395, -1.096) cte=0.187 closest=62 target=81 path_dist=0.187 heading_err=-0.697 steer=-0.075 speed=0.800
[gpu_amcl_cpp_node-6] [INFO] [1788896174.350439297] [gpu_amcl_cpp]: AMCL odom delta: at_scan=(1.077, 0.659, 1.890) baseline=(1.077, 0.659, 1.890) delta=(0.000, 0.000, 0.000) moved=false scan_age=0.089s
[component_container-8] [INFO] [1788896174.760238080] [pure_pursuit_node]: Pure Pursuit: pose=(-3.628, 3.395, -1.096) cte=0.187 closest=62 target=81 path_dist=0.187 heading_err=-0.697 steer=-0.075 speed=0.800
[gpu_amcl_cpp_node-6] [INFO] [1788896174.761730406] [gpu_amcl_cpp]: Received LiDAR callback #500 (1081 ranges).
[gpu_amcl_cpp_node-6] [INFO] [1788896175.362035293] [gpu_amcl_cpp]: AMCL odom delta: at_scan=(1.077, 0.659, 1.890) baseline=(1.077, 0.659, 1.890) delta=(0.000, 0.000, 0.000) moved=false scan_age=0.050s
[component_container-8] [INFO] [1788896175.760404776] [pure_pursuit_node]: Pure Pursuit: pose=(-3.628, 3.395, -1.096) cte=0.187 closest=62 target=81 path_dist=0.187 heading_err=-0.697 steer=-0.075 speed=0.800
[gpu_amcl_cpp_node-6] [INFO] [1788896176.410576781] [gpu_amcl_cpp]: AMCL odom delta: at_scan=(1.077, 0.659, 1.890) baseline=(1.077, 0.659, 1.890) delta=(0.000, 0.000, 0.000) moved=false scan_age=0.048s
[gpu_amcl_cpp_node-6] [WARN] [1788896176.610727448] [gpu_amcl_cpp]: Queued LiDAR scan until source-time odometry arrives (queued=1).
[component_container-8] [INFO] [1788896176.810347418] [pure_pursuit_node]: Pure Pursuit: pose=(-3.628, 3.395, -1.096) cte=0.187 closest=62 target=81 path_dist=0.187 heading_err=-0.697 steer=-0.075 speed=0.800
[gpu_amcl_cpp_node-6] [INFO] [1788896177.410659806] [gpu_amcl_cpp]: AMCL odom delta: at_scan=(1.077, 0.659, 1.890) baseline=(1.077, 0.659, 1.890) delta=(0.000, 0.000, 0.000) moved=false scan_age=0.049s
[component_container-8] [INFO] [1788896177.811225578] [pure_pursuit_node]: Pure Pursuit: pose=(-3.628, 3.395, -1.096) cte=0.187 closest=62 target=81 path_dist=0.187 heading_err=-0.697 steer=-0.075 speed=0.800
[gpu_amcl_cpp_node-6] [INFO] [1788896178.411542053] [gpu_amcl_cpp]: AMCL odom delta: at_scan=(1.077, 0.659, 1.890) baseline=(1.077, 0.659, 1.890) delta=(0.000, 0.000, 0.000) moved=false scan_age=0.049s
[component_container-8] [INFO] [1788896178.859866738] [pure_pursuit_node]: Pure Pursuit: pose=(-3.628, 3.395, -1.096) cte=0.187 closest=62 target=81 path_dist=0.187 heading_err=-0.697 steer=-0.075 speed=0.800
[gpu_amcl_cpp_node-6] [INFO] [1788896179.436969457] [gpu_amcl_cpp]: AMCL odom delta: at_scan=(1.077, 0.659, 1.890) baseline=(1.077, 0.659, 1.890) delta=(0.000, 0.000, 0.000) moved=false scan_age=0.049s
[gpu_amcl_cpp_node-6] [INFO] [1788896179.764156543] [gpu_amcl_cpp]: Received LiDAR callback #600 (1081 ranges).
[component_container-8] [INFO] [1788896179.868022257] [pure_pursuit_node]: Pure Pursuit: pose=(-3.628, 3.395, -1.096) cte=0.187 closest=62 target=81 path_dist=0.187 heading_err=-0.697 steer=-0.075 speed=0.800
[gpu_amcl_cpp_node-6] [INFO] [1788896180.438727186] [gpu_amcl_cpp]: AMCL odom delta: at_scan=(1.077, 0.659, 1.890) baseline=(1.077, 0.659, 1.890) delta=(0.000, 0.000, 0.000) moved=false scan_age=0.052s
[component_container-8] [INFO] [1788896180.884363295] [pure_pursuit_node]: Pure Pursuit: pose=(-3.628, 3.395, -1.096) cte=0.187 closest=62 target=81 path_dist=0.187 heading_err=-0.697 steer=-0.075 speed=0.800
[gpu_amcl_cpp_node-6] [INFO] [1788896181.485600528] [gpu_amcl_cpp]: AMCL odom delta: at_scan=(1.077, 0.659, 1.890) baseline=(1.077, 0.659, 1.890) delta=(0.000, 0.000, 0.000) moved=false scan_age=0.049s
[component_container-8] [INFO] [1788896181.885573352] [pure_pursuit_node]: Pure Pursuit: pose=(-3.628, 3.395, -1.096) cte=0.187 closest=62 target=81 path_dist=0.187 heading_err=-0.697 steer=-0.075 speed=0.800
[gpu_amcl_cpp_node-6] [INFO] [1788896182.536211877] [gpu_amcl_cpp]: AMCL odom delta: at_scan=(1.077, 0.659, 1.890) baseline=(1.077, 0.659, 1.890) delta=(0.000, 0.000, 0.000) moved=false scan_age=0.050s
[component_container-8] [INFO] [1788896182.885699299] [pure_pursuit_node]: Pure Pursuit: pose=(-3.628, 3.395, -1.096) cte=0.187 closest=62 target=81 path_dist=0.187 heading_err=-0.697 steer=-0.075 speed=0.800
[gpu_amcl_cpp_node-6] [INFO] [1788896183.538062265] [gpu_amcl_cpp]: AMCL odom delta: at_scan=(1.077, 0.659, 1.890) baseline=(1.077, 0.659, 1.890) delta=(0.000, 0.000, 0.000) moved=false scan_age=0.051s
[component_container-8] [INFO] [1788896183.935928015] [pure_pursuit_node]: Pure Pursuit: pose=(-3.628, 3.395, -1.096) cte=0.187 closest=62 target=81 path_dist=0.187 heading_err=-0.697 steer=-0.075 speed=0.800
[gpu_amcl_cpp_node-6] [INFO] [1788896184.586201812] [gpu_amcl_cpp]: AMCL odom delta: at_scan=(1.077, 0.659, 1.890) baseline=(1.077, 0.659, 1.890) delta=(0.000, 0.000, 0.000) moved=false scan_age=0.048s
[gpu_amcl_cpp_node-6] [INFO] [1788896184.788398964] [gpu_amcl_cpp]: Received LiDAR callback #700 (1081 ranges).
[component_container-8] [INFO] [1788896184.935940044] [pure_pursuit_node]: Pure Pursuit: pose=(-3.628, 3.395, -1.096) cte=0.187 closest=62 target=81 path_dist=0.187 heading_err=-0.697 steer=-0.075 speed=0.800
[gpu_amcl_cpp_node-6] [INFO] [1788896185.636614771] [gpu_amcl_cpp]: AMCL odom delta: at_scan=(1.077, 0.659, 1.890) baseline=(1.077, 0.659, 1.890) delta=(0.000, 0.000, 0.000) moved=false scan_age=0.049s
[component_container-8] [INFO] [1788896185.986623211] [pure_pursuit_node]: Pure Pursuit: pose=(-3.628, 3.395, -1.096) cte=0.187 closest=62 target=81 path_dist=0.187 heading_err=-0.697 steer=-0.075 speed=0.800
[gpu_amcl_cpp_node-6] [INFO] [1788896186.686499206] [gpu_amcl_cpp]: AMCL odom delta: at_scan=(1.077, 0.659, 1.890) baseline=(1.077, 0.659, 1.890) delta=(0.000, 0.000, 0.000) moved=false scan_age=0.050s
[component_container-8] [INFO] [1788896187.034446951] [pure_pursuit_node]: Pure Pursuit: pose=(-3.628, 3.395, -1.096) cte=0.187 closest=62 target=81 path_dist=0.187 heading_err=-0.697 steer=-0.075 speed=0.800
[gpu_amcl_cpp_node-6] [INFO] [1788896187.688257423] [gpu_amcl_cpp]: AMCL odom delta: at_scan=(1.077, 0.659, 1.890) baseline=(1.077, 0.659, 1.890) delta=(0.000, 0.000, 0.000) moved=false scan_age=0.051s
[component_container-8] [INFO] [1788896188.035026732] [pure_pursuit_node]: Pure Pursuit: pose=(-3.628, 3.395, -1.096) cte=0.187 closest=62 target=81 path_dist=0.187 heading_err=-0.697 steer=-0.075 speed=0.800
[gpu_amcl_cpp_node-6] [INFO] [1788896188.735230149] [gpu_amcl_cpp]: AMCL odom delta: at_scan=(1.077, 0.659, 1.890) baseline=(1.077, 0.659, 1.890) delta=(0.000, 0.000, 0.000) moved=false scan_age=0.048s
[component_container-8] [INFO] [1788896189.085192811] [pure_pursuit_node]: Pure Pursuit: pose=(-3.628, 3.395, -1.096) cte=0.187 closest=62 target=81 path_dist=0.187 heading_err=-0.697 steer=-0.075 speed=0.800
[gpu_amcl_cpp_node-6] [INFO] [1788896189.736961132] [gpu_amcl_cpp]: AMCL odom delta: at_scan=(1.077, 0.659, 1.890) baseline=(1.077, 0.659, 1.890) delta=(0.000, 0.000, 0.000) moved=false scan_age=0.050s
[gpu_amcl_cpp_node-6] [INFO] [1788896189.837575632] [gpu_amcl_cpp]: Received LiDAR callback #801 (1081 ranges).
[component_container-8] [INFO] [1788896190.136248761] [pure_pursuit_node]: Pure Pursuit: pose=(-3.628, 3.395, -1.096) cte=0.187 closest=62 target=81 path_dist=0.187 heading_err=-0.697 steer=-0.075 speed=0.800
[gpu_amcl_cpp_node-6] [INFO] [1788896190.787086532] [gpu_amcl_cpp]: AMCL odom delta: at_scan=(1.077, 0.659, 1.890) baseline=(1.077, 0.659, 1.890) delta=(0.000, 0.000, 0.000) moved=false scan_age=0.050s
