[INFO] [launch]: All log files can be found below /root/.ros/log/2026-09-09-18-58-15-036310-ExternalDrive-166
[INFO] [launch]: Default logging verbosity is set to INFO
[INFO] [launch.user]: controller=pure_pursuit custom_amcl=True rviz=False
[INFO] [autodrive_bridge_40hz-1]: process started with pid [194]
[INFO] [sensor_odometry_node-2]: process started with pid [196]
[INFO] [ekf_localization_node-3]: process started with pid [198]
[INFO] [map_server-4]: process started with pid [200]
[INFO] [lifecycle_manager-5]: process started with pid [202]
[INFO] [gpu_amcl_cpp_node-6]: process started with pid [204]
[INFO] [ground_truth_amcl_monitor-7]: process started with pid [206]
[INFO] [calibration-8]: process started with pid [208]
[INFO] [component_container-9]: process started with pid [210]
[INFO] [actuator_interface-10]: process started with pid [212]
[ekf_localization_node-3] [INFO] [1788980295.297215274] [ekf_localization]: Local odometry trust filter ready: /odom -> /ekf_odom and /ekf_pose in frame odom; reset events=/autodrive/reset_command
[sensor_odometry_node-2] [INFO] [1788980295.301920265] [sensor_odometry]: Deterministic odometry observer: exact timestamp packets, encoders + IMU only
[lifecycle_manager-5] [INFO] [1788980295.307496196] [lifecycle_manager_map]: Creating
[lifecycle_manager-5] [INFO] [1788980295.311081521] [lifecycle_manager_map]: [34m[1mCreating and initializing lifecycle service clients[0m[0m
[lifecycle_manager-5] [INFO] [1788980295.321915003] [lifecycle_manager_map]: [34m[1mStarting managed nodes bringup...[0m[0m
[lifecycle_manager-5] [INFO] [1788980295.321980666] [lifecycle_manager_map]: [34m[1mConfiguring map_server[0m[0m
[map_server-4] [INFO] [1788980295.323252048] [map_server]: 
[map_server-4] 	map_server lifecycle node launched. 
[map_server-4] 	Waiting on external lifecycle transitions to activate
[map_server-4] 	See https://design.ros2.org/articles/node_lifecycle.html for more information.
[map_server-4] [INFO] [1788980295.323409414] [map_server]: Creating
[map_server-4] [INFO] [1788980295.323887353] [map_server]: Configuring
[map_server-4] [INFO] [1788980295.323959359] [map_io]: Loading yaml file: /workspace/src/f1tenth_planning/maps/autodrive_track_ftg_commit_20260909_025m.yaml
[map_server-4] [INFO] [1788980295.326051826] [map_io]: resolution: 0.025
[map_server-4] [INFO] [1788980295.326085148] [map_io]: origin[0]: -6.82
[map_server-4] [INFO] [1788980295.326094115] [map_io]: origin[1]: -12.3
[map_server-4] [INFO] [1788980295.326101629] [map_io]: origin[2]: 0
[map_server-4] [INFO] [1788980295.326117229] [map_io]: free_thresh: 0.25
[map_server-4] [INFO] [1788980295.326124773] [map_io]: occupied_thresh: 0.65
[map_server-4] [INFO] [1788980295.326133089] [map_io]: mode: trinary
[map_server-4] [INFO] [1788980295.326141955] [map_io]: negate: 0
[map_server-4] [INFO] [1788980295.331531265] [map_io]: Loading image_file: /workspace/src/f1tenth_planning/maps/autodrive_track_ftg_commit_20260909_025m.pgm
[map_server-4] [INFO] [1788980295.412265926] [map_io]: Read map /workspace/src/f1tenth_planning/maps/autodrive_track_ftg_commit_20260909_025m.pgm: 349 X 877 map @ 0.025 m/cell
[lifecycle_manager-5] [INFO] [1788980295.433659385] [lifecycle_manager_map]: [34m[1mActivating map_server[0m[0m
[map_server-4] [INFO] [1788980295.433862948] [map_server]: Activating
[map_server-4] [INFO] [1788980295.434473988] [map_server]: Creating bond (map_server) to lifecycle manager.
[component_container-9] [INFO] [1788980295.504583610] [controller_container]: Load Library: /workspace/install/lib/libpure_pursuit_node.so
[component_container-9] [INFO] [1788980295.512176725] [controller_container]: Found class: rclcpp_components::NodeFactoryTemplate<f1tenth_control::PurePursuitNode>
[component_container-9] [INFO] [1788980295.513024099] [controller_container]: Instantiate class: rclcpp_components::NodeFactoryTemplate<f1tenth_control::PurePursuitNode>
[component_container-9] [INFO] [1788980295.522297175] [pure_pursuit_node]: Initializing Pure Pursuit Node
[gpu_amcl_cpp_node-6] [INFO] [1788980295.529400700] [gpu_amcl_cpp]: [AMCL] Parameters: update_min_d=0.02000, update_min_a=0.03500, max_scan_age=0.2500, odom_history=1.000s, cloud_publish_rate=1.0 Hz, debug_pre_resample=false, slip_threshold=1.00 rad/s, initial_raceline_heading=false, local_correction_gate=0.30m/0.20rad xy_gain=0.750 cross_track_only=false yaw_gain=0.000 association=0.80m recenter_cloud=true
[lifecycle_manager-5] [INFO] [1788980295.543781956] [lifecycle_manager_map]: Server map_server connected with bond.
[lifecycle_manager-5] [INFO] [1788980295.543838994] [lifecycle_manager_map]: [34m[1mManaged nodes are active[0m[0m
[lifecycle_manager-5] [INFO] [1788980295.543852168] [lifecycle_manager_map]: [34m[1mCreating bond timer...[0m[0m
[component_container-9] [INFO] [1788980295.556903443] [pure_pursuit_node]: Loaded trajectory with 2586 waypoints (51.7 m)
[gpu_amcl_cpp_node-6] [INFO] [1788980295.557627064] [gpu_amcl_cpp]: Particle cloud publishing scan-synchronized, max 1.0 Hz
[gpu_amcl_cpp_node-6] [INFO] [1788980295.557661509] [gpu_amcl_cpp]: GPU AMCL C++ node created — waiting for map...
[component_container-9] [INFO] [1788980295.564444410] [pure_pursuit_node]: Pure Pursuit Node initialized
[INFO] [launch_ros.actions.load_composable_nodes]: Loaded node '/pure_pursuit_node' in container '/controller_container'
[component_container-9] [INFO] [1788980295.564489214] [pure_pursuit_node]:   Trajectory: /workspace/src/f1tenth_planning/trajectories/autodrive_track_ftg_commit_20260909_025m_mintime_raceline.csv (2586 points)
[component_container-9] [INFO] [1788980295.564497700] [pure_pursuit_node]:   Lookahead: 0.35 - 0.95 m (gain: 0.05)
[component_container-9] [INFO] [1788980295.564508811] [pure_pursuit_node]:   Max speed cap: 2.00 m/s
[component_container-9] [INFO] [1788980295.564520433] [pure_pursuit_node]:   Lookahead adapt: cte_weight=1.00 cte_gain=0.042 curvature_gain=1.900
[component_container-9] [INFO] [1788980295.564527406] [pure_pursuit_node]:   Speed adapt: curvature_factor=0.102 floor_ratio=0.52
[component_container-9] [INFO] [1788980295.564534239] [pure_pursuit_node]:   Speed adapt (CTE): factor=1.500 floor_ratio=0.55
[component_container-9] [INFO] [1788980295.564539990] [pure_pursuit_node]:   Speed limits: max_lat_accel=6.50 min_reg_speed=0.00
[component_container-9] [INFO] [1788980295.564545691] [pure_pursuit_node]:   Yaw-rate damping: 0.000 s
[component_container-9] [INFO] [1788980295.564551011] [pure_pursuit_node]:   Target-heading turn-in gain: 0.000
[component_container-9] [INFO] [1788980295.564556461] [pure_pursuit_node]:   Command shaping: steer_rate=3.20 accel=3.00 decel=8.00
[component_container-9] [INFO] [1788980295.564563234] [pure_pursuit_node]:   Pose: /current_map_pose (map frame)
[component_container-9] [INFO] [1788980295.564568894] [pure_pursuit_node]:   Odom: /odom
[component_container-9] [INFO] [1788980295.564573894] [pure_pursuit_node]:   Control trigger: /odom (one command per odometry update; nominal 40.0 Hz)
[component_container-9] [INFO] [1788980295.564580716] [pure_pursuit_node]:   Steering feedback: /autodrive/roboracer_1/steering (lead gain 0.25)
[component_container-9] [INFO] [1788980295.564586517] [pure_pursuit_node]:   Startup path gate: distance <= 0.80 m, heading <= 0.75 rad
[component_container-9] [INFO] [1788980295.564592599] [pure_pursuit_node]:   Command: /cmd/speed
[gpu_amcl_cpp_node-6] [INFO] [1788980295.569469464] [gpu_amcl_cpp]: Received first map (349x877 @ 0.025 m/cell) — initialising PF
[ground_truth_amcl_monitor-7] Traceback (most recent call last):
[ground_truth_amcl_monitor-7]   File "/workspace/install/lib/sdu_apex_autodrive/ground_truth_amcl_monitor", line 33, in <module>
[ground_truth_amcl_monitor-7]     sys.exit(load_entry_point('sdu-apex-autodrive==0.3.0', 'console_scripts', 'ground_truth_amcl_monitor')())
[ground_truth_amcl_monitor-7]   File "/workspace/install/lib/python3.10/site-packages/sdu_apex_autodrive/ground_truth_amcl_monitor.py", line 641, in main
[ground_truth_amcl_monitor-7]     node = GroundTruthAmclMonitor()
[ground_truth_amcl_monitor-7]   File "/workspace/install/lib/python3.10/site-packages/sdu_apex_autodrive/ground_truth_amcl_monitor.py", line 152, in __init__
[ground_truth_amcl_monitor-7]     self.map_provenance = load_map_provenance(provenance_file)
[ground_truth_amcl_monitor-7]   File "/workspace/install/lib/python3.10/site-packages/sdu_apex_autodrive/map_provenance.py", line 99, in load_map_provenance
[ground_truth_amcl_monitor-7]     raise ValueError("map provenance must contain map_yaml")
[ground_truth_amcl_monitor-7] ValueError: map provenance must contain map_yaml
[gpu_amcl_cpp_node-6] [INFO] [1788980295.582802578] [gpu_amcl_cpp]: Loaded 2587 global heading points from /workspace/src/f1tenth_planning/trajectories/autodrive_track_ftg_commit_20260909_025m_mintime_raceline.csv
[calibration-8] [INFO] [1788980295.600209137] [allowed_telemetry_recorder]: Calibration mode=sensor_record duration=180.000 s output=/workspace/src/f1tenth_planning/analysis/amcl_tuning_campaign_20260909/turn_entry_lookahead_2mps/telemetry/sensor_record_20260909_185815.csv
[gpu_amcl_cpp_node-6] [INFO] [1788980295.605955047] [gpu_amcl_cpp]: Global AMCL startup prior centred at saved map start (0.801, 3.158, -1.571) with covariance (0.500, 0.500, 0.200).
[gpu_amcl_cpp_node-6] [INFO] [1788980295.606266242] [gpu_amcl_cpp]: Particle filter initialised with 2500 particles (global)
[gpu_amcl_cpp_node-6] [INFO] [1788980295.606541600] [gpu_amcl_cpp]: Global particle initialization active; waiting for scans before publishing pose
[actuator_interface-10] [INFO] [1788980295.613077988] [autodrive_actuator_interface]: Actuator interface ready; no arming state
[autodrive_bridge_40hz-1] /usr/local/lib/python3.10/dist-packages/numpy/core/getlimits.py:499: UserWarning: The value of the smallest subnormal for <class 'numpy.float64'> type is zero.
[autodrive_bridge_40hz-1]   setattr(self, word, getattr(machar, word).flat[0])
[autodrive_bridge_40hz-1] /usr/local/lib/python3.10/dist-packages/numpy/core/getlimits.py:89: UserWarning: The value of the smallest subnormal for <class 'numpy.float64'> type is zero.
[autodrive_bridge_40hz-1]   return self._float_to_str(self.smallest_subnormal)
[actuator_interface-10] [WARN] [1788980295.615684441] [autodrive_actuator_interface]: Neutral output: no command
[ERROR] [ground_truth_amcl_monitor-7]: process has died [pid 206, exit code 1, cmd '/workspace/install/lib/sdu_apex_autodrive/ground_truth_amcl_monitor --ros-args -r __node:=ground_truth_amcl_monitor --params-file /tmp/launch_params_paqpka00'].
[autodrive_bridge_40hz-1] [autodrive_bridge_40hz] camera decode/publication disabled
[autodrive_bridge_40hz-1] [autodrive_bridge_40hz] bounded request pacing enabled at 40 Hz (max one outstanding request)
[autodrive_bridge_40hz-1] Connected!
[autodrive_bridge_40hz-1] [autodrive_bridge_40hz] dropping incomplete startup packet (missing V1 LIDAR Range Array); requesting retry
[component_container-9] [WARN] [1788980317.540142728] [pure_pursuit_node]: No pose received on /current_map_pose yet
[gpu_amcl_cpp_node-6] [INFO] [1788980317.540358434] [gpu_amcl_cpp]: Received first odometry sample at (0.00, 0.00, 0.00).
[gpu_amcl_cpp_node-6] [INFO] [1788980317.541335051] [gpu_amcl_cpp]: Received LiDAR callback #1 (1081 ranges).
[gpu_amcl_cpp_node-6] [INFO] [1788980317.541380276] [gpu_amcl_cpp]: AMCL odom delta: at_scan=(0.000, 0.000, 0.000) baseline=(0.000, 0.000, 0.000) delta=(0.000, 0.000, 0.000) moved=false scan_age=0.063s
[gpu_amcl_cpp_node-6] [INFO] [1788980317.541400033] [gpu_amcl_cpp]: Starting AMCL scan update #1 (sampled from 1081 ranges).
[gpu_amcl_cpp_node-6] [INFO] [1788980317.563125643] [gpu_amcl_cpp]: AMCL scan update #1 completed; evaluating pose confidence.
[gpu_amcl_cpp_node-6] [INFO] [1788980317.565299102] [gpu_amcl_cpp]: Global AMCL refining: cluster_weight=0.610, covariance xy=0.030 (max 0.250), yaw=0.004 (max 0.120).
[gpu_amcl_cpp_node-6] [INFO] [1788980317.565355227] [gpu_amcl_cpp]: Global AMCL lock evidence: quality=false stable_scans=1/5 travel=0.000/0.750 m (min_weight=0.500).
[gpu_amcl_cpp_node-6] [INFO] [1788980317.752081701] [gpu_amcl_cpp]: Publishing provisional global AMCL pose for localization ramp; travel=0.000/0.750 m stable_scans=5/5.
[component_container-9] [INFO] [1788980318.050382364] [pure_pursuit_node]: Aligned closed trajectory seam to startup pose at original waypoint 1090
[component_container-9] [INFO] [1788980318.050459369] [pure_pursuit_node]: Startup path gate passed: path_distance=0.166 m heading_error=0.301 rad
[component_container-9] [INFO] [1788980318.050479577] [pure_pursuit_node]: Pure Pursuit: pose=(0.801, 3.158, -1.571) cte=-0.166 closest=0 target=31 path_dist=0.166 heading_err=0.301 steer=0.003 speed=0.003
[gpu_amcl_cpp_node-6] [INFO] [1788980318.555032592] [gpu_amcl_cpp]: AMCL odom delta: at_scan=(0.077, 0.001, 0.015) baseline=(0.053, 0.000, 0.011) delta=(0.024, 0.000, 0.005) moved=true scan_age=0.052s
[actuator_interface-10] [INFO] [1788980318.555838408] [autodrive_actuator_interface]: Collision baseline established at cumulative count 0
[component_container-9] [INFO] [1788980319.050841577] [pure_pursuit_node]: Pure Pursuit: pose=(0.869, 2.385, -1.399) cte=-0.013 closest=38 target=73 path_dist=0.013 heading_err=0.089 steer=0.045 speed=1.947
[gpu_amcl_cpp_node-6] [INFO] [1788980319.104695164] [gpu_amcl_cpp]: Global AMCL lock accepted at (0.870, 2.379, -1.400); continuing with local tracking.
[gpu_amcl_cpp_node-6] [INFO] [1788980319.153926816] [gpu_amcl_cpp]: AMCL local correction: odom_prediction=(0.887, 2.284, -1.384) scan=(0.884, 2.261, -1.397) correction=0.024 m/0.013 rad cluster_weight=0.903 publish=true
[gpu_amcl_cpp_node-6] [INFO] [1788980319.602718801] [gpu_amcl_cpp]: AMCL odom delta: at_scan=(1.745, 0.280, 0.229) baseline=(1.647, 0.257, 0.230) delta=(0.098, 0.023, -0.002) moved=true scan_age=0.049s
[component_container-9] [INFO] [1788980320.076241568] [pure_pursuit_node]: Pure Pursuit: pose=(1.241, 0.423, -1.417) cte=0.009 closest=138 target=174 path_dist=0.009 heading_err=-0.020 steer=-0.031 speed=1.958
[gpu_amcl_cpp_node-6] [INFO] [1788980320.179388321] [gpu_amcl_cpp]: AMCL local correction: odom_prediction=(1.256, 0.389, -1.429) scan=(1.258, 0.425, -1.413) correction=0.036 m/0.015 rad cluster_weight=0.951 publish=true
[gpu_amcl_cpp_node-6] [WARN] [1788980320.179463894] [gpu_amcl_cpp]: Clamped accumulated local AMCL correction from 0.133 to 0.120 m.
[gpu_amcl_cpp_node-6] [INFO] [1788980320.625130506] [gpu_amcl_cpp]: AMCL odom delta: at_scan=(3.760, 0.584, 0.051) baseline=(3.660, 0.579, 0.060) delta=(0.100, 0.006, -0.009) moved=true scan_age=0.048s
[component_container-9] [INFO] [1788980321.127193686] [pure_pursuit_node]: Pure Pursuit: pose=(1.369, -1.816, -1.633) cte=-0.014 closest=250 target=286 path_dist=0.014 heading_err=0.026 steer=-0.014 speed=1.946
[gpu_amcl_cpp_node-6] [INFO] [1788980321.230405441] [gpu_amcl_cpp]: AMCL local correction: odom_prediction=(1.362, -1.918, -1.637) scan=(1.364, -1.931, -1.634) correction=0.014 m/0.003 rad cluster_weight=0.963 publish=true
[gpu_amcl_cpp_node-6] [WARN] [1788980321.230458030] [gpu_amcl_cpp]: Clamped accumulated local AMCL correction from 0.130 to 0.120 m.
[gpu_amcl_cpp_node-6] [INFO] [1788980321.628917024] [gpu_amcl_cpp]: AMCL odom delta: at_scan=(5.750, 0.497, -0.095) baseline=(5.651, 0.506, -0.090) delta=(0.099, -0.009, -0.005) moved=true scan_age=0.051s
[component_container-9] [INFO] [1788980322.177064080] [pure_pursuit_node]: Pure Pursuit: pose=(1.161, -3.897, -1.722) cte=-0.004 closest=354 target=390 path_dist=0.004 heading_err=0.008 steer=-0.010 speed=1.979
[gpu_amcl_cpp_node-6] [INFO] [1788980322.279486950] [gpu_amcl_cpp]: AMCL local correction: odom_prediction=(1.149, -3.977, -1.727) scan=(1.149, -3.972, -1.723) correction=0.006 m/0.004 rad cluster_weight=0.934 publish=true
[gpu_amcl_cpp_node-6] [WARN] [1788980322.429711571] [gpu_amcl_cpp]: Clamped accumulated local AMCL correction from 0.123 to 0.120 m.
[gpu_amcl_cpp_node-6] [INFO] [1788980322.579134775] [gpu_amcl_cpp]: Received LiDAR callback #101 (1081 ranges).
[gpu_amcl_cpp_node-6] [INFO] [1788980322.579187474] [gpu_amcl_cpp]: Starting AMCL scan update #101 (sampled from 1081 ranges).
[gpu_amcl_cpp_node-6] [INFO] [1788980322.579996296] [gpu_amcl_cpp]: AMCL scan update #101 completed; evaluating pose confidence.
[gpu_amcl_cpp_node-6] [INFO] [1788980322.677239442] [gpu_amcl_cpp]: AMCL odom delta: at_scan=(7.823, 0.202, -0.176) baseline=(7.727, 0.219, -0.173) delta=(0.096, -0.017, -0.003) moved=true scan_age=0.049s
[component_container-9] [INFO] [1788980323.226979669] [pure_pursuit_node]: Pure Pursuit: pose=(0.791, -5.949, -1.780) cte=-0.004 closest=459 target=495 path_dist=0.004 heading_err=0.002 steer=-0.011 speed=1.983
[gpu_amcl_cpp_node-6] [INFO] [1788980323.328120317] [gpu_amcl_cpp]: AMCL local correction: odom_prediction=(0.763, -6.055, -1.783) scan=(0.771, -6.060, -1.782) correction=0.009 m/0.001 rad cluster_weight=0.936 publish=true
[gpu_amcl_cpp_node-6] [WARN] [1788980323.579594458] [gpu_amcl_cpp]: Clamped accumulated local AMCL correction from 0.129 to 0.120 m.
[gpu_amcl_cpp_node-6] [INFO] [1788980323.725979996] [gpu_amcl_cpp]: AMCL odom delta: at_scan=(9.872, -0.219, -0.228) baseline=(9.774, -0.196, -0.226) delta=(0.098, -0.023, -0.003) moved=true scan_age=0.048s
[component_container-9] [INFO] [1788980324.275238492] [pure_pursuit_node]: Pure Pursuit: pose=(0.306, -7.988, -1.839) cte=0.002 closest=564 target=600 path_dist=0.002 heading_err=-0.005 steer=-0.033 speed=1.951
[gpu_amcl_cpp_node-6] [INFO] [1788980324.379666743] [gpu_amcl_cpp]: AMCL local correction: odom_prediction=(0.275, -8.091, -1.846) scan=(0.284, -8.113, -1.843) correction=0.024 m/0.003 rad cluster_weight=0.976 publish=true
[gpu_amcl_cpp_node-6] [INFO] [1788980324.726982270] [gpu_amcl_cpp]: AMCL odom delta: at_scan=(11.790, -0.752, -0.374) baseline=(11.698, -0.717, -0.356) delta=(0.092, -0.035, -0.018) moved=true scan_age=0.048s
[component_container-9] [INFO] [1788980325.275759156] [pure_pursuit_node]: Pure Pursuit: pose=(-0.470, -9.690, -2.315) cte=0.007 closest=658 target=694 path_dist=0.007 heading_err=0.016 steer=-0.251 speed=1.794
[gpu_amcl_cpp_node-6] [INFO] [1788980325.425717091] [gpu_amcl_cpp]: AMCL local correction: odom_prediction=(-0.603, -9.802, -2.445) scan=(-0.594, -9.799, -2.431) correction=0.010 m/0.014 rad cluster_weight=0.999 publish=true
[gpu_amcl_cpp_node-6] [INFO] [1788980325.778170160] [gpu_amcl_cpp]: AMCL odom delta: at_scan=(13.156, -1.990, -1.335) baseline=(13.132, -1.906, -1.266) delta=(0.023, -0.084, -0.069) moved=true scan_age=0.050s
[component_container-9] [INFO] [1788980326.276287915] [pure_pursuit_node]: Pure Pursuit: pose=(-2.101, -9.886, 2.558) cte=-0.007 closest=748 target=784 path_dist=0.007 heading_err=-0.032 steer=-0.241 speed=1.827
[gpu_amcl_cpp_node-6] [INFO] [1788980326.428348565] [gpu_amcl_cpp]: AMCL local correction: odom_prediction=(-2.237, -9.771, 2.426) scan=(-2.240, -9.768, 2.427) correction=0.005 m/0.001 rad cluster_weight=0.969 publish=true
[gpu_amcl_cpp_node-6] [INFO] [1788980326.827804507] [gpu_amcl_cpp]: AMCL odom delta: at_scan=(12.270, -3.548, -2.650) baseline=(12.354, -3.501, -2.617) delta=(-0.084, -0.047, -0.033) moved=true scan_age=0.050s
[gpu_amcl_cpp_node-6] [WARN] [1788980327.179336658] [gpu_amcl_cpp]: Clamped accumulated local AMCL correction from 0.134 to 0.120 m.
[component_container-9] [INFO] [1788980327.326018829] [pure_pursuit_node]: Pure Pursuit: pose=(-3.040, -8.180, 1.806) cte=0.003 closest=847 target=883 path_dist=0.003 heading_err=-0.011 steer=-0.085 speed=1.921
[gpu_amcl_cpp_node-6] [INFO] [1788980327.428380309] [gpu_amcl_cpp]: AMCL local correction: odom_prediction=(-3.064, -8.081, 1.783) scan=(-3.042, -8.105, 1.789) correction=0.032 m/0.006 rad cluster_weight=0.972 publish=true
[gpu_amcl_cpp_node-6] [INFO] [1788980327.626840849] [gpu_amcl_cpp]: Received LiDAR callback #202 (1081 ranges).
[gpu_amcl_cpp_node-6] [INFO] [1788980327.626897596] [gpu_amcl_cpp]: Starting AMCL scan update #202 (sampled from 1081 ranges).
[gpu_amcl_cpp_node-6] [INFO] [1788980327.627484841] [gpu_amcl_cpp]: AMCL scan update #202 completed; evaluating pose confidence.
[gpu_amcl_cpp_node-6] [INFO] [1788980327.828428502] [gpu_amcl_cpp]: AMCL odom delta: at_scan=(10.360, -4.042, -3.101) baseline=(10.461, -4.038, -3.084) delta=(-0.101, -0.005, -0.018) moved=true scan_age=0.050s
[gpu_amcl_cpp_node-6] [WARN] [1788980328.181963187] [gpu_amcl_cpp]: Clamped accumulated local AMCL correction from 0.200 to 0.120 m.
[component_container-9] [INFO] [1788980328.327132822] [pure_pursuit_node]: Pure Pursuit: pose=(-3.120, -6.207, 1.454) cte=-0.006 closest=946 target=982 path_dist=0.006 heading_err=0.009 steer=-0.049 speed=1.943
[gpu_amcl_cpp_node-6] [INFO] [1788980328.478893985] [gpu_amcl_cpp]: AMCL local correction: odom_prediction=(-3.084, -5.999, 1.426) scan=(-3.012, -6.082, 1.416) correction=0.110 m/0.010 rad cluster_weight=0.965 publish=true
[gpu_amcl_cpp_node-6] [WARN] [1788980328.678083565] [gpu_amcl_cpp]: Queued LiDAR scan until source-time odometry arrives (queued=1).
[gpu_amcl_cpp_node-6] [INFO] [1788980328.876092203] [gpu_amcl_cpp]: AMCL odom delta: at_scan=(8.288, -3.812, 2.901) baseline=(8.383, -3.835, 2.915) delta=(-0.095, 0.023, -0.014) moved=true scan_age=0.049s
[gpu_amcl_cpp_node-6] [WARN] [1788980329.229284070] [gpu_amcl_cpp]: Clamped accumulated local AMCL correction from 0.214 to 0.120 m.
[component_container-9] [INFO] [1788980329.375475546] [pure_pursuit_node]: Pure Pursuit: pose=(-2.634, -4.164, 1.291) cte=-0.004 closest=1051 target=1087 path_dist=0.004 heading_err=0.002 steer=0.001 speed=1.984
[gpu_amcl_cpp_node-6] [INFO] [1788980329.479566237] [gpu_amcl_cpp]: AMCL local correction: odom_prediction=(-2.595, -4.053, 1.291) scan=(-2.496, -4.117, 1.291) correction=0.118 m/0.000 rad cluster_weight=0.924 publish=true
[gpu_amcl_cpp_node-6] [INFO] [1788980329.877971883] [gpu_amcl_cpp]: AMCL odom delta: at_scan=(6.367, -3.276, 2.877) baseline=(6.464, -3.302, 2.879) delta=(-0.097, 0.026, -0.002) moved=true scan_age=0.050s
[gpu_amcl_cpp_node-6] [WARN] [1788980330.276653605] [gpu_amcl_cpp]: Clamped accumulated local AMCL correction from 0.187 to 0.120 m.
[component_container-9] [INFO] [1788980330.426955481] [pure_pursuit_node]: Pure Pursuit: pose=(-2.070, -2.133, 1.314) cte=0.001 closest=1157 target=1193 path_dist=0.001 heading_err=-0.001 steer=0.004 speed=1.988
[gpu_amcl_cpp_node-6] [INFO] [1788980330.479824000] [gpu_amcl_cpp]: AMCL local correction: odom_prediction=(-2.067, -2.127, 1.315) scan=(-1.999, -2.182, 1.312) correction=0.088 m/0.003 rad cluster_weight=0.923 publish=true
[gpu_amcl_cpp_node-6] [INFO] [1788980330.878455788] [gpu_amcl_cpp]: AMCL odom delta: at_scan=(4.440, -2.765, 2.897) baseline=(4.537, -2.790, 2.895) delta=(-0.096, 0.024, 0.002) moved=true scan_age=0.050s
[gpu_amcl_cpp_node-6] [WARN] [1788980331.279490313] [gpu_amcl_cpp]: Clamped accumulated local AMCL correction from 0.157 to 0.120 m.
[component_container-9] [INFO] [1788980331.479493057] [pure_pursuit_node]: Pure Pursuit: pose=(-1.572, -0.080, 1.359) cte=0.003 closest=1262 target=1298 path_dist=0.003 heading_err=0.004 steer=0.023 speed=1.980
[gpu_amcl_cpp_node-6] [INFO] [1788980331.482076326] [gpu_amcl_cpp]: AMCL local correction: odom_prediction=(-1.592, -0.178, 1.355) scan=(-1.565, -0.179, 1.364) correction=0.027 m/0.008 rad cluster_weight=0.958 publish=true
[gpu_amcl_cpp_node-6] [INFO] [1788980331.881005129] [gpu_amcl_cpp]: AMCL odom delta: at_scan=(2.486, -2.342, 2.969) baseline=(2.584, -2.360, 2.966) delta=(-0.098, 0.017, 0.003) moved=true scan_age=0.049s
[gpu_amcl_cpp_node-6] [WARN] [1788980332.329506878] [gpu_amcl_cpp]: Clamped accumulated local AMCL correction from 0.148 to 0.120 m.
[component_container-9] [INFO] [1788980332.481637001] [pure_pursuit_node]: Pure Pursuit: pose=(-1.288, 1.859, 1.495) cte=-0.017 closest=1361 target=1396 path_dist=0.017 heading_err=0.014 steer=0.070 speed=1.873
[gpu_amcl_cpp_node-6] [INFO] [1788980332.485379651] [gpu_amcl_cpp]: AMCL local correction: odom_prediction=(-1.295, 1.762, 1.482) scan=(-1.263, 1.705, 1.482) correction=0.065 m/0.000 rad cluster_weight=0.964 publish=true
[gpu_amcl_cpp_node-6] [INFO] [1788980332.654003969] [gpu_amcl_cpp]: Received LiDAR callback #303 (1081 ranges).
[gpu_amcl_cpp_node-6] [INFO] [1788980332.654069252] [gpu_amcl_cpp]: Starting AMCL scan update #303 (sampled from 1081 ranges).
[gpu_amcl_cpp_node-6] [INFO] [1788980332.654830344] [gpu_amcl_cpp]: AMCL scan update #303 completed; evaluating pose confidence.
[gpu_amcl_cpp_node-6] [INFO] [1788980332.905480676] [gpu_amcl_cpp]: AMCL odom delta: at_scan=(0.493, -2.169, -3.030) baseline=(0.590, -2.160, -3.064) delta=(-0.097, -0.009, 0.035) moved=true scan_age=0.050s
[gpu_amcl_cpp_node-6] [WARN] [1788980333.351215446] [gpu_amcl_cpp]: Clamped accumulated local AMCL correction from 0.191 to 0.120 m.
[component_container-9] [INFO] [1788980333.500161097] [pure_pursuit_node]: Pure Pursuit: pose=(-1.645, 3.483, 2.197) cte=-0.042 closest=1446 target=1481 path_dist=0.042 heading_err=-0.032 steer=0.331 speed=1.598
[gpu_amcl_cpp_node-6] [INFO] [1788980333.502266197] [gpu_amcl_cpp]: AMCL local correction: odom_prediction=(-1.606, 3.424, 2.132) scan=(-1.572, 3.325, 2.134) correction=0.105 m/0.003 rad cluster_weight=0.977 publish=true
[gpu_amcl_cpp_node-6] [INFO] [1788980333.906601172] [gpu_amcl_cpp]: AMCL odom delta: at_scan=(-0.756, -2.909, -1.916) baseline=(-0.727, -2.839, -2.008) delta=(-0.029, -0.070, 0.091) moved=true scan_age=0.050s
[gpu_amcl_cpp_node-6] [WARN] [1788980334.354444074] [gpu_amcl_cpp]: Clamped accumulated local AMCL correction from 0.198 to 0.120 m.
[component_container-9] [INFO] [1788980334.501190176] [pure_pursuit_node]: Pure Pursuit: pose=(-2.949, 3.505, -2.181) cte=0.025 closest=1525 target=1560 path_dist=0.025 heading_err=0.039 steer=0.325 speed=1.716
[gpu_amcl_cpp_node-6] [INFO] [1788980334.503121639] [gpu_amcl_cpp]: AMCL local correction: odom_prediction=(-2.898, 3.569, -2.267) scan=(-2.852, 3.475, -2.259) correction=0.105 m/0.007 rad cluster_weight=0.964 publish=true
[gpu_amcl_cpp_node-6] [INFO] [1788980334.907502868] [gpu_amcl_cpp]: AMCL odom delta: at_scan=(0.101, -3.996, -0.158) baseline=(0.013, -3.980, -0.195) delta=(0.088, -0.016, 0.037) moved=true scan_age=0.053s
[gpu_amcl_cpp_node-6] [WARN] [1788980335.378623792] [gpu_amcl_cpp]: Clamped accumulated local AMCL correction from 0.158 to 0.120 m.
[component_container-9] [INFO] [1788980335.527515609] [pure_pursuit_node]: Pure Pursuit: pose=(-3.250, 1.668, -1.683) cte=-0.008 closest=1618 target=1654 path_dist=0.008 heading_err=-0.005 steer=-0.024 speed=1.880
[gpu_amcl_cpp_node-6] [INFO] [1788980335.530761745] [gpu_amcl_cpp]: AMCL local correction: odom_prediction=(-3.243, 1.760, -1.683) scan=(-3.205, 1.710, -1.664) correction=0.063 m/0.019 rad cluster_weight=0.946 publish=true
[gpu_amcl_cpp_node-6] [INFO] [1788980335.928524762] [gpu_amcl_cpp]: AMCL odom delta: at_scan=(2.087, -4.226, -0.187) baseline=(1.989, -4.208, -0.168) delta=(0.098, -0.018, -0.019) moved=true scan_age=0.051s
[gpu_amcl_cpp_node-6] [WARN] [1788980336.379177231] [gpu_amcl_cpp]: Clamped accumulated local AMCL correction from 0.168 to 0.120 m.
[component_container-9] [INFO] [1788980336.576884659] [pure_pursuit_node]: Pure Pursuit: pose=(-3.871, -0.119, -2.386) cte=0.009 closest=1715 target=1750 path_dist=0.009 heading_err=0.025 steer=-0.235 speed=1.686
[gpu_amcl_cpp_node-6] [INFO] [1788980336.579312736] [gpu_amcl_cpp]: AMCL local correction: odom_prediction=(-3.816, -0.064, -2.326) scan=(-3.755, -0.125, -2.318) correction=0.086 m/0.008 rad cluster_weight=0.976 publish=true
[gpu_amcl_cpp_node-6] [INFO] [1788980336.929606209] [gpu_amcl_cpp]: AMCL odom delta: at_scan=(3.459, -5.167, -1.180) baseline=(3.425, -5.091, -1.113) delta=(0.034, -0.076, -0.067) moved=true scan_age=0.049s
[gpu_amcl_cpp_node-6] [WARN] [1788980337.379464079] [gpu_amcl_cpp]: Clamped accumulated local AMCL correction from 0.172 to 0.120 m.
[component_container-9] [INFO] [1788980337.626391327] [pure_pursuit_node]: Pure Pursuit: pose=(-5.386, -0.136, 2.310) cte=-0.012 closest=1801 target=1836 path_dist=0.012 heading_err=-0.041 steer=-0.224 speed=1.838
[gpu_amcl_cpp_node-6] [INFO] [1788980337.629003711] [gpu_amcl_cpp]: AMCL local correction: odom_prediction=(-5.330, -0.195, 2.381) scan=(-5.298, -0.229, 2.388) correction=0.046 m/0.007 rad cluster_weight=0.943 publish=true
[gpu_amcl_cpp_node-6] [INFO] [1788980337.676039615] [gpu_amcl_cpp]: Received LiDAR callback #403 (1081 ranges).
[gpu_amcl_cpp_node-6] [INFO] [1788980337.676087786] [gpu_amcl_cpp]: Starting AMCL scan update #403 (sampled from 1081 ranges).
[gpu_amcl_cpp_node-6] [INFO] [1788980337.676681272] [gpu_amcl_cpp]: AMCL scan update #403 completed; evaluating pose confidence.
[gpu_amcl_cpp_node-6] [INFO] [1788980337.977705026] [gpu_amcl_cpp]: AMCL odom delta: at_scan=(2.736, -6.573, -2.720) baseline=(2.821, -6.532, -2.681) delta=(-0.086, -0.040, -0.039) moved=true scan_age=0.049s
[gpu_amcl_cpp_node-6] [WARN] [1788980338.380679715] [gpu_amcl_cpp]: Clamped accumulated local AMCL correction from 0.158 to 0.120 m.
[component_container-9] [INFO] [1788980338.628387049] [pure_pursuit_node]: Pure Pursuit: pose=(-6.038, 1.664, 1.733) cte=-0.007 closest=1897 target=1933 path_dist=0.007 heading_err=0.014 steer=-0.037 speed=1.955
[gpu_amcl_cpp_node-6] [INFO] [1788980338.631897602] [gpu_amcl_cpp]: AMCL local correction: odom_prediction=(-6.020, 1.571, 1.741) scan=(-5.981, 1.527, 1.730) correction=0.059 m/0.011 rad cluster_weight=0.948 publish=true
[gpu_amcl_cpp_node-6] [INFO] [1788980338.980142856] [gpu_amcl_cpp]: AMCL odom delta: at_scan=(0.811, -7.000, -3.041) baseline=(0.911, -6.989, -3.030) delta=(-0.100, -0.011, -0.011) moved=true scan_age=0.050s
[gpu_amcl_cpp_node-6] [WARN] [1788980339.381613173] [gpu_amcl_cpp]: Clamped accumulated local AMCL correction from 0.181 to 0.120 m.
[component_container-9] [INFO] [1788980339.629318060] [pure_pursuit_node]: Pure Pursuit: pose=(-6.157, 3.643, 1.514) cte=-0.005 closest=1996 target=2032 path_dist=0.005 heading_err=0.007 steer=-0.045 speed=1.955
[gpu_amcl_cpp_node-6] [INFO] [1788980339.632148514] [gpu_amcl_cpp]: AMCL local correction: odom_prediction=(-6.163, 3.547, 1.523) scan=(-6.115, 3.480, 1.505) correction=0.082 m/0.018 rad cluster_weight=0.950 publish=true
[gpu_amcl_cpp_node-6] [INFO] [1788980340.027367691] [gpu_amcl_cpp]: AMCL odom delta: at_scan=(-1.272, -6.959, 2.989) baseline=(-1.173, -6.973, 3.003) delta=(-0.099, 0.015, -0.014) moved=true scan_age=0.049s
[gpu_amcl_cpp_node-6] [WARN] [1788980340.429838416] [gpu_amcl_cpp]: Clamped accumulated local AMCL correction from 0.236 to 0.120 m.
[component_container-9] [INFO] [1788980340.676754758] [pure_pursuit_node]: Pure Pursuit: pose=(-5.748, 5.665, 1.189) cte=-0.005 closest=2100 target=2136 path_dist=0.005 heading_err=0.004 steer=-0.071 speed=1.852
[gpu_amcl_cpp_node-6] [INFO] [1788980340.679757916] [gpu_amcl_cpp]: AMCL local correction: odom_prediction=(-5.783, 5.576, 1.208) scan=(-5.706, 5.428, 1.182) correction=0.166 m/0.026 rad cluster_weight=0.981 publish=true
[gpu_amcl_cpp_node-6] [INFO] [1788980341.052881319] [gpu_amcl_cpp]: AMCL odom delta: at_scan=(-3.184, -6.330, 2.635) baseline=(-3.099, -6.376, 2.654) delta=(-0.085, 0.046, -0.019) moved=true scan_age=0.049s
[gpu_amcl_cpp_node-6] [WARN] [1788980341.454302085] [gpu_amcl_cpp]: Clamped accumulated local AMCL correction from 0.298 to 0.120 m.
[component_container-9] [INFO] [1788980341.677853376] [pure_pursuit_node]: Pure Pursuit: pose=(-4.656, 7.179, 0.591) cte=-0.007 closest=2195 target=2230 path_dist=0.007 heading_err=-0.009 steer=-0.133 speed=1.868
[gpu_amcl_cpp_node-6] [INFO] [1788980341.680888976] [gpu_amcl_cpp]: AMCL local correction: odom_prediction=(-4.731, 7.127, 0.630) scan=(-4.663, 6.873, 0.623) correction=0.264 m/0.007 rad cluster_weight=0.993 publish=true
[actuator_interface-10] [ERROR] [1788980341.834726528] [autodrive_actuator_interface]: Collision count increased to 1; terminal stop latched, no simulator reset published
[actuator_interface-10] [WARN] [1788980341.840307866] [autodrive_actuator_interface]: Neutral output: external stop
[gpu_amcl_cpp_node-6] [INFO] [1788980342.058569367] [gpu_amcl_cpp]: AMCL odom delta: at_scan=(-4.408, -5.034, 2.077) baseline=(-4.393, -5.061, 2.077) delta=(-0.015, 0.027, 0.000) moved=true scan_age=0.049s
[component_container-9] [INFO] [1788980342.679206625] [pure_pursuit_node]: Pure Pursuit: pose=(-4.261, 7.680, 0.506) cte=-0.267 closest=2222 target=2253 path_dist=0.267 heading_err=-0.126 steer=-0.524 speed=1.349
[gpu_amcl_cpp_node-6] [INFO] [1788980342.680573886] [gpu_amcl_cpp]: Received LiDAR callback #500 (1081 ranges).
[gpu_amcl_cpp_node-6] [INFO] [1788980343.102405811] [gpu_amcl_cpp]: AMCL odom delta: at_scan=(-4.444, -4.970, 2.077) baseline=(-4.444, -4.970, 2.077) delta=(0.000, 0.000, 0.000) moved=false scan_age=0.050s
[component_container-9] [INFO] [1788980343.699975525] [pure_pursuit_node]: Pure Pursuit: pose=(-4.261, 7.680, 0.506) cte=-0.267 closest=2222 target=2253 path_dist=0.267 heading_err=-0.126 steer=-0.524 speed=1.349
[gpu_amcl_cpp_node-6] [INFO] [1788980344.103647848] [gpu_amcl_cpp]: AMCL odom delta: at_scan=(-4.444, -4.970, 2.077) baseline=(-4.444, -4.970, 2.077) delta=(0.000, 0.000, 0.000) moved=false scan_age=0.050s
[component_container-9] [INFO] [1788980344.700790013] [pure_pursuit_node]: Pure Pursuit: pose=(-4.261, 7.680, 0.506) cte=-0.267 closest=2222 target=2253 path_dist=0.267 heading_err=-0.126 steer=-0.524 speed=1.349
[gpu_amcl_cpp_node-6] [INFO] [1788980345.151313266] [gpu_amcl_cpp]: AMCL odom delta: at_scan=(-4.444, -4.970, 2.077) baseline=(-4.444, -4.970, 2.077) delta=(0.000, 0.000, 0.000) moved=false scan_age=0.049s
[component_container-9] [INFO] [1788980345.703346620] [pure_pursuit_node]: Pure Pursuit: pose=(-4.261, 7.680, 0.506) cte=-0.267 closest=2222 target=2253 path_dist=0.267 heading_err=-0.126 steer=-0.524 speed=1.349
[gpu_amcl_cpp_node-6] [INFO] [1788980346.154237060] [gpu_amcl_cpp]: AMCL odom delta: at_scan=(-4.444, -4.970, 2.077) baseline=(-4.444, -4.970, 2.077) delta=(0.000, 0.000, 0.000) moved=false scan_age=0.050s
[component_container-9] [INFO] [1788980346.750421062] [pure_pursuit_node]: Pure Pursuit: pose=(-4.261, 7.680, 0.506) cte=-0.267 closest=2222 target=2253 path_dist=0.267 heading_err=-0.126 steer=-0.524 speed=1.349
[gpu_amcl_cpp_node-6] [INFO] [1788980347.203824094] [gpu_amcl_cpp]: AMCL odom delta: at_scan=(-4.444, -4.970, 2.077) baseline=(-4.444, -4.970, 2.077) delta=(0.000, 0.000, 0.000) moved=false scan_age=0.050s
[gpu_amcl_cpp_node-6] [INFO] [1788980347.728598176] [gpu_amcl_cpp]: Received LiDAR callback #600 (1081 ranges).
[component_container-9] [INFO] [1788980347.775803124] [pure_pursuit_node]: Pure Pursuit: pose=(-4.261, 7.680, 0.506) cte=-0.267 closest=2222 target=2253 path_dist=0.267 heading_err=-0.126 steer=-0.524 speed=1.349
[gpu_amcl_cpp_node-6] [INFO] [1788980348.229513289] [gpu_amcl_cpp]: AMCL odom delta: at_scan=(-4.444, -4.970, 2.077) baseline=(-4.444, -4.970, 2.077) delta=(0.000, 0.000, 0.000) moved=false scan_age=0.052s
[component_container-9] [INFO] [1788980348.780692913] [pure_pursuit_node]: Pure Pursuit: pose=(-4.261, 7.680, 0.506) cte=-0.267 closest=2222 target=2253 path_dist=0.267 heading_err=-0.126 steer=-0.524 speed=1.349
[gpu_amcl_cpp_node-6] [INFO] [1788980349.277839425] [gpu_amcl_cpp]: AMCL odom delta: at_scan=(-4.444, -4.970, 2.077) baseline=(-4.444, -4.970, 2.077) delta=(0.000, 0.000, 0.000) moved=false scan_age=0.050s
[component_container-9] [INFO] [1788980349.826787359] [pure_pursuit_node]: Pure Pursuit: pose=(-4.261, 7.680, 0.506) cte=-0.267 closest=2222 target=2253 path_dist=0.267 heading_err=-0.126 steer=-0.524 speed=1.349
[gpu_amcl_cpp_node-6] [INFO] [1788980350.327004821] [gpu_amcl_cpp]: AMCL odom delta: at_scan=(-4.444, -4.970, 2.077) baseline=(-4.444, -4.970, 2.077) delta=(0.000, 0.000, 0.000) moved=false scan_age=0.049s
[component_container-9] [INFO] [1788980350.827114990] [pure_pursuit_node]: Pure Pursuit: pose=(-4.261, 7.680, 0.506) cte=-0.267 closest=2222 target=2253 path_dist=0.267 heading_err=-0.126 steer=-0.524 speed=1.349
[gpu_amcl_cpp_node-6] [INFO] [1788980351.377083594] [gpu_amcl_cpp]: AMCL odom delta: at_scan=(-4.444, -4.970, 2.077) baseline=(-4.444, -4.970, 2.077) delta=(0.000, 0.000, 0.000) moved=false scan_age=0.050s
[component_container-9] [INFO] [1788980351.876100372] [pure_pursuit_node]: Pure Pursuit: pose=(-4.261, 7.680, 0.506) cte=-0.267 closest=2222 target=2253 path_dist=0.267 heading_err=-0.126 steer=-0.524 speed=1.349
[gpu_amcl_cpp_node-6] [INFO] [1788980352.378250971] [gpu_amcl_cpp]: AMCL odom delta: at_scan=(-4.444, -4.970, 2.077) baseline=(-4.444, -4.970, 2.077) delta=(0.000, 0.000, 0.000) moved=false scan_age=0.050s
[gpu_amcl_cpp_node-6] [INFO] [1788980352.777555730] [gpu_amcl_cpp]: Received LiDAR callback #701 (1081 ranges).
[component_container-9] [INFO] [1788980352.877122161] [pure_pursuit_node]: Pure Pursuit: pose=(-4.261, 7.680, 0.506) cte=-0.267 closest=2222 target=2253 path_dist=0.267 heading_err=-0.126 steer=-0.524 speed=1.349
[gpu_amcl_cpp_node-6] [INFO] [1788980353.378544597] [gpu_amcl_cpp]: AMCL odom delta: at_scan=(-4.444, -4.970, 2.077) baseline=(-4.444, -4.970, 2.077) delta=(0.000, 0.000, 0.000) moved=false scan_age=0.050s
[component_container-9] [INFO] [1788980353.925362344] [pure_pursuit_node]: Pure Pursuit: pose=(-4.261, 7.680, 0.506) cte=-0.267 closest=2222 target=2253 path_dist=0.267 heading_err=-0.126 steer=-0.524 speed=1.349
[gpu_amcl_cpp_node-6] [INFO] [1788980354.380442552] [gpu_amcl_cpp]: AMCL odom delta: at_scan=(-4.444, -4.970, 2.077) baseline=(-4.444, -4.970, 2.077) delta=(0.000, 0.000, 0.000) moved=false scan_age=0.049s
[component_container-9] [INFO] [1788980354.928053726] [pure_pursuit_node]: Pure Pursuit: pose=(-4.261, 7.680, 0.506) cte=-0.267 closest=2222 target=2253 path_dist=0.267 heading_err=-0.126 steer=-0.524 speed=1.349
[gpu_amcl_cpp_node-6] [INFO] [1788980355.428844345] [gpu_amcl_cpp]: AMCL odom delta: at_scan=(-4.444, -4.970, 2.077) baseline=(-4.444, -4.970, 2.077) delta=(0.000, 0.000, 0.000) moved=false scan_age=0.050s
[component_container-9] [INFO] [1788980355.931501083] [pure_pursuit_node]: Pure Pursuit: pose=(-4.261, 7.680, 0.506) cte=-0.267 closest=2222 target=2253 path_dist=0.267 heading_err=-0.126 steer=-0.524 speed=1.349
[gpu_amcl_cpp_node-6] [INFO] [1788980356.457054281] [gpu_amcl_cpp]: AMCL odom delta: at_scan=(-4.444, -4.970, 2.077) baseline=(-4.444, -4.970, 2.077) delta=(0.000, 0.000, 0.000) moved=false scan_age=0.051s
[component_container-9] [INFO] [1788980356.977103026] [pure_pursuit_node]: Pure Pursuit: pose=(-4.261, 7.680, 0.506) cte=-0.267 closest=2222 target=2253 path_dist=0.267 heading_err=-0.126 steer=-0.524 speed=1.349
[gpu_amcl_cpp_node-6] [INFO] [1788980357.478716524] [gpu_amcl_cpp]: AMCL odom delta: at_scan=(-4.444, -4.970, 2.077) baseline=(-4.444, -4.970, 2.077) delta=(0.000, 0.000, 0.000) moved=false scan_age=0.050s
[gpu_amcl_cpp_node-6] [INFO] [1788980357.827340715] [gpu_amcl_cpp]: Received LiDAR callback #801 (1081 ranges).
[component_container-9] [INFO] [1788980358.025596329] [pure_pursuit_node]: Pure Pursuit: pose=(-4.261, 7.680, 0.506) cte=-0.267 closest=2222 target=2253 path_dist=0.267 heading_err=-0.126 steer=-0.524 speed=1.349
[gpu_amcl_cpp_node-6] [INFO] [1788980358.527913435] [gpu_amcl_cpp]: AMCL odom delta: at_scan=(-4.444, -4.970, 2.077) baseline=(-4.444, -4.970, 2.077) delta=(0.000, 0.000, 0.000) moved=false scan_age=0.050s
[component_container-9] [INFO] [1788980359.075595915] [pure_pursuit_node]: Pure Pursuit: pose=(-4.261, 7.680, 0.506) cte=-0.267 closest=2222 target=2253 path_dist=0.267 heading_err=-0.126 steer=-0.524 speed=1.349
[gpu_amcl_cpp_node-6] [INFO] [1788980359.530651468] [gpu_amcl_cpp]: AMCL odom delta: at_scan=(-4.444, -4.970, 2.077) baseline=(-4.444, -4.970, 2.077) delta=(0.000, 0.000, 0.000) moved=false scan_age=0.050s
[component_container-9] [INFO] [1788980360.102469317] [pure_pursuit_node]: Pure Pursuit: pose=(-4.261, 7.680, 0.506) cte=-0.267 closest=2222 target=2253 path_dist=0.267 heading_err=-0.126 steer=-0.524 speed=1.349
[gpu_amcl_cpp_node-6] [INFO] [1788980360.560432304] [gpu_amcl_cpp]: AMCL odom delta: at_scan=(-4.444, -4.970, 2.077) baseline=(-4.444, -4.970, 2.077) delta=(0.000, 0.000, 0.000) moved=false scan_age=0.053s
[component_container-9] [INFO] [1788980361.150960498] [pure_pursuit_node]: Pure Pursuit: pose=(-4.261, 7.680, 0.506) cte=-0.267 closest=2222 target=2253 path_dist=0.267 heading_err=-0.126 steer=-0.524 speed=1.349
[gpu_amcl_cpp_node-6] [INFO] [1788980361.602945218] [gpu_amcl_cpp]: AMCL odom delta: at_scan=(-4.444, -4.970, 2.077) baseline=(-4.444, -4.970, 2.077) delta=(0.000, 0.000, 0.000) moved=false scan_age=0.049s
[component_container-9] [INFO] [1788980362.152149887] [pure_pursuit_node]: Pure Pursuit: pose=(-4.261, 7.680, 0.506) cte=-0.267 closest=2222 target=2253 path_dist=0.267 heading_err=-0.126 steer=-0.524 speed=1.349
[gpu_amcl_cpp_node-6] [INFO] [1788980362.606739431] [gpu_amcl_cpp]: AMCL odom delta: at_scan=(-4.444, -4.970, 2.077) baseline=(-4.444, -4.970, 2.077) delta=(0.000, 0.000, 0.000) moved=false scan_age=0.050s
[gpu_amcl_cpp_node-6] [INFO] [1788980362.877751737] [gpu_amcl_cpp]: Received LiDAR callback #900 (1081 ranges).
[component_container-9] [INFO] [1788980363.176884470] [pure_pursuit_node]: Pure Pursuit: pose=(-4.261, 7.680, 0.506) cte=-0.267 closest=2222 target=2253 path_dist=0.267 heading_err=-0.126 steer=-0.524 speed=1.349
[gpu_amcl_cpp_node-6] [INFO] [1788980363.654470923] [gpu_amcl_cpp]: AMCL odom delta: at_scan=(-4.444, -4.970, 2.077) baseline=(-4.444, -4.970, 2.077) delta=(0.000, 0.000, 0.000) moved=false scan_age=0.049s
[component_container-9] [INFO] [1788980364.177099389] [pure_pursuit_node]: Pure Pursuit: pose=(-4.261, 7.680, 0.506) cte=-0.267 closest=2222 target=2253 path_dist=0.267 heading_err=-0.126 steer=-0.524 speed=1.349
[gpu_amcl_cpp_node-6] [INFO] [1788980364.680098253] [gpu_amcl_cpp]: AMCL odom delta: at_scan=(-4.444, -4.970, 2.077) baseline=(-4.444, -4.970, 2.077) delta=(0.000, 0.000, 0.000) moved=false scan_age=0.050s
[component_container-9] [INFO] [1788980365.203771078] [pure_pursuit_node]: Pure Pursuit: pose=(-4.261, 7.680, 0.506) cte=-0.267 closest=2222 target=2253 path_dist=0.267 heading_err=-0.126 steer=-0.524 speed=1.349
[gpu_amcl_cpp_node-6] [INFO] [1788980365.701036204] [gpu_amcl_cpp]: AMCL odom delta: at_scan=(-4.444, -4.970, 2.077) baseline=(-4.444, -4.970, 2.077) delta=(0.000, 0.000, 0.000) moved=false scan_age=0.049s
[component_container-9] [INFO] [1788980366.206663767] [pure_pursuit_node]: Pure Pursuit: pose=(-4.261, 7.680, 0.506) cte=-0.267 closest=2222 target=2253 path_dist=0.267 heading_err=-0.126 steer=-0.524 speed=1.349
[gpu_amcl_cpp_node-6] [INFO] [1788980366.702528315] [gpu_amcl_cpp]: AMCL odom delta: at_scan=(-4.444, -4.970, 2.077) baseline=(-4.444, -4.970, 2.077) delta=(0.000, 0.000, 0.000) moved=false scan_age=0.049s
[component_container-9] [INFO] [1788980367.251102435] [pure_pursuit_node]: Pure Pursuit: pose=(-4.261, 7.680, 0.506) cte=-0.267 closest=2222 target=2253 path_dist=0.267 heading_err=-0.126 steer=-0.524 speed=1.349
[gpu_amcl_cpp_node-6] [INFO] [1788980367.793743303] [gpu_amcl_cpp]: AMCL odom delta: at_scan=(-4.444, -4.970, 2.077) baseline=(-4.444, -4.970, 2.077) delta=(0.000, 0.000, 0.000) moved=false scan_age=0.091s
[gpu_amcl_cpp_node-6] [INFO] [1788980367.902443680] [gpu_amcl_cpp]: Received LiDAR callback #997 (1081 ranges).
[component_container-9] [INFO] [1788980368.278995796] [pure_pursuit_node]: Pure Pursuit: pose=(-4.261, 7.680, 0.506) cte=-0.267 closest=2222 target=2253 path_dist=0.267 heading_err=-0.126 steer=-0.524 speed=1.349
[gpu_amcl_cpp_node-6] [INFO] [1788980368.827556133] [gpu_amcl_cpp]: AMCL odom delta: at_scan=(-4.444, -4.970, 2.077) baseline=(-4.444, -4.970, 2.077) delta=(0.000, 0.000, 0.000) moved=false scan_age=0.049s
[component_container-9] [INFO] [1788980369.327579282] [pure_pursuit_node]: Pure Pursuit: pose=(-4.261, 7.680, 0.506) cte=-0.267 closest=2222 target=2253 path_dist=0.267 heading_err=-0.126 steer=-0.524 speed=1.349
[gpu_amcl_cpp_node-6] [INFO] [1788980369.854281265] [gpu_amcl_cpp]: AMCL odom delta: at_scan=(-4.444, -4.970, 2.077) baseline=(-4.444, -4.970, 2.077) delta=(0.000, 0.000, 0.000) moved=false scan_age=0.051s
[component_container-9] [INFO] [1788980370.327847391] [pure_pursuit_node]: Pure Pursuit: pose=(-4.261, 7.680, 0.506) cte=-0.267 closest=2222 target=2253 path_dist=0.267 heading_err=-0.126 steer=-0.524 speed=1.349
[gpu_amcl_cpp_node-6] [WARN] [1788980370.529188717] [gpu_amcl_cpp]: Queued LiDAR scan until source-time odometry arrives (queued=1).
[gpu_amcl_cpp_node-6] [INFO] [1788980370.879201994] [gpu_amcl_cpp]: AMCL odom delta: at_scan=(-4.444, -4.970, 2.077) baseline=(-4.444, -4.970, 2.077) delta=(0.000, 0.000, 0.000) moved=false scan_age=0.050s
[component_container-9] [INFO] [1788980371.376011901] [pure_pursuit_node]: Pure Pursuit: pose=(-4.261, 7.680, 0.506) cte=-0.267 closest=2222 target=2253 path_dist=0.267 heading_err=-0.126 steer=-0.524 speed=1.349
[gpu_amcl_cpp_node-6] [INFO] [1788980371.901176103] [gpu_amcl_cpp]: AMCL odom delta: at_scan=(-4.444, -4.970, 2.077) baseline=(-4.444, -4.970, 2.077) delta=(0.000, 0.000, 0.000) moved=false scan_age=0.049s
[component_container-9] [INFO] [1788980372.403131013] [pure_pursuit_node]: Pure Pursuit: pose=(-4.261, 7.680, 0.506) cte=-0.267 closest=2222 target=2253 path_dist=0.267 heading_err=-0.126 steer=-0.524 speed=1.349
[gpu_amcl_cpp_node-6] [INFO] [1788980372.930308267] [gpu_amcl_cpp]: Received LiDAR callback #1096 (1081 ranges).
[gpu_amcl_cpp_node-6] [INFO] [1788980372.930359493] [gpu_amcl_cpp]: AMCL odom delta: at_scan=(-4.444, -4.970, 2.077) baseline=(-4.444, -4.970, 2.077) delta=(0.000, 0.000, 0.000) moved=false scan_age=0.051s
[component_container-9] [INFO] [1788980373.405277490] [pure_pursuit_node]: Pure Pursuit: pose=(-4.261, 7.680, 0.506) cte=-0.267 closest=2222 target=2253 path_dist=0.267 heading_err=-0.126 steer=-0.524 speed=1.349
[gpu_amcl_cpp_node-6] [INFO] [1788980373.978327342] [gpu_amcl_cpp]: AMCL odom delta: at_scan=(-4.444, -4.970, 2.077) baseline=(-4.444, -4.970, 2.077) delta=(0.000, 0.000, 0.000) moved=false scan_age=0.050s
[component_container-9] [INFO] [1788980374.425542624] [pure_pursuit_node]: Pure Pursuit: pose=(-4.261, 7.680, 0.506) cte=-0.267 closest=2222 target=2253 path_dist=0.267 heading_err=-0.126 steer=-0.524 speed=1.349
[gpu_amcl_cpp_node-6] [INFO] [1788980375.007720308] [gpu_amcl_cpp]: AMCL odom delta: at_scan=(-4.444, -4.970, 2.077) baseline=(-4.444, -4.970, 2.077) delta=(0.000, 0.000, 0.000) moved=false scan_age=0.050s
[component_container-9] [INFO] [1788980375.427214853] [pure_pursuit_node]: Pure Pursuit: pose=(-4.261, 7.680, 0.506) cte=-0.267 closest=2222 target=2253 path_dist=0.267 heading_err=-0.126 steer=-0.524 speed=1.349
[gpu_amcl_cpp_node-6] [INFO] [1788980376.055423592] [gpu_amcl_cpp]: AMCL odom delta: at_scan=(-4.444, -4.970, 2.077) baseline=(-4.444, -4.970, 2.077) delta=(0.000, 0.000, 0.000) moved=false scan_age=0.051s
[component_container-9] [INFO] [1788980376.477297859] [pure_pursuit_node]: Pure Pursuit: pose=(-4.261, 7.680, 0.506) cte=-0.267 closest=2222 target=2253 path_dist=0.267 heading_err=-0.126 steer=-0.524 speed=1.349
[gpu_amcl_cpp_node-6] [INFO] [1788980377.101824928] [gpu_amcl_cpp]: AMCL odom delta: at_scan=(-4.444, -4.970, 2.077) baseline=(-4.444, -4.970, 2.077) delta=(0.000, 0.000, 0.000) moved=false scan_age=0.049s
[component_container-9] [INFO] [1788980377.502578551] [pure_pursuit_node]: Pure Pursuit: pose=(-4.261, 7.680, 0.506) cte=-0.267 closest=2222 target=2253 path_dist=0.267 heading_err=-0.126 steer=-0.524 speed=1.349
[gpu_amcl_cpp_node-6] [INFO] [1788980377.980856301] [gpu_amcl_cpp]: Received LiDAR callback #1192 (1081 ranges).
[gpu_amcl_cpp_node-6] [INFO] [1788980378.131409620] [gpu_amcl_cpp]: AMCL odom delta: at_scan=(-4.444, -4.970, 2.077) baseline=(-4.444, -4.970, 2.077) delta=(0.000, 0.000, 0.000) moved=false scan_age=0.049s
[component_container-9] [INFO] [1788980378.555517521] [pure_pursuit_node]: Pure Pursuit: pose=(-4.261, 7.680, 0.506) cte=-0.267 closest=2222 target=2253 path_dist=0.267 heading_err=-0.126 steer=-0.524 speed=1.349
[gpu_amcl_cpp_node-6] [INFO] [1788980379.155129804] [gpu_amcl_cpp]: AMCL odom delta: at_scan=(-4.444, -4.970, 2.077) baseline=(-4.444, -4.970, 2.077) delta=(0.000, 0.000, 0.000) moved=false scan_age=0.050s
[component_container-9] [INFO] [1788980379.602268815] [pure_pursuit_node]: Pure Pursuit: pose=(-4.261, 7.680, 0.506) cte=-0.267 closest=2222 target=2253 path_dist=0.267 heading_err=-0.126 steer=-0.524 speed=1.349
[gpu_amcl_cpp_node-6] [INFO] [1788980380.178688456] [gpu_amcl_cpp]: AMCL odom delta: at_scan=(-4.444, -4.970, 2.077) baseline=(-4.444, -4.970, 2.077) delta=(0.000, 0.000, 0.000) moved=false scan_age=0.051s
[component_container-9] [INFO] [1788980380.628658878] [pure_pursuit_node]: Pure Pursuit: pose=(-4.261, 7.680, 0.506) cte=-0.267 closest=2222 target=2253 path_dist=0.267 heading_err=-0.126 steer=-0.524 speed=1.349
[gpu_amcl_cpp_node-6] [INFO] [1788980381.228316857] [gpu_amcl_cpp]: AMCL odom delta: at_scan=(-4.444, -4.970, 2.077) baseline=(-4.444, -4.970, 2.077) delta=(0.000, 0.000, 0.000) moved=false scan_age=0.050s
[component_container-9] [INFO] [1788980381.677318133] [pure_pursuit_node]: Pure Pursuit: pose=(-4.261, 7.680, 0.506) cte=-0.267 closest=2222 target=2253 path_dist=0.267 heading_err=-0.126 steer=-0.524 speed=1.349
[gpu_amcl_cpp_node-6] [INFO] [1788980382.228431883] [gpu_amcl_cpp]: AMCL odom delta: at_scan=(-4.444, -4.970, 2.077) baseline=(-4.444, -4.970, 2.077) delta=(0.000, 0.000, 0.000) moved=false scan_age=0.049s
[component_container-9] [INFO] [1788980382.725674570] [pure_pursuit_node]: Pure Pursuit: pose=(-4.261, 7.680, 0.506) cte=-0.267 closest=2222 target=2253 path_dist=0.267 heading_err=-0.126 steer=-0.524 speed=1.349
[gpu_amcl_cpp_node-6] [INFO] [1788980383.030711269] [gpu_amcl_cpp]: Received LiDAR callback #1291 (1081 ranges).
[gpu_amcl_cpp_node-6] [INFO] [1788980383.254110838] [gpu_amcl_cpp]: AMCL odom delta: at_scan=(-4.444, -4.970, 2.077) baseline=(-4.444, -4.970, 2.077) delta=(0.000, 0.000, 0.000) moved=false scan_age=0.051s
[component_container-9] [INFO] [1788980383.729585653] [pure_pursuit_node]: Pure Pursuit: pose=(-4.261, 7.680, 0.506) cte=-0.267 closest=2222 target=2253 path_dist=0.267 heading_err=-0.126 steer=-0.524 speed=1.349
[gpu_amcl_cpp_node-6] [INFO] [1788980384.277832183] [gpu_amcl_cpp]: AMCL odom delta: at_scan=(-4.444, -4.970, 2.077) baseline=(-4.444, -4.970, 2.077) delta=(0.000, 0.000, 0.000) moved=false scan_age=0.050s
[component_container-9] [INFO] [1788980384.731333040] [pure_pursuit_node]: Pure Pursuit: pose=(-4.261, 7.680, 0.506) cte=-0.267 closest=2222 target=2253 path_dist=0.267 heading_err=-0.126 steer=-0.524 speed=1.349
[gpu_amcl_cpp_node-6] [INFO] [1788980385.328182408] [gpu_amcl_cpp]: AMCL odom delta: at_scan=(-4.444, -4.970, 2.077) baseline=(-4.444, -4.970, 2.077) delta=(0.000, 0.000, 0.000) moved=false scan_age=0.050s
[component_container-9] [INFO] [1788980385.776341155] [pure_pursuit_node]: Pure Pursuit: pose=(-4.261, 7.680, 0.506) cte=-0.267 closest=2222 target=2253 path_dist=0.267 heading_err=-0.126 steer=-0.524 speed=1.349
[gpu_amcl_cpp_node-6] [INFO] [1788980386.332564747] [gpu_amcl_cpp]: AMCL odom delta: at_scan=(-4.444, -4.970, 2.077) baseline=(-4.444, -4.970, 2.077) delta=(0.000, 0.000, 0.000) moved=false scan_age=0.051s
[component_container-9] [INFO] [1788980386.803254363] [pure_pursuit_node]: Pure Pursuit: pose=(-4.261, 7.680, 0.506) cte=-0.267 closest=2222 target=2253 path_dist=0.267 heading_err=-0.126 steer=-0.524 speed=1.349
[gpu_amcl_cpp_node-6] [INFO] [1788980387.377552020] [gpu_amcl_cpp]: AMCL odom delta: at_scan=(-4.444, -4.970, 2.077) baseline=(-4.444, -4.970, 2.077) delta=(0.000, 0.000, 0.000) moved=false scan_age=0.050s
[component_container-9] [INFO] [1788980387.828343481] [pure_pursuit_node]: Pure Pursuit: pose=(-4.261, 7.680, 0.506) cte=-0.267 closest=2222 target=2253 path_dist=0.267 heading_err=-0.126 steer=-0.524 speed=1.349
[gpu_amcl_cpp_node-6] [INFO] [1788980388.080666325] [gpu_amcl_cpp]: Received LiDAR callback #1388 (1081 ranges).
[gpu_amcl_cpp_node-6] [INFO] [1788980388.407017273] [gpu_amcl_cpp]: AMCL odom delta: at_scan=(-4.444, -4.970, 2.077) baseline=(-4.444, -4.970, 2.077) delta=(0.000, 0.000, 0.000) moved=false scan_age=0.053s
[component_container-9] [INFO] [1788980388.853709433] [pure_pursuit_node]: Pure Pursuit: pose=(-4.261, 7.680, 0.506) cte=-0.267 closest=2222 target=2253 path_dist=0.267 heading_err=-0.126 steer=-0.524 speed=1.349
[gpu_amcl_cpp_node-6] [INFO] [1788980389.407797866] [gpu_amcl_cpp]: AMCL odom delta: at_scan=(-4.444, -4.970, 2.077) baseline=(-4.444, -4.970, 2.077) delta=(0.000, 0.000, 0.000) moved=false scan_age=0.052s
[component_container-9] [INFO] [1788980389.858836685] [pure_pursuit_node]: Pure Pursuit: pose=(-4.261, 7.680, 0.506) cte=-0.267 closest=2222 target=2253 path_dist=0.267 heading_err=-0.126 steer=-0.524 speed=1.349
[gpu_amcl_cpp_node-6] [INFO] [1788980390.454290715] [gpu_amcl_cpp]: AMCL odom delta: at_scan=(-4.444, -4.970, 2.077) baseline=(-4.444, -4.970, 2.077) delta=(0.000, 0.000, 0.000) moved=false scan_age=0.051s
[component_container-9] [INFO] [1788980390.877263551] [pure_pursuit_node]: Pure Pursuit: pose=(-4.261, 7.680, 0.506) cte=-0.267 closest=2222 target=2253 path_dist=0.267 heading_err=-0.126 steer=-0.524 speed=1.349
[gpu_amcl_cpp_node-6] [INFO] [1788980391.481346012] [gpu_amcl_cpp]: AMCL odom delta: at_scan=(-4.444, -4.970, 2.077) baseline=(-4.444, -4.970, 2.077) delta=(0.000, 0.000, 0.000) moved=false scan_age=0.051s
[component_container-9] [INFO] [1788980391.909514837] [pure_pursuit_node]: Pure Pursuit: pose=(-4.261, 7.680, 0.506) cte=-0.267 closest=2222 target=2253 path_dist=0.267 heading_err=-0.126 steer=-0.524 speed=1.349
[gpu_amcl_cpp_node-6] [INFO] [1788980392.528256369] [gpu_amcl_cpp]: AMCL odom delta: at_scan=(-4.444, -4.970, 2.077) baseline=(-4.444, -4.970, 2.077) delta=(0.000, 0.000, 0.000) moved=false scan_age=0.050s
[component_container-9] [INFO] [1788980392.928461023] [pure_pursuit_node]: Pure Pursuit: pose=(-4.261, 7.680, 0.506) cte=-0.267 closest=2222 target=2253 path_dist=0.267 heading_err=-0.126 steer=-0.524 speed=1.349
[gpu_amcl_cpp_node-6] [INFO] [1788980393.127390368] [gpu_amcl_cpp]: Received LiDAR callback #1481 (1081 ranges).
[gpu_amcl_cpp_node-6] [INFO] [1788980393.531837216] [gpu_amcl_cpp]: AMCL odom delta: at_scan=(-4.444, -4.970, 2.077) baseline=(-4.444, -4.970, 2.077) delta=(0.000, 0.000, 0.000) moved=false scan_age=0.050s
[gpu_amcl_cpp_node-6] [WARN] [1788980393.905661827] [gpu_amcl_cpp]: Queued LiDAR scan until source-time odometry arrives (queued=1).
[component_container-9] [INFO] [1788980393.955620797] [pure_pursuit_node]: Pure Pursuit: pose=(-4.261, 7.680, 0.506) cte=-0.267 closest=2222 target=2253 path_dist=0.267 heading_err=-0.126 steer=-0.524 speed=1.349
[gpu_amcl_cpp_node-6] [INFO] [1788980394.579635707] [gpu_amcl_cpp]: AMCL odom delta: at_scan=(-4.444, -4.970, 2.077) baseline=(-4.444, -4.970, 2.077) delta=(0.000, 0.000, 0.000) moved=false scan_age=0.050s
[component_container-9] [INFO] [1788980394.980726481] [pure_pursuit_node]: Pure Pursuit: pose=(-4.261, 7.680, 0.506) cte=-0.267 closest=2222 target=2253 path_dist=0.267 heading_err=-0.126 steer=-0.524 speed=1.349
