[INFO] [launch]: All log files can be found below /root/.ros/log/2026-09-10-03-58-24-764783-ExternalDrive-87
[INFO] [launch]: Default logging verbosity is set to INFO
[INFO] [launch.user]: controller=pure_pursuit custom_amcl=True rviz=False
[INFO] [autodrive_bridge_40hz-1]: process started with pid [140]
[INFO] [sensor_odometry_node-2]: process started with pid [142]
[INFO] [ekf_localization_node-3]: process started with pid [144]
[INFO] [map_server-4]: process started with pid [146]
[INFO] [lifecycle_manager-5]: process started with pid [148]
[INFO] [gpu_amcl_cpp_node-6]: process started with pid [150]
[INFO] [ground_truth_amcl_monitor-7]: process started with pid [152]
[INFO] [calibration-8]: process started with pid [154]
[INFO] [component_container-9]: process started with pid [156]
[INFO] [actuator_interface-10]: process started with pid [158]
[lifecycle_manager-5] [INFO] [1789012704.944137995] [lifecycle_manager_map]: Creating
[lifecycle_manager-5] [INFO] [1789012704.947231303] [lifecycle_manager_map]: [34m[1mCreating and initializing lifecycle service clients[0m[0m
[sensor_odometry_node-2] [INFO] [1789012704.947446738] [sensor_odometry]: Deterministic odometry observer: exact timestamp packets, encoders + IMU only
[map_server-4] [INFO] [1789012704.952551529] [map_server]: 
[map_server-4] 	map_server lifecycle node launched. 
[map_server-4] 	Waiting on external lifecycle transitions to activate
[map_server-4] 	See https://design.ros2.org/articles/node_lifecycle.html for more information.
[map_server-4] [INFO] [1789012704.952661285] [map_server]: Creating
[ekf_localization_node-3] [INFO] [1789012704.953412318] [ekf_localization]: Local odometry trust filter ready: /odom -> /ekf_odom and /ekf_pose in frame odom; reset events=/autodrive/reset_command
[lifecycle_manager-5] [INFO] [1789012705.033589570] [lifecycle_manager_map]: [34m[1mStarting managed nodes bringup...[0m[0m
[lifecycle_manager-5] [INFO] [1789012705.033652028] [lifecycle_manager_map]: [34m[1mConfiguring map_server[0m[0m
[gpu_amcl_cpp_node-6] [INFO] [1789012705.137017982] [gpu_amcl_cpp]: [AMCL] Parameters: update_min_d=0.02000, update_min_a=0.03500, max_scan_age=0.2500, odom_history=1.000s, cloud_publish_rate=1.0 Hz, debug_pre_resample=false, slip_threshold=1.00 rad/s, initial_raceline_heading=false, local_correction_gate=0.00m/0.00rad xy_gain=0.500 cross_track_only=false along_track_gain=0.250 fast_speed=3.00mps fast_along_gain=0.750 yaw_gain=0.000 association=0.80m recenter_cloud=true
[gpu_amcl_cpp_node-6] [INFO] [1789012705.144466461] [gpu_amcl_cpp]: Particle cloud publishing scan-synchronized, max 1.0 Hz
[gpu_amcl_cpp_node-6] [INFO] [1789012705.144501316] [gpu_amcl_cpp]: GPU AMCL C++ node created — waiting for map...
[autodrive_bridge_40hz-1] /usr/local/lib/python3.10/dist-packages/numpy/core/getlimits.py:499: UserWarning: The value of the smallest subnormal for <class 'numpy.float64'> type is zero.
[autodrive_bridge_40hz-1]   setattr(self, word, getattr(machar, word).flat[0])
[autodrive_bridge_40hz-1] /usr/local/lib/python3.10/dist-packages/numpy/core/getlimits.py:89: UserWarning: The value of the smallest subnormal for <class 'numpy.float64'> type is zero.
[autodrive_bridge_40hz-1]   return self._float_to_str(self.smallest_subnormal)
[component_container-9] [INFO] [1789012705.162229919] [controller_container]: Load Library: /workspace/install/lib/libpure_pursuit_node.so
[component_container-9] [INFO] [1789012705.164394240] [controller_container]: Found class: rclcpp_components::NodeFactoryTemplate<f1tenth_control::PurePursuitNode>
[component_container-9] [INFO] [1789012705.164428444] [controller_container]: Instantiate class: rclcpp_components::NodeFactoryTemplate<f1tenth_control::PurePursuitNode>
[component_container-9] [INFO] [1789012705.168825073] [pure_pursuit_node]: Initializing Pure Pursuit Node
[component_container-9] [INFO] [1789012705.173072701] [pure_pursuit_node]: Loaded trajectory with 2586 waypoints (51.7 m)
[component_container-9] [INFO] [1789012705.176757341] [pure_pursuit_node]: Pure Pursuit Node initialized
[component_container-9] [INFO] [1789012705.176801845] [pure_pursuit_node]:   Trajectory: /workspace/src/f1tenth_planning/trajectories/autodrive_track_ftg_commit_20260909_025m_mintime_raceline.csv (2586 points)
[INFO] [launch_ros.actions.load_composable_nodes]: Loaded node '/pure_pursuit_node' in container '/controller_container'
[component_container-9] [INFO] [1789012705.176810762] [pure_pursuit_node]:   Lookahead: 0.75 - 1.10 m (gain: 0.05)
[component_container-9] [INFO] [1789012705.176821442] [pure_pursuit_node]:   Max speed cap: 1.50 m/s
[component_container-9] [INFO] [1789012705.176826712] [pure_pursuit_node]:   Lookahead adapt: cte_weight=1.00 cte_gain=0.042 curvature_gain=1.900
[component_container-9] [INFO] [1789012705.176832763] [pure_pursuit_node]:   Speed adapt: curvature_factor=0.102 floor_ratio=0.52
[component_container-9] [INFO] [1789012705.176838684] [pure_pursuit_node]:   Speed adapt (CTE): factor=1.500 floor_ratio=0.55
[component_container-9] [INFO] [1789012705.176843904] [pure_pursuit_node]:   Speed limits: max_lat_accel=6.50 min_reg_speed=0.00
[component_container-9] [INFO] [1789012705.176849164] [pure_pursuit_node]:   Yaw-rate damping: 0.000 s
[component_container-9] [INFO] [1789012705.176854073] [pure_pursuit_node]:   Target-heading turn-in gain: 0.000
[component_container-9] [INFO] [1789012705.176858842] [pure_pursuit_node]:   Command shaping: steer_rate=3.20 accel=3.00 decel=8.00
[component_container-9] [INFO] [1789012705.176864743] [pure_pursuit_node]:   Pose: /current_map_pose (map frame)
[component_container-9] [INFO] [1789012705.176872247] [pure_pursuit_node]:   Odom: /odom
[component_container-9] [INFO] [1789012705.176876706] [pure_pursuit_node]:   Control trigger: /odom (one command per odometry update; nominal 40.0 Hz)
[component_container-9] [INFO] [1789012705.176882096] [pure_pursuit_node]:   Steering feedback: /autodrive/roboracer_1/steering (lead gain 0.25)
[component_container-9] [INFO] [1789012705.176887125] [pure_pursuit_node]:   Startup path gate: distance <= 0.80 m, heading <= 0.75 rad
[component_container-9] [INFO] [1789012705.176892335] [pure_pursuit_node]:   Command: /cmd/speed
[map_server-4] [INFO] [1789012705.184963635] [map_server]: Configuring
[map_server-4] [INFO] [1789012705.185037634] [map_io]: Loading yaml file: /workspace/src/f1tenth_planning/maps/autodrive_track_ftg_commit_20260909_025m.yaml
[map_server-4] [INFO] [1789012705.185277946] [map_io]: resolution: 0.025
[map_server-4] [INFO] [1789012705.185287514] [map_io]: origin[0]: -6.82
[map_server-4] [INFO] [1789012705.185293576] [map_io]: origin[1]: -12.3
[map_server-4] [INFO] [1789012705.185298575] [map_io]: origin[2]: 0
[map_server-4] [INFO] [1789012705.185303705] [map_io]: free_thresh: 0.25
[map_server-4] [INFO] [1789012705.185308594] [map_io]: occupied_thresh: 0.65
[map_server-4] [INFO] [1789012705.185314285] [map_io]: mode: trinary
[map_server-4] [INFO] [1789012705.185319845] [map_io]: negate: 0
[map_server-4] [INFO] [1789012705.185573863] [map_io]: Loading image_file: /workspace/src/f1tenth_planning/maps/autodrive_track_ftg_commit_20260909_025m.pgm
[actuator_interface-10] [INFO] [1789012705.191135182] [autodrive_actuator_interface]: Actuator interface ready; no arming state
[actuator_interface-10] [WARN] [1789012705.194972830] [autodrive_actuator_interface]: Neutral output: no command
[map_server-4] [INFO] [1789012705.214784661] [map_io]: Read map /workspace/src/f1tenth_planning/maps/autodrive_track_ftg_commit_20260909_025m.pgm: 349 X 877 map @ 0.025 m/cell
[lifecycle_manager-5] [INFO] [1789012705.219539383] [lifecycle_manager_map]: [34m[1mActivating map_server[0m[0m
[map_server-4] [INFO] [1789012705.219679557] [map_server]: Activating
[map_server-4] [INFO] [1789012705.220351901] [map_server]: Creating bond (map_server) to lifecycle manager.
[gpu_amcl_cpp_node-6] [INFO] [1789012705.221004679] [gpu_amcl_cpp]: Received first map (349x877 @ 0.025 m/cell) — initialising PF
[ground_truth_amcl_monitor-7] [INFO] [1789012705.250930892] [ground_truth_amcl_monitor]: Absolute map scoring enabled from explicit map start: (0.8006, 3.1583, -1.5708)
[calibration-8] [INFO] [1789012705.252680894] [allowed_telemetry_recorder]: Calibration mode=sensor_record duration=0.000 s output=/workspace/src/f1tenth_planning/analysis/amcl_tuning_campaign_20260909/acceptance_speed_conditioned_gain075_slowfirst_20260910_run28/sensor_record_20260910_035825.csv
[ground_truth_amcl_monitor-7] [WARN] [1789012705.258302957] [ground_truth_amcl_monitor]: Ground-truth monitor is diagnostics-only; simulator IPS/odom are not controller inputs
[gpu_amcl_cpp_node-6] [INFO] [1789012705.265021112] [gpu_amcl_cpp]: Loaded 2587 global heading points from /workspace/src/f1tenth_planning/trajectories/autodrive_track_ftg_commit_20260909_025m_mintime_raceline.csv
[gpu_amcl_cpp_node-6] [INFO] [1789012705.278777054] [gpu_amcl_cpp]: Global AMCL startup prior centred at saved map start (0.801, 3.158, -1.571) with covariance (0.500, 0.500, 0.200).
[gpu_amcl_cpp_node-6] [INFO] [1789012705.278836676] [gpu_amcl_cpp]: Particle filter initialised with 2500 particles (global)
[gpu_amcl_cpp_node-6] [INFO] [1789012705.278889716] [gpu_amcl_cpp]: Global particle initialization active; waiting for scans before publishing pose
[lifecycle_manager-5] [INFO] [1789012705.324005717] [lifecycle_manager_map]: Server map_server connected with bond.
[lifecycle_manager-5] [INFO] [1789012705.324054869] [lifecycle_manager_map]: [34m[1mManaged nodes are active[0m[0m
[lifecycle_manager-5] [INFO] [1789012705.324064788] [lifecycle_manager_map]: [34m[1mCreating bond timer...[0m[0m
[autodrive_bridge_40hz-1] [autodrive_bridge_40hz] camera decode/publication disabled
[autodrive_bridge_40hz-1] [autodrive_bridge_40hz] bounded request pacing enabled at 40 Hz (max one outstanding request)
[autodrive_bridge_40hz-1] Connected!
[autodrive_bridge_40hz-1] [autodrive_bridge_40hz] dropping incomplete startup packet (missing V1 LIDAR Range Array); requesting retry
[component_container-9] [WARN] [1789012717.263283788] [pure_pursuit_node]: No pose received on /current_map_pose yet
[gpu_amcl_cpp_node-6] [INFO] [1789012717.263537334] [gpu_amcl_cpp]: Received first odometry sample at (0.00, 0.00, 0.00).
[gpu_amcl_cpp_node-6] [INFO] [1789012717.264616244] [gpu_amcl_cpp]: Received LiDAR callback #1 (1081 ranges).
[gpu_amcl_cpp_node-6] [INFO] [1789012717.264661028] [gpu_amcl_cpp]: AMCL odom delta: at_scan=(0.000, 0.000, 0.000) baseline=(0.000, 0.000, 0.000) delta=(0.000, 0.000, 0.000) moved=false scan_age=0.049s
[gpu_amcl_cpp_node-6] [INFO] [1789012717.264695513] [gpu_amcl_cpp]: Starting AMCL scan update #1 (sampled from 1081 ranges).
[gpu_amcl_cpp_node-6] [INFO] [1789012717.266411931] [gpu_amcl_cpp]: AMCL scan update #1 completed; evaluating pose confidence.
[gpu_amcl_cpp_node-6] [INFO] [1789012717.272890555] [gpu_amcl_cpp]: Startup GPU scan refinement done: refined_particles=2232/2500, beams=180, best_mean_dist=0.000 m, time=6.45 ms
[gpu_amcl_cpp_node-6] [INFO] [1789012717.278768280] [gpu_amcl_cpp]: Global AMCL refining: cluster_weight=0.928, covariance xy=0.009 (max 0.250), yaw=0.000 (max 0.120).
[gpu_amcl_cpp_node-6] [INFO] [1789012717.278795581] [gpu_amcl_cpp]: Global AMCL lock evidence: quality=false stable_scans=1/5 travel=0.000/0.750 m (min_weight=0.500).
[gpu_amcl_cpp_node-6] [INFO] [1789012717.467228584] [gpu_amcl_cpp]: Publishing provisional global AMCL pose for localization ramp; travel=0.000/0.750 m stable_scans=5/5.
[ground_truth_amcl_monitor-7] [INFO] [1789012717.468295581] [ground_truth_amcl_monitor]: Relative GT alignment initialized: yaw=0.000, translation=(-0.000, -0.001)
[ground_truth_amcl_monitor-7] [INFO] [1789012717.468840155] [ground_truth_amcl_monitor]: AMCL vs GT: gt=(0.801, 3.157) amcl=(0.801, 3.158) error=0.001 m / 0.000 rad; current_map=unavailable; odom=(0.801, 3.157, -1.571) error=0.000 m / 0.000 rad; ekf=(0.801, 3.157, -1.571) error=0.000 m / 0.000 rad; RMS=0.001 m / 0.000 rad max=0.001 m / 0.000 rad samples=1
[component_container-9] [INFO] [1789012717.761771352] [pure_pursuit_node]: Aligned closed trajectory seam to startup pose at original waypoint 1090
[component_container-9] [INFO] [1789012717.761858335] [pure_pursuit_node]: Startup path gate passed: path_distance=0.166 m heading_error=0.301 rad
[component_container-9] [INFO] [1789012717.761875969] [pure_pursuit_node]: Pure Pursuit: pose=(0.801, 3.158, -1.571) cte=-0.166 closest=0 target=38 path_dist=0.166 heading_err=0.301 steer=0.003 speed=0.003
[gpu_amcl_cpp_node-6] [INFO] [1789012718.314855748] [gpu_amcl_cpp]: AMCL odom delta: at_scan=(0.020, 0.000, 0.006) baseline=(0.005, 0.000, 0.002) delta=(0.015, 0.000, 0.004) moved=false scan_age=0.049s
[actuator_interface-10] [INFO] [1789012718.315651795] [autodrive_actuator_interface]: Collision baseline established at cumulative count 0
[ground_truth_amcl_monitor-7] [INFO] [1789012718.513087099] [ground_truth_amcl_monitor]: AMCL vs GT: gt=(0.802, 3.029) amcl=(0.802, 3.074) error=0.046 m / 0.007 rad; current_map=(0.802, 3.045, -1.543) error=0.017 m / 0.000 rad; odom=(0.802, 3.073, -1.550) error=0.045 m / 0.007 rad; ekf=(0.802, 3.073, -1.550) error=0.045 m / 0.007 rad; RMS=0.013 m / 0.002 rad max=0.046 m / 0.007 rad samples=42
[component_container-9] [INFO] [1789012718.812884570] [pure_pursuit_node]: Pure Pursuit: pose=(0.831, 2.637, -1.459) cte=-0.045 closest=25 target=67 path_dist=0.045 heading_err=0.173 steer=0.069 speed=1.390
[gpu_amcl_cpp_node-6] [INFO] [1789012718.967010570] [gpu_amcl_cpp]: Global AMCL candidate rejected: start-anchor distance 0.754 m > 0.750 m.
[gpu_amcl_cpp_node-6] [INFO] [1789012719.267949046] [gpu_amcl_cpp]: Global AMCL lock accepted at (0.916, 2.125, -1.354); continuing with local tracking.
[gpu_amcl_cpp_node-6] [INFO] [1789012719.317945717] [gpu_amcl_cpp]: AMCL local correction: odom_prediction=(0.931, 2.059, -1.341) scan=(0.930, 2.040, -1.352) correction=0.019 m/0.011 rad cluster_weight=0.913 publish=true
[gpu_amcl_cpp_node-6] [INFO] [1789012719.363486618] [gpu_amcl_cpp]: AMCL odom delta: at_scan=(1.167, 0.146, 0.242) baseline=(1.099, 0.130, 0.229) delta=(0.068, 0.016, 0.013) moved=true scan_age=0.048s
[ground_truth_amcl_monitor-7] [INFO] [1789012719.513698086] [ground_truth_amcl_monitor]: AMCL vs GT: gt=(1.006, 1.748) amcl=(0.984, 1.865) error=0.119 m / 0.002 rad; current_map=(1.003, 1.797, -1.300) error=0.049 m / 0.000 rad; odom=(1.001, 1.786, -1.300) error=0.038 m / 0.000 rad; ekf=(1.001, 1.786, -1.300) error=0.038 m / 0.000 rad; RMS=0.088 m / 0.015 rad max=0.416 m / 0.080 rad samples=75
[component_container-9] [INFO] [1789012719.813845805] [pure_pursuit_node]: Pure Pursuit: pose=(1.129, 1.318, -1.335) cte=-0.027 closest=93 target=135 path_dist=0.027 heading_err=-0.042 steer=-0.081 speed=1.431
[gpu_amcl_cpp_node-6] [INFO] [1789012720.364268666] [gpu_amcl_cpp]: AMCL odom delta: at_scan=(2.573, 0.430, 0.039) baseline=(2.502, 0.426, 0.052) delta=(0.071, 0.003, -0.013) moved=true scan_age=0.048s
[gpu_amcl_cpp_node-6] [INFO] [1789012720.369394466] [gpu_amcl_cpp]: AMCL local correction: odom_prediction=(1.209, 0.642, -1.532) scan=(1.202, 0.672, -1.528) correction=0.031 m/0.004 rad cluster_weight=0.930 publish=true
[ground_truth_amcl_monitor-7] [INFO] [1789012720.514666855] [ground_truth_amcl_monitor]: AMCL vs GT: gt=(1.242, 0.324) amcl=(1.206, 0.509) error=0.188 m / 0.008 rad; current_map=(1.207, 0.440, -1.550) error=0.120 m / 0.000 rad; odom=(1.235, 0.376, -1.550) error=0.052 m / 0.000 rad; ekf=(1.235, 0.376, -1.550) error=0.052 m / 0.000 rad; RMS=0.103 m / 0.014 rad max=0.416 m / 0.080 rad samples=115
[gpu_amcl_cpp_node-6] [WARN] [1789012720.568383772] [gpu_amcl_cpp]: No local AMCL cluster near odometry prediction; using causal odometry pose.
[component_container-9] [INFO] [1789012720.862471003] [pure_pursuit_node]: Pure Pursuit: pose=(1.255, -0.135, -1.386) cte=0.058 closest=166 target=207 path_dist=0.058 heading_err=-0.093 steer=-0.090 speed=1.369
[gpu_amcl_cpp_node-6] [INFO] [1789012721.412975758] [gpu_amcl_cpp]: AMCL odom delta: at_scan=(4.010, 0.653, 0.210) baseline=(3.944, 0.638, 0.238) delta=(0.066, 0.015, -0.028) moved=true scan_age=0.047s
[gpu_amcl_cpp_node-6] [INFO] [1789012721.418601178] [gpu_amcl_cpp]: AMCL local correction: odom_prediction=(1.436, -0.899, -1.361) scan=(1.449, -0.916, -1.357) correction=0.022 m/0.004 rad cluster_weight=0.951 publish=true
[ground_truth_amcl_monitor-7] [INFO] [1789012721.521977592] [ground_truth_amcl_monitor]: AMCL vs GT: gt=(1.487, -1.046) amcl=(1.478, -1.037) error=0.013 m / 0.000 rad; current_map=(1.472, -1.035, -1.431) error=0.019 m / 0.000 rad; odom=(1.478, -0.987, -1.431) error=0.060 m / 0.000 rad; ekf=(1.478, -0.987, -1.431) error=0.060 m / 0.000 rad; RMS=0.109 m / 0.015 rad max=0.416 m / 0.080 rad samples=156
[component_container-9] [INFO] [1789012721.862789820] [pure_pursuit_node]: Pure Pursuit: pose=(1.443, -1.582, -1.872) cte=-0.081 closest=238 target=280 path_dist=0.081 heading_err=0.280 steer=0.216 speed=1.328
[gpu_amcl_cpp_node-6] [INFO] [1789012722.312836469] [gpu_amcl_cpp]: Received LiDAR callback #102 (1081 ranges).
[gpu_amcl_cpp_node-6] [INFO] [1789012722.312891593] [gpu_amcl_cpp]: Starting AMCL scan update #102 (sampled from 1081 ranges).
[gpu_amcl_cpp_node-6] [INFO] [1789012722.313965393] [gpu_amcl_cpp]: AMCL scan update #102 completed; evaluating pose confidence.
[gpu_amcl_cpp_node-6] [WARN] [1789012722.364389237] [gpu_amcl_cpp]: Queued LiDAR scan until source-time odometry arrives (queued=1).
[gpu_amcl_cpp_node-6] [INFO] [1789012722.427971658] [gpu_amcl_cpp]: AMCL odom delta: at_scan=(5.098, 0.480, -0.289) baseline=(5.038, 0.499, -0.327) delta=(0.061, -0.019, 0.038) moved=true scan_age=0.061s
[gpu_amcl_cpp_node-6] [INFO] [1789012722.435037367] [gpu_amcl_cpp]: AMCL local correction: odom_prediction=(1.307, -1.993, -1.859) scan=(1.322, -1.970, -1.859) correction=0.028 m/0.000 rad cluster_weight=0.962 publish=true
[ground_truth_amcl_monitor-7] [INFO] [1789012722.547884443] [ground_truth_amcl_monitor]: AMCL vs GT: gt=(1.294, -2.036) amcl=(1.297, -2.066) error=0.030 m / 0.062 rad; current_map=(1.286, -2.131, -1.719) error=0.095 m / 0.000 rad; odom=(1.245, -2.096, -1.719) error=0.077 m / 0.000 rad; ekf=(1.245, -2.096, -1.719) error=0.077 m / 0.000 rad; RMS=0.100 m / 0.019 rad max=0.416 m / 0.080 rad samples=195
[component_container-9] [INFO] [1789012722.863780921] [pure_pursuit_node]: Pure Pursuit: pose=(1.332, -2.659, -1.329) cte=-0.029 closest=292 target=334 path_dist=0.029 heading_err=-0.328 steer=-0.401 speed=1.429
[gpu_amcl_cpp_node-6] [INFO] [1789012723.465989046] [gpu_amcl_cpp]: AMCL odom delta: at_scan=(6.523, 0.542, -0.369) baseline=(6.460, 0.563, -0.268) delta=(0.063, -0.021, -0.100) moved=true scan_age=0.050s
[gpu_amcl_cpp_node-6] [INFO] [1789012723.470691420] [gpu_amcl_cpp]: AMCL local correction: odom_prediction=(1.396, -3.340, -1.940) scan=(1.393, -3.351, -1.934) correction=0.011 m/0.006 rad cluster_weight=0.951 publish=true
[ground_truth_amcl_monitor-7] [INFO] [1789012723.566661845] [ground_truth_amcl_monitor]: AMCL vs GT: gt=(1.347, -3.375) amcl=(1.366, -3.397) error=0.030 m / 0.055 rad; current_map=(1.340, -3.452, -2.055) error=0.077 m / 0.000 rad; odom=(1.290, -3.481, -2.055) error=0.120 m / 0.000 rad; ekf=(1.290, -3.481, -2.055) error=0.120 m / 0.000 rad; RMS=0.094 m / 0.026 rad max=0.416 m / 0.106 rad samples=235
[actuator_interface-10] [WARN] [1789012723.994525825] [autodrive_actuator_interface]: Neutral output: odometry timeout
[actuator_interface-10] [WARN] [1789012724.169442177] [autodrive_actuator_interface]: Neutral output: command timeout
[component_container-9] [WARN] [1789012724.212868190] [pure_pursuit_node]: Pose timeout 0.350s > 0.300s; issuing stop for fail-safe
[gpu_amcl_cpp_node-6] [WARN] [1789012724.214165269] [gpu_amcl_cpp]: Discarding stale LiDAR scan (age 0.348 s > 0.250 s).
[component_container-9] [INFO] [1789012724.220872343] [pure_pursuit_node]: Pure Pursuit: pose=(1.029, -3.883, -2.103) cte=0.128 closest=355 target=396 path_dist=0.128 heading_err=0.388 steer=0.444 speed=1.254
[gpu_amcl_cpp_node-6] [INFO] [1789012724.490180241] [gpu_amcl_cpp]: AMCL odom delta: at_scan=(7.262, 0.180, -0.045) baseline=(7.198, 0.186, -0.139) delta=(0.064, -0.006, 0.094) moved=true scan_age=0.050s
[gpu_amcl_cpp_node-6] [INFO] [1789012724.495687799] [gpu_amcl_cpp]: AMCL local correction: odom_prediction=(0.873, -4.060, -1.616) scan=(0.857, -4.104, -1.610) correction=0.047 m/0.006 rad cluster_weight=0.936 publish=true
[ground_truth_amcl_monitor-7] [INFO] [1789012724.588473815] [ground_truth_amcl_monitor]: AMCL vs GT: gt=(0.847, -4.458) amcl=(0.868, -4.139) error=0.320 m / 0.083 rad; current_map=(0.874, -4.203, -1.429) error=0.257 m / 0.000 rad; odom=(0.987, -4.235, -1.429) error=0.264 m / 0.000 rad; ekf=(0.987, -4.235, -1.429) error=0.264 m / 0.000 rad; RMS=0.118 m / 0.029 rad max=0.416 m / 0.106 rad samples=263
[component_container-9] [INFO] [1789012725.236379846] [pure_pursuit_node]: Pure Pursuit: pose=(1.088, -4.865, -1.287) cte=-0.088 closest=403 target=444 path_dist=0.088 heading_err=-0.461 steer=-0.386 speed=1.321
[gpu_amcl_cpp_node-6] [INFO] [1789012725.537803264] [gpu_amcl_cpp]: AMCL odom delta: at_scan=(8.343, 0.453, -0.248) baseline=(8.272, 0.467, -0.139) delta=(0.072, -0.014, -0.109) moved=true scan_age=0.047s
[gpu_amcl_cpp_node-6] [INFO] [1789012725.542689774] [gpu_amcl_cpp]: AMCL local correction: odom_prediction=(1.049, -5.213, -1.819) scan=(1.049, -5.204, -1.814) correction=0.008 m/0.005 rad cluster_weight=0.956 publish=true
[ground_truth_amcl_monitor-7] [INFO] [1789012725.595509234] [ground_truth_amcl_monitor]: AMCL vs GT: gt=(1.020, -5.279) amcl=(1.026, -5.282) error=0.007 m / 0.000 rad; current_map=(1.027, -5.281, -1.900) error=0.008 m / 0.000 rad; odom=(1.232, -5.256, -1.900) error=0.214 m / 0.000 rad; ekf=(1.232, -5.256, -1.900) error=0.214 m / 0.000 rad; RMS=0.126 m / 0.033 rad max=0.416 m / 0.113 rad samples=304
[component_container-9] [INFO] [1789012726.238640645] [pure_pursuit_node]: Pure Pursuit: pose=(0.538, -6.036, -1.869) cte=0.226 closest=466 target=507 path_dist=0.226 heading_err=0.087 steer=0.207 speed=1.118
[gpu_amcl_cpp_node-6] [INFO] [1789012726.539805517] [gpu_amcl_cpp]: AMCL odom delta: at_scan=(9.518, -0.067, 0.172) baseline=(9.455, -0.075, 0.087) delta=(0.063, 0.008, 0.086) moved=true scan_age=0.048s
[gpu_amcl_cpp_node-6] [INFO] [1789012726.544380781] [gpu_amcl_cpp]: AMCL local correction: odom_prediction=(0.535, -6.352, -1.398) scan=(0.532, -6.345, -1.401) correction=0.008 m/0.003 rad cluster_weight=0.941 publish=true
[ground_truth_amcl_monitor-7] [INFO] [1789012726.595965940] [ground_truth_amcl_monitor]: AMCL vs GT: gt=(0.540, -6.373) amcl=(0.544, -6.404) error=0.031 m / 0.000 rad; current_map=(0.544, -6.404, -1.341) error=0.032 m / 0.000 rad; odom=(0.744, -6.415, -1.341) error=0.208 m / 0.000 rad; ekf=(0.744, -6.415, -1.341) error=0.208 m / 0.000 rad; RMS=0.119 m / 0.035 rad max=0.416 m / 0.113 rad samples=344
[component_container-9] [INFO] [1789012727.286845071] [pure_pursuit_node]: Pure Pursuit: pose=(0.560, -7.058, -1.899) cte=-0.020 closest=515 target=557 path_dist=0.020 heading_err=0.096 steer=0.170 speed=1.440
[gpu_amcl_cpp_node-6] [INFO] [1789012727.339603576] [gpu_amcl_cpp]: Received LiDAR callback #199 (1081 ranges).
[gpu_amcl_cpp_node-6] [INFO] [1789012727.339662727] [gpu_amcl_cpp]: Starting AMCL scan update #199 (sampled from 1081 ranges).
[gpu_amcl_cpp_node-6] [INFO] [1789012727.340194918] [gpu_amcl_cpp]: AMCL scan update #199 completed; evaluating pose confidence.
[gpu_amcl_cpp_node-6] [INFO] [1789012727.588860773] [gpu_amcl_cpp]: AMCL odom delta: at_scan=(10.635, -0.164, -0.601) baseline=(10.574, -0.124, -0.570) delta=(0.061, -0.040, -0.030) moved=true scan_age=0.048s
[gpu_amcl_cpp_node-6] [INFO] [1789012727.593190416] [gpu_amcl_cpp]: AMCL local correction: odom_prediction=(0.389, -7.349, -2.171) scan=(0.390, -7.303, -2.172) correction=0.046 m/0.000 rad cluster_weight=0.965 publish=true
[ground_truth_amcl_monitor-7] [INFO] [1789012727.596368012] [ground_truth_amcl_monitor]: AMCL vs GT: gt=(0.396, -7.280) amcl=(0.386, -7.342) error=0.063 m / 0.000 rad; current_map=(0.389, -7.349, -2.171) error=0.069 m / 0.000 rad; odom=(0.636, -7.477, -2.171) error=0.311 m / 0.000 rad; ekf=(0.636, -7.477, -2.171) error=0.311 m / 0.000 rad; RMS=0.115 m / 0.036 rad max=0.416 m / 0.113 rad samples=384
[gpu_amcl_cpp_node-6] [WARN] [1789012728.113619216] [gpu_amcl_cpp]: Queued LiDAR scan until source-time odometry arrives (queued=1).
[component_container-9] [INFO] [1789012728.311512161] [pure_pursuit_node]: Pure Pursuit: pose=(0.104, -8.062, -1.562) cte=0.176 closest=570 target=609 path_dist=0.176 heading_err=-0.286 steer=-0.122 speed=1.155
[gpu_amcl_cpp_node-6] [INFO] [1789012728.612672143] [gpu_amcl_cpp]: AMCL odom delta: at_scan=(11.445, -0.457, -0.003) baseline=(11.402, -0.457, 0.009) delta=(0.043, 0.000, -0.011) moved=true scan_age=0.047s
[ground_truth_amcl_monitor-7] [INFO] [1789012728.613711778] [ground_truth_amcl_monitor]: AMCL vs GT: gt=(0.106, -7.992) amcl=(0.100, -8.049) error=0.057 m / 0.011 rad; current_map=(0.100, -8.074, -1.573) error=0.082 m / 0.001 rad; odom=(0.342, -8.288, -1.574) error=0.379 m / 0.000 rad; ekf=(0.342, -8.288, -1.574) error=0.379 m / 0.000 rad; RMS=0.111 m / 0.036 rad max=0.416 m / 0.113 rad samples=423
[gpu_amcl_cpp_node-6] [INFO] [1789012728.617534628] [gpu_amcl_cpp]: AMCL local correction: odom_prediction=(0.100, -8.092, -1.574) scan=(0.107, -8.046, -1.585) correction=0.046 m/0.012 rad cluster_weight=0.977 publish=true
[component_container-9] [INFO] [1789012729.311541713] [pure_pursuit_node]: Pure Pursuit: pose=(-0.024, -8.858, -1.812) cte=0.040 closest=610 target=652 path_dist=0.040 heading_err=-0.157 steer=-0.186 speed=1.286
[gpu_amcl_cpp_node-6] [INFO] [1789012729.613773381] [gpu_amcl_cpp]: AMCL odom delta: at_scan=(12.590, -0.672, -0.351) baseline=(12.530, -0.651, -0.314) delta=(0.060, -0.021, -0.037) moved=true scan_age=0.047s
[ground_truth_amcl_monitor-7] [INFO] [1789012729.614502963] [ground_truth_amcl_monitor]: AMCL vs GT: gt=(-0.112, -9.138) amcl=(-0.085, -9.079) error=0.065 m / 0.037 rad; current_map=(-0.106, -9.139, -1.922) error=0.006 m / 0.000 rad; odom=(0.127, -9.432, -1.922) error=0.379 m / 0.000 rad; ekf=(0.127, -9.432, -1.922) error=0.379 m / 0.000 rad; RMS=0.107 m / 0.034 rad max=0.416 m / 0.113 rad samples=463
[gpu_amcl_cpp_node-6] [INFO] [1789012729.619270780] [gpu_amcl_cpp]: AMCL local correction: odom_prediction=(-0.106, -9.139, -1.922) scan=(-0.100, -9.123, -1.925) correction=0.017 m/0.004 rad cluster_weight=0.994 publish=true
[component_container-9] [INFO] [1789012730.311619706] [pure_pursuit_node]: Pure Pursuit: pose=(-0.700, -9.859, -2.546) cte=0.039 closest=672 target=714 path_dist=0.039 heading_err=0.030 steer=-0.233 speed=1.283
[gpu_amcl_cpp_node-6] [INFO] [1789012730.614596035] [gpu_amcl_cpp]: AMCL odom delta: at_scan=(13.498, -1.555, -1.150) baseline=(13.470, -1.497, -1.113) delta=(0.028, -0.059, -0.037) moved=true scan_age=0.049s
[ground_truth_amcl_monitor-7] [INFO] [1789012730.615591678] [ground_truth_amcl_monitor]: AMCL vs GT: gt=(-0.996, -10.045) amcl=(-0.932, -9.995) error=0.081 m / 0.037 rad; current_map=(-0.991, -10.023, -2.721) error=0.023 m / 0.000 rad; odom=(-0.756, -10.341, -2.721) error=0.381 m / 0.000 rad; ekf=(-0.756, -10.341, -2.721) error=0.381 m / 0.000 rad; RMS=0.104 m / 0.034 rad max=0.416 m / 0.113 rad samples=503
[gpu_amcl_cpp_node-6] [INFO] [1789012730.668019140] [gpu_amcl_cpp]: AMCL local correction: odom_prediction=(-1.049, -10.048, -2.758) scan=(-1.050, -10.050, -2.755) correction=0.002 m/0.003 rad cluster_weight=0.999 publish=true
[component_container-9] [INFO] [1789012731.313202239] [pure_pursuit_node]: Pure Pursuit: pose=(-1.914, -10.011, 2.637) cte=-0.022 closest=737 target=779 path_dist=0.022 heading_err=0.077 steer=-0.166 speed=1.335
[ground_truth_amcl_monitor-7] [INFO] [1789012731.620527237] [ground_truth_amcl_monitor]: AMCL vs GT: gt=(-2.145, -9.855) amcl=(-2.167, -9.807) error=0.052 m / 0.000 rad; current_map=(-2.168, -9.808, 2.373) error=0.052 m / 0.000 rad; odom=(-1.927, -10.148, 2.373) error=0.365 m / 0.000 rad; ekf=(-1.927, -10.148, 2.373) error=0.365 m / 0.000 rad; RMS=0.101 m / 0.035 rad max=0.416 m / 0.113 rad samples=544
[gpu_amcl_cpp_node-6] [INFO] [1789012731.662816121] [gpu_amcl_cpp]: AMCL odom delta: at_scan=(13.260, -2.771, -2.371) baseline=(13.305, -2.726, -2.339) delta=(-0.045, -0.045, -0.031) moved=true scan_age=0.047s
[gpu_amcl_cpp_node-6] [INFO] [1789012731.718291285] [gpu_amcl_cpp]: AMCL local correction: odom_prediction=(-2.257, -9.715, 2.310) scan=(-2.266, -9.702, 2.309) correction=0.015 m/0.000 rad cluster_weight=0.974 publish=true
[component_container-9] [INFO] [1789012732.362647079] [pure_pursuit_node]: Pure Pursuit: pose=(-2.823, -8.949, 2.078) cte=-0.038 closest=807 target=849 path_dist=0.038 heading_err=-0.084 steer=-0.175 speed=1.369
[gpu_amcl_cpp_node-6] [INFO] [1789012732.363555808] [gpu_amcl_cpp]: Received LiDAR callback #301 (1081 ranges).
[gpu_amcl_cpp_node-6] [INFO] [1789012732.363603437] [gpu_amcl_cpp]: Starting AMCL scan update #301 (sampled from 1081 ranges).
[gpu_amcl_cpp_node-6] [INFO] [1789012732.364707684] [gpu_amcl_cpp]: AMCL scan update #301 completed; evaluating pose confidence.
[ground_truth_amcl_monitor-7] [INFO] [1789012732.621062380] [ground_truth_amcl_monitor]: AMCL vs GT: gt=(-2.923, -8.745) amcl=(-2.930, -8.692) error=0.054 m / 0.000 rad; current_map=(-2.933, -8.691, 1.897) error=0.054 m / 0.000 rad; odom=(-2.698, -9.048, 1.897) error=0.377 m / 0.000 rad; ekf=(-2.698, -9.048, 1.897) error=0.377 m / 0.000 rad; RMS=0.098 m / 0.034 rad max=0.416 m / 0.113 rad samples=584
[gpu_amcl_cpp_node-6] [INFO] [1789012732.663801340] [gpu_amcl_cpp]: AMCL odom delta: at_scan=(12.140, -3.518, -2.867) baseline=(12.205, -3.498, -2.815) delta=(-0.066, -0.020, -0.051) moved=true scan_age=0.048s
[gpu_amcl_cpp_node-6] [INFO] [1789012732.720350805] [gpu_amcl_cpp]: AMCL local correction: odom_prediction=(-2.971, -8.558, 1.793) scan=(-2.972, -8.561, 1.800) correction=0.004 m/0.007 rad cluster_weight=0.982 publish=true
[component_container-9] [INFO] [1789012733.411341887] [pure_pursuit_node]: Pure Pursuit: pose=(-3.084, -7.556, 1.843) cte=0.052 closest=878 target=920 path_dist=0.052 heading_err=-0.182 steer=-0.227 speed=1.364
[ground_truth_amcl_monitor-7] [INFO] [1789012733.621863874] [ground_truth_amcl_monitor]: AMCL vs GT: gt=(-3.155, -7.403) amcl=(-3.150, -7.367) error=0.037 m / 0.000 rad; current_map=(-3.151, -7.366, 1.879) error=0.038 m / 0.000 rad; odom=(-2.931, -7.710, 1.879) error=0.380 m / 0.000 rad; ekf=(-2.931, -7.710, 1.879) error=0.380 m / 0.000 rad; RMS=0.095 m / 0.033 rad max=0.416 m / 0.113 rad samples=624
[gpu_amcl_cpp_node-6] [INFO] [1789012733.713916470] [gpu_amcl_cpp]: AMCL odom delta: at_scan=(10.742, -3.769, -2.850) baseline=(10.805, -3.750, -2.842) delta=(-0.063, -0.019, -0.008) moved=true scan_age=0.048s
[gpu_amcl_cpp_node-6] [INFO] [1789012733.768664807] [gpu_amcl_cpp]: AMCL local correction: odom_prediction=(-3.205, -7.181, 1.854) scan=(-3.209, -7.182, 1.850) correction=0.005 m/0.005 rad cluster_weight=0.997 publish=true
[component_container-9] [INFO] [1789012734.411515440] [pure_pursuit_node]: Pure Pursuit: pose=(-3.077, -6.299, 1.141) cte=0.046 closest=942 target=983 path_dist=0.046 heading_err=0.332 steer=0.327 speed=1.367
[ground_truth_amcl_monitor-7] [INFO] [1789012734.663380582] [ground_truth_amcl_monitor]: AMCL vs GT: gt=(-2.990, -6.086) amcl=(-2.992, -6.118) error=0.032 m / 0.072 rad; current_map=(-2.969, -6.054, 1.258) error=0.039 m / 0.000 rad; odom=(-2.791, -6.447, 1.186) error=0.411 m / 0.072 rad; ekf=(-2.791, -6.447, 1.186) error=0.411 m / 0.072 rad; RMS=0.092 m / 0.033 rad max=0.416 m / 0.113 rad samples=665
[gpu_amcl_cpp_node-6] [INFO] [1789012734.763718611] [gpu_amcl_cpp]: AMCL odom delta: at_scan=(9.405, -3.535, 2.984) baseline=(9.474, -3.549, 2.907) delta=(-0.068, 0.014, 0.078) moved=true scan_age=0.048s
[gpu_amcl_cpp_node-6] [INFO] [1789012734.769552894] [gpu_amcl_cpp]: AMCL local correction: odom_prediction=(-2.934, -5.920, 1.414) scan=(-2.935, -5.923, 1.410) correction=0.003 m/0.003 rad cluster_weight=0.960 publish=true
[component_container-9] [INFO] [1789012735.411749567] [pure_pursuit_node]: Pure Pursuit: pose=(-3.014, -5.233, 1.685) cte=-0.076 closest=995 target=1036 path_dist=0.076 heading_err=-0.367 steer=-0.340 speed=1.312
[ground_truth_amcl_monitor-7] [INFO] [1789012735.671153397] [ground_truth_amcl_monitor]: AMCL vs GT: gt=(-3.000, -5.168) amcl=(-2.920, -5.026) error=0.163 m / 0.000 rad; current_map=(-2.924, -5.022, 1.319) error=0.165 m / 0.000 rad; odom=(-2.807, -5.261, 1.319) error=0.214 m / 0.000 rad; ekf=(-2.807, -5.261, 1.319) error=0.214 m / 0.000 rad; RMS=0.092 m / 0.034 rad max=0.416 m / 0.113 rad samples=706
[gpu_amcl_cpp_node-6] [INFO] [1789012735.812355591] [gpu_amcl_cpp]: AMCL odom delta: at_scan=(8.215, -3.521, 2.625) baseline=(8.279, -3.555, 2.687) delta=(-0.064, 0.034, -0.062) moved=true scan_age=0.046s
[gpu_amcl_cpp_node-6] [INFO] [1789012735.816413233] [gpu_amcl_cpp]: AMCL local correction: odom_prediction=(-2.825, -4.832, 1.055) scan=(-2.824, -4.853, 1.059) correction=0.022 m/0.005 rad cluster_weight=0.922 publish=true
[gpu_amcl_cpp_node-6] [WARN] [1789012736.068388071] [gpu_amcl_cpp]: No local AMCL cluster near odometry prediction; using causal odometry pose.
[component_container-9] [INFO] [1789012736.413768500] [pure_pursuit_node]: Pure Pursuit: pose=(-2.375, -4.106, 1.420) cte=0.229 closest=1058 target=1099 path_dist=0.229 heading_err=-0.125 steer=0.019 speed=1.115
[ground_truth_amcl_monitor-7] [INFO] [1789012736.716187861] [ground_truth_amcl_monitor]: AMCL vs GT: gt=(-2.477, -4.105) amcl=(-2.401, -3.948) error=0.175 m / 0.006 rad; current_map=(-2.400, -3.944, 1.637) error=0.179 m / 0.006 rad; odom=(-2.269, -4.114, 1.643) error=0.208 m / 0.000 rad; ekf=(-2.269, -4.114, 1.643) error=0.208 m / 0.000 rad; RMS=0.096 m / 0.035 rad max=0.416 m / 0.113 rad samples=747
[gpu_amcl_cpp_node-6] [INFO] [1789012736.812772712] [gpu_amcl_cpp]: AMCL odom delta: at_scan=(7.217, -3.073, -3.074) baseline=(7.252, -3.071, -3.070) delta=(-0.035, -0.002, -0.004) moved=true scan_age=0.047s
[gpu_amcl_cpp_node-6] [INFO] [1789012736.817933799] [gpu_amcl_cpp]: AMCL local correction: odom_prediction=(-2.400, -3.883, 1.639) scan=(-2.416, -3.983, 1.635) correction=0.102 m/0.003 rad cluster_weight=0.940 publish=true
[gpu_amcl_cpp_node-6] [INFO] [1789012737.363929883] [gpu_amcl_cpp]: Received LiDAR callback #401 (1081 ranges).
[gpu_amcl_cpp_node-6] [INFO] [1789012737.363987351] [gpu_amcl_cpp]: Starting AMCL scan update #401 (sampled from 1081 ranges).
[gpu_amcl_cpp_node-6] [INFO] [1789012737.364782457] [gpu_amcl_cpp]: AMCL scan update #401 completed; evaluating pose confidence.
[component_container-9] [INFO] [1789012737.462211435] [pure_pursuit_node]: Pure Pursuit: pose=(-2.258, -3.148, 1.274) cte=0.085 closest=1105 target=1147 path_dist=0.085 heading_err=0.028 steer=0.142 speed=1.329
[ground_truth_amcl_monitor-7] [INFO] [1789012737.721610627] [ground_truth_amcl_monitor]: AMCL vs GT: gt=(-2.282, -3.072) amcl=(-2.211, -2.913) error=0.174 m / 0.000 rad; current_map=(-2.209, -2.911, 1.391) error=0.176 m / 0.000 rad; odom=(-2.084, -2.986, 1.391) error=0.216 m / 0.000 rad; ekf=(-2.084, -2.986, 1.391) error=0.216 m / 0.000 rad; RMS=0.104 m / 0.034 rad max=0.416 m / 0.113 rad samples=788
[gpu_amcl_cpp_node-6] [INFO] [1789012737.813502781] [gpu_amcl_cpp]: AMCL odom delta: at_scan=(6.014, -2.865, 3.030) baseline=(6.079, -2.873, 3.002) delta=(-0.065, 0.008, 0.027) moved=true scan_age=0.048s
[gpu_amcl_cpp_node-6] [INFO] [1789012737.818611690] [gpu_amcl_cpp]: AMCL local correction: odom_prediction=(-2.196, -2.787, 1.459) scan=(-2.207, -2.801, 1.455) correction=0.017 m/0.004 rad cluster_weight=0.955 publish=true
[component_container-9] [INFO] [1789012738.463772858] [pure_pursuit_node]: Pure Pursuit: pose=(-2.105, -1.872, 1.148) cte=-0.099 closest=1169 target=1211 path_dist=0.099 heading_err=0.167 steer=0.139 speed=1.301
[ground_truth_amcl_monitor-7] [INFO] [1789012738.721975319] [ground_truth_amcl_monitor]: AMCL vs GT: gt=(-2.025, -1.776) amcl=(-1.976, -1.658) error=0.127 m / 0.000 rad; current_map=(-1.975, -1.657, 0.975) error=0.129 m / 0.000 rad; odom=(-1.823, -1.685, 0.975) error=0.222 m / 0.000 rad; ekf=(-1.823, -1.685, 0.975) error=0.222 m / 0.000 rad; RMS=0.104 m / 0.034 rad max=0.416 m / 0.113 rad samples=828
[gpu_amcl_cpp_node-6] [INFO] [1789012738.813954036] [gpu_amcl_cpp]: AMCL odom delta: at_scan=(4.739, -2.547, 2.479) baseline=(4.790, -2.585, 2.505) delta=(-0.051, 0.039, -0.026) moved=true scan_age=0.048s
[gpu_amcl_cpp_node-6] [INFO] [1789012738.868326577] [gpu_amcl_cpp]: AMCL local correction: odom_prediction=(-1.864, -1.508, 0.914) scan=(-1.865, -1.522, 0.914) correction=0.014 m/0.000 rad cluster_weight=0.957 publish=true
[gpu_amcl_cpp_node-6] [WARN] [1789012738.963702584] [gpu_amcl_cpp]: Queued LiDAR scan until source-time odometry arrives (queued=1).
[component_container-9] [INFO] [1789012739.463799855] [pure_pursuit_node]: Pure Pursuit: pose=(-1.676, -0.751, 1.770) cte=0.047 closest=1228 target=1269 path_dist=0.047 heading_err=-0.429 steer=-0.426 speed=1.394
[ground_truth_amcl_monitor-7] [INFO] [1789012739.765520131] [ground_truth_amcl_monitor]: AMCL vs GT: gt=(-1.724, -0.802) amcl=(-1.697, -0.671) error=0.133 m / 0.012 rad; current_map=(-1.710, -0.608, 1.762) error=0.194 m / 0.000 rad; odom=(-1.538, -0.580, 1.762) error=0.289 m / 0.000 rad; ekf=(-1.538, -0.580, 1.762) error=0.289 m / 0.000 rad; RMS=0.104 m / 0.034 rad max=0.416 m / 0.113 rad samples=869
[gpu_amcl_cpp_node-6] [INFO] [1789012739.862800159] [gpu_amcl_cpp]: AMCL odom delta: at_scan=(3.611, -2.358, -3.036) baseline=(3.674, -2.349, -2.974) delta=(-0.063, -0.009, -0.062) moved=true scan_age=0.047s
[gpu_amcl_cpp_node-6] [INFO] [1789012739.920252021] [gpu_amcl_cpp]: AMCL local correction: odom_prediction=(-1.705, -0.431, 1.598) scan=(-1.701, -0.459, 1.603) correction=0.028 m/0.005 rad cluster_weight=0.946 publish=true
[component_container-9] [INFO] [1789012740.463805271] [pure_pursuit_node]: Pure Pursuit: pose=(-1.399, 0.279, 1.043) cte=0.100 closest=1282 target=1323 path_dist=0.100 heading_err=0.336 steer=0.412 speed=1.282
[ground_truth_amcl_monitor-7] [INFO] [1789012740.766175761] [ground_truth_amcl_monitor]: AMCL vs GT: gt=(-1.307, 0.357) amcl=(-1.293, 0.511) error=0.155 m / 0.101 rad; current_map=(-1.281, 0.577, 1.437) error=0.222 m / 0.000 rad; odom=(-1.122, 0.682, 1.437) error=0.374 m / 0.000 rad; ekf=(-1.122, 0.682, 1.437) error=0.374 m / 0.000 rad; RMS=0.110 m / 0.035 rad max=0.416 m / 0.113 rad samples=909
[gpu_amcl_cpp_node-6] [INFO] [1789012740.863490273] [gpu_amcl_cpp]: AMCL odom delta: at_scan=(2.347, -1.915, -3.114) baseline=(2.411, -1.916, 3.086) delta=(-0.064, 0.001, 0.084) moved=true scan_age=0.047s
[gpu_amcl_cpp_node-6] [INFO] [1789012740.969453382] [gpu_amcl_cpp]: AMCL local correction: odom_prediction=(-1.297, 0.809, 1.749) scan=(-1.307, 0.802, 1.748) correction=0.012 m/0.001 rad cluster_weight=0.945 publish=true
[component_container-9] [INFO] [1789012741.513033954] [pure_pursuit_node]: Pure Pursuit: pose=(-1.366, 1.323, 1.471) cte=-0.040 closest=1333 target=1375 path_dist=0.040 heading_err=-0.036 steer=0.072 speed=1.364
[ground_truth_amcl_monitor-7] [INFO] [1789012741.771334869] [ground_truth_amcl_monitor]: AMCL vs GT: gt=(-1.307, 1.277) amcl=(-1.295, 1.551) error=0.274 m / 0.000 rad; current_map=(-1.296, 1.556, 1.195) error=0.279 m / 0.000 rad; odom=(-1.153, 1.759, 1.195) error=0.506 m / 0.000 rad; ekf=(-1.153, 1.759, 1.195) error=0.506 m / 0.000 rad; RMS=0.119 m / 0.036 rad max=0.416 m / 0.113 rad samples=950
[gpu_amcl_cpp_node-6] [INFO] [1789012741.863730932] [gpu_amcl_cpp]: AMCL odom delta: at_scan=(1.270, -1.899, 2.744) baseline=(1.335, -1.927, 2.732) delta=(-0.064, 0.028, 0.013) moved=true scan_age=0.047s
[gpu_amcl_cpp_node-6] [INFO] [1789012742.017894653] [gpu_amcl_cpp]: AMCL local correction: odom_prediction=(-1.157, 1.838, 1.218) scan=(-1.159, 1.805, 1.223) correction=0.033 m/0.006 rad cluster_weight=0.965 publish=true
[gpu_amcl_cpp_node-6] [INFO] [1789012742.401190902] [gpu_amcl_cpp]: Received LiDAR callback #503 (1081 ranges).
[gpu_amcl_cpp_node-6] [INFO] [1789012742.401248671] [gpu_amcl_cpp]: Starting AMCL scan update #503 (sampled from 1081 ranges).
[gpu_amcl_cpp_node-6] [INFO] [1789012742.402045740] [gpu_amcl_cpp]: AMCL scan update #503 completed; evaluating pose confidence.
[component_container-9] [INFO] [1789012742.513595696] [pure_pursuit_node]: Pure Pursuit: pose=(-1.173, 2.419, 2.057) cte=0.098 closest=1388 target=1428 path_dist=0.098 heading_err=-0.412 steer=-0.264 speed=1.198
[ground_truth_amcl_monitor-7] [INFO] [1789012742.816434757] [ground_truth_amcl_monitor]: AMCL vs GT: gt=(-1.205, 2.239) amcl=(-1.185, 2.390) error=0.152 m / 0.010 rad; current_map=(-1.185, 2.390, 2.040) error=0.152 m / 0.010 rad; odom=(-1.031, 2.711, 2.050) error=0.503 m / 0.000 rad; ekf=(-1.031, 2.711, 2.050) error=0.503 m / 0.000 rad; RMS=0.122 m / 0.036 rad max=0.416 m / 0.153 rad samples=989
[gpu_amcl_cpp_node-6] [INFO] [1789012742.912650403] [gpu_amcl_cpp]: AMCL odom delta: at_scan=(0.446, -1.832, -2.662) baseline=(0.451, -1.830, -2.672) delta=(-0.004, -0.002, 0.010) moved=false scan_age=0.047s
[gpu_amcl_cpp_node-6] [INFO] [1789012743.018924877] [gpu_amcl_cpp]: AMCL local correction: odom_prediction=(-1.209, 2.437, 2.028) scan=(-1.211, 2.379, 2.022) correction=0.058 m/0.006 rad cluster_weight=0.974 publish=true
[component_container-9] [INFO] [1789012743.514421976] [pure_pursuit_node]: Pure Pursuit: pose=(-1.420, 3.030, 1.813) cte=-0.030 closest=1420 target=1462 path_dist=0.030 heading_err=0.077 steer=0.279 speed=1.227
[ground_truth_amcl_monitor-7] [INFO] [1789012743.822331924] [ground_truth_amcl_monitor]: AMCL vs GT: gt=(-1.516, 3.184) amcl=(-1.526, 3.269) error=0.085 m / 0.000 rad; current_map=(-1.525, 3.275, 1.961) error=0.091 m / 0.000 rad; odom=(-1.372, 3.715, 1.961) error=0.550 m / 0.000 rad; ekf=(-1.372, 3.715, 1.961) error=0.550 m / 0.000 rad; RMS=0.123 m / 0.035 rad max=0.416 m / 0.153 rad samples=1030
[gpu_amcl_cpp_node-6] [WARN] [1789012743.915149399] [gpu_amcl_cpp]: Queued LiDAR scan until source-time odometry arrives (queued=1).
[gpu_amcl_cpp_node-6] [INFO] [1789012743.918124614] [gpu_amcl_cpp]: AMCL odom delta: at_scan=(-0.667, -2.224, -2.653) baseline=(-0.613, -2.198, -2.701) delta=(-0.054, -0.027, 0.049) moved=true scan_age=0.052s
[gpu_amcl_cpp_node-6] [INFO] [1789012744.033195913] [gpu_amcl_cpp]: AMCL local correction: odom_prediction=(-1.641, 3.465, 2.161) scan=(-1.629, 3.435, 2.160) correction=0.032 m/0.001 rad cluster_weight=0.984 publish=true
[component_container-9] [INFO] [1789012744.537810410] [pure_pursuit_node]: Pure Pursuit: pose=(-2.171, 3.821, 2.900) cte=-0.029 closest=1480 target=1521 path_dist=0.029 heading_err=0.127 steer=0.457 speed=1.221
[ground_truth_amcl_monitor-7] [INFO] [1789012744.840000489] [ground_truth_amcl_monitor]: AMCL vs GT: gt=(-2.425, 3.785) amcl=(-2.394, 3.825) error=0.050 m / 0.079 rad; current_map=(-2.452, 3.819, -3.013) error=0.044 m / 0.000 rad; odom=(-2.301, 4.329, -3.013) error=0.558 m / 0.000 rad; ekf=(-2.244, 4.334, -3.092) error=0.578 m / 0.079 rad; RMS=0.121 m / 0.036 rad max=0.416 m / 0.153 rad samples=1069
[gpu_amcl_cpp_node-6] [INFO] [1789012744.939089279] [gpu_amcl_cpp]: AMCL odom delta: at_scan=(-1.146, -3.217, -1.279) baseline=(-1.161, -3.159, -1.363) delta=(0.015, -0.057, 0.084) moved=true scan_age=0.048s
[gpu_amcl_cpp_node-6] [INFO] [1789012745.044709974] [gpu_amcl_cpp]: AMCL local correction: odom_prediction=(-2.661, 3.729, -2.685) scan=(-2.647, 3.730, -2.681) correction=0.015 m/0.004 rad cluster_weight=0.980 publish=true
[component_container-9] [INFO] [1789012745.562676462] [pure_pursuit_node]: Pure Pursuit: pose=(-3.019, 3.151, -1.812) cte=-0.042 closest=1543 target=1584 path_dist=0.042 heading_err=0.013 steer=-0.025 speed=1.323
[ground_truth_amcl_monitor-7] [INFO] [1789012745.865826497] [ground_truth_amcl_monitor]: AMCL vs GT: gt=(-3.063, 2.878) amcl=(-3.046, 2.885) error=0.018 m / 0.002 rad; current_map=(-3.052, 2.821, -1.670) error=0.059 m / 0.000 rad; odom=(-2.979, 3.396, -1.670) error=0.524 m / 0.000 rad; ekf=(-2.979, 3.396, -1.670) error=0.524 m / 0.000 rad; RMS=0.119 m / 0.037 rad max=0.416 m / 0.153 rad samples=1109
[gpu_amcl_cpp_node-6] [INFO] [1789012745.965603451] [gpu_amcl_cpp]: AMCL odom delta: at_scan=(-0.110, -3.793, -0.094) baseline=(-0.174, -3.786, -0.096) delta=(0.065, -0.006, 0.002) moved=true scan_age=0.049s
[gpu_amcl_cpp_node-6] [INFO] [1789012746.068548824] [gpu_amcl_cpp]: AMCL local correction: odom_prediction=(-3.085, 2.565, -1.716) scan=(-3.075, 2.567, -1.709) correction=0.010 m/0.007 rad cluster_weight=0.947 publish=true
[component_container-9] [INFO] [1789012746.562679594] [pure_pursuit_node]: Pure Pursuit: pose=(-3.495, 1.531, -1.942) cte=0.220 closest=1626 target=1671 path_dist=0.220 heading_err=0.257 steer=0.338 speed=2.533
[ground_truth_amcl_monitor-7] [INFO] [1789012746.871121562] [ground_truth_amcl_monitor]: AMCL vs GT: gt=(-3.613, 0.871) amcl=(-3.613, 0.851) error=0.019 m / 0.000 rad; current_map=(-3.612, 0.846, -1.496) error=0.024 m / 0.000 rad; odom=(-3.522, 1.393, -1.496) error=0.530 m / 0.000 rad; ekf=(-3.522, 1.393, -1.496) error=0.530 m / 0.000 rad; RMS=0.117 m / 0.037 rad max=0.416 m / 0.153 rad samples=1150
[gpu_amcl_cpp_node-6] [INFO] [1789012747.014653738] [gpu_amcl_cpp]: AMCL odom delta: at_scan=(2.129, -4.261, 0.243) baseline=(2.024, -4.285, 0.210) delta=(0.106, 0.024, 0.033) moved=true scan_age=0.048s
[gpu_amcl_cpp_node-6] [INFO] [1789012747.118350855] [gpu_amcl_cpp]: AMCL local correction: odom_prediction=(-3.508, 0.341, -1.292) scan=(-3.502, 0.360, -1.287) correction=0.020 m/0.005 rad cluster_weight=0.970 publish=true
[gpu_amcl_cpp_node-6] [INFO] [1789012747.413969625] [gpu_amcl_cpp]: Received LiDAR callback #605 (1081 ranges).
[gpu_amcl_cpp_node-6] [WARN] [1789012747.414028226] [gpu_amcl_cpp]: Queued LiDAR scan until source-time odometry arrives (queued=1).
[gpu_amcl_cpp_node-6] [INFO] [1789012747.418148024] [gpu_amcl_cpp]: Starting AMCL scan update #606 (sampled from 1081 ranges).
[gpu_amcl_cpp_node-6] [INFO] [1789012747.419344885] [gpu_amcl_cpp]: AMCL scan update #606 completed; evaluating pose confidence.
[component_container-9] [INFO] [1789012747.612637217] [pure_pursuit_node]: Pure Pursuit: pose=(-3.433, -0.227, -1.663) cte=-0.391 closest=1705 target=1747 path_dist=0.391 heading_err=-0.575 steer=-0.524 speed=1.283
[ground_truth_amcl_monitor-7] [INFO] [1789012747.872029165] [ground_truth_amcl_monitor]: AMCL vs GT: gt=(-3.539, -0.264) amcl=(-3.592, -0.394) error=0.141 m / 0.000 rad; current_map=(-3.595, -0.409, -2.158) error=0.156 m / 0.000 rad; odom=(-3.403, -0.093, -2.158) error=0.219 m / 0.000 rad; ekf=(-3.403, -0.093, -2.158) error=0.219 m / 0.000 rad; RMS=0.117 m / 0.037 rad max=0.416 m / 0.153 rad samples=1190
[gpu_amcl_cpp_node-6] [INFO] [1789012748.062255390] [gpu_amcl_cpp]: AMCL odom delta: at_scan=(3.417, -4.359, -0.911) baseline=(3.393, -4.330, -0.863) delta=(0.023, -0.029, -0.048) moved=true scan_age=0.046s
[gpu_amcl_cpp_node-6] [INFO] [1789012748.118405704] [gpu_amcl_cpp]: AMCL local correction: odom_prediction=(-3.749, -0.530, -2.500) scan=(-3.675, -0.453, -2.500) correction=0.107 m/0.000 rad cluster_weight=0.974 publish=true
[component_container-9] [INFO] [1789012748.612844613] [pure_pursuit_node]: Pure Pursuit: pose=(-3.985, -0.644, -2.782) cte=-0.358 closest=1732 target=1773 path_dist=0.358 heading_err=0.098 steer=-0.328 speed=1.307
[ground_truth_amcl_monitor-7] [INFO] [1789012748.916418816] [ground_truth_amcl_monitor]: AMCL vs GT: gt=(-4.173, -0.551) amcl=(-4.177, -0.609) error=0.057 m / 0.069 rad; current_map=(-4.243, -0.608, 3.092) error=0.090 m / 0.000 rad; odom=(-4.219, -0.509, 3.092) error=0.062 m / 0.000 rad; ekf=(-4.219, -0.509, 3.092) error=0.062 m / 0.000 rad; RMS=0.117 m / 0.037 rad max=0.416 m / 0.153 rad samples=1231
[gpu_amcl_cpp_node-6] [INFO] [1789012749.063974128] [gpu_amcl_cpp]: AMCL odom delta: at_scan=(3.637, -5.210, -1.830) baseline=(3.652, -5.148, -1.760) delta=(-0.014, -0.062, -0.070) moved=true scan_age=0.048s
[gpu_amcl_cpp_node-6] [INFO] [1789012749.167904704] [gpu_amcl_cpp]: AMCL local correction: odom_prediction=(-4.519, -0.511, 2.814) scan=(-4.476, -0.501, 2.816) correction=0.044 m/0.002 rad cluster_weight=0.985 publish=true
[component_container-9] [INFO] [1789012749.662991541] [pure_pursuit_node]: Pure Pursuit: pose=(-5.327, -0.148, 2.789) cte=0.026 closest=1798 target=1841 path_dist=0.026 heading_err=-0.489 steer=-0.524 speed=2.064
[ground_truth_amcl_monitor-7] [INFO] [1789012749.921689945] [ground_truth_amcl_monitor]: AMCL vs GT: gt=(-5.666, -0.014) amcl=(-5.655, -0.046) error=0.033 m / 0.000 rad; current_map=(-5.658, -0.048, 2.719) error=0.035 m / 0.000 rad; odom=(-5.686, 0.015, 2.719) error=0.036 m / 0.000 rad; ekf=(-5.686, 0.015, 2.719) error=0.036 m / 0.000 rad; RMS=0.116 m / 0.037 rad max=0.416 m / 0.153 rad samples=1272
[actuator_interface-10] [ERROR] [1789012750.064432997] [autodrive_actuator_interface]: Collision count increased to 1; terminal stop latched, no simulator reset published
[ground_truth_amcl_monitor-7] [INFO] [1789012750.064522475] [ground_truth_amcl_monitor]: Collision epoch changed; discarding localization comparison; waiting for fresh AMCL alignment
[gpu_amcl_cpp_node-6] [WARN] [1789012750.068045721] [gpu_amcl_cpp]: No local AMCL cluster near odometry prediction; using causal odometry pose.
[actuator_interface-10] [WARN] [1789012750.069620583] [autodrive_actuator_interface]: Neutral output: external stop
[gpu_amcl_cpp_node-6] [INFO] [1789012750.114719262] [gpu_amcl_cpp]: AMCL odom delta: at_scan=(2.929, -6.829, -2.201) baseline=(2.988, -6.747, -2.172) delta=(-0.058, -0.083, -0.029) moved=true scan_age=0.049s
[gpu_amcl_cpp_node-6] [INFO] [1789012750.620541480] [gpu_amcl_cpp]: AMCL recovery candidate: pose=(-6.468, 0.737, 2.062) weight=0.801 stable_scans=1/3 odom_prediction=(-6.436, 0.747).
[component_container-9] [INFO] [1789012750.712602492] [pure_pursuit_node]: Pure Pursuit: pose=(-6.446, 0.765, 2.062) cte=-0.604 closest=1859 target=1898 path_dist=0.604 heading_err=-0.217 steer=-0.524 speed=2.004
[gpu_amcl_cpp_node-6] [INFO] [1789012751.163720626] [gpu_amcl_cpp]: AMCL odom delta: at_scan=(2.329, -7.287, -2.650) baseline=(2.337, -7.283, -2.650) delta=(-0.009, -0.005, 0.000) moved=false scan_age=0.047s
[component_container-9] [INFO] [1789012751.712838672] [pure_pursuit_node]: Pure Pursuit: pose=(-6.446, 0.765, 2.062) cte=-0.604 closest=1859 target=1898 path_dist=0.604 heading_err=-0.217 steer=-0.524 speed=2.004
[gpu_amcl_cpp_node-6] [INFO] [1789012752.164835198] [gpu_amcl_cpp]: AMCL odom delta: at_scan=(2.329, -7.287, -2.650) baseline=(2.337, -7.283, -2.650) delta=(-0.009, -0.005, 0.000) moved=false scan_age=0.048s
[gpu_amcl_cpp_node-6] [INFO] [1789012752.464332854] [gpu_amcl_cpp]: Received LiDAR callback #708 (1081 ranges).
[component_container-9] [INFO] [1789012752.762705624] [pure_pursuit_node]: Pure Pursuit: pose=(-6.446, 0.765, 2.062) cte=-0.604 closest=1859 target=1898 path_dist=0.604 heading_err=-0.217 steer=-0.524 speed=2.004
[gpu_amcl_cpp_node-6] [INFO] [1789012753.165098889] [gpu_amcl_cpp]: AMCL odom delta: at_scan=(2.329, -7.287, -2.650) baseline=(2.337, -7.283, -2.650) delta=(-0.009, -0.005, 0.000) moved=false scan_age=0.048s
[component_container-9] [INFO] [1789012753.766767188] [pure_pursuit_node]: Pure Pursuit: pose=(-6.446, 0.765, 2.062) cte=-0.604 closest=1859 target=1898 path_dist=0.604 heading_err=-0.217 steer=-0.524 speed=2.004
[gpu_amcl_cpp_node-6] [INFO] [1789012754.165722067] [gpu_amcl_cpp]: AMCL odom delta: at_scan=(2.329, -7.287, -2.650) baseline=(2.337, -7.283, -2.650) delta=(-0.009, -0.005, 0.000) moved=false scan_age=0.049s
[component_container-9] [INFO] [1789012754.814864231] [pure_pursuit_node]: Pure Pursuit: pose=(-6.446, 0.765, 2.062) cte=-0.604 closest=1859 target=1898 path_dist=0.604 heading_err=-0.217 steer=-0.524 speed=2.004
[gpu_amcl_cpp_node-6] [INFO] [1789012755.166988334] [gpu_amcl_cpp]: AMCL odom delta: at_scan=(2.329, -7.287, -2.650) baseline=(2.337, -7.283, -2.650) delta=(-0.009, -0.005, 0.000) moved=false scan_age=0.050s
[component_container-9] [INFO] [1789012755.814960949] [pure_pursuit_node]: Pure Pursuit: pose=(-6.446, 0.765, 2.062) cte=-0.604 closest=1859 target=1898 path_dist=0.604 heading_err=-0.217 steer=-0.524 speed=2.004
[gpu_amcl_cpp_node-6] [INFO] [1789012756.217683533] [gpu_amcl_cpp]: AMCL odom delta: at_scan=(2.329, -7.287, -2.650) baseline=(2.337, -7.283, -2.650) delta=(-0.009, -0.005, 0.000) moved=false scan_age=0.052s
[component_container-9] [INFO] [1789012756.816745420] [pure_pursuit_node]: Pure Pursuit: pose=(-6.446, 0.765, 2.062) cte=-0.604 closest=1859 target=1898 path_dist=0.604 heading_err=-0.217 steer=-0.524 speed=2.004
[gpu_amcl_cpp_node-6] [INFO] [1789012757.217855382] [gpu_amcl_cpp]: AMCL odom delta: at_scan=(2.329, -7.287, -2.650) baseline=(2.337, -7.283, -2.650) delta=(-0.009, -0.005, 0.000) moved=false scan_age=0.051s
[gpu_amcl_cpp_node-6] [INFO] [1789012757.464867807] [gpu_amcl_cpp]: Received LiDAR callback #808 (1081 ranges).
[component_container-9] [INFO] [1789012757.863959823] [pure_pursuit_node]: Pure Pursuit: pose=(-6.446, 0.765, 2.062) cte=-0.604 closest=1859 target=1898 path_dist=0.604 heading_err=-0.217 steer=-0.524 speed=2.004
[gpu_amcl_cpp_node-6] [INFO] [1789012758.266018399] [gpu_amcl_cpp]: AMCL odom delta: at_scan=(2.329, -7.287, -2.650) baseline=(2.337, -7.283, -2.650) delta=(-0.009, -0.005, 0.000) moved=false scan_age=0.050s
[component_container-9] [INFO] [1789012758.865494274] [pure_pursuit_node]: Pure Pursuit: pose=(-6.446, 0.765, 2.062) cte=-0.604 closest=1859 target=1898 path_dist=0.604 heading_err=-0.217 steer=-0.524 speed=2.004
[gpu_amcl_cpp_node-6] [WARN] [1789012759.265322936] [gpu_amcl_cpp]: Queued LiDAR scan until source-time odometry arrives (queued=1).
[gpu_amcl_cpp_node-6] [INFO] [1789012759.268222309] [gpu_amcl_cpp]: AMCL odom delta: at_scan=(2.329, -7.287, -2.650) baseline=(2.337, -7.283, -2.650) delta=(-0.009, -0.005, 0.000) moved=false scan_age=0.052s
[component_container-9] [INFO] [1789012759.914892785] [pure_pursuit_node]: Pure Pursuit: pose=(-6.446, 0.765, 2.062) cte=-0.604 closest=1859 target=1898 path_dist=0.604 heading_err=-0.217 steer=-0.524 speed=2.004
[gpu_amcl_cpp_node-6] [INFO] [1789012760.291555748] [gpu_amcl_cpp]: AMCL odom delta: at_scan=(2.329, -7.287, -2.650) baseline=(2.337, -7.283, -2.650) delta=(-0.009, -0.005, 0.000) moved=false scan_age=0.050s
[component_container-9] [INFO] [1789012760.938482406] [pure_pursuit_node]: Pure Pursuit: pose=(-6.446, 0.765, 2.062) cte=-0.604 closest=1859 target=1898 path_dist=0.604 heading_err=-0.217 steer=-0.524 speed=2.004
[gpu_amcl_cpp_node-6] [INFO] [1789012761.340245656] [gpu_amcl_cpp]: AMCL odom delta: at_scan=(2.329, -7.287, -2.650) baseline=(2.337, -7.283, -2.650) delta=(-0.009, -0.005, 0.000) moved=false scan_age=0.049s
[component_container-9] [INFO] [1789012761.942405429] [pure_pursuit_node]: Pure Pursuit: pose=(-6.446, 0.765, 2.062) cte=-0.604 closest=1859 target=1898 path_dist=0.604 heading_err=-0.217 steer=-0.524 speed=2.004
[gpu_amcl_cpp_node-6] [INFO] [1789012762.390860024] [gpu_amcl_cpp]: AMCL odom delta: at_scan=(2.329, -7.287, -2.650) baseline=(2.337, -7.283, -2.650) delta=(-0.009, -0.005, 0.000) moved=false scan_age=0.050s
[gpu_amcl_cpp_node-6] [INFO] [1789012762.489761110] [gpu_amcl_cpp]: Received LiDAR callback #909 (1081 ranges).
[component_container-9] [INFO] [1789012762.988842580] [pure_pursuit_node]: Pure Pursuit: pose=(-6.446, 0.765, 2.062) cte=-0.604 closest=1859 target=1898 path_dist=0.604 heading_err=-0.217 steer=-0.524 speed=2.004
[gpu_amcl_cpp_node-6] [INFO] [1789012763.440583696] [gpu_amcl_cpp]: AMCL odom delta: at_scan=(2.329, -7.287, -2.650) baseline=(2.337, -7.283, -2.650) delta=(-0.009, -0.005, 0.000) moved=false scan_age=0.050s
[component_container-9] [INFO] [1789012763.991534298] [pure_pursuit_node]: Pure Pursuit: pose=(-6.446, 0.765, 2.062) cte=-0.604 closest=1859 target=1898 path_dist=0.604 heading_err=-0.217 steer=-0.524 speed=2.004
[gpu_amcl_cpp_node-6] [INFO] [1789012764.440948126] [gpu_amcl_cpp]: AMCL odom delta: at_scan=(2.329, -7.287, -2.650) baseline=(2.337, -7.283, -2.650) delta=(-0.009, -0.005, 0.000) moved=false scan_age=0.050s
[component_container-9] [INFO] [1789012765.047274285] [pure_pursuit_node]: Pure Pursuit: pose=(-6.446, 0.765, 2.062) cte=-0.604 closest=1859 target=1898 path_dist=0.604 heading_err=-0.217 steer=-0.524 speed=2.004
[gpu_amcl_cpp_node-6] [INFO] [1789012765.441873023] [gpu_amcl_cpp]: AMCL odom delta: at_scan=(2.329, -7.287, -2.650) baseline=(2.337, -7.283, -2.650) delta=(-0.009, -0.005, 0.000) moved=false scan_age=0.050s
[component_container-9] [INFO] [1789012766.091346414] [pure_pursuit_node]: Pure Pursuit: pose=(-6.446, 0.765, 2.062) cte=-0.604 closest=1859 target=1898 path_dist=0.604 heading_err=-0.217 steer=-0.524 speed=2.004
[gpu_amcl_cpp_node-6] [INFO] [1789012766.490701939] [gpu_amcl_cpp]: AMCL odom delta: at_scan=(2.329, -7.287, -2.650) baseline=(2.337, -7.283, -2.650) delta=(-0.009, -0.005, 0.000) moved=false scan_age=0.050s
[component_container-9] [INFO] [1789012767.141216832] [pure_pursuit_node]: Pure Pursuit: pose=(-6.446, 0.765, 2.062) cte=-0.604 closest=1859 target=1898 path_dist=0.604 heading_err=-0.217 steer=-0.524 speed=2.004
[gpu_amcl_cpp_node-6] [INFO] [1789012767.491639247] [gpu_amcl_cpp]: Received LiDAR callback #1008 (1081 ranges).
[gpu_amcl_cpp_node-6] [INFO] [1789012767.491704360] [gpu_amcl_cpp]: AMCL odom delta: at_scan=(2.329, -7.287, -2.650) baseline=(2.337, -7.283, -2.650) delta=(-0.009, -0.005, 0.000) moved=false scan_age=0.049s
[component_container-9] [INFO] [1789012768.164695976] [pure_pursuit_node]: Pure Pursuit: pose=(-6.446, 0.765, 2.062) cte=-0.604 closest=1859 target=1898 path_dist=0.604 heading_err=-0.217 steer=-0.524 speed=2.004
[gpu_amcl_cpp_node-6] [INFO] [1789012768.516051705] [gpu_amcl_cpp]: AMCL odom delta: at_scan=(2.329, -7.287, -2.650) baseline=(2.337, -7.283, -2.650) delta=(-0.009, -0.005, 0.000) moved=false scan_age=0.050s
[component_container-9] [INFO] [1789012769.165539582] [pure_pursuit_node]: Pure Pursuit: pose=(-6.446, 0.765, 2.062) cte=-0.604 closest=1859 target=1898 path_dist=0.604 heading_err=-0.217 steer=-0.524 speed=2.004
[gpu_amcl_cpp_node-6] [INFO] [1789012769.518923589] [gpu_amcl_cpp]: AMCL odom delta: at_scan=(2.329, -7.287, -2.650) baseline=(2.337, -7.283, -2.650) delta=(-0.009, -0.005, 0.000) moved=false scan_age=0.053s
[component_container-9] [INFO] [1789012770.213603196] [pure_pursuit_node]: Pure Pursuit: pose=(-6.446, 0.765, 2.062) cte=-0.604 closest=1859 target=1898 path_dist=0.604 heading_err=-0.217 steer=-0.524 speed=2.004
[gpu_amcl_cpp_node-6] [INFO] [1789012770.567324639] [gpu_amcl_cpp]: AMCL odom delta: at_scan=(2.329, -7.287, -2.650) baseline=(2.337, -7.283, -2.650) delta=(-0.009, -0.005, 0.000) moved=false scan_age=0.051s
[component_container-9] [INFO] [1789012771.215400186] [pure_pursuit_node]: Pure Pursuit: pose=(-6.446, 0.765, 2.062) cte=-0.604 closest=1859 target=1898 path_dist=0.604 heading_err=-0.217 steer=-0.524 speed=2.004
[gpu_amcl_cpp_node-6] [INFO] [1789012771.614835758] [gpu_amcl_cpp]: AMCL odom delta: at_scan=(2.329, -7.287, -2.650) baseline=(2.337, -7.283, -2.650) delta=(-0.009, -0.005, 0.000) moved=false scan_age=0.049s
[component_container-9] [INFO] [1789012772.266023820] [pure_pursuit_node]: Pure Pursuit: pose=(-6.446, 0.765, 2.062) cte=-0.604 closest=1859 target=1898 path_dist=0.604 heading_err=-0.217 steer=-0.524 speed=2.004
[gpu_amcl_cpp_node-6] [INFO] [1789012772.516308959] [gpu_amcl_cpp]: Received LiDAR callback #1107 (1081 ranges).
[gpu_amcl_cpp_node-6] [INFO] [1789012772.614871425] [gpu_amcl_cpp]: AMCL odom delta: at_scan=(2.329, -7.287, -2.650) baseline=(2.337, -7.283, -2.650) delta=(-0.009, -0.005, 0.000) moved=false scan_age=0.049s
[component_container-9] [INFO] [1789012773.315112363] [pure_pursuit_node]: Pure Pursuit: pose=(-6.446, 0.765, 2.062) cte=-0.604 closest=1859 target=1898 path_dist=0.604 heading_err=-0.217 steer=-0.524 speed=2.004
[gpu_amcl_cpp_node-6] [INFO] [1789012773.617530682] [gpu_amcl_cpp]: AMCL odom delta: at_scan=(2.329, -7.287, -2.650) baseline=(2.337, -7.283, -2.650) delta=(-0.009, -0.005, 0.000) moved=false scan_age=0.051s
[component_container-9] [INFO] [1789012774.339555716] [pure_pursuit_node]: Pure Pursuit: pose=(-6.446, 0.765, 2.062) cte=-0.604 closest=1859 target=1898 path_dist=0.604 heading_err=-0.217 steer=-0.524 speed=2.004
[gpu_amcl_cpp_node-6] [INFO] [1789012774.639839804] [gpu_amcl_cpp]: AMCL odom delta: at_scan=(2.329, -7.287, -2.650) baseline=(2.337, -7.283, -2.650) delta=(-0.009, -0.005, 0.000) moved=false scan_age=0.049s
[component_container-9] [INFO] [1789012775.388598089] [pure_pursuit_node]: Pure Pursuit: pose=(-6.446, 0.765, 2.062) cte=-0.604 closest=1859 target=1898 path_dist=0.604 heading_err=-0.217 steer=-0.524 speed=2.004
[gpu_amcl_cpp_node-6] [INFO] [1789012775.641312421] [gpu_amcl_cpp]: AMCL odom delta: at_scan=(2.329, -7.287, -2.650) baseline=(2.337, -7.283, -2.650) delta=(-0.009, -0.005, 0.000) moved=false scan_age=0.049s
[component_container-9] [INFO] [1789012776.414234638] [pure_pursuit_node]: Pure Pursuit: pose=(-6.446, 0.765, 2.062) cte=-0.604 closest=1859 target=1898 path_dist=0.604 heading_err=-0.217 steer=-0.524 speed=2.004
[gpu_amcl_cpp_node-6] [INFO] [1789012776.665406869] [gpu_amcl_cpp]: AMCL odom delta: at_scan=(2.329, -7.287, -2.650) baseline=(2.337, -7.283, -2.650) delta=(-0.009, -0.005, 0.000) moved=false scan_age=0.049s
[component_container-9] [INFO] [1789012777.415324682] [pure_pursuit_node]: Pure Pursuit: pose=(-6.446, 0.765, 2.062) cte=-0.604 closest=1859 target=1898 path_dist=0.604 heading_err=-0.217 steer=-0.524 speed=2.004
[gpu_amcl_cpp_node-6] [INFO] [1789012777.564813809] [gpu_amcl_cpp]: Received LiDAR callback #1207 (1081 ranges).
[gpu_amcl_cpp_node-6] [INFO] [1789012777.666603865] [gpu_amcl_cpp]: AMCL odom delta: at_scan=(2.329, -7.287, -2.650) baseline=(2.337, -7.283, -2.650) delta=(-0.009, -0.005, 0.000) moved=false scan_age=0.049s
[component_container-9] [INFO] [1789012778.418127416] [pure_pursuit_node]: Pure Pursuit: pose=(-6.446, 0.765, 2.062) cte=-0.604 closest=1859 target=1898 path_dist=0.604 heading_err=-0.217 steer=-0.524 speed=2.004
[gpu_amcl_cpp_node-6] [INFO] [1789012778.666923002] [gpu_amcl_cpp]: AMCL odom delta: at_scan=(2.329, -7.287, -2.650) baseline=(2.337, -7.283, -2.650) delta=(-0.009, -0.005, 0.000) moved=false scan_age=0.048s
[component_container-9] [INFO] [1789012779.463876925] [pure_pursuit_node]: Pure Pursuit: pose=(-6.446, 0.765, 2.062) cte=-0.604 closest=1859 target=1898 path_dist=0.604 heading_err=-0.217 steer=-0.524 speed=2.004
[gpu_amcl_cpp_node-6] [INFO] [1789012779.715242344] [gpu_amcl_cpp]: AMCL odom delta: at_scan=(2.329, -7.287, -2.650) baseline=(2.337, -7.283, -2.650) delta=(-0.009, -0.005, 0.000) moved=false scan_age=0.049s
[component_container-9] [INFO] [1789012780.513855187] [pure_pursuit_node]: Pure Pursuit: pose=(-6.446, 0.765, 2.062) cte=-0.604 closest=1859 target=1898 path_dist=0.604 heading_err=-0.217 steer=-0.524 speed=2.004
[gpu_amcl_cpp_node-6] [INFO] [1789012780.763720333] [gpu_amcl_cpp]: AMCL odom delta: at_scan=(2.329, -7.287, -2.650) baseline=(2.337, -7.283, -2.650) delta=(-0.009, -0.005, 0.000) moved=false scan_age=0.048s
[component_container-9] [INFO] [1789012781.563635946] [pure_pursuit_node]: Pure Pursuit: pose=(-6.446, 0.765, 2.062) cte=-0.604 closest=1859 target=1898 path_dist=0.604 heading_err=-0.217 steer=-0.524 speed=2.004
[gpu_amcl_cpp_node-6] [INFO] [1789012781.763760070] [gpu_amcl_cpp]: AMCL odom delta: at_scan=(2.329, -7.287, -2.650) baseline=(2.337, -7.283, -2.650) delta=(-0.009, -0.005, 0.000) moved=false scan_age=0.048s
[component_container-9] [INFO] [1789012782.611494367] [pure_pursuit_node]: Pure Pursuit: pose=(-6.446, 0.765, 2.062) cte=-0.604 closest=1859 target=1898 path_dist=0.604 heading_err=-0.217 steer=-0.524 speed=2.004
[gpu_amcl_cpp_node-6] [INFO] [1789012782.612640528] [gpu_amcl_cpp]: Received LiDAR callback #1308 (1081 ranges).
[gpu_amcl_cpp_node-6] [INFO] [1789012782.764021170] [gpu_amcl_cpp]: AMCL odom delta: at_scan=(2.329, -7.287, -2.650) baseline=(2.337, -7.283, -2.650) delta=(-0.009, -0.005, 0.000) moved=false scan_age=0.048s
[component_container-9] [INFO] [1789012783.611695902] [pure_pursuit_node]: Pure Pursuit: pose=(-6.446, 0.765, 2.062) cte=-0.604 closest=1859 target=1898 path_dist=0.604 heading_err=-0.217 steer=-0.524 speed=2.004
[gpu_amcl_cpp_node-6] [INFO] [1789012783.813565494] [gpu_amcl_cpp]: AMCL odom delta: at_scan=(2.329, -7.287, -2.650) baseline=(2.337, -7.283, -2.650) delta=(-0.009, -0.005, 0.000) moved=false scan_age=0.048s
[component_container-9] [INFO] [1789012784.611773633] [pure_pursuit_node]: Pure Pursuit: pose=(-6.446, 0.765, 2.062) cte=-0.604 closest=1859 target=1898 path_dist=0.604 heading_err=-0.217 steer=-0.524 speed=2.004
[gpu_amcl_cpp_node-6] [INFO] [1789012784.813849373] [gpu_amcl_cpp]: AMCL odom delta: at_scan=(2.329, -7.287, -2.650) baseline=(2.337, -7.283, -2.650) delta=(-0.009, -0.005, 0.000) moved=false scan_age=0.047s
[component_container-9] [INFO] [1789012785.611988769] [pure_pursuit_node]: Pure Pursuit: pose=(-6.446, 0.765, 2.062) cte=-0.604 closest=1859 target=1898 path_dist=0.604 heading_err=-0.217 steer=-0.524 speed=2.004
[gpu_amcl_cpp_node-6] [INFO] [1789012785.864549382] [gpu_amcl_cpp]: AMCL odom delta: at_scan=(2.329, -7.287, -2.650) baseline=(2.337, -7.283, -2.650) delta=(-0.009, -0.005, 0.000) moved=false scan_age=0.048s
[component_container-9] [INFO] [1789012786.662576904] [pure_pursuit_node]: Pure Pursuit: pose=(-6.446, 0.765, 2.062) cte=-0.604 closest=1859 target=1898 path_dist=0.604 heading_err=-0.217 steer=-0.524 speed=2.004
[gpu_amcl_cpp_node-6] [INFO] [1789012786.912937512] [gpu_amcl_cpp]: AMCL odom delta: at_scan=(2.329, -7.287, -2.650) baseline=(2.337, -7.283, -2.650) delta=(-0.009, -0.005, 0.000) moved=false scan_age=0.047s
[gpu_amcl_cpp_node-6] [INFO] [1789012787.613698545] [gpu_amcl_cpp]: Received LiDAR callback #1408 (1081 ranges).
[component_container-9] [INFO] [1789012787.712898899] [pure_pursuit_node]: Pure Pursuit: pose=(-6.446, 0.765, 2.062) cte=-0.604 closest=1859 target=1898 path_dist=0.604 heading_err=-0.217 steer=-0.524 speed=2.004
[gpu_amcl_cpp_node-6] [INFO] [1789012787.913959480] [gpu_amcl_cpp]: AMCL odom delta: at_scan=(2.329, -7.287, -2.650) baseline=(2.337, -7.283, -2.650) delta=(-0.009, -0.005, 0.000) moved=false scan_age=0.048s
[component_container-9] [INFO] [1789012788.762429238] [pure_pursuit_node]: Pure Pursuit: pose=(-6.446, 0.765, 2.062) cte=-0.604 closest=1859 target=1898 path_dist=0.604 heading_err=-0.217 steer=-0.524 speed=2.004
[gpu_amcl_cpp_node-6] [INFO] [1789012788.963855566] [gpu_amcl_cpp]: AMCL odom delta: at_scan=(2.329, -7.287, -2.650) baseline=(2.337, -7.283, -2.650) delta=(-0.009, -0.005, 0.000) moved=false scan_age=0.047s
[component_container-9] [INFO] [1789012789.762716671] [pure_pursuit_node]: Pure Pursuit: pose=(-6.446, 0.765, 2.062) cte=-0.604 closest=1859 target=1898 path_dist=0.604 heading_err=-0.217 steer=-0.524 speed=2.004
[gpu_amcl_cpp_node-6] [INFO] [1789012789.964793892] [gpu_amcl_cpp]: AMCL odom delta: at_scan=(2.329, -7.287, -2.650) baseline=(2.337, -7.283, -2.650) delta=(-0.009, -0.005, 0.000) moved=false scan_age=0.049s
[component_container-9] [INFO] [1789012790.763014061] [pure_pursuit_node]: Pure Pursuit: pose=(-6.446, 0.765, 2.062) cte=-0.604 closest=1859 target=1898 path_dist=0.604 heading_err=-0.217 steer=-0.524 speed=2.004
[gpu_amcl_cpp_node-6] [INFO] [1789012791.014864161] [gpu_amcl_cpp]: AMCL odom delta: at_scan=(2.329, -7.287, -2.650) baseline=(2.337, -7.283, -2.650) delta=(-0.009, -0.005, 0.000) moved=false scan_age=0.049s
[component_container-9] [INFO] [1789012791.764055625] [pure_pursuit_node]: Pure Pursuit: pose=(-6.446, 0.765, 2.062) cte=-0.604 closest=1859 target=1898 path_dist=0.604 heading_err=-0.217 steer=-0.524 speed=2.004
[gpu_amcl_cpp_node-6] [INFO] [1789012792.063673413] [gpu_amcl_cpp]: AMCL odom delta: at_scan=(2.329, -7.287, -2.650) baseline=(2.337, -7.283, -2.650) delta=(-0.009, -0.005, 0.000) moved=false scan_age=0.048s
[gpu_amcl_cpp_node-6] [WARN] [1789012792.313098898] [gpu_amcl_cpp]: Queued LiDAR scan until source-time odometry arrives (queued=1).
[gpu_amcl_cpp_node-6] [INFO] [1789012792.614239064] [gpu_amcl_cpp]: Received LiDAR callback #1510 (1081 ranges).
[component_container-9] [INFO] [1789012792.801728949] [pure_pursuit_node]: Pure Pursuit: pose=(-6.446, 0.765, 2.062) cte=-0.604 closest=1859 target=1898 path_dist=0.604 heading_err=-0.217 steer=-0.524 speed=2.004
[gpu_amcl_cpp_node-6] [INFO] [1789012793.115634578] [gpu_amcl_cpp]: AMCL odom delta: at_scan=(2.329, -7.287, -2.650) baseline=(2.337, -7.283, -2.650) delta=(-0.009, -0.005, 0.000) moved=false scan_age=0.050s
[component_container-9] [INFO] [1789012793.814321722] [pure_pursuit_node]: Pure Pursuit: pose=(-6.446, 0.765, 2.062) cte=-0.604 closest=1859 target=1898 path_dist=0.604 heading_err=-0.217 steer=-0.524 speed=2.004
[gpu_amcl_cpp_node-6] [INFO] [1789012794.165196990] [gpu_amcl_cpp]: AMCL odom delta: at_scan=(2.329, -7.287, -2.650) baseline=(2.337, -7.283, -2.650) delta=(-0.009, -0.005, 0.000) moved=false scan_age=0.049s
[component_container-9] [INFO] [1789012794.862321758] [pure_pursuit_node]: Pure Pursuit: pose=(-6.446, 0.765, 2.062) cte=-0.604 closest=1859 target=1898 path_dist=0.604 heading_err=-0.217 steer=-0.524 speed=2.004
[gpu_amcl_cpp_node-6] [INFO] [1789012795.215599246] [gpu_amcl_cpp]: AMCL odom delta: at_scan=(2.329, -7.287, -2.650) baseline=(2.337, -7.283, -2.650) delta=(-0.009, -0.005, 0.000) moved=false scan_age=0.050s
[component_container-9] [INFO] [1789012795.862639635] [pure_pursuit_node]: Pure Pursuit: pose=(-6.446, 0.765, 2.062) cte=-0.604 closest=1859 target=1898 path_dist=0.604 heading_err=-0.217 steer=-0.524 speed=2.004
[gpu_amcl_cpp_node-6] [WARN] [1789012796.262822105] [gpu_amcl_cpp]: Queued LiDAR scan until source-time odometry arrives (queued=1).
[gpu_amcl_cpp_node-6] [INFO] [1789012796.268266600] [gpu_amcl_cpp]: AMCL odom delta: at_scan=(2.329, -7.287, -2.650) baseline=(2.337, -7.283, -2.650) delta=(-0.009, -0.005, 0.000) moved=false scan_age=0.052s
[component_container-9] [INFO] [1789012796.862756543] [pure_pursuit_node]: Pure Pursuit: pose=(-6.446, 0.765, 2.062) cte=-0.604 closest=1859 target=1898 path_dist=0.604 heading_err=-0.217 steer=-0.524 speed=2.004
[gpu_amcl_cpp_node-6] [INFO] [1789012797.312520407] [gpu_amcl_cpp]: AMCL odom delta: at_scan=(2.329, -7.287, -2.650) baseline=(2.337, -7.283, -2.650) delta=(-0.009, -0.005, 0.000) moved=false scan_age=0.047s
[gpu_amcl_cpp_node-6] [INFO] [1789012797.663956616] [gpu_amcl_cpp]: Received LiDAR callback #1612 (1081 ranges).
[component_container-9] [INFO] [1789012797.863147103] [pure_pursuit_node]: Pure Pursuit: pose=(-6.446, 0.765, 2.062) cte=-0.604 closest=1859 target=1898 path_dist=0.604 heading_err=-0.217 steer=-0.524 speed=2.004
[gpu_amcl_cpp_node-6] [INFO] [1789012798.312873218] [gpu_amcl_cpp]: AMCL odom delta: at_scan=(2.329, -7.287, -2.650) baseline=(2.337, -7.283, -2.650) delta=(-0.009, -0.005, 0.000) moved=false scan_age=0.047s
[component_container-9] [INFO] [1789012798.912080051] [pure_pursuit_node]: Pure Pursuit: pose=(-6.446, 0.765, 2.062) cte=-0.604 closest=1859 target=1898 path_dist=0.604 heading_err=-0.217 steer=-0.524 speed=2.004
[gpu_amcl_cpp_node-6] [INFO] [1789012799.313538674] [gpu_amcl_cpp]: AMCL odom delta: at_scan=(2.329, -7.287, -2.650) baseline=(2.337, -7.283, -2.650) delta=(-0.009, -0.005, 0.000) moved=false scan_age=0.047s
[component_container-9] [INFO] [1789012799.961788082] [pure_pursuit_node]: Pure Pursuit: pose=(-6.446, 0.765, 2.062) cte=-0.604 closest=1859 target=1898 path_dist=0.604 heading_err=-0.217 steer=-0.524 speed=2.004
[gpu_amcl_cpp_node-6] [INFO] [1789012800.364243399] [gpu_amcl_cpp]: AMCL odom delta: at_scan=(2.329, -7.287, -2.650) baseline=(2.337, -7.283, -2.650) delta=(-0.009, -0.005, 0.000) moved=false scan_age=0.048s
[component_container-9] [INFO] [1789012800.963068023] [pure_pursuit_node]: Pure Pursuit: pose=(-6.446, 0.765, 2.062) cte=-0.604 closest=1859 target=1898 path_dist=0.604 heading_err=-0.217 steer=-0.524 speed=2.004
[gpu_amcl_cpp_node-6] [INFO] [1789012801.414870876] [gpu_amcl_cpp]: AMCL odom delta: at_scan=(2.329, -7.287, -2.650) baseline=(2.337, -7.283, -2.650) delta=(-0.009, -0.005, 0.000) moved=false scan_age=0.049s
[component_container-9] [INFO] [1789012802.012721057] [pure_pursuit_node]: Pure Pursuit: pose=(-6.446, 0.765, 2.062) cte=-0.604 closest=1859 target=1898 path_dist=0.604 heading_err=-0.217 steer=-0.524 speed=2.004
[gpu_amcl_cpp_node-6] [WARN] [1789012802.165077333] [gpu_amcl_cpp]: Queued LiDAR scan until source-time odometry arrives (queued=1).
[gpu_amcl_cpp_node-6] [INFO] [1789012802.463566458] [gpu_amcl_cpp]: AMCL odom delta: at_scan=(2.329, -7.287, -2.650) baseline=(2.337, -7.283, -2.650) delta=(-0.009, -0.005, 0.000) moved=false scan_age=0.047s
[gpu_amcl_cpp_node-6] [INFO] [1789012802.713833670] [gpu_amcl_cpp]: Received LiDAR callback #1715 (1081 ranges).
[component_container-9] [INFO] [1789012803.061466918] [pure_pursuit_node]: Pure Pursuit: pose=(-6.446, 0.765, 2.062) cte=-0.604 closest=1859 target=1898 path_dist=0.604 heading_err=-0.217 steer=-0.524 speed=2.004
[gpu_amcl_cpp_node-6] [INFO] [1789012803.466809050] [gpu_amcl_cpp]: AMCL odom delta: at_scan=(2.329, -7.287, -2.650) baseline=(2.337, -7.283, -2.650) delta=(-0.009, -0.005, 0.000) moved=false scan_age=0.051s
[component_container-9] [INFO] [1789012804.064276973] [pure_pursuit_node]: Pure Pursuit: pose=(-6.446, 0.765, 2.062) cte=-0.604 closest=1859 target=1898 path_dist=0.604 heading_err=-0.217 steer=-0.524 speed=2.004
[gpu_amcl_cpp_node-6] [INFO] [1789012804.514495173] [gpu_amcl_cpp]: AMCL odom delta: at_scan=(2.329, -7.287, -2.650) baseline=(2.337, -7.283, -2.650) delta=(-0.009, -0.005, 0.000) moved=false scan_age=0.048s
[component_container-9] [INFO] [1789012805.112628490] [pure_pursuit_node]: Pure Pursuit: pose=(-6.446, 0.765, 2.062) cte=-0.604 closest=1859 target=1898 path_dist=0.604 heading_err=-0.217 steer=-0.524 speed=2.004
[gpu_amcl_cpp_node-6] [INFO] [1789012805.564013853] [gpu_amcl_cpp]: AMCL odom delta: at_scan=(2.329, -7.287, -2.650) baseline=(2.337, -7.283, -2.650) delta=(-0.009, -0.005, 0.000) moved=false scan_age=0.048s
[component_container-9] [INFO] [1789012806.163950789] [pure_pursuit_node]: Pure Pursuit: pose=(-6.446, 0.765, 2.062) cte=-0.604 closest=1859 target=1898 path_dist=0.604 heading_err=-0.217 steer=-0.524 speed=2.004
[gpu_amcl_cpp_node-6] [INFO] [1789012806.564186689] [gpu_amcl_cpp]: AMCL odom delta: at_scan=(2.329, -7.287, -2.650) baseline=(2.337, -7.283, -2.650) delta=(-0.009, -0.005, 0.000) moved=false scan_age=0.048s
[component_container-9] [INFO] [1789012807.214133117] [pure_pursuit_node]: Pure Pursuit: pose=(-6.446, 0.765, 2.062) cte=-0.604 closest=1859 target=1898 path_dist=0.604 heading_err=-0.217 steer=-0.524 speed=2.004
[gpu_amcl_cpp_node-6] [INFO] [1789012807.614554919] [gpu_amcl_cpp]: AMCL odom delta: at_scan=(2.329, -7.287, -2.650) baseline=(2.337, -7.283, -2.650) delta=(-0.009, -0.005, 0.000) moved=false scan_age=0.049s
[gpu_amcl_cpp_node-6] [INFO] [1789012807.714028331] [gpu_amcl_cpp]: Received LiDAR callback #1815 (1081 ranges).
[component_container-9] [INFO] [1789012808.262609592] [pure_pursuit_node]: Pure Pursuit: pose=(-6.446, 0.765, 2.062) cte=-0.604 closest=1859 target=1898 path_dist=0.604 heading_err=-0.217 steer=-0.524 speed=2.004
[gpu_amcl_cpp_node-6] [INFO] [1789012808.662978618] [gpu_amcl_cpp]: AMCL odom delta: at_scan=(2.329, -7.287, -2.650) baseline=(2.337, -7.283, -2.650) delta=(-0.009, -0.005, 0.000) moved=false scan_age=0.047s
[component_container-9] [INFO] [1789012809.263013692] [pure_pursuit_node]: Pure Pursuit: pose=(-6.446, 0.765, 2.062) cte=-0.604 closest=1859 target=1898 path_dist=0.604 heading_err=-0.217 steer=-0.524 speed=2.004
[gpu_amcl_cpp_node-6] [INFO] [1789012809.663814992] [gpu_amcl_cpp]: AMCL odom delta: at_scan=(2.329, -7.287, -2.650) baseline=(2.337, -7.283, -2.650) delta=(-0.009, -0.005, 0.000) moved=false scan_age=0.048s
[component_container-9] [INFO] [1789012810.312962486] [pure_pursuit_node]: Pure Pursuit: pose=(-6.446, 0.765, 2.062) cte=-0.604 closest=1859 target=1898 path_dist=0.604 heading_err=-0.217 steer=-0.524 speed=2.004
[gpu_amcl_cpp_node-6] [INFO] [1789012810.666648742] [gpu_amcl_cpp]: AMCL odom delta: at_scan=(2.329, -7.287, -2.650) baseline=(2.337, -7.283, -2.650) delta=(-0.009, -0.005, 0.000) moved=false scan_age=0.051s
[component_container-9] [INFO] [1789012811.314473889] [pure_pursuit_node]: Pure Pursuit: pose=(-6.446, 0.765, 2.062) cte=-0.604 closest=1859 target=1898 path_dist=0.604 heading_err=-0.217 steer=-0.524 speed=2.004
[gpu_amcl_cpp_node-6] [INFO] [1789012811.714381909] [gpu_amcl_cpp]: AMCL odom delta: at_scan=(2.329, -7.287, -2.650) baseline=(2.337, -7.283, -2.650) delta=(-0.009, -0.005, 0.000) moved=false scan_age=0.048s
[component_container-9] [INFO] [1789012812.363175799] [pure_pursuit_node]: Pure Pursuit: pose=(-6.446, 0.765, 2.062) cte=-0.604 closest=1859 target=1898 path_dist=0.604 heading_err=-0.217 steer=-0.524 speed=2.004
[gpu_amcl_cpp_node-6] [INFO] [1789012812.714240040] [gpu_amcl_cpp]: Received LiDAR callback #1915 (1081 ranges).
[gpu_amcl_cpp_node-6] [INFO] [1789012812.764908105] [gpu_amcl_cpp]: AMCL odom delta: at_scan=(2.329, -7.287, -2.650) baseline=(2.337, -7.283, -2.650) delta=(-0.009, -0.005, 0.000) moved=false scan_age=0.048s
[component_container-9] [INFO] [1789012813.364045312] [pure_pursuit_node]: Pure Pursuit: pose=(-6.446, 0.765, 2.062) cte=-0.604 closest=1859 target=1898 path_dist=0.604 heading_err=-0.217 steer=-0.524 speed=2.004
[gpu_amcl_cpp_node-6] [INFO] [1789012813.812767736] [gpu_amcl_cpp]: AMCL odom delta: at_scan=(2.329, -7.287, -2.650) baseline=(2.337, -7.283, -2.650) delta=(-0.009, -0.005, 0.000) moved=false scan_age=0.047s
[component_container-9] [INFO] [1789012814.411955242] [pure_pursuit_node]: Pure Pursuit: pose=(-6.446, 0.765, 2.062) cte=-0.604 closest=1859 target=1898 path_dist=0.604 heading_err=-0.217 steer=-0.524 speed=2.004
[gpu_amcl_cpp_node-6] [WARN] [1789012814.714078182] [gpu_amcl_cpp]: Queued LiDAR scan until source-time odometry arrives (queued=1).
[gpu_amcl_cpp_node-6] [INFO] [1789012814.863889776] [gpu_amcl_cpp]: AMCL odom delta: at_scan=(2.329, -7.287, -2.650) baseline=(2.337, -7.283, -2.650) delta=(-0.009, -0.005, 0.000) moved=false scan_age=0.048s
[component_container-9] [INFO] [1789012815.463828276] [pure_pursuit_node]: Pure Pursuit: pose=(-6.446, 0.765, 2.062) cte=-0.604 closest=1859 target=1898 path_dist=0.604 heading_err=-0.217 steer=-0.524 speed=2.004
[gpu_amcl_cpp_node-6] [INFO] [1789012815.915459755] [gpu_amcl_cpp]: AMCL odom delta: at_scan=(2.329, -7.287, -2.650) baseline=(2.337, -7.283, -2.650) delta=(-0.009, -0.005, 0.000) moved=false scan_age=0.049s
[component_container-9] [INFO] [1789012816.511665376] [pure_pursuit_node]: Pure Pursuit: pose=(-6.446, 0.765, 2.062) cte=-0.604 closest=1859 target=1898 path_dist=0.604 heading_err=-0.217 steer=-0.524 speed=2.004
[gpu_amcl_cpp_node-6] [INFO] [1789012816.963545534] [gpu_amcl_cpp]: AMCL odom delta: at_scan=(2.329, -7.287, -2.650) baseline=(2.337, -7.283, -2.650) delta=(-0.009, -0.005, 0.000) moved=false scan_age=0.047s
[component_container-9] [INFO] [1789012817.512014964] [pure_pursuit_node]: Pure Pursuit: pose=(-6.446, 0.765, 2.062) cte=-0.604 closest=1859 target=1898 path_dist=0.604 heading_err=-0.217 steer=-0.524 speed=2.004
[gpu_amcl_cpp_node-6] [INFO] [1789012817.714845681] [gpu_amcl_cpp]: Received LiDAR callback #2016 (1081 ranges).
[gpu_amcl_cpp_node-6] [INFO] [1789012818.004980972] [gpu_amcl_cpp]: AMCL odom delta: at_scan=(2.329, -7.287, -2.650) baseline=(2.337, -7.283, -2.650) delta=(-0.009, -0.005, 0.000) moved=false scan_age=0.089s
[component_container-9] [INFO] [1789012818.512596825] [pure_pursuit_node]: Pure Pursuit: pose=(-6.446, 0.765, 2.062) cte=-0.604 closest=1859 target=1898 path_dist=0.604 heading_err=-0.217 steer=-0.524 speed=2.004
[gpu_amcl_cpp_node-6] [INFO] [1789012819.014666490] [gpu_amcl_cpp]: AMCL odom delta: at_scan=(2.329, -7.287, -2.650) baseline=(2.337, -7.283, -2.650) delta=(-0.009, -0.005, 0.000) moved=false scan_age=0.048s
[component_container-9] [INFO] [1789012819.514129618] [pure_pursuit_node]: Pure Pursuit: pose=(-6.446, 0.765, 2.062) cte=-0.604 closest=1859 target=1898 path_dist=0.604 heading_err=-0.217 steer=-0.524 speed=2.004
[WARNING] [launch]: user interrupted with ctrl-c (SIGINT)
[INFO] [actuator_interface-10]: sending signal 'SIGINT' to process[actuator_interface-10]
[INFO] [component_container-9]: sending signal 'SIGINT' to process[component_container-9]
[INFO] [calibration-8]: sending signal 'SIGINT' to process[calibration-8]
[INFO] [ground_truth_amcl_monitor-7]: sending signal 'SIGINT' to process[ground_truth_amcl_monitor-7]
[INFO] [gpu_amcl_cpp_node-6]: sending signal 'SIGINT' to process[gpu_amcl_cpp_node-6]
[INFO] [lifecycle_manager-5]: sending signal 'SIGINT' to process[lifecycle_manager-5]
[INFO] [map_server-4]: sending signal 'SIGINT' to process[map_server-4]
[INFO] [ekf_localization_node-3]: sending signal 'SIGINT' to process[ekf_localization_node-3]
[INFO] [sensor_odometry_node-2]: sending signal 'SIGINT' to process[sensor_odometry_node-2]
[INFO] [autodrive_bridge_40hz-1]: sending signal 'SIGINT' to process[autodrive_bridge_40hz-1]
[gpu_amcl_cpp_node-6] [INFO] [1789012820.063910356] [gpu_amcl_cpp]: AMCL odom delta: at_scan=(2.329, -7.287, -2.650) baseline=(2.337, -7.283, -2.650) delta=(-0.009, -0.005, 0.000) moved=false scan_age=0.048s
[component_container-9] [INFO] [1789012820.262339919] [rclcpp]: signal_handler(SIGINT/SIGTERM)
[gpu_amcl_cpp_node-6] [INFO] [1789012820.266546081] [rclcpp]: signal_handler(SIGINT/SIGTERM)
[lifecycle_manager-5] [INFO] [1789012820.267912886] [rclcpp]: signal_handler(SIGINT/SIGTERM)
[lifecycle_manager-5] [INFO] [1789012820.267999970] [lifecycle_manager_map]: Running Nav2 LifecycleManager rcl preshutdown (lifecycle_manager_map)
[lifecycle_manager-5] [INFO] [1789012820.268039404] [lifecycle_manager_map]: [34m[1mTerminating bond timer...[0m[0m
[map_server-4] [INFO] [1789012820.269411619] [rclcpp]: signal_handler(SIGINT/SIGTERM)
[map_server-4] [INFO] [1789012820.269507639] [map_server]: Running Nav2 LifecycleNode rcl preshutdown (map_server)
[map_server-4] [INFO] [1789012820.269583111] [map_server]: Deactivating
[map_server-4] [INFO] [1789012820.269612085] [map_server]: Destroying bond (map_server) to lifecycle manager.
[ekf_localization_node-3] [INFO] [1789012820.271210354] [rclcpp]: signal_handler(SIGINT/SIGTERM)
[sensor_odometry_node-2] [INFO] [1789012820.272905826] [rclcpp]: signal_handler(SIGINT/SIGTERM)
[autodrive_bridge_40hz-1] KeyboardInterrupt
[autodrive_bridge_40hz-1] 2026-09-10T04:00:20Z
[map_server-4] [INFO] [1789012820.279909538] [map_server]: Cleaning up
[map_server-4] [INFO] [1789012820.280072173] [map_server]: Destroying bond (map_server) to lifecycle manager.
[lifecycle_manager-5] [INFO] [1789012820.282790334] [lifecycle_manager_map]: Destroying lifecycle_manager_map
[map_server-4] [INFO] [1789012820.284211861] [map_server]: Destroying
[calibration-8] Traceback (most recent call last):
[calibration-8]   File "/workspace/install/lib/sdu_apex_autodrive/calibration", line 33, in <module>
[calibration-8]     sys.exit(load_entry_point('sdu-apex-autodrive', 'console_scripts', 'calibration')())
[calibration-8]   File "/workspace/build/sdu_apex_autodrive/sdu_apex_autodrive/calibration.py", line 1721, in main
[calibration-8]     rclpy.spin(node)
[calibration-8]   File "/opt/ros/humble/local/lib/python3.10/dist-packages/rclpy/__init__.py", line 229, in spin
[calibration-8]     executor.spin_once()
[calibration-8]   File "/opt/ros/humble/local/lib/python3.10/dist-packages/rclpy/executors.py", line 808, in spin_once
[calibration-8]     self._spin_once_impl(timeout_sec)
[calibration-8]   File "/opt/ros/humble/local/lib/python3.10/dist-packages/rclpy/executors.py", line 805, in _spin_once_impl
[calibration-8]     raise handler.exception()
[calibration-8]   File "/opt/ros/humble/local/lib/python3.10/dist-packages/rclpy/task.py", line 272, in _execute_coroutine_step
[calibration-8]     result = coro.send(None)
[calibration-8]   File "/opt/ros/humble/local/lib/python3.10/dist-packages/rclpy/executors.py", line 478, in handler
[calibration-8]     arg = take_from_wait_list(entity)
[calibration-8]   File "/opt/ros/humble/local/lib/python3.10/dist-packages/rclpy/executors.py", line 400, in _take_subscription
[calibration-8]     msg_info = sub.handle.take_message(sub.msg_type, sub.raw)
[calibration-8] RuntimeError: Unable to convert call argument to Python object (compile in debug mode for details)
[autodrive_bridge_40hz-1] Traceback (most recent call last):
[autodrive_bridge_40hz-1]   File "/workspace/install/lib/sdu_apex_autodrive/autodrive_bridge_40hz", line 33, in <module>
[autodrive_bridge_40hz-1]     sys.exit(load_entry_point('sdu-apex-autodrive', 'console_scripts', 'autodrive_bridge_40hz')())
[autodrive_bridge_40hz-1]   File "/workspace/build/sdu_apex_autodrive/sdu_apex_autodrive/bridge_40hz.py", line 465, in main
[autodrive_bridge_40hz-1]     official_bridge.main()
[autodrive_bridge_40hz-1]   File "/home/autodrive_devkit/install/autodrive_roboracer/lib/python3.10/site-packages/autodrive_roboracer/autodrive_bridge.py", line 442, in main
[autodrive_bridge_40hz-1]     pywsgi.WSGIServer(('', 4567), app, handler_class=WebSocketHandler).serve_forever() # Deploy as a gevent WSGI server
[autodrive_bridge_40hz-1]   File "/usr/local/lib/python3.10/dist-packages/gevent/baseserver.py", line 400, in serve_forever
[autodrive_bridge_40hz-1]     self._stop_event.wait()
[autodrive_bridge_40hz-1]   File "src/gevent/event.py", line 163, in gevent._gevent_cevent.Event.wait
[autodrive_bridge_40hz-1]   File "src/gevent/_abstract_linkable.py", line 521, in gevent._gevent_c_abstract_linkable.AbstractLinkable._wait
[autodrive_bridge_40hz-1]   File "src/gevent/_abstract_linkable.py", line 487, in gevent._gevent_c_abstract_linkable.AbstractLinkable._wait_core
[autodrive_bridge_40hz-1]   File "src/gevent/_abstract_linkable.py", line 490, in gevent._gevent_c_abstract_linkable.AbstractLinkable._wait_core
[autodrive_bridge_40hz-1]   File "src/gevent/_abstract_linkable.py", line 442, in gevent._gevent_c_abstract_linkable.AbstractLinkable._AbstractLinkable__wait_to_be_notified
[autodrive_bridge_40hz-1]   File "src/gevent/_abstract_linkable.py", line 451, in gevent._gevent_c_abstract_linkable.AbstractLinkable._switch_to_hub
[autodrive_bridge_40hz-1]   File "src/gevent/_greenlet_primitives.py", line 61, in gevent._gevent_c_greenlet_primitives.SwitchOutGreenletWithLoop.switch
[autodrive_bridge_40hz-1]   File "src/gevent/_greenlet_primitives.py", line 65, in gevent._gevent_c_greenlet_primitives.SwitchOutGreenletWithLoop.switch
[autodrive_bridge_40hz-1]   File "src/gevent/_gevent_c_greenlet_primitives.pxd", line 35, in gevent._gevent_c_greenlet_primitives._greenlet_switch
[autodrive_bridge_40hz-1]   File "/usr/local/lib/python3.10/dist-packages/socketio/client.py", line 25, in signal_handler
[autodrive_bridge_40hz-1]     return original_signal_handler(sig, frame)
[autodrive_bridge_40hz-1] KeyboardInterrupt
[INFO] [component_container-9]: process has finished cleanly [pid 156]
[INFO] [ekf_localization_node-3]: process has finished cleanly [pid 144]
[INFO] [sensor_odometry_node-2]: process has finished cleanly [pid 142]
[INFO] [lifecycle_manager-5]: process has finished cleanly [pid 148]
[INFO] [map_server-4]: process has finished cleanly [pid 146]
[ERROR] [autodrive_bridge_40hz-1]: process has died [pid 140, exit code -2, cmd '/workspace/install/lib/sdu_apex_autodrive/autodrive_bridge_40hz --ros-args -r __node:=autodrive_bridge'].
[INFO] [actuator_interface-10]: process has finished cleanly [pid 158]
[INFO] [ground_truth_amcl_monitor-7]: process has finished cleanly [pid 152]
[ERROR] [calibration-8]: process has died [pid 154, exit code 1, cmd '/workspace/install/lib/sdu_apex_autodrive/calibration --ros-args -r __node:=allowed_telemetry_recorder --params-file /workspace/install/share/sdu_apex_autodrive/config/calibration.yaml --params-file /tmp/launch_params_ae98uyrw'].
[INFO] [gpu_amcl_cpp_node-6]: process has finished cleanly [pid 150]
