[INFO] [launch]: All log files can be found below /root/.ros/log/2026-09-01-09-22-21-233851-ExternalDrive-243
[INFO] [launch]: Default logging verbosity is set to INFO
[INFO] [launch.user]: controller=pure_pursuit custom_amcl=True lateral_planner=False rviz=False
[INFO] [autodrive_bridge-1]: process started with pid [271]
[INFO] [sensor_odometry_node-2]: process started with pid [273]
[INFO] [map_server-3]: process started with pid [275]
[INFO] [lifecycle_manager-4]: process started with pid [277]
[INFO] [gpu_amcl_cpp_node-5]: process started with pid [279]
[INFO] [ekf_localization_node-6]: process started with pid [281]
[INFO] [ground_truth_amcl_monitor-7]: process started with pid [283]
[INFO] [component_container-8]: process started with pid [285]
[INFO] [actuator_interface-9]: process started with pid [287]
[ekf_localization_node-6] [INFO] [1788254541.517654864] [ekf_localization]: EKF ready: odom=/odom + AMCL=/amcl_pose -> /ekf_pose; odom-dominant causal fusion
[lifecycle_manager-4] [INFO] [1788254541.522282323] [lifecycle_manager_map]: Creating
[sensor_odometry_node-2] [INFO] [1788254541.525318970] [sensor_odometry]: Allowed sensor odometry: rear encoders + IMU -> /odom
[lifecycle_manager-4] [INFO] [1788254541.526046806] [lifecycle_manager_map]: [34m[1mCreating and initializing lifecycle service clients[0m[0m
[lifecycle_manager-4] [INFO] [1788254541.537798398] [lifecycle_manager_map]: [34m[1mStarting managed nodes bringup...[0m[0m
[lifecycle_manager-4] [INFO] [1788254541.537916701] [lifecycle_manager_map]: [34m[1mConfiguring map_server[0m[0m
[map_server-3] [INFO] [1788254541.539868161] [map_server]: 
[map_server-3] 	map_server lifecycle node launched. 
[map_server-3] 	Waiting on external lifecycle transitions to activate
[map_server-3] 	See https://design.ros2.org/articles/node_lifecycle.html for more information.
[map_server-3] [INFO] [1788254541.540049811] [map_server]: Creating
[map_server-3] [INFO] [1788254541.540537125] [map_server]: Configuring
[map_server-3] [INFO] [1788254541.540608618] [map_io]: Loading yaml file: /workspace/src/f1tenth_planning/maps/autodrive_compete_2026.yaml
[map_server-3] [INFO] [1788254541.541045335] [map_io]: resolution: 0.025
[map_server-3] [INFO] [1788254541.541063416] [map_io]: origin[0]: -4.74997
[map_server-3] [INFO] [1788254541.541073303] [map_io]: origin[1]: -12.2011
[map_server-3] [INFO] [1788254541.541081277] [map_io]: origin[2]: 0
[map_server-3] [INFO] [1788254541.541089771] [map_io]: free_thresh: 0.25
[map_server-3] [INFO] [1788254541.541097825] [map_io]: occupied_thresh: 0.65
[map_server-3] [INFO] [1788254541.541106620] [map_io]: mode: trinary
[map_server-3] [INFO] [1788254541.541115766] [map_io]: negate: 0
[map_server-3] [INFO] [1788254541.541418253] [map_io]: Loading image_file: /workspace/src/f1tenth_planning/maps/autodrive_compete_2026.pgm
[component_container-8] [INFO] [1788254541.726198886] [controller_container]: Load Library: /workspace/install/lib/libpure_pursuit_node.so
[component_container-8] [INFO] [1788254541.748877569] [controller_container]: Found class: rclcpp_components::NodeFactoryTemplate<f1tenth_control::PurePursuitNode>
[component_container-8] [INFO] [1788254541.749031643] [controller_container]: Instantiate class: rclcpp_components::NodeFactoryTemplate<f1tenth_control::PurePursuitNode>
[map_server-3] [INFO] [1788254541.764105651] [map_io]: Read map /workspace/src/f1tenth_planning/maps/autodrive_compete_2026.pgm: 1054 X 580 map @ 0.025 m/cell
[component_container-8] [INFO] [1788254541.767801076] [pure_pursuit_node]: Initializing Pure Pursuit Node
[lifecycle_manager-4] [INFO] [1788254541.784348596] [lifecycle_manager_map]: [34m[1mActivating map_server[0m[0m
[map_server-3] [INFO] [1788254541.784701079] [map_server]: Activating
[map_server-3] [INFO] [1788254541.787038530] [map_server]: Creating bond (map_server) to lifecycle manager.
[component_container-8] [INFO] [1788254541.807360139] [pure_pursuit_node]: Loaded trajectory with 4468 waypoints (89.3 m)
[component_container-8] [INFO] [1788254541.828516136] [pure_pursuit_node]: Pure Pursuit Node initialized
[component_container-8] [INFO] [1788254541.828617229] [pure_pursuit_node]:   Trajectory: /workspace/src/f1tenth_planning/trajectories/icra_2025_raceline.csv (4468 points)
[component_container-8] [INFO] [1788254541.828652359] [pure_pursuit_node]:   Lookahead: 0.65 - 1.15 m (gain: 0.14)
[component_container-8] [INFO] [1788254541.828697356] [pure_pursuit_node]:   Max speed cap: 0.20 m/s
[component_container-8] [INFO] [1788254541.828731896] [pure_pursuit_node]:   Lookahead adapt: cte_weight=1.00 cte_gain=0.042 curvature_gain=1.900
[component_container-8] [INFO] [1788254541.828769690] [pure_pursuit_node]:   Speed adapt: curvature_factor=0.102 floor_ratio=0.52
[component_container-8] [INFO] [1788254541.828802827] [pure_pursuit_node]:   Speed adapt (CTE): factor=1.500 floor_ratio=0.55
[component_container-8] [INFO] [1788254541.828899232] [pure_pursuit_node]:   Speed limits: max_lat_accel=6.50 min_reg_speed=0.12
[component_container-8] [INFO] [1788254541.828927050] [pure_pursuit_node]:   Yaw-rate damping: 0.000 s
[component_container-8] [INFO] [1788254541.828972598] [pure_pursuit_node]:   Command shaping: steer_rate=3.20 accel=3.00 decel=8.00
[component_container-8] [INFO] [1788254541.829007587] [pure_pursuit_node]:   Pose: /ekf_pose (map frame)
[component_container-8] [INFO] [1788254541.829033852] [pure_pursuit_node]:   Odom: /odom
[component_container-8] [INFO] [1788254541.829060979] [pure_pursuit_node]:   Sensor trigger: /autodrive/roboracer_1/lidar (one command per scan; nominal 10.0 Hz)
[component_container-8] [INFO] [1788254541.829094827] [pure_pursuit_node]:   Steering feedback: /autodrive/roboracer_1/steering (lead gain 0.25)
[component_container-8] [INFO] [1788254541.829126471] [pure_pursuit_node]:   Command: /cmd/controller
[INFO] [launch_ros.actions.load_composable_nodes]: Loaded node '/pure_pursuit_node' in container '/controller_container'
[gpu_amcl_cpp_node-5] [INFO] [1788254541.841597785] [gpu_amcl_cpp]: [AMCL] Parameters: update_min_d=0.02000, update_min_a=0.03500, max_scan_age=0.2500, odom_history=1.000s, cloud_publish_rate=1.0 Hz, debug_pre_resample=false, slip_threshold=1.00 rad/s, initial_raceline_heading=true, local_correction_gate=0.35m/0.45rad gain=0.080 association=0.80m recenter_cloud=true
[gpu_amcl_cpp_node-5] [INFO] [1788254541.865169697] [gpu_amcl_cpp]: Particle cloud publishing scan-synchronized, max 1.0 Hz
[gpu_amcl_cpp_node-5] [INFO] [1788254541.865256896] [gpu_amcl_cpp]: GPU AMCL C++ node created — waiting for map...
[gpu_amcl_cpp_node-5] [INFO] [1788254541.888747940] [gpu_amcl_cpp]: Received first map (1054x580 @ 0.025 m/cell) — initialising PF
[lifecycle_manager-4] [INFO] [1788254541.908870398] [lifecycle_manager_map]: Server map_server connected with bond.
[lifecycle_manager-4] [INFO] [1788254541.908946579] [lifecycle_manager_map]: [34m[1mManaged nodes are active[0m[0m
[lifecycle_manager-4] [INFO] [1788254541.908965942] [lifecycle_manager_map]: [34m[1mCreating bond timer...[0m[0m
[gpu_amcl_cpp_node-5] [INFO] [1788254541.935132795] [gpu_amcl_cpp]: Loaded 4469 global heading points from /workspace/src/f1tenth_planning/trajectories/icra_2025_raceline.csv
[gpu_amcl_cpp_node-5] [INFO] [1788254541.957561791] [gpu_amcl_cpp]: Particle filter initialised with 2500 particles (global)
[gpu_amcl_cpp_node-5] [INFO] [1788254541.957694398] [gpu_amcl_cpp]: Global particle initialization active; waiting for scans before publishing pose
[ground_truth_amcl_monitor-7] [WARN] [1788254542.063998376] [ground_truth_amcl_monitor]: Ground-truth monitor is diagnostics-only; simulator IPS/odom are not controller inputs
[actuator_interface-9] [INFO] [1788254542.101970544] [autodrive_actuator_interface]: Actuator interface ready; no arming state
[actuator_interface-9] [WARN] [1788254542.163307362] [autodrive_actuator_interface]: Neutral output: no command
[autodrive_bridge-1] Connected!
[gpu_amcl_cpp_node-5] [INFO] [1788254561.941679153] [gpu_amcl_cpp]: Received first odometry sample at (0.00, 0.00, 0.00).
[gpu_amcl_cpp_node-5] [INFO] [1788254561.942974924] [gpu_amcl_cpp]: Received LiDAR callback #1 (1081 ranges).
[gpu_amcl_cpp_node-5] [INFO] [1788254561.943022917] [gpu_amcl_cpp]: AMCL odom delta: at_scan=(0.000, 0.000, 0.000) baseline=(0.000, 0.000, 0.000) delta=(0.000, 0.000, 0.000) moved=false scan_age=0.000s
[gpu_amcl_cpp_node-5] [INFO] [1788254561.943044614] [gpu_amcl_cpp]: Starting AMCL scan update #1 (sampled from 1081 ranges).
[component_container-8] [WARN] [1788254561.942996050] [pure_pursuit_node]: No pose received on /ekf_pose yet
[gpu_amcl_cpp_node-5] [INFO] [1788254561.955235635] [gpu_amcl_cpp]: AMCL scan update #1 completed; evaluating pose confidence.
[gpu_amcl_cpp_node-5] [INFO] [1788254561.957441053] [gpu_amcl_cpp]: Global AMCL refining: cluster_weight=0.029, covariance xy=0.908 (max 0.250), yaw=0.278 (max 0.120).
[sensor_odometry_node-2] [INFO] [1788254562.136680508] [sensor_odometry]: Odometry: dl=0.000 dr=0.000 ds=0.000 wheel_speed=0.000 mapped=0.000 body_speed=0.000 speed=0.000 pose=(0.000, 0.000, 0.000) enc=(0.000, 0.000) wheel_slip=false confidence=1.00
[component_container-8] [WARN] [1788254563.013243343] [pure_pursuit_node]: No pose received on /ekf_pose yet
[gpu_amcl_cpp_node-5] [INFO] [1788254563.013254472] [gpu_amcl_cpp]: AMCL odom delta: at_scan=(0.000, 0.000, 0.000) baseline=(0.000, 0.000, 0.000) delta=(0.000, 0.000, 0.000) moved=false scan_age=0.000s
[actuator_interface-9] [INFO] [1788254563.014357602] [autodrive_actuator_interface]: Collision baseline established at cumulative count 0
[component_container-8] [WARN] [1788254564.058456759] [pure_pursuit_node]: No pose received on /ekf_pose yet
[gpu_amcl_cpp_node-5] [INFO] [1788254564.058484076] [gpu_amcl_cpp]: AMCL odom delta: at_scan=(0.000, 0.000, 0.000) baseline=(0.000, 0.000, 0.000) delta=(0.000, 0.000, 0.000) moved=false scan_age=0.000s
[gpu_amcl_cpp_node-5] [INFO] [1788254564.059823504] [gpu_amcl_cpp]: Global AMCL refining: cluster_weight=0.096, covariance xy=0.445 (max 0.250), yaw=0.006 (max 0.120).
[sensor_odometry_node-2] [INFO] [1788254564.230438817] [sensor_odometry]: Odometry: dl=0.000 dr=0.000 ds=0.000 wheel_speed=0.000 mapped=0.000 body_speed=0.000 speed=0.000 pose=(0.000, 0.000, 0.000) enc=(0.000, 0.000) wheel_slip=false confidence=1.00
[component_container-8] [WARN] [1788254565.101555280] [pure_pursuit_node]: No pose received on /ekf_pose yet
[gpu_amcl_cpp_node-5] [INFO] [1788254565.101587486] [gpu_amcl_cpp]: AMCL odom delta: at_scan=(0.000, 0.000, 0.000) baseline=(0.000, 0.000, 0.000) delta=(0.000, 0.000, 0.000) moved=false scan_age=0.000s
[sensor_odometry_node-2] [INFO] [1788254566.248300331] [sensor_odometry]: Odometry: dl=0.000 dr=0.000 ds=0.000 wheel_speed=0.000 mapped=0.000 body_speed=0.000 speed=0.000 pose=(0.000, 0.000, 0.000) enc=(0.000, 0.000) wheel_slip=false confidence=1.00
[component_container-8] [WARN] [1788254566.249452098] [pure_pursuit_node]: No pose received on /ekf_pose yet
[gpu_amcl_cpp_node-5] [INFO] [1788254566.249466873] [gpu_amcl_cpp]: AMCL odom delta: at_scan=(0.000, 0.000, 0.000) baseline=(0.000, 0.000, 0.000) delta=(0.000, 0.000, 0.000) moved=false scan_age=0.000s
[gpu_amcl_cpp_node-5] [INFO] [1788254566.252411370] [gpu_amcl_cpp]: Global AMCL refining: cluster_weight=0.130, covariance xy=0.172 (max 0.250), yaw=0.006 (max 0.120).
[gpu_amcl_cpp_node-5] [INFO] [1788254567.049492053] [gpu_amcl_cpp]: Received LiDAR callback #29 (1081 ranges).
[gpu_amcl_cpp_node-5] [INFO] [1788254567.049558628] [gpu_amcl_cpp]: Starting AMCL scan update #29 (sampled from 1081 ranges).
[gpu_amcl_cpp_node-5] [INFO] [1788254567.050992581] [gpu_amcl_cpp]: AMCL scan update #29 completed; evaluating pose confidence.
[component_container-8] [WARN] [1788254567.445776552] [pure_pursuit_node]: No pose received on /ekf_pose yet
[gpu_amcl_cpp_node-5] [INFO] [1788254567.445777013] [gpu_amcl_cpp]: AMCL odom delta: at_scan=(0.000, 0.000, 0.000) baseline=(0.000, 0.000, 0.000) delta=(0.000, 0.000, 0.000) moved=false scan_age=0.000s
[sensor_odometry_node-2] [INFO] [1788254568.448326232] [sensor_odometry]: Odometry: dl=0.000 dr=0.000 ds=0.000 wheel_speed=0.000 mapped=0.000 body_speed=0.000 speed=0.000 pose=(0.000, 0.000, 0.000) enc=(0.000, 0.000) wheel_slip=false confidence=1.00
[component_container-8] [WARN] [1788254568.449952948] [pure_pursuit_node]: No pose received on /ekf_pose yet
[gpu_amcl_cpp_node-5] [INFO] [1788254568.450001101] [gpu_amcl_cpp]: AMCL odom delta: at_scan=(0.000, 0.000, 0.000) baseline=(0.000, 0.000, 0.000) delta=(0.000, 0.000, 0.000) moved=false scan_age=0.000s
[gpu_amcl_cpp_node-5] [INFO] [1788254568.453011135] [gpu_amcl_cpp]: Global AMCL refining: cluster_weight=0.156, covariance xy=0.137 (max 0.250), yaw=0.005 (max 0.120).
[component_container-8] [WARN] [1788254569.582737983] [pure_pursuit_node]: No pose received on /ekf_pose yet
[gpu_amcl_cpp_node-5] [INFO] [1788254569.582773704] [gpu_amcl_cpp]: AMCL odom delta: at_scan=(0.000, 0.000, 0.000) baseline=(0.000, 0.000, 0.000) delta=(0.000, 0.000, 0.000) moved=false scan_age=0.001s
[sensor_odometry_node-2] [INFO] [1788254570.633548378] [sensor_odometry]: Odometry: dl=0.000 dr=0.000 ds=0.000 wheel_speed=0.000 mapped=0.000 body_speed=0.000 speed=0.000 pose=(0.000, 0.000, 0.000) enc=(0.000, 0.000) wheel_slip=false confidence=1.00
[gpu_amcl_cpp_node-5] [INFO] [1788254570.635697698] [gpu_amcl_cpp]: AMCL odom delta: at_scan=(0.000, 0.000, 0.000) baseline=(0.000, 0.000, 0.000) delta=(0.000, 0.000, 0.000) moved=false scan_age=0.001s
[component_container-8] [WARN] [1788254570.635710981] [pure_pursuit_node]: No pose received on /ekf_pose yet
[gpu_amcl_cpp_node-5] [INFO] [1788254570.638736504] [gpu_amcl_cpp]: Global AMCL refining: cluster_weight=0.173, covariance xy=0.116 (max 0.250), yaw=0.004 (max 0.120).
[component_container-8] [WARN] [1788254571.663135949] [pure_pursuit_node]: No pose received on /ekf_pose yet
[gpu_amcl_cpp_node-5] [INFO] [1788254571.663144433] [gpu_amcl_cpp]: AMCL odom delta: at_scan=(0.000, 0.000, 0.000) baseline=(0.000, 0.000, 0.000) delta=(0.000, 0.000, 0.000) moved=false scan_age=0.001s
[gpu_amcl_cpp_node-5] [INFO] [1788254572.220019463] [gpu_amcl_cpp]: Received LiDAR callback #54 (1081 ranges).
[gpu_amcl_cpp_node-5] [INFO] [1788254572.220183506] [gpu_amcl_cpp]: Starting AMCL scan update #54 (sampled from 1081 ranges).
[gpu_amcl_cpp_node-5] [INFO] [1788254572.221947764] [gpu_amcl_cpp]: AMCL scan update #54 completed; evaluating pose confidence.
[actuator_interface-9] [WARN] [1788254572.587055342] [autodrive_actuator_interface]: Neutral output: command timeout
[sensor_odometry_node-2] [INFO] [1788254572.965253201] [sensor_odometry]: Odometry: dl=0.000 dr=0.000 ds=0.000 wheel_speed=0.000 mapped=0.000 body_speed=0.000 speed=0.000 pose=(0.000, 0.000, 0.000) enc=(0.000, 0.000) wheel_slip=false confidence=1.00
[actuator_interface-9] [WARN] [1788254572.967664366] [autodrive_actuator_interface]: Neutral output: command timeout
[component_container-8] [WARN] [1788254572.975346886] [pure_pursuit_node]: No pose received on /ekf_pose yet
[gpu_amcl_cpp_node-5] [INFO] [1788254572.975311424] [gpu_amcl_cpp]: AMCL odom delta: at_scan=(0.000, 0.000, 0.000) baseline=(0.000, 0.000, 0.000) delta=(0.000, 0.000, 0.000) moved=false scan_age=0.002s
[gpu_amcl_cpp_node-5] [INFO] [1788254572.979732230] [gpu_amcl_cpp]: Global AMCL refining: cluster_weight=0.183, covariance xy=0.105 (max 0.250), yaw=0.004 (max 0.120).
[component_container-8] [WARN] [1788254574.020517663] [pure_pursuit_node]: No pose received on /ekf_pose yet
[gpu_amcl_cpp_node-5] [INFO] [1788254574.020543277] [gpu_amcl_cpp]: AMCL odom delta: at_scan=(0.000, 0.000, 0.000) baseline=(0.000, 0.000, 0.000) delta=(0.000, 0.000, 0.000) moved=false scan_age=0.001s
[sensor_odometry_node-2] [INFO] [1788254574.968109193] [sensor_odometry]: Odometry: dl=0.000 dr=0.000 ds=0.000 wheel_speed=0.000 mapped=0.000 body_speed=0.000 speed=0.000 pose=(0.000, 0.000, 0.000) enc=(0.000, 0.000) wheel_slip=false confidence=1.00
[component_container-8] [WARN] [1788254575.159208621] [pure_pursuit_node]: No pose received on /ekf_pose yet
[gpu_amcl_cpp_node-5] [INFO] [1788254575.159247338] [gpu_amcl_cpp]: AMCL odom delta: at_scan=(0.000, 0.000, 0.000) baseline=(0.000, 0.000, 0.000) delta=(0.000, 0.000, 0.000) moved=false scan_age=0.001s
[gpu_amcl_cpp_node-5] [INFO] [1788254575.162734506] [gpu_amcl_cpp]: Global AMCL refining: cluster_weight=0.193, covariance xy=0.094 (max 0.250), yaw=0.003 (max 0.120).
[actuator_interface-9] [WARN] [1788254576.071027605] [autodrive_actuator_interface]: Neutral output: command timeout
[actuator_interface-9] [WARN] [1788254576.469972119] [autodrive_actuator_interface]: Neutral output: command timeout
[component_container-8] [WARN] [1788254576.528378463] [pure_pursuit_node]: No pose received on /ekf_pose yet
[gpu_amcl_cpp_node-5] [INFO] [1788254576.528367655] [gpu_amcl_cpp]: AMCL odom delta: at_scan=(0.000, 0.000, 0.000) baseline=(0.000, 0.000, 0.000) delta=(0.000, 0.000, 0.000) moved=false scan_age=0.003s
[sensor_odometry_node-2] [INFO] [1788254577.005089170] [sensor_odometry]: Odometry: dl=0.000 dr=0.000 ds=0.000 wheel_speed=0.000 mapped=0.000 body_speed=0.000 speed=0.000 pose=(0.000, 0.000, 0.000) enc=(0.000, 0.000) wheel_slip=false confidence=1.00
[gpu_amcl_cpp_node-5] [INFO] [1788254577.245958348] [gpu_amcl_cpp]: Received LiDAR callback #75 (1081 ranges).
[gpu_amcl_cpp_node-5] [INFO] [1788254577.246200016] [gpu_amcl_cpp]: Starting AMCL scan update #75 (sampled from 1081 ranges).
[gpu_amcl_cpp_node-5] [INFO] [1788254577.248154417] [gpu_amcl_cpp]: AMCL scan update #75 completed; evaluating pose confidence.
[gpu_amcl_cpp_node-5] [INFO] [1788254577.250773617] [gpu_amcl_cpp]: Global AMCL refining: cluster_weight=0.198, covariance xy=0.089 (max 0.250), yaw=0.003 (max 0.120).
[component_container-8] [WARN] [1788254577.827001697] [pure_pursuit_node]: No pose received on /ekf_pose yet
[gpu_amcl_cpp_node-5] [INFO] [1788254577.826976243] [gpu_amcl_cpp]: AMCL odom delta: at_scan=(0.000, 0.000, 0.000) baseline=(0.000, 0.000, 0.000) delta=(0.000, 0.000, 0.000) moved=false scan_age=0.003s
[gpu_amcl_cpp_node-5] [INFO] [1788254578.432615386] [gpu_amcl_cpp]: Global AMCL lock accepted at (10.322, -9.593, 2.921); continuing with local tracking.
[ekf_localization_node-6] [INFO] [1788254578.433759405] [ekf_localization]: EKF accepted AMCL map lock/relocalization
[ground_truth_amcl_monitor-7] [INFO] [1788254578.439261985] [ground_truth_amcl_monitor]: Ground-truth alignment initialized: map->world yaw=1.792, translation=(-6.298, -9.014)
[ground_truth_amcl_monitor-7] [INFO] [1788254578.711612933] [ground_truth_amcl_monitor]: AMCL vs GT: gt=(10.322, -9.593) amcl=(10.322, -9.593) error=0.000 m / 0.000 rad; odom=(10.322, -9.593, 2.921) error=0.000 m / 0.000 rad; ekf=(10.322, -9.593, 2.921) error=0.000 m / 0.000 rad; RMS=0.000 m / 0.000 rad max=0.000 m / 0.000 rad samples=1
[component_container-8] [WARN] [1788254578.912168076] [pure_pursuit_node]: No pose received on /ekf_pose yet
[gpu_amcl_cpp_node-5] [INFO] [1788254578.912172795] [gpu_amcl_cpp]: AMCL odom delta: at_scan=(0.000, 0.000, 0.000) baseline=(0.000, 0.000, 0.000) delta=(0.000, 0.000, 0.000) moved=false scan_age=0.002s
[sensor_odometry_node-2] [INFO] [1788254579.182567714] [sensor_odometry]: Odometry: dl=0.000 dr=0.000 ds=0.000 wheel_speed=0.000 mapped=0.000 body_speed=0.000 speed=0.000 pose=(0.000, 0.000, 0.000) enc=(0.000, 0.000) wheel_slip=false confidence=1.00
[component_container-8] [INFO] [1788254579.189498097] [pure_pursuit_node]: Pure Pursuit: pose=(10.322, -9.593, 2.921) cte=0.386 closest=306 target=339 steer=0.003 speed=0.003
[actuator_interface-9] [WARN] [1788254579.769861654] [autodrive_actuator_interface]: Neutral output: command timeout
[ground_truth_amcl_monitor-7] [INFO] [1788254579.822155713] [ground_truth_amcl_monitor]: AMCL vs GT: gt=(10.322, -9.593) amcl=(10.322, -9.593) error=0.000 m / 0.000 rad; odom=(10.322, -9.593, 2.921) error=0.000 m / 0.000 rad; ekf=(10.322, -9.593, 2.921) error=0.000 m / 0.000 rad; RMS=0.000 m / 0.000 rad max=0.000 m / 0.000 rad samples=5
[gpu_amcl_cpp_node-5] [INFO] [1788254580.155076381] [gpu_amcl_cpp]: AMCL odom delta: at_scan=(0.000, 0.000, 0.000) baseline=(0.000, 0.000, 0.000) delta=(0.000, 0.000, 0.000) moved=false scan_age=0.004s
[actuator_interface-9] [WARN] [1788254580.469654771] [autodrive_actuator_interface]: Neutral output: command timeout
[component_container-8] [INFO] [1788254580.598624514] [pure_pursuit_node]: Pure Pursuit: pose=(9.970, -9.516, 2.935) cte=0.374 closest=324 target=357 steer=0.362 speed=0.120
[gpu_amcl_cpp_node-5] [INFO] [1788254580.602120997] [gpu_amcl_cpp]: AMCL local correction: odom_prediction=(9.981, -9.518, 2.930) scan=(9.975, -9.511, 2.932) correction=0.009 m/0.002 rad cluster_weight=0.840 publish=true
[sensor_odometry_node-2] [INFO] [1788254580.859174669] [sensor_odometry]: Asymptotic passive coast: slip=-0.935 model=0.000 imu=0.949 fused=0.570 throttle=0.000
[ground_truth_amcl_monitor-7] [INFO] [1788254580.882768541] [ground_truth_amcl_monitor]: AMCL vs GT: gt=(10.269, -9.582) amcl=(9.829, -9.486) error=0.450 m / 0.000 rad; odom=(9.829, -9.487, 2.949) error=0.450 m / 0.000 rad; ekf=(9.829, -9.487, 2.949) error=0.450 m / 0.000 rad; RMS=0.198 m / 0.000 rad max=0.450 m / 0.000 rad samples=8
[sensor_odometry_node-2] [INFO] [1788254581.248694501] [sensor_odometry]: Odometry: dl=0.000 dr=0.000 ds=0.257 wheel_speed=0.000 mapped=0.000 body_speed=0.663 speed=0.663 pose=(0.761, 0.012, 0.028) enc=(1.208, 1.194) wheel_slip=true confidence=0.00
[gpu_amcl_cpp_node-5] [INFO] [1788254581.259398796] [gpu_amcl_cpp]: AMCL odom delta: at_scan=(0.761, 0.012, 0.028) baseline=(0.504, 0.004, 0.028) delta=(0.257, 0.007, -0.000) moved=true scan_age=0.004s
[actuator_interface-9] [WARN] [1788254581.567423074] [autodrive_actuator_interface]: Neutral output: command timeout
[component_container-8] [INFO] [1788254581.641252710] [pure_pursuit_node]: Pure Pursuit: pose=(9.577, -9.437, 2.949) cte=0.353 closest=345 target=378 steer=0.292 speed=0.120
[ground_truth_amcl_monitor-7] [INFO] [1788254581.947874129] [ground_truth_amcl_monitor]: AMCL vs GT: gt=(10.269, -9.582) amcl=(9.576, -9.436) error=0.708 m / 0.000 rad; odom=(9.577, -9.438, 2.949) error=0.707 m / 0.000 rad; ekf=(9.576, -9.437, 2.949) error=0.707 m / 0.000 rad; RMS=0.406 m / 0.000 rad max=0.708 m / 0.000 rad samples=11
[gpu_amcl_cpp_node-5] [INFO] [1788254582.223234702] [gpu_amcl_cpp]: AMCL local correction: odom_prediction=(9.502, -9.422, 2.958) scan=(9.513, -9.409, 2.956) correction=0.017 m/0.002 rad cluster_weight=0.863 publish=true
[gpu_amcl_cpp_node-5] [INFO] [1788254582.532194653] [gpu_amcl_cpp]: Received LiDAR callback #92 (1081 ranges).
[gpu_amcl_cpp_node-5] [INFO] [1788254582.532609792] [gpu_amcl_cpp]: AMCL odom delta: at_scan=(1.128, 0.034, 0.102) baseline=(0.836, 0.014, 0.037) delta=(0.292, 0.020, 0.065) moved=true scan_age=0.004s
[gpu_amcl_cpp_node-5] [INFO] [1788254582.532906135] [gpu_amcl_cpp]: Starting AMCL scan update #92 (sampled from 1081 ranges).
[gpu_amcl_cpp_node-5] [INFO] [1788254582.534980949] [gpu_amcl_cpp]: AMCL scan update #92 completed; evaluating pose confidence.
[component_container-8] [INFO] [1788254582.826293264] [pure_pursuit_node]: Pure Pursuit: pose=(9.012, -9.359, 3.081) cte=0.289 closest=373 target=406 steer=0.120 speed=0.120
[actuator_interface-9] [WARN] [1788254583.169108829] [autodrive_actuator_interface]: Neutral output: command timeout
[ground_truth_amcl_monitor-7] [INFO] [1788254583.224186237] [ground_truth_amcl_monitor]: AMCL vs GT: gt=(10.133, -9.564) amcl=(8.866, -9.343) error=1.286 m / 0.002 rad; odom=(8.864, -9.352, 3.082) error=1.287 m / 0.000 rad; ekf=(8.865, -9.349, 3.081) error=1.286 m / 0.000 rad; RMS=0.650 m / 0.000 rad max=1.286 m / 0.002 rad samples=15
[sensor_odometry_node-2] [INFO] [1788254583.497935741] [sensor_odometry]: Odometry: dl=0.000 dr=0.000 ds=0.086 wheel_speed=0.000 mapped=0.000 body_speed=0.285 speed=0.285 pose=(1.560, 0.098, 0.161) enc=(3.433, 3.564) wheel_slip=true confidence=1.00
[gpu_amcl_cpp_node-5] [INFO] [1788254583.511303690] [gpu_amcl_cpp]: AMCL local correction: odom_prediction=(8.780, -9.337, 3.080) scan=(8.791, -9.311, 3.066) correction=0.028 m/0.014 rad cluster_weight=0.845 publish=true
[actuator_interface-9] [WARN] [1788254583.868987113] [autodrive_actuator_interface]: Neutral output: command timeout
[gpu_amcl_cpp_node-5] [INFO] [1788254583.882938293] [gpu_amcl_cpp]: AMCL odom delta: at_scan=(1.560, 0.098, 0.161) baseline=(1.560, 0.098, 0.161) delta=(0.000, 0.000, 0.000) moved=false scan_age=0.009s
[component_container-8] [INFO] [1788254583.882968515] [pure_pursuit_node]: Pure Pursuit: pose=(8.780, -9.339, 3.081) cte=0.251 closest=384 target=417 steer=0.077 speed=0.120
[ground_truth_amcl_monitor-7] [INFO] [1788254584.267023077] [ground_truth_amcl_monitor]: AMCL vs GT: gt=(10.133, -9.564) amcl=(8.781, -9.335) error=1.371 m / 0.003 rad; odom=(8.778, -9.347, 3.082) error=1.372 m / 0.000 rad; ekf=(8.780, -9.338, 3.080) error=1.372 m / 0.001 rad; RMS=0.816 m / 0.001 rad max=1.371 m / 0.003 rad samples=18
[gpu_amcl_cpp_node-5] [INFO] [1788254584.560700419] [gpu_amcl_cpp]: AMCL local correction: odom_prediction=(8.699, -9.330, 3.083) scan=(8.712, -9.294, 3.071) correction=0.038 m/0.012 rad cluster_weight=0.855 publish=true
[actuator_interface-9] [WARN] [1788254584.870956009] [autodrive_actuator_interface]: Neutral output: command timeout
[component_container-8] [INFO] [1788254584.943577234] [pure_pursuit_node]: Pure Pursuit: pose=(8.282, -9.311, 3.105) cte=0.154 closest=409 target=449 steer=-0.085 speed=0.200
[gpu_amcl_cpp_node-5] [INFO] [1788254584.943555256] [gpu_amcl_cpp]: AMCL odom delta: at_scan=(2.038, 0.181, 0.183) baseline=(1.641, 0.111, 0.165) delta=(0.397, 0.070, 0.019) moved=true scan_age=0.003s
[actuator_interface-9] [WARN] [1788254585.272132259] [autodrive_actuator_interface]: Neutral output: command timeout
[ground_truth_amcl_monitor-7] [INFO] [1788254585.290313984] [ground_truth_amcl_monitor]: AMCL vs GT: gt=(9.990, -9.558) amcl=(8.075, -9.286) error=1.935 m / 0.008 rad; odom=(8.066, -9.315, 3.109) error=1.940 m / 0.000 rad; ekf=(8.069, -9.300, 3.106) error=1.938 m / 0.003 rad; RMS=0.998 m / 0.003 rad max=1.935 m / 0.008 rad samples=21
[sensor_odometry_node-2] [INFO] [1788254585.661791235] [sensor_odometry]: Odometry: dl=0.000 dr=0.000 ds=0.171 wheel_speed=0.000 mapped=0.000 body_speed=0.427 speed=0.427 pose=(2.430, 0.255, 0.188) enc=(5.953, 6.116) wheel_slip=true confidence=1.00
[actuator_interface-9] [WARN] [1788254585.669604808] [autodrive_actuator_interface]: Neutral output: command timeout
[gpu_amcl_cpp_node-5] [INFO] [1788254585.680344013] [gpu_amcl_cpp]: AMCL local correction: odom_prediction=(7.904, -9.279, 3.101) scan=(7.919, -9.198, 3.074) correction=0.082 m/0.027 rad cluster_weight=0.873 publish=true
[gpu_amcl_cpp_node-5] [INFO] [1788254586.047310406] [gpu_amcl_cpp]: AMCL odom delta: at_scan=(2.527, 0.274, 0.188) baseline=(2.430, 0.255, 0.188) delta=(0.097, 0.018, 0.000) moved=true scan_age=0.003s
[component_container-8] [INFO] [1788254586.047534074] [pure_pursuit_node]: Pure Pursuit: pose=(7.799, -9.280, 3.103) cte=0.064 closest=433 target=468 steer=-0.194 speed=0.200
[ground_truth_amcl_monitor-7] [INFO] [1788254586.428988962] [ground_truth_amcl_monitor]: AMCL vs GT: gt=(9.983, -9.558) amcl=(7.809, -9.261) error=2.195 m / 0.012 rad; odom=(7.796, -9.306, 3.109) error=2.202 m / 0.000 rad; ekf=(7.806, -9.270, 3.101) error=2.196 m / 0.008 rad; RMS=1.261 m / 0.005 rad max=2.195 m / 0.012 rad samples=25
[gpu_amcl_cpp_node-5] [INFO] [1788254586.789881981] [gpu_amcl_cpp]: AMCL local correction: odom_prediction=(7.604, -9.239, 3.033) scan=(7.642, -9.146, 3.011) correction=0.100 m/0.021 rad cluster_weight=0.876 publish=true
[sensor_odometry_node-2] [INFO] [1788254587.108068173] [sensor_odometry]: Asymptotic passive coast: slip=-0.993 model=0.000 imu=0.936 fused=0.561 throttle=0.000
[component_container-8] [INFO] [1788254587.109961036] [pure_pursuit_node]: Pure Pursuit: pose=(7.391, -9.205, 2.898) cte=0.033 closest=453 target=490 steer=-0.038 speed=0.200
[gpu_amcl_cpp_node-5] [INFO] [1788254587.109968248] [gpu_amcl_cpp]: AMCL odom delta: at_scan=(2.946, 0.319, -0.011) baseline=(2.828, 0.316, 0.058) delta=(0.119, 0.003, -0.069) moved=true scan_age=0.001s
[gpu_amcl_cpp_node-5] [INFO] [1788254587.547527680] [gpu_amcl_cpp]: Received LiDAR callback #111 (1081 ranges).
[gpu_amcl_cpp_node-5] [INFO] [1788254587.547596309] [gpu_amcl_cpp]: Starting AMCL scan update #111 (sampled from 1081 ranges).
[gpu_amcl_cpp_node-5] [INFO] [1788254587.549071778] [gpu_amcl_cpp]: AMCL scan update #111 completed; evaluating pose confidence.
[ground_truth_amcl_monitor-7] [INFO] [1788254587.552839452] [ground_truth_amcl_monitor]: AMCL vs GT: gt=(9.617, -9.507) amcl=(7.149, -9.098) error=2.502 m / 0.019 rad; odom=(7.120, -9.198, 2.909) error=2.517 m / 0.000 rad; ekf=(7.140, -9.126, 2.895) error=2.506 m / 0.014 rad; RMS=1.551 m / 0.009 rad max=2.502 m / 0.019 rad samples=32
[sensor_odometry_node-2] [INFO] [1788254587.757847850] [sensor_odometry]: Odometry: dl=0.000 dr=0.000 ds=0.000 wheel_speed=0.000 mapped=0.000 body_speed=0.000 speed=0.000 pose=(3.211, 0.316, -0.011) enc=(12.367, 12.445) wheel_slip=true confidence=0.00
[gpu_amcl_cpp_node-5] [INFO] [1788254588.346280310] [gpu_amcl_cpp]: AMCL odom delta: at_scan=(3.359, 0.314, -0.012) baseline=(3.211, 0.316, -0.011) delta=(0.148, -0.002, -0.000) moved=true scan_age=0.003s
[component_container-8] [INFO] [1788254588.346507875] [pure_pursuit_node]: Pure Pursuit: pose=(6.997, -9.072, 2.893) cte=0.061 closest=474 target=510 steer=0.003 speed=0.200
[gpu_amcl_cpp_node-5] [INFO] [1788254588.350670696] [gpu_amcl_cpp]: AMCL local correction: odom_prediction=(7.006, -9.061, 2.891) scan=(7.031, -8.982, 2.885) correction=0.083 m/0.006 rad cluster_weight=0.888 publish=true
[actuator_interface-9] [WARN] [1788254588.671404677] [autodrive_actuator_interface]: Neutral output: command timeout
[ground_truth_amcl_monitor-7] [INFO] [1788254588.699337843] [ground_truth_amcl_monitor]: AMCL vs GT: gt=(9.516, -9.483) amcl=(6.446, -8.905) error=3.124 m / 0.020 rad; odom=(6.407, -9.029, 2.910) error=3.141 m / 0.000 rad; ekf=(6.437, -8.926, 2.893) error=3.129 m / 0.017 rad; RMS=1.717 m / 0.010 rad max=3.124 m / 0.020 rad samples=36
[actuator_interface-9] [WARN] [1788254589.072365631] [autodrive_actuator_interface]: Neutral output: command timeout
[sensor_odometry_node-2] [INFO] [1788254589.336793286] [sensor_odometry]: Asymptotic passive coast: slip=-1.000 model=0.000 imu=1.356 fused=0.813 throttle=0.000
[component_container-8] [INFO] [1788254589.347390884] [pure_pursuit_node]: Pure Pursuit: pose=(5.789, -8.746, 2.892) cte=0.058 closest=537 target=576 steer=0.014 speed=0.200
[gpu_amcl_cpp_node-5] [INFO] [1788254589.348389748] [gpu_amcl_cpp]: AMCL odom delta: at_scan=(4.607, 0.301, -0.009) baseline=(4.375, 0.303, -0.010) delta=(0.232, -0.002, 0.001) moved=true scan_age=0.004s
[gpu_amcl_cpp_node-5] [INFO] [1788254589.352261305] [gpu_amcl_cpp]: AMCL local correction: odom_prediction=(5.805, -8.735, 2.890) scan=(5.821, -8.683, 2.873) correction=0.054 m/0.017 rad cluster_weight=0.875 publish=true
[actuator_interface-9] [WARN] [1788254589.671531350] [autodrive_actuator_interface]: Neutral output: command timeout
[ground_truth_amcl_monitor-7] [INFO] [1788254589.788795272] [ground_truth_amcl_monitor]: AMCL vs GT: gt=(9.369, -9.449) amcl=(5.596, -8.672) error=3.852 m / 0.024 rad; odom=(5.547, -8.827, 2.912) error=3.873 m / 0.000 rad; ekf=(5.588, -8.688, 2.892) error=3.857 m / 0.021 rad; RMS=1.936 m / 0.012 rad max=3.852 m / 0.024 rad samples=39
[actuator_interface-9] [WARN] [1788254590.068169692] [autodrive_actuator_interface]: Neutral output: odometry timeout
[sensor_odometry_node-2] [INFO] [1788254590.147665376] [sensor_odometry]: Odometry: dl=0.000 dr=0.000 ds=0.231 wheel_speed=0.000 mapped=0.000 body_speed=0.587 speed=0.587 pose=(5.058, 0.297, -0.009) enc=(16.866, 16.948) wheel_slip=true confidence=1.00
[actuator_interface-9] [WARN] [1788254590.469398889] [autodrive_actuator_interface]: Neutral output: command timeout
[component_container-8] [INFO] [1788254590.531397455] [pure_pursuit_node]: Pure Pursuit: pose=(5.217, -8.581, 2.889) cte=0.061 closest=566 target=602 steer=0.023 speed=0.200
[gpu_amcl_cpp_node-5] [INFO] [1788254590.531395632] [gpu_amcl_cpp]: AMCL odom delta: at_scan=(5.210, 0.295, -0.009) baseline=(5.058, 0.297, -0.009) delta=(0.152, -0.001, 0.000) moved=true scan_age=0.002s
[gpu_amcl_cpp_node-5] [INFO] [1788254590.535673076] [gpu_amcl_cpp]: AMCL local correction: odom_prediction=(5.227, -8.572, 2.886) scan=(5.242, -8.536, 2.860) correction=0.039 m/0.026 rad cluster_weight=0.897 publish=true
[ground_truth_amcl_monitor-7] [INFO] [1788254590.785136978] [ground_truth_amcl_monitor]: AMCL vs GT: gt=(9.370, -9.449) amcl=(5.153, -8.546) error=4.312 m / 0.030 rad; odom=(5.096, -8.722, 2.912) error=4.335 m / 0.000 rad; ekf=(5.147, -8.558, 2.888) error=4.315 m / 0.024 rad; RMS=2.178 m / 0.014 rad max=4.312 m / 0.030 rad samples=42
[gpu_amcl_cpp_node-5] [INFO] [1788254591.688188039] [gpu_amcl_cpp]: AMCL odom delta: at_scan=(5.738, 0.299, 0.044) baseline=(5.618, 0.296, 0.020) delta=(0.120, 0.004, 0.024) moved=true scan_age=0.000s
[component_container-8] [INFO] [1788254591.688222709] [pure_pursuit_node]: Pure Pursuit: pose=(4.715, -8.441, 2.937) cte=0.052 closest=593 target=630 steer=-0.042 speed=0.200
[gpu_amcl_cpp_node-5] [INFO] [1788254591.691103811] [gpu_amcl_cpp]: AMCL local correction: odom_prediction=(4.717, -8.432, 2.932) scan=(4.735, -8.393, 2.907) correction=0.043 m/0.025 rad cluster_weight=0.903 publish=true
[ground_truth_amcl_monitor-7] [INFO] [1788254591.906773606] [ground_truth_amcl_monitor]: AMCL vs GT: gt=(8.873, -9.349) amcl=(4.671, -8.416) error=4.305 m / 0.037 rad; odom=(4.609, -8.620, 2.969) error=4.326 m / 0.000 rad; ekf=(4.668, -8.429, 2.939) error=4.304 m / 0.030 rad; RMS=2.551 m / 0.017 rad max=4.414 m / 0.037 rad samples=48
[sensor_odometry_node-2] [INFO] [1788254592.328285259] [sensor_odometry]: Odometry: dl=0.017 dr=0.017 ds=0.000 wheel_speed=0.080 mapped=0.080 body_speed=0.000 speed=0.000 pose=(5.787, 0.302, 0.045) enc=(25.689, 25.807) wheel_slip=false confidence=1.00
[gpu_amcl_cpp_node-5] [INFO] [1788254592.751713102] [gpu_amcl_cpp]: Received LiDAR callback #131 (1081 ranges).
[gpu_amcl_cpp_node-5] [INFO] [1788254592.751782462] [gpu_amcl_cpp]: AMCL odom delta: at_scan=(6.143, 0.313, 0.013) baseline=(5.916, 0.307, 0.037) delta=(0.228, 0.006, -0.024) moved=true scan_age=0.000s
[gpu_amcl_cpp_node-5] [INFO] [1788254592.751833190] [gpu_amcl_cpp]: Starting AMCL scan update #131 (sampled from 1081 ranges).
[component_container-8] [INFO] [1788254592.751715997] [pure_pursuit_node]: Pure Pursuit: pose=(4.321, -8.341, 2.900) cte=0.033 closest=613 target=653 steer=-0.033 speed=0.200
[gpu_amcl_cpp_node-5] [INFO] [1788254592.753307070] [gpu_amcl_cpp]: AMCL scan update #131 completed; evaluating pose confidence.
[gpu_amcl_cpp_node-5] [INFO] [1788254592.754709585] [gpu_amcl_cpp]: AMCL local correction: odom_prediction=(4.324, -8.332, 2.895) scan=(4.335, -8.289, 2.875) correction=0.044 m/0.020 rad cluster_weight=0.915 publish=true
[ground_truth_amcl_monitor-7] [INFO] [1788254592.972087502] [ground_truth_amcl_monitor]: AMCL vs GT: gt=(8.330, -9.237) amcl=(4.210, -8.293) error=4.227 m / 0.041 rad; odom=(4.142, -8.526, 2.911) error=4.247 m / 0.000 rad; ekf=(4.207, -8.309, 2.875) error=4.226 m / 0.035 rad; RMS=2.764 m / 0.020 rad max=4.414 m / 0.041 rad samples=53
[component_container-8] [INFO] [1788254593.810279292] [pure_pursuit_node]: Pure Pursuit: pose=(3.869, -8.205, 2.866) cte=0.027 closest=636 target=677 steer=-0.015 speed=0.200
[gpu_amcl_cpp_node-5] [INFO] [1788254593.810274323] [gpu_amcl_cpp]: AMCL odom delta: at_scan=(6.614, 0.307, -0.017) baseline=(6.380, 0.311, -0.017) delta=(0.234, -0.004, -0.000) moved=true scan_age=0.000s
[gpu_amcl_cpp_node-5] [INFO] [1788254593.813160155] [gpu_amcl_cpp]: AMCL local correction: odom_prediction=(3.875, -8.192, 2.862) scan=(3.895, -8.140, 2.853) correction=0.056 m/0.009 rad cluster_weight=0.893 publish=true
[ground_truth_amcl_monitor-7] [INFO] [1788254594.029473422] [ground_truth_amcl_monitor]: AMCL vs GT: gt=(7.809, -9.111) amcl=(3.759, -8.148) error=4.162 m / 0.043 rad; odom=(3.682, -8.415, 2.902) error=4.186 m / 0.000 rad; ekf=(3.753, -8.169, 2.863) error=4.164 m / 0.039 rad; RMS=2.918 m / 0.023 rad max=4.414 m / 0.043 rad samples=58
[sensor_odometry_node-2] [INFO] [1788254594.426031757] [sensor_odometry]: Odometry: dl=0.000 dr=0.000 ds=0.000 wheel_speed=0.000 mapped=0.000 body_speed=0.000 speed=0.000 pose=(6.770, 0.304, -0.020) enc=(44.453, 44.529) wheel_slip=false confidence=1.00
[gpu_amcl_cpp_node-5] [INFO] [1788254594.849854440] [gpu_amcl_cpp]: AMCL odom delta: at_scan=(7.010, 0.299, -0.022) baseline=(6.821, 0.303, -0.021) delta=(0.188, -0.004, -0.001) moved=true scan_age=0.000s
[component_container-8] [INFO] [1788254594.849863676] [pure_pursuit_node]: Pure Pursuit: pose=(3.494, -8.078, 2.857) cte=0.033 closest=656 target=695 steer=-0.008 speed=0.200
[gpu_amcl_cpp_node-5] [INFO] [1788254594.852734213] [gpu_amcl_cpp]: AMCL local correction: odom_prediction=(3.501, -8.063, 2.856) scan=(3.519, -8.010, 2.862) correction=0.057 m/0.006 rad cluster_weight=0.900 publish=true
[ground_truth_amcl_monitor-7] [INFO] [1788254595.062350704] [ground_truth_amcl_monitor]: AMCL vs GT: gt=(7.344, -8.996) amcl=(3.350, -8.009) error=4.114 m / 0.042 rad; odom=(3.262, -8.311, 2.900) error=4.139 m / 0.000 rad; ekf=(3.343, -8.031, 2.858) error=4.115 m / 0.042 rad; RMS=3.034 m / 0.025 rad max=4.414 m / 0.043 rad samples=63
[sensor_odometry_node-2] [INFO] [1788254595.269092976] [sensor_odometry]: Asymptotic passive coast: slip=-1.000 model=0.000 imu=0.836 fused=0.502 throttle=0.000
[gpu_amcl_cpp_node-5] [INFO] [1788254595.890553596] [gpu_amcl_cpp]: AMCL odom delta: at_scan=(7.482, 0.289, -0.021) baseline=(7.482, 0.289, -0.021) delta=(0.000, 0.000, 0.000) moved=false scan_age=0.000s
[component_container-8] [INFO] [1788254595.890561009] [pure_pursuit_node]: Pure Pursuit: pose=(3.049, -7.923, 2.857) cte=0.039 closest=680 target=713 steer=-0.002 speed=0.200
[ground_truth_amcl_monitor-7] [INFO] [1788254596.097761249] [ground_truth_amcl_monitor]: AMCL vs GT: gt=(7.287, -8.982) amcl=(3.052, -7.910) error=4.369 m / 0.041 rad; odom=(2.958, -8.236, 2.900) error=4.393 m / 0.000 rad; ekf=(3.049, -7.920, 2.858) error=4.369 m / 0.042 rad; RMS=3.145 m / 0.026 rad max=4.414 m / 0.043 rad samples=68
[gpu_amcl_cpp_node-5] [INFO] [1788254596.309381711] [gpu_amcl_cpp]: AMCL local correction: odom_prediction=(2.945, -7.879, 2.859) scan=(2.981, -7.849, 2.862) correction=0.047 m/0.003 rad cluster_weight=0.888 publish=true
[sensor_odometry_node-2] [INFO] [1788254596.514539278] [sensor_odometry]: Odometry: dl=0.255 dr=0.255 ds=0.224 wheel_speed=1.223 mapped=1.210 body_speed=1.074 speed=1.074 pose=(7.818, 0.282, -0.021) enc=(57.439, 57.511) wheel_slip=false confidence=1.00
[component_container-8] [INFO] [1788254596.939169888] [pure_pursuit_node]: Pure Pursuit: pose=(2.554, -7.767, 2.854) cte=0.023 closest=706 target=741 steer=-0.042 speed=0.200
[gpu_amcl_cpp_node-5] [INFO] [1788254596.939158498] [gpu_amcl_cpp]: AMCL odom delta: at_scan=(8.001, 0.278, -0.026) baseline=(7.942, 0.279, -0.023) delta=(0.059, -0.001, -0.002) moved=true scan_age=0.000s
[ground_truth_amcl_monitor-7] [INFO] [1788254597.156676539] [ground_truth_amcl_monitor]: AMCL vs GT: gt=(6.786, -8.859) amcl=(2.523, -7.739) error=4.408 m / 0.037 rad; odom=(2.415, -8.102, 2.895) error=4.436 m / 0.000 rad; ekf=(2.518, -7.752, 2.854) error=4.410 m / 0.041 rad; RMS=3.248 m / 0.027 rad max=4.473 m / 0.043 rad samples=73
[gpu_amcl_cpp_node-5] [INFO] [1788254597.577205011] [gpu_amcl_cpp]: AMCL local correction: odom_prediction=(2.497, -7.731, 2.855) scan=(2.512, -7.703, 2.874) correction=0.032 m/0.019 rad cluster_weight=0.900 publish=true
[gpu_amcl_cpp_node-5] [INFO] [1788254597.787362222] [gpu_amcl_cpp]: Received LiDAR callback #155 (1081 ranges).
[gpu_amcl_cpp_node-5] [INFO] [1788254597.787437823] [gpu_amcl_cpp]: Starting AMCL scan update #155 (sampled from 1081 ranges).
[gpu_amcl_cpp_node-5] [INFO] [1788254597.788927964] [gpu_amcl_cpp]: AMCL scan update #155 completed; evaluating pose confidence.
[component_container-8] [INFO] [1788254598.001352226] [pure_pursuit_node]: Pure Pursuit: pose=(2.191, -7.640, 2.817) cte=0.016 closest=725 target=763 steer=-0.030 speed=0.200
[gpu_amcl_cpp_node-5] [INFO] [1788254598.001349902] [gpu_amcl_cpp]: AMCL odom delta: at_scan=(8.386, 0.262, -0.065) baseline=(8.220, 0.271, -0.041) delta=(0.166, -0.009, -0.024) moved=true scan_age=0.000s
[ground_truth_amcl_monitor-7] [INFO] [1788254598.221062381] [ground_truth_amcl_monitor]: AMCL vs GT: gt=(6.340, -8.735) amcl=(2.148, -7.611) error=4.341 m / 0.031 rad; odom=(2.029, -7.996, 2.845) error=4.374 m / 0.000 rad; ekf=(2.141, -7.621, 2.807) error=4.344 m / 0.038 rad; RMS=3.333 m / 0.028 rad max=4.473 m / 0.043 rad samples=78
[sensor_odometry_node-2] [INFO] [1788254598.633950288] [sensor_odometry]: Odometry: dl=0.011 dr=0.011 ds=0.000 wheel_speed=0.052 mapped=0.051 body_speed=0.000 speed=0.000 pose=(8.441, 0.258, -0.077) enc=(68.104, 68.137) wheel_slip=false confidence=1.00
[gpu_amcl_cpp_node-5] [INFO] [1788254598.846192025] [gpu_amcl_cpp]: AMCL local correction: odom_prediction=(2.028, -7.571, 2.810) scan=(2.034, -7.546, 2.829) correction=0.025 m/0.019 rad cluster_weight=0.882 publish=true
[gpu_amcl_cpp_node-5] [INFO] [1788254599.039149099] [gpu_amcl_cpp]: AMCL odom delta: at_scan=(8.794, 0.229, -0.092) baseline=(8.567, 0.248, -0.080) delta=(0.228, -0.020, -0.012) moved=true scan_age=0.000s
[component_container-8] [INFO] [1788254599.039165418] [pure_pursuit_node]: Pure Pursuit: pose=(1.808, -7.499, 2.795) cte=0.010 closest=745 target=786 steer=-0.019 speed=0.200
[ground_truth_amcl_monitor-7] [INFO] [1788254599.254181282] [ground_truth_amcl_monitor]: AMCL vs GT: gt=(5.833, -8.571) amcl=(1.698, -7.449) error=4.284 m / 0.025 rad; odom=(1.573, -7.851, 2.813) error=4.320 m / 0.000 rad; ekf=(1.694, -7.456, 2.780) error=4.287 m / 0.033 rad; RMS=3.404 m / 0.028 rad max=4.473 m / 0.043 rad samples=83
[gpu_amcl_cpp_node-5] [INFO] [1788254599.876800809] [gpu_amcl_cpp]: AMCL local correction: odom_prediction=(1.614, -7.416, 2.785) scan=(1.634, -7.410, 2.808) correction=0.021 m/0.023 rad cluster_weight=0.876 publish=true
[gpu_amcl_cpp_node-5] [INFO] [1788254600.081086632] [gpu_amcl_cpp]: AMCL odom delta: at_scan=(9.209, 0.183, -0.115) baseline=(9.008, 0.206, -0.113) delta=(0.201, -0.023, -0.002) moved=true scan_age=0.001s
[component_container-8] [INFO] [1788254600.081955013] [pure_pursuit_node]: Pure Pursuit: pose=(1.419, -7.347, 2.778) cte=0.004 closest=766 target=806 steer=-0.010 speed=0.200
[ground_truth_amcl_monitor-7] [INFO] [1788254600.294223870] [ground_truth_amcl_monitor]: AMCL vs GT: gt=(5.366, -8.408) amcl=(1.217, -7.267) error=4.303 m / 0.019 rad; odom=(1.084, -7.681, 2.802) error=4.342 m / 0.000 rad; ekf=(1.213, -7.268, 2.776) error=4.306 m / 0.027 rad; RMS=3.460 m / 0.028 rad max=4.473 m / 0.043 rad samples=88
[sensor_odometry_node-2] [INFO] [1788254600.493988390] [sensor_odometry]: Asymptotic passive coast: slip=-1.000 model=0.000 imu=1.120 fused=0.672 throttle=0.000
[sensor_odometry_node-2] [INFO] [1788254600.700541472] [sensor_odometry]: Odometry: dl=0.000 dr=0.000 ds=0.143 wheel_speed=0.000 mapped=0.000 body_speed=0.690 speed=0.690 pose=(9.711, 0.124, -0.120) enc=(84.479, 84.489) wheel_slip=true confidence=0.00
[gpu_amcl_cpp_node-5] [INFO] [1788254600.914713711] [gpu_amcl_cpp]: AMCL local correction: odom_prediction=(0.817, -7.117, 2.785) scan=(0.824, -7.129, 2.791) correction=0.014 m/0.007 rad cluster_weight=0.871 publish=true
[gpu_amcl_cpp_node-5] [INFO] [1788254601.125065245] [gpu_amcl_cpp]: AMCL odom delta: at_scan=(9.858, 0.106, -0.120) baseline=(9.858, 0.106, -0.120) delta=(0.000, 0.000, 0.000) moved=false scan_age=0.000s
[component_container-8] [INFO] [1788254601.125080071] [pure_pursuit_node]: Pure Pursuit: pose=(0.815, -7.117, 2.779) cte=-0.027 closest=799 target=832 steer=-0.060 speed=0.200
[ground_truth_amcl_monitor-7] [INFO] [1788254601.338538369] [ground_truth_amcl_monitor]: AMCL vs GT: gt=(5.301, -8.385) amcl=(0.817, -7.118) error=4.659 m / 0.016 rad; odom=(0.680, -7.537, 2.801) error=4.698 m / 0.000 rad; ekf=(0.816, -7.117, 2.780) error=4.661 m / 0.021 rad; RMS=3.529 m / 0.027 rad max=4.659 m / 0.043 rad samples=93
[gpu_amcl_cpp_node-5] [INFO] [1788254601.975750650] [gpu_amcl_cpp]: AMCL local correction: odom_prediction=(0.383, -6.944, 2.701) scan=(0.405, -6.951, 2.687) correction=0.023 m/0.014 rad cluster_weight=0.865 publish=true
[gpu_amcl_cpp_node-5] [INFO] [1788254602.182142587] [gpu_amcl_cpp]: AMCL odom delta: at_scan=(10.386, 0.023, -0.213) baseline=(10.322, 0.036, -0.203) delta=(0.064, -0.014, -0.010) moved=true scan_age=0.000s
[component_container-8] [INFO] [1788254602.182175063] [pure_pursuit_node]: Pure Pursuit: pose=(0.323, -6.913, 2.689) cte=-0.054 closest=825 target=860 steer=-0.009 speed=0.200
[ground_truth_amcl_monitor-7] [INFO] [1788254602.399548659] [ground_truth_amcl_monitor]: AMCL vs GT: gt=(4.815, -8.187) amcl=(0.286, -6.898) error=4.709 m / 0.021 rad; odom=(0.141, -7.321, 2.707) error=4.754 m / 0.000 rad; ekf=(0.283, -6.894, 2.689) error=4.713 m / 0.019 rad; RMS=3.598 m / 0.027 rad max=4.769 m / 0.043 rad samples=98
[sensor_odometry_node-2] [INFO] [1788254602.813120727] [sensor_odometry]: Odometry: dl=0.028 dr=0.028 ds=0.000 wheel_speed=0.132 mapped=0.131 body_speed=0.000 speed=0.000 pose=(10.464, 0.006, -0.214) enc=(93.855, 93.806) wheel_slip=false confidence=1.00
[gpu_amcl_cpp_node-5] [INFO] [1788254602.814418226] [gpu_amcl_cpp]: Received LiDAR callback #179 (1081 ranges).
[gpu_amcl_cpp_node-5] [INFO] [1788254603.026743293] [gpu_amcl_cpp]: Starting AMCL scan update #180 (sampled from 1081 ranges).
[gpu_amcl_cpp_node-5] [INFO] [1788254603.028263050] [gpu_amcl_cpp]: AMCL scan update #180 completed; evaluating pose confidence.
[gpu_amcl_cpp_node-5] [INFO] [1788254603.029692569] [gpu_amcl_cpp]: AMCL local correction: odom_prediction=(0.197, -6.855, 2.683) scan=(0.210, -6.867, 2.651) correction=0.017 m/0.032 rad cluster_weight=0.867 publish=true
[component_container-8] [INFO] [1788254603.237546040] [pure_pursuit_node]: Pure Pursuit: pose=(0.042, -6.777, 2.682) cte=-0.059 closest=841 target=880 steer=-0.021 speed=0.200
[gpu_amcl_cpp_node-5] [INFO] [1788254603.237544036] [gpu_amcl_cpp]: AMCL odom delta: at_scan=(10.696, -0.045, -0.218) baseline=(10.529, -0.008, -0.215) delta=(0.167, -0.037, -0.003) moved=true scan_age=0.000s
[ground_truth_amcl_monitor-7] [INFO] [1788254603.452378323] [ground_truth_amcl_monitor]: AMCL vs GT: gt=(4.367, -7.977) amcl=(-0.067, -6.723) error=4.608 m / 0.032 rad; odom=(-0.222, -7.151, 2.698) error=4.663 m / 0.000 rad; ekf=(-0.072, -6.720, 2.676) error=4.614 m / 0.022 rad; RMS=3.659 m / 0.027 rad max=4.769 m / 0.043 rad samples=103
[gpu_amcl_cpp_node-5] [INFO] [1788254604.078188556] [gpu_amcl_cpp]: AMCL local correction: odom_prediction=(-0.297, -6.602, 2.655) scan=(-0.282, -6.615, 2.592) correction=0.020 m/0.063 rad cluster_weight=0.864 publish=true
[component_container-8] [INFO] [1788254604.284380251] [pure_pursuit_node]: Pure Pursuit: pose=(-0.301, -6.601, 2.664) cte=-0.069 closest=860 target=893 steer=-0.028 speed=0.200
[gpu_amcl_cpp_node-5] [INFO] [1788254604.284384258] [gpu_amcl_cpp]: AMCL odom delta: at_scan=(11.080, -0.132, -0.225) baseline=(11.080, -0.132, -0.225) delta=(0.000, 0.000, 0.000) moved=false scan_age=0.000s
[ground_truth_amcl_monitor-7] [INFO] [1788254604.508349780] [ground_truth_amcl_monitor]: AMCL vs GT: gt=(4.315, -7.952) amcl=(-0.296, -6.603) error=4.804 m / 0.046 rad; odom=(-0.461, -7.037, 2.696) error=4.862 m / 0.000 rad; ekf=(-0.299, -6.601, 2.662) error=4.808 m / 0.034 rad; RMS=3.717 m / 0.028 rad max=4.804 m / 0.046 rad samples=108
[sensor_odometry_node-2] [INFO] [1788254604.823213839] [sensor_odometry]: Odometry: dl=0.267 dr=0.267 ds=0.209 wheel_speed=1.294 mapped=1.281 body_speed=1.016 speed=1.016 pose=(11.307, -0.185, -0.234) enc=(105.590, 105.538) wheel_slip=true confidence=0.00
[sensor_odometry_node-2] [INFO] [1788254605.239776930] [sensor_odometry]: Asymptotic passive coast: slip=-1.000 model=0.048 imu=1.219 fused=0.750 throttle=0.000
[gpu_amcl_cpp_node-5] [INFO] [1788254605.243742168] [gpu_amcl_cpp]: AMCL local correction: odom_prediction=(-0.833, -6.294, 2.597) scan=(-0.795, -6.289, 2.491) correction=0.038 m/0.106 rad cluster_weight=0.885 publish=true
[gpu_amcl_cpp_node-5] [INFO] [1788254605.447784796] [gpu_amcl_cpp]: AMCL odom delta: at_scan=(11.841, -0.322, -0.259) baseline=(11.688, -0.282, -0.259) delta=(0.153, -0.040, 0.000) moved=true scan_age=0.000s
[component_container-8] [INFO] [1788254605.447799802] [pure_pursuit_node]: Pure Pursuit: pose=(-0.974, -6.216, 2.612) cte=-0.090 closest=898 target=936 steer=-0.122 speed=0.200
[ground_truth_amcl_monitor-7] [INFO] [1788254605.662303655] [ground_truth_amcl_monitor]: AMCL vs GT: gt=(3.949, -7.770) amcl=(-1.096, -6.122) error=5.308 m / 0.093 rad; odom=(-1.307, -6.610, 2.662) error=5.383 m / 0.000 rad; ekf=(-1.110, -6.129, 2.606) error=5.319 m / 0.056 rad; RMS=3.797 m / 0.032 rad max=5.308 m / 0.093 rad samples=114
[gpu_amcl_cpp_node-5] [INFO] [1788254606.284550096] [gpu_amcl_cpp]: AMCL local correction: odom_prediction=(-1.192, -6.059, 2.558) scan=(-1.138, -6.046, 2.420) correction=0.056 m/0.138 rad cluster_weight=0.869 publish=true
[gpu_amcl_cpp_node-5] [INFO] [1788254606.498100768] [gpu_amcl_cpp]: AMCL odom delta: at_scan=(12.334, -0.465, -0.348) baseline=(12.111, -0.394, -0.270) delta=(0.223, -0.071, -0.079) moved=true scan_age=0.000s
[component_container-8] [INFO] [1788254606.498135960] [pure_pursuit_node]: Pure Pursuit: pose=(-1.390, -5.926, 2.495) cte=-0.103 closest=923 target=962 steer=-0.118 speed=0.200
[ground_truth_amcl_monitor-7] [INFO] [1788254606.715128690] [ground_truth_amcl_monitor]: AMCL vs GT: gt=(3.550, -7.513) amcl=(-1.459, -5.827) error=5.285 m / 0.128 rad; odom=(-1.716, -6.363, 2.478) error=5.390 m / 0.000 rad; ekf=(-1.484, -5.841, 2.394) error=5.304 m / 0.084 rad; RMS=3.874 m / 0.038 rad max=5.408 m / 0.128 rad samples=119
[sensor_odometry_node-2] [INFO] [1788254606.918383020] [sensor_odometry]: Odometry: dl=0.000 dr=0.000 ds=0.068 wheel_speed=0.000 mapped=0.000 body_speed=0.327 speed=0.327 pose=(12.514, -0.545, -0.466) enc=(117.060, 116.877) wheel_slip=true confidence=1.00
[gpu_amcl_cpp_node-5] [INFO] [1788254607.344541085] [gpu_amcl_cpp]: AMCL local correction: odom_prediction=(-1.551, -5.707, 2.305) scan=(-1.465, -5.676, 2.159) correction=0.091 m/0.145 rad cluster_weight=0.880 publish=true
[gpu_amcl_cpp_node-5] [INFO] [1788254607.552135385] [gpu_amcl_cpp]: AMCL odom delta: at_scan=(12.592, -0.584, -0.466) baseline=(12.592, -0.584, -0.466) delta=(0.000, 0.000, 0.000) moved=false scan_age=0.000s
[component_container-8] [INFO] [1788254607.552141255] [pure_pursuit_node]: Pure Pursuit: pose=(-1.564, -5.713, 2.337) cte=-0.051 closest=937 target=970 steer=0.062 speed=0.200
[ground_truth_amcl_monitor-7] [INFO] [1788254607.765978386] [ground_truth_amcl_monitor]: AMCL vs GT: gt=(3.434, -7.419) amcl=(-1.575, -5.656) error=5.310 m / 0.173 rad; odom=(-1.882, -6.228, 2.458) error=5.447 m / 0.000 rad; ekf=(-1.599, -5.668, 2.333) error=5.329 m / 0.126 rad; RMS=3.943 m / 0.049 rad max=5.408 m / 0.173 rad samples=124
[gpu_amcl_cpp_node-5] [INFO] [1788254607.969709512] [gpu_amcl_cpp]: Received LiDAR callback #204 (1081 ranges).
[gpu_amcl_cpp_node-5] [INFO] [1788254608.175885674] [gpu_amcl_cpp]: Starting AMCL scan update #205 (sampled from 1081 ranges).
[gpu_amcl_cpp_node-5] [INFO] [1788254608.177343295] [gpu_amcl_cpp]: AMCL scan update #205 completed; evaluating pose confidence.
[gpu_amcl_cpp_node-5] [INFO] [1788254608.389303373] [gpu_amcl_cpp]: AMCL local correction: odom_prediction=(-1.786, -5.393, 2.336) scan=(-1.650, -5.338, 2.188) correction=0.148 m/0.148 rad cluster_weight=0.876 publish=true
[gpu_amcl_cpp_node-5] [INFO] [1788254608.595263791] [gpu_amcl_cpp]: AMCL odom delta: at_scan=(12.994, -0.770, -0.389) baseline=(12.955, -0.754, -0.389) delta=(0.039, -0.016, -0.000) moved=true scan_age=0.000s
[component_container-8] [INFO] [1788254608.595288744] [pure_pursuit_node]: Pure Pursuit: pose=(-1.839, -5.376, 2.370) cte=0.005 closest=958 target=992 steer=-0.002 speed=0.200
[ground_truth_amcl_monitor-7] [INFO] [1788254608.805245269] [ground_truth_amcl_monitor]: AMCL vs GT: gt=(3.068, -7.143) amcl=(-1.808, -5.324) error=5.204 m / 0.231 rad; odom=(-2.217, -5.976, 2.532) error=5.413 m / 0.000 rad; ekf=(-1.851, -5.344, 2.359) error=5.237 m / 0.173 rad; RMS=4.000 m / 0.063 rad max=5.408 m / 0.231 rad samples=129
[sensor_odometry_node-2] [INFO] [1788254609.011068613] [sensor_odometry]: Odometry: dl=0.054 dr=0.054 ds=0.049 wheel_speed=0.257 mapped=0.254 body_speed=0.233 speed=0.233 pose=(13.072, -0.802, -0.391) enc=(125.634, 125.484) wheel_slip=false confidence=1.00
[gpu_amcl_cpp_node-5] [INFO] [1788254609.438760342] [gpu_amcl_cpp]: AMCL local correction: odom_prediction=(-1.914, -5.171, 2.284) scan=(-1.766, -5.120, 2.146) correction=0.156 m/0.138 rad cluster_weight=0.859 publish=true
[gpu_amcl_cpp_node-5] [INFO] [1788254609.651656630] [gpu_amcl_cpp]: AMCL odom delta: at_scan=(13.204, -0.856, -0.383) baseline=(13.204, -0.856, -0.385) delta=(0.000, 0.000, 0.001) moved=false scan_age=0.000s
[component_container-8] [INFO] [1788254609.651707699] [pure_pursuit_node]: Pure Pursuit: pose=(-1.941, -5.185, 2.324) cte=0.061 closest=969 target=1002 steer=0.100 speed=0.200
[ground_truth_amcl_monitor-7] [INFO] [1788254609.866836311] [ground_truth_amcl_monitor]: AMCL vs GT: gt=(2.866, -7.002) amcl=(-1.902, -5.167) error=5.109 m / 0.264 rad; odom=(-2.374, -5.866, 2.538) error=5.362 m / 0.000 rad; ekf=(-1.934, -5.181, 2.315) error=5.134 m / 0.223 rad; RMS=4.048 m / 0.079 rad max=5.408 m / 0.264 rad samples=134
[gpu_amcl_cpp_node-5] [INFO] [1788254610.503041233] [gpu_amcl_cpp]: AMCL local correction: odom_prediction=(-2.213, -4.791, 2.394) scan=(-1.996, -4.722, 2.178) correction=0.227 m/0.216 rad cluster_weight=0.877 publish=true
[gpu_amcl_cpp_node-5] [INFO] [1788254610.712506585] [gpu_amcl_cpp]: AMCL odom delta: at_scan=(13.745, -1.034, -0.231) baseline=(13.676, -1.018, -0.237) delta=(0.069, -0.017, 0.006) moved=true scan_age=0.000s
[component_container-8] [INFO] [1788254610.712533562] [pure_pursuit_node]: Pure Pursuit: pose=(-2.308, -4.763, 2.432) cte=0.029 closest=997 target=1032 steer=-0.236 speed=0.200
[ground_truth_amcl_monitor-7] [INFO] [1788254610.929837547] [ground_truth_amcl_monitor]: AMCL vs GT: gt=(2.378, -6.726) amcl=(-2.252, -4.691) error=5.058 m / 0.334 rad; odom=(-2.910, -5.551, 2.690) error=5.418 m / 0.000 rad; ekf=(-2.328, -4.720, 2.420) error=5.116 m / 0.270 rad; RMS=4.091 m / 0.097 rad max=5.408 m / 0.334 rad samples=139
[sensor_odometry_node-2] [INFO] [1788254611.134574127] [sensor_odometry]: Odometry: dl=0.000 dr=0.000 ds=0.040 wheel_speed=0.000 mapped=0.000 body_speed=0.188 speed=0.188 pose=(13.834, -1.055, -0.231) enc=(138.309, 138.286) wheel_slip=true confidence=1.00
[actuator_interface-9] [WARN] [1788254611.466412522] [autodrive_actuator_interface]: Neutral output: command timeout
[gpu_amcl_cpp_node-5] [INFO] [1788254611.734774313] [gpu_amcl_cpp]: AMCL odom delta: at_scan=(13.834, -1.055, -0.247) baseline=(13.834, -1.055, -0.231) delta=(0.000, 0.000, -0.016) moved=false scan_age=0.001s
[component_container-8] [INFO] [1788254611.734860433] [pure_pursuit_node]: Pure Pursuit: pose=(-2.301, -4.671, 2.373) cte=0.082 closest=1001 target=1034 steer=-0.123 speed=0.200
[gpu_amcl_cpp_node-5] [INFO] [1788254611.924789589] [gpu_amcl_cpp]: AMCL local correction: odom_prediction=(-2.324, -4.592, 2.322) scan=(-2.106, -4.547, 2.094) correction=0.222 m/0.227 rad cluster_weight=0.884 publish=true
[ground_truth_amcl_monitor-7] [INFO] [1788254612.066805802] [ground_truth_amcl_monitor]: AMCL vs GT: gt=(2.276, -6.673) amcl=(-2.366, -4.495) error=5.128 m / 0.376 rad; odom=(-3.130, -5.437, 2.639) error=5.546 m / 0.000 rad; ekf=(-2.430, -4.516, 2.325) error=5.177 m / 0.314 rad; RMS=4.129 m / 0.116 rad max=5.408 m / 0.376 rad samples=144
[ground_truth_amcl_monitor-7] [INFO] [1788254612.356290333] [ground_truth_amcl_monitor]: Ground-truth jump/reset detected; waiting for fresh AMCL alignment
[actuator_interface-9] [ERROR] [1788254612.361094857] [autodrive_actuator_interface]: Collision count increased to 1; terminal stop latched and simulator reset requested
[ground_truth_amcl_monitor-7] [INFO] [1788254612.364060913] [ground_truth_amcl_monitor]: Ground-truth alignment initialized: map->world yaw=2.196, translation=(-4.255, -3.652)
[actuator_interface-9] [WARN] [1788254612.365664201] [autodrive_actuator_interface]: Neutral output: external stop
[ground_truth_amcl_monitor-7] [INFO] [1788254612.543361430] [ground_truth_amcl_monitor]: AMCL vs GT: gt=(-2.502, -4.334) amcl=(-2.580, -4.285) error=0.093 m / 0.014 rad; odom=(-2.572, -4.270, 2.457) error=0.095 m / 0.000 rad; ekf=(-2.620, -4.286, 2.515) error=0.128 m / 0.058 rad; RMS=0.093 m / 0.014 rad max=0.093 m / 0.014 rad samples=1
[actuator_interface-9] [ERROR] [1788254612.867550282] [autodrive_actuator_interface]: Simulator reset pulse completed; actuator remains latched neutral after collision
[sensor_odometry_node-2] [WARN] [1788254612.913868880] [sensor_odometry]: Encoder discontinuity/reset (left=-8.496 m right=-8.491 m); rebaselining only
[ground_truth_amcl_monitor-7] [INFO] [1788254612.923543011] [ground_truth_amcl_monitor]: Ground-truth jump/reset detected; waiting for fresh AMCL alignment
[component_container-8] [INFO] [1788254612.924143579] [pure_pursuit_node]: Pure Pursuit: pose=(-2.667, -4.235, 2.551) cte=-0.046 closest=1029 target=1065 steer=-0.524 speed=0.200
[gpu_amcl_cpp_node-5] [INFO] [1788254612.924999012] [gpu_amcl_cpp]: AMCL odom delta: at_scan=(14.422, -1.174, -0.000) baseline=(14.422, -1.174, -0.059) delta=(0.000, 0.000, 0.059) moved=true scan_age=0.004s
[gpu_amcl_cpp_node-5] [INFO] [1788254612.928998792] [gpu_amcl_cpp]: AMCL local correction: odom_prediction=(-2.644, -4.244, 2.488) scan=(-2.692, -4.399, 2.272) correction=0.163 m/0.217 rad cluster_weight=0.865 publish=true
[ground_truth_amcl_monitor-7] [INFO] [1788254612.942614642] [ground_truth_amcl_monitor]: Ground-truth alignment initialized: map->world yaw=2.241, translation=(-4.180, 2.590)
[sensor_odometry_node-2] [INFO] [1788254613.151918948] [sensor_odometry]: Odometry: dl=0.000 dr=0.000 ds=0.080 wheel_speed=0.000 mapped=0.000 body_speed=0.334 speed=0.334 pose=(14.502, -1.174, -0.000) enc=(0.000, 0.000) wheel_slip=true confidence=1.00
[gpu_amcl_cpp_node-5] [INFO] [1788254613.155433843] [gpu_amcl_cpp]: Received LiDAR callback #229 (1081 ranges).
[ground_truth_amcl_monitor-7] [INFO] [1788254613.168937112] [ground_truth_amcl_monitor]: AMCL vs GT: gt=(-2.648, -4.256) amcl=(-2.713, -4.216) error=0.077 m / 0.018 rad; odom=(-2.710, -4.206, 2.471) error=0.080 m / 0.000 rad; ekf=(-2.722, -4.199, 2.538) error=0.093 m / 0.067 rad; RMS=0.077 m / 0.018 rad max=0.077 m / 0.018 rad samples=1
[gpu_amcl_cpp_node-5] [INFO] [1788254613.992083262] [gpu_amcl_cpp]: AMCL odom delta: at_scan=(14.502, -1.174, 0.000) baseline=(14.502, -1.174, -0.000) delta=(0.000, 0.000, 0.000) moved=false scan_age=0.000s
[component_container-8] [INFO] [1788254613.992110589] [pure_pursuit_node]: Pure Pursuit: pose=(-2.714, -4.214, 2.490) cte=-0.082 closest=1030 target=1063 steer=-0.524 speed=0.200
[actuator_interface-9] [INFO] [1788254613.993599528] [autodrive_actuator_interface]: Collision baseline established at cumulative count 0
[ground_truth_amcl_monitor-7] [INFO] [1788254614.204650610] [ground_truth_amcl_monitor]: AMCL vs GT: gt=(-2.649, -4.255) amcl=(-2.713, -4.216) error=0.075 m / 0.018 rad; odom=(-2.710, -4.206, 2.471) error=0.078 m / 0.000 rad; ekf=(-2.714, -4.215, 2.484) error=0.076 m / 0.013 rad; RMS=0.076 m / 0.018 rad max=0.077 m / 0.018 rad samples=7
[sensor_odometry_node-2] [INFO] [1788254615.187931363] [sensor_odometry]: Odometry: dl=0.000 dr=0.000 ds=0.000 wheel_speed=0.000 mapped=0.000 body_speed=0.000 speed=0.000 pose=(14.502, -1.174, 0.000) enc=(0.000, 0.000) wheel_slip=false confidence=1.00
[gpu_amcl_cpp_node-5] [INFO] [1788254615.197666093] [gpu_amcl_cpp]: AMCL odom delta: at_scan=(14.502, -1.174, 0.000) baseline=(14.502, -1.174, -0.000) delta=(0.000, 0.000, 0.000) moved=false scan_age=0.002s
[component_container-8] [INFO] [1788254615.197771326] [pure_pursuit_node]: Pure Pursuit: pose=(-2.713, -4.215, 2.468) cte=-0.082 closest=1030 target=1063 steer=-0.524 speed=0.200
[ground_truth_amcl_monitor-7] [INFO] [1788254615.390479045] [ground_truth_amcl_monitor]: AMCL vs GT: gt=(-2.649, -4.255) amcl=(-2.713, -4.216) error=0.075 m / 0.018 rad; odom=(-2.710, -4.206, 2.471) error=0.078 m / 0.000 rad; ekf=(-2.713, -4.215, 2.466) error=0.076 m / 0.006 rad; RMS=0.076 m / 0.018 rad max=0.077 m / 0.018 rad samples=12
[component_container-8] [INFO] [1788254616.275651249] [pure_pursuit_node]: Pure Pursuit: pose=(-2.713, -4.215, 2.457) cte=-0.082 closest=1030 target=1063 steer=-0.524 speed=0.200
[gpu_amcl_cpp_node-5] [INFO] [1788254616.275701597] [gpu_amcl_cpp]: AMCL odom delta: at_scan=(14.502, -1.174, 0.000) baseline=(14.502, -1.174, -0.000) delta=(0.000, 0.000, 0.000) moved=false scan_age=0.001s
[ground_truth_amcl_monitor-7] [INFO] [1788254616.478977443] [ground_truth_amcl_monitor]: AMCL vs GT: gt=(-2.649, -4.255) amcl=(-2.713, -4.216) error=0.075 m / 0.018 rad; odom=(-2.710, -4.206, 2.471) error=0.078 m / 0.000 rad; ekf=(-2.713, -4.215, 2.457) error=0.075 m / 0.014 rad; RMS=0.075 m / 0.018 rad max=0.077 m / 0.018 rad samples=20
[sensor_odometry_node-2] [INFO] [1788254617.290014241] [sensor_odometry]: Odometry: dl=0.000 dr=0.000 ds=0.000 wheel_speed=0.000 mapped=0.000 body_speed=0.000 speed=0.000 pose=(14.502, -1.174, 0.000) enc=(0.000, 0.000) wheel_slip=false confidence=1.00
[gpu_amcl_cpp_node-5] [INFO] [1788254617.291215619] [gpu_amcl_cpp]: AMCL odom delta: at_scan=(14.502, -1.174, 0.000) baseline=(14.502, -1.174, -0.000) delta=(0.000, 0.000, 0.000) moved=false scan_age=0.000s
[component_container-8] [INFO] [1788254617.291223714] [pure_pursuit_node]: Pure Pursuit: pose=(-2.713, -4.216, 2.455) cte=-0.082 closest=1030 target=1063 steer=-0.524 speed=0.200
[ground_truth_amcl_monitor-7] [INFO] [1788254617.495418216] [ground_truth_amcl_monitor]: AMCL vs GT: gt=(-2.649, -4.255) amcl=(-2.713, -4.216) error=0.075 m / 0.018 rad; odom=(-2.710, -4.206, 2.471) error=0.078 m / 0.000 rad; ekf=(-2.713, -4.216, 2.455) error=0.075 m / 0.016 rad; RMS=0.075 m / 0.018 rad max=0.077 m / 0.018 rad samples=25
[gpu_amcl_cpp_node-5] [INFO] [1788254618.248570015] [gpu_amcl_cpp]: Received LiDAR callback #257 (1081 ranges).
[component_container-8] [INFO] [1788254618.488319510] [pure_pursuit_node]: Pure Pursuit: pose=(-2.713, -4.216, 2.454) cte=-0.082 closest=1030 target=1063 steer=-0.524 speed=0.200
[gpu_amcl_cpp_node-5] [INFO] [1788254618.488326112] [gpu_amcl_cpp]: AMCL odom delta: at_scan=(14.502, -1.174, -0.000) baseline=(14.502, -1.174, -0.000) delta=(0.000, 0.000, -0.000) moved=false scan_age=0.000s
[ground_truth_amcl_monitor-7] [INFO] [1788254618.696135343] [ground_truth_amcl_monitor]: AMCL vs GT: gt=(-2.649, -4.255) amcl=(-2.713, -4.216) error=0.075 m / 0.017 rad; odom=(-2.710, -4.206, 2.471) error=0.078 m / 0.000 rad; ekf=(-2.713, -4.216, 2.454) error=0.075 m / 0.017 rad; RMS=0.075 m / 0.018 rad max=0.077 m / 0.018 rad samples=31
[sensor_odometry_node-2] [INFO] [1788254619.322052334] [sensor_odometry]: Odometry: dl=0.000 dr=0.000 ds=0.000 wheel_speed=0.000 mapped=0.000 body_speed=0.000 speed=0.000 pose=(14.502, -1.174, -0.000) enc=(0.000, 0.000) wheel_slip=false confidence=1.00
[component_container-8] [INFO] [1788254619.531712513] [pure_pursuit_node]: Pure Pursuit: pose=(-2.713, -4.216, 2.454) cte=-0.082 closest=1030 target=1063 steer=-0.524 speed=0.200
[gpu_amcl_cpp_node-5] [INFO] [1788254619.531730014] [gpu_amcl_cpp]: AMCL odom delta: at_scan=(14.502, -1.174, -0.000) baseline=(14.502, -1.174, -0.000) delta=(0.000, 0.000, -0.000) moved=false scan_age=0.000s
[ground_truth_amcl_monitor-7] [INFO] [1788254619.731919039] [ground_truth_amcl_monitor]: AMCL vs GT: gt=(-2.649, -4.255) amcl=(-2.713, -4.216) error=0.075 m / 0.017 rad; odom=(-2.710, -4.206, 2.471) error=0.078 m / 0.000 rad; ekf=(-2.713, -4.216, 2.454) error=0.075 m / 0.017 rad; RMS=0.075 m / 0.018 rad max=0.077 m / 0.018 rad samples=36
[gpu_amcl_cpp_node-5] [INFO] [1788254620.575267283] [gpu_amcl_cpp]: AMCL odom delta: at_scan=(14.502, -1.174, -0.000) baseline=(14.502, -1.174, -0.000) delta=(0.000, 0.000, -0.000) moved=false scan_age=0.000s
[component_container-8] [INFO] [1788254620.575291886] [pure_pursuit_node]: Pure Pursuit: pose=(-2.713, -4.216, 2.454) cte=-0.082 closest=1030 target=1063 steer=-0.524 speed=0.200
[ground_truth_amcl_monitor-7] [INFO] [1788254620.794133030] [ground_truth_amcl_monitor]: AMCL vs GT: gt=(-2.649, -4.255) amcl=(-2.713, -4.216) error=0.075 m / 0.017 rad; odom=(-2.710, -4.206, 2.471) error=0.078 m / 0.000 rad; ekf=(-2.713, -4.216, 2.454) error=0.075 m / 0.017 rad; RMS=0.075 m / 0.017 rad max=0.077 m / 0.018 rad samples=41
[sensor_odometry_node-2] [INFO] [1788254621.422845948] [sensor_odometry]: Odometry: dl=0.000 dr=0.000 ds=0.000 wheel_speed=0.000 mapped=0.000 body_speed=0.000 speed=0.000 pose=(14.502, -1.174, -0.000) enc=(0.000, 0.000) wheel_slip=false confidence=1.00
[gpu_amcl_cpp_node-5] [INFO] [1788254621.629370030] [gpu_amcl_cpp]: AMCL odom delta: at_scan=(14.502, -1.174, -0.000) baseline=(14.502, -1.174, -0.000) delta=(0.000, 0.000, -0.000) moved=false scan_age=0.000s
[component_container-8] [INFO] [1788254621.629377834] [pure_pursuit_node]: Pure Pursuit: pose=(-2.713, -4.216, 2.454) cte=-0.082 closest=1030 target=1063 steer=-0.524 speed=0.200
[ground_truth_amcl_monitor-7] [INFO] [1788254621.841637065] [ground_truth_amcl_monitor]: AMCL vs GT: gt=(-2.649, -4.255) amcl=(-2.713, -4.216) error=0.075 m / 0.017 rad; odom=(-2.710, -4.206, 2.471) error=0.078 m / 0.000 rad; ekf=(-2.713, -4.216, 2.454) error=0.075 m / 0.017 rad; RMS=0.075 m / 0.017 rad max=0.077 m / 0.018 rad samples=46
[gpu_amcl_cpp_node-5] [INFO] [1788254622.660643556] [gpu_amcl_cpp]: AMCL odom delta: at_scan=(14.502, -1.174, -0.000) baseline=(14.502, -1.174, -0.000) delta=(0.000, 0.000, -0.000) moved=false scan_age=0.000s
[component_container-8] [INFO] [1788254622.660665034] [pure_pursuit_node]: Pure Pursuit: pose=(-2.713, -4.216, 2.454) cte=-0.082 closest=1030 target=1063 steer=-0.524 speed=0.200
[ground_truth_amcl_monitor-7] [INFO] [1788254622.873095759] [ground_truth_amcl_monitor]: AMCL vs GT: gt=(-2.649, -4.255) amcl=(-2.713, -4.216) error=0.075 m / 0.017 rad; odom=(-2.710, -4.206, 2.471) error=0.078 m / 0.000 rad; ekf=(-2.713, -4.216, 2.454) error=0.075 m / 0.017 rad; RMS=0.075 m / 0.017 rad max=0.077 m / 0.018 rad samples=51
[gpu_amcl_cpp_node-5] [INFO] [1788254623.288081438] [gpu_amcl_cpp]: Received LiDAR callback #281 (1081 ranges).
[sensor_odometry_node-2] [INFO] [1788254623.494222613] [sensor_odometry]: Odometry: dl=0.000 dr=0.000 ds=0.000 wheel_speed=0.000 mapped=0.000 body_speed=0.000 speed=0.000 pose=(14.502, -1.174, -0.000) enc=(0.000, 0.000) wheel_slip=false confidence=1.00
[gpu_amcl_cpp_node-5] [INFO] [1788254623.702618974] [gpu_amcl_cpp]: AMCL odom delta: at_scan=(14.502, -1.174, -0.000) baseline=(14.502, -1.174, -0.000) delta=(0.000, 0.000, -0.000) moved=false scan_age=0.000s
[component_container-8] [INFO] [1788254623.702632878] [pure_pursuit_node]: Pure Pursuit: pose=(-2.713, -4.216, 2.454) cte=-0.082 closest=1030 target=1063 steer=-0.524 speed=0.200
[ground_truth_amcl_monitor-7] [INFO] [1788254623.910771608] [ground_truth_amcl_monitor]: AMCL vs GT: gt=(-2.649, -4.255) amcl=(-2.713, -4.216) error=0.075 m / 0.017 rad; odom=(-2.710, -4.206, 2.471) error=0.078 m / 0.000 rad; ekf=(-2.713, -4.216, 2.454) error=0.075 m / 0.017 rad; RMS=0.075 m / 0.017 rad max=0.077 m / 0.018 rad samples=56
[gpu_amcl_cpp_node-5] [INFO] [1788254624.882621675] [gpu_amcl_cpp]: AMCL odom delta: at_scan=(14.502, -1.174, -0.000) baseline=(14.502, -1.174, -0.000) delta=(0.000, 0.000, -0.000) moved=false scan_age=0.000s
[component_container-8] [INFO] [1788254624.882649924] [pure_pursuit_node]: Pure Pursuit: pose=(-2.713, -4.216, 2.454) cte=-0.082 closest=1030 target=1063 steer=-0.524 speed=0.200
[ground_truth_amcl_monitor-7] [INFO] [1788254625.088837836] [ground_truth_amcl_monitor]: AMCL vs GT: gt=(-2.649, -4.255) amcl=(-2.713, -4.216) error=0.075 m / 0.017 rad; odom=(-2.710, -4.206, 2.471) error=0.078 m / 0.000 rad; ekf=(-2.713, -4.216, 2.454) error=0.075 m / 0.017 rad; RMS=0.075 m / 0.017 rad max=0.077 m / 0.018 rad samples=62
[sensor_odometry_node-2] [INFO] [1788254625.504689336] [sensor_odometry]: Odometry: dl=0.000 dr=0.000 ds=0.000 wheel_speed=0.000 mapped=0.000 body_speed=0.000 speed=0.000 pose=(14.502, -1.174, -0.000) enc=(0.000, 0.000) wheel_slip=false confidence=1.00
[component_container-8] [INFO] [1788254625.922750834] [pure_pursuit_node]: Pure Pursuit: pose=(-2.713, -4.216, 2.454) cte=-0.082 closest=1030 target=1063 steer=-0.524 speed=0.200
[gpu_amcl_cpp_node-5] [INFO] [1788254625.922765320] [gpu_amcl_cpp]: AMCL odom delta: at_scan=(14.502, -1.174, -0.000) baseline=(14.502, -1.174, -0.000) delta=(0.000, 0.000, -0.000) moved=false scan_age=0.000s
[ground_truth_amcl_monitor-7] [INFO] [1788254626.126860885] [ground_truth_amcl_monitor]: AMCL vs GT: gt=(-2.649, -4.255) amcl=(-2.713, -4.216) error=0.075 m / 0.017 rad; odom=(-2.710, -4.206, 2.471) error=0.078 m / 0.000 rad; ekf=(-2.713, -4.216, 2.454) error=0.075 m / 0.017 rad; RMS=0.075 m / 0.017 rad max=0.077 m / 0.018 rad samples=67
[gpu_amcl_cpp_node-5] [INFO] [1788254626.951535585] [gpu_amcl_cpp]: AMCL odom delta: at_scan=(14.502, -1.174, -0.000) baseline=(14.502, -1.174, -0.000) delta=(0.000, 0.000, -0.000) moved=false scan_age=0.000s
[component_container-8] [INFO] [1788254626.951549399] [pure_pursuit_node]: Pure Pursuit: pose=(-2.713, -4.216, 2.454) cte=-0.082 closest=1030 target=1063 steer=-0.524 speed=0.200
[ground_truth_amcl_monitor-7] [INFO] [1788254627.160470515] [ground_truth_amcl_monitor]: AMCL vs GT: gt=(-2.649, -4.255) amcl=(-2.713, -4.216) error=0.075 m / 0.017 rad; odom=(-2.710, -4.206, 2.471) error=0.078 m / 0.000 rad; ekf=(-2.713, -4.216, 2.454) error=0.075 m / 0.017 rad; RMS=0.075 m / 0.017 rad max=0.077 m / 0.018 rad samples=72
[sensor_odometry_node-2] [INFO] [1788254627.586015301] [sensor_odometry]: Odometry: dl=0.000 dr=0.000 ds=0.000 wheel_speed=0.000 mapped=0.000 body_speed=0.000 speed=0.000 pose=(14.502, -1.174, -0.000) enc=(0.000, 0.000) wheel_slip=false confidence=1.00
[gpu_amcl_cpp_node-5] [INFO] [1788254627.995633750] [gpu_amcl_cpp]: AMCL odom delta: at_scan=(14.502, -1.174, -0.000) baseline=(14.502, -1.174, -0.000) delta=(0.000, 0.000, -0.000) moved=false scan_age=0.000s
[component_container-8] [INFO] [1788254627.995647875] [pure_pursuit_node]: Pure Pursuit: pose=(-2.713, -4.216, 2.454) cte=-0.082 closest=1030 target=1063 steer=-0.524 speed=0.200
[ground_truth_amcl_monitor-7] [INFO] [1788254628.213969492] [ground_truth_amcl_monitor]: AMCL vs GT: gt=(-2.649, -4.255) amcl=(-2.713, -4.216) error=0.075 m / 0.017 rad; odom=(-2.710, -4.206, 2.471) error=0.078 m / 0.000 rad; ekf=(-2.713, -4.216, 2.454) error=0.075 m / 0.017 rad; RMS=0.075 m / 0.017 rad max=0.077 m / 0.018 rad samples=77
[gpu_amcl_cpp_node-5] [INFO] [1788254628.437864022] [gpu_amcl_cpp]: Received LiDAR callback #306 (1081 ranges).
[component_container-8] [INFO] [1788254629.183672334] [pure_pursuit_node]: Pure Pursuit: pose=(-2.713, -4.216, 2.454) cte=-0.082 closest=1030 target=1063 steer=-0.524 speed=0.200
[gpu_amcl_cpp_node-5] [INFO] [1788254629.183671392] [gpu_amcl_cpp]: AMCL odom delta: at_scan=(14.502, -1.174, -0.000) baseline=(14.502, -1.174, -0.000) delta=(0.000, 0.000, -0.000) moved=false scan_age=0.000s
[ground_truth_amcl_monitor-7] [INFO] [1788254629.390650456] [ground_truth_amcl_monitor]: AMCL vs GT: gt=(-2.649, -4.255) amcl=(-2.713, -4.216) error=0.075 m / 0.017 rad; odom=(-2.710, -4.206, 2.471) error=0.078 m / 0.000 rad; ekf=(-2.713, -4.216, 2.454) error=0.075 m / 0.017 rad; RMS=0.075 m / 0.017 rad max=0.077 m / 0.018 rad samples=83
[sensor_odometry_node-2] [INFO] [1788254629.594702772] [sensor_odometry]: Odometry: dl=0.000 dr=0.000 ds=0.000 wheel_speed=0.000 mapped=0.000 body_speed=0.000 speed=0.000 pose=(14.502, -1.174, -0.000) enc=(0.000, 0.000) wheel_slip=false confidence=1.00
[gpu_amcl_cpp_node-5] [INFO] [1788254630.211023617] [gpu_amcl_cpp]: AMCL odom delta: at_scan=(14.502, -1.174, -0.000) baseline=(14.502, -1.174, -0.000) delta=(0.000, 0.000, -0.000) moved=false scan_age=0.000s
[component_container-8] [INFO] [1788254630.211050344] [pure_pursuit_node]: Pure Pursuit: pose=(-2.713, -4.216, 2.454) cte=-0.082 closest=1030 target=1063 steer=-0.524 speed=0.200
[ground_truth_amcl_monitor-7] [INFO] [1788254630.419771790] [ground_truth_amcl_monitor]: AMCL vs GT: gt=(-2.650, -4.255) amcl=(-2.713, -4.216) error=0.075 m / 0.017 rad; odom=(-2.710, -4.206, 2.471) error=0.078 m / 0.000 rad; ekf=(-2.713, -4.216, 2.454) error=0.075 m / 0.017 rad; RMS=0.075 m / 0.017 rad max=0.077 m / 0.018 rad samples=88
[gpu_amcl_cpp_node-5] [INFO] [1788254631.388252362] [gpu_amcl_cpp]: AMCL odom delta: at_scan=(14.502, -1.174, -0.000) baseline=(14.502, -1.174, -0.000) delta=(0.000, 0.000, -0.000) moved=false scan_age=0.000s
[component_container-8] [INFO] [1788254631.388250519] [pure_pursuit_node]: Pure Pursuit: pose=(-2.713, -4.216, 2.454) cte=-0.082 closest=1030 target=1063 steer=-0.524 speed=0.200
[sensor_odometry_node-2] [INFO] [1788254631.634382108] [sensor_odometry]: Odometry: dl=0.000 dr=0.000 ds=0.000 wheel_speed=0.000 mapped=0.000 body_speed=0.000 speed=0.000 pose=(14.502, -1.174, -0.000) enc=(0.000, 0.000) wheel_slip=false confidence=1.00
[ground_truth_amcl_monitor-7] [INFO] [1788254631.636985150] [ground_truth_amcl_monitor]: AMCL vs GT: gt=(-2.650, -4.255) amcl=(-2.713, -4.216) error=0.075 m / 0.017 rad; odom=(-2.710, -4.206, 2.471) error=0.078 m / 0.000 rad; ekf=(-2.713, -4.216, 2.454) error=0.075 m / 0.017 rad; RMS=0.075 m / 0.017 rad max=0.077 m / 0.018 rad samples=93
[component_container-8] [INFO] [1788254632.406351750] [pure_pursuit_node]: Pure Pursuit: pose=(-2.713, -4.216, 2.454) cte=-0.082 closest=1030 target=1063 steer=-0.524 speed=0.200
[gpu_amcl_cpp_node-5] [INFO] [1788254632.406359003] [gpu_amcl_cpp]: AMCL odom delta: at_scan=(14.502, -1.174, -0.000) baseline=(14.502, -1.174, -0.000) delta=(0.000, 0.000, -0.000) moved=false scan_age=0.001s
[ground_truth_amcl_monitor-7] [INFO] [1788254632.724597454] [ground_truth_amcl_monitor]: AMCL vs GT: gt=(-2.650, -4.255) amcl=(-2.713, -4.216) error=0.075 m / 0.017 rad; odom=(-2.710, -4.206, 2.471) error=0.078 m / 0.000 rad; ekf=(-2.713, -4.216, 2.454) error=0.075 m / 0.017 rad; RMS=0.075 m / 0.017 rad max=0.077 m / 0.018 rad samples=98
