[INFO] [launch]: All log files can be found below /root/.ros/log/2026-09-01-08-52-27-129220-ExternalDrive-243
[INFO] [launch]: Default logging verbosity is set to INFO
[INFO] [launch.user]: controller=pure_pursuit custom_amcl=True lateral_planner=False rviz=False
[INFO] [autodrive_bridge-1]: process started with pid [271]
[INFO] [sensor_odometry_node-2]: process started with pid [273]
[INFO] [map_server-3]: process started with pid [275]
[INFO] [lifecycle_manager-4]: process started with pid [277]
[INFO] [gpu_amcl_cpp_node-5]: process started with pid [279]
[INFO] [ekf_localization_node-6]: process started with pid [281]
[INFO] [ground_truth_amcl_monitor-7]: process started with pid [283]
[INFO] [component_container-8]: process started with pid [285]
[INFO] [actuator_interface-9]: process started with pid [287]
[lifecycle_manager-4] [INFO] [1788252747.317784206] [lifecycle_manager_map]: Creating
[lifecycle_manager-4] [INFO] [1788252747.322008157] [lifecycle_manager_map]: [34m[1mCreating and initializing lifecycle service clients[0m[0m
[ekf_localization_node-6] [INFO] [1788252747.325906232] [ekf_localization]: EKF ready: odom=/odom + AMCL=/amcl_pose -> /ekf_pose; odom-dominant causal fusion
[map_server-3] [INFO] [1788252747.333725045] [map_server]: 
[map_server-3] 	map_server lifecycle node launched. 
[map_server-3] 	Waiting on external lifecycle transitions to activate
[map_server-3] 	See https://design.ros2.org/articles/node_lifecycle.html for more information.
[map_server-3] [INFO] [1788252747.333879197] [map_server]: Creating
[sensor_odometry_node-2] [INFO] [1788252747.339670339] [sensor_odometry]: Allowed sensor odometry: rear encoders + IMU -> /odom
[lifecycle_manager-4] [INFO] [1788252747.406122657] [lifecycle_manager_map]: [34m[1mStarting managed nodes bringup...[0m[0m
[lifecycle_manager-4] [INFO] [1788252747.406193170] [lifecycle_manager_map]: [34m[1mConfiguring map_server[0m[0m
[gpu_amcl_cpp_node-5] [INFO] [1788252747.519872922] [gpu_amcl_cpp]: [AMCL] Parameters: update_min_d=0.02000, update_min_a=0.03500, max_scan_age=0.2500, odom_history=1.000s, cloud_publish_rate=1.0 Hz, debug_pre_resample=false, slip_threshold=1.00 rad/s, initial_raceline_heading=true, local_correction_gate=0.35m/0.45rad gain=0.080 association=0.80m recenter_cloud=true
[gpu_amcl_cpp_node-5] [INFO] [1788252747.526083005] [gpu_amcl_cpp]: Particle cloud publishing scan-synchronized, max 1.0 Hz
[gpu_amcl_cpp_node-5] [INFO] [1788252747.526121718] [gpu_amcl_cpp]: GPU AMCL C++ node created — waiting for map...
[component_container-8] [INFO] [1788252747.532010825] [controller_container]: Load Library: /workspace/install/lib/libpure_pursuit_node.so
[component_container-8] [INFO] [1788252747.535253713] [controller_container]: Found class: rclcpp_components::NodeFactoryTemplate<f1tenth_control::PurePursuitNode>
[component_container-8] [INFO] [1788252747.535299790] [controller_container]: Instantiate class: rclcpp_components::NodeFactoryTemplate<f1tenth_control::PurePursuitNode>
[component_container-8] [INFO] [1788252747.540326277] [pure_pursuit_node]: Initializing Pure Pursuit Node
[component_container-8] [INFO] [1788252747.548761735] [pure_pursuit_node]: Loaded trajectory with 4468 waypoints (89.3 m)
[component_container-8] [INFO] [1788252747.553050348] [pure_pursuit_node]: Pure Pursuit Node initialized
[component_container-8] [INFO] [1788252747.553089402] [pure_pursuit_node]:   Trajectory: /workspace/src/f1tenth_planning/trajectories/icra_2025_raceline.csv (4468 points)
[INFO] [launch_ros.actions.load_composable_nodes]: Loaded node '/pure_pursuit_node' in container '/controller_container'
[component_container-8] [INFO] [1788252747.553097568] [pure_pursuit_node]:   Lookahead: 0.50 - 1.15 m (gain: 0.14)
[component_container-8] [INFO] [1788252747.553108689] [pure_pursuit_node]:   Max speed cap: 0.20 m/s
[component_container-8] [INFO] [1788252747.553115311] [pure_pursuit_node]:   Lookahead adapt: cte_weight=1.00 cte_gain=0.042 curvature_gain=1.900
[component_container-8] [INFO] [1788252747.553123346] [pure_pursuit_node]:   Speed adapt: curvature_factor=0.102 floor_ratio=0.52
[component_container-8] [INFO] [1788252747.553130720] [pure_pursuit_node]:   Speed adapt (CTE): factor=1.500 floor_ratio=0.55
[component_container-8] [INFO] [1788252747.553137633] [pure_pursuit_node]:   Speed limits: max_lat_accel=6.50 min_reg_speed=0.12
[component_container-8] [INFO] [1788252747.553144216] [pure_pursuit_node]:   Yaw-rate damping: 0.000 s
[component_container-8] [INFO] [1788252747.553150518] [pure_pursuit_node]:   Command shaping: steer_rate=3.20 accel=3.00 decel=8.00
[component_container-8] [INFO] [1788252747.553158052] [pure_pursuit_node]:   Pose: /ekf_pose (map frame)
[component_container-8] [INFO] [1788252747.553163713] [pure_pursuit_node]:   Odom: /odom
[component_container-8] [INFO] [1788252747.553169353] [pure_pursuit_node]:   Sensor trigger: /autodrive/roboracer_1/lidar (one command per scan; nominal 10.0 Hz)
[component_container-8] [INFO] [1788252747.553181125] [pure_pursuit_node]:   Steering feedback: /autodrive/roboracer_1/steering (lead gain 0.25)
[component_container-8] [INFO] [1788252747.553187487] [pure_pursuit_node]:   Command: /cmd/controller
[map_server-3] [INFO] [1788252747.556174000] [map_server]: Configuring
[map_server-3] [INFO] [1788252747.556253561] [map_io]: Loading yaml file: /workspace/src/f1tenth_planning/maps/autodrive_compete_2026.yaml
[map_server-3] [INFO] [1788252747.556544781] [map_io]: resolution: 0.025
[map_server-3] [INFO] [1788252747.556558056] [map_io]: origin[0]: -4.74997
[map_server-3] [INFO] [1788252747.556567494] [map_io]: origin[1]: -12.2011
[map_server-3] [INFO] [1788252747.556576030] [map_io]: origin[2]: 0
[map_server-3] [INFO] [1788252747.556585047] [map_io]: free_thresh: 0.25
[map_server-3] [INFO] [1788252747.556594084] [map_io]: occupied_thresh: 0.65
[map_server-3] [INFO] [1788252747.556603231] [map_io]: mode: trinary
[map_server-3] [INFO] [1788252747.556611106] [map_io]: negate: 0
[map_server-3] [INFO] [1788252747.556830240] [map_io]: Loading image_file: /workspace/src/f1tenth_planning/maps/autodrive_compete_2026.pgm
[ground_truth_amcl_monitor-7] [WARN] [1788252747.595330054] [ground_truth_amcl_monitor]: Ground-truth monitor is diagnostics-only; simulator IPS/odom are not controller inputs
[map_server-3] [INFO] [1788252747.610904821] [map_io]: Read map /workspace/src/f1tenth_planning/maps/autodrive_compete_2026.pgm: 1054 X 580 map @ 0.025 m/cell
[lifecycle_manager-4] [INFO] [1788252747.616524489] [lifecycle_manager_map]: [34m[1mActivating map_server[0m[0m
[map_server-3] [INFO] [1788252747.616646650] [map_server]: Activating
[map_server-3] [INFO] [1788252747.617497838] [map_server]: Creating bond (map_server) to lifecycle manager.
[actuator_interface-9] [INFO] [1788252747.618319701] [autodrive_actuator_interface]: Actuator interface ready; no arming state
[gpu_amcl_cpp_node-5] [INFO] [1788252747.629056498] [gpu_amcl_cpp]: Received first map (1054x580 @ 0.025 m/cell) — initialising PF
[gpu_amcl_cpp_node-5] [INFO] [1788252747.647192916] [gpu_amcl_cpp]: Loaded 4469 global heading points from /workspace/src/f1tenth_planning/trajectories/icra_2025_raceline.csv
[gpu_amcl_cpp_node-5] [INFO] [1788252747.659575371] [gpu_amcl_cpp]: Particle filter initialised with 2500 particles (global)
[gpu_amcl_cpp_node-5] [INFO] [1788252747.659677795] [gpu_amcl_cpp]: Global particle initialization active; waiting for scans before publishing pose
[actuator_interface-9] [WARN] [1788252747.693518235] [autodrive_actuator_interface]: Neutral output: no command
[lifecycle_manager-4] [INFO] [1788252747.721460580] [lifecycle_manager_map]: Server map_server connected with bond.
[lifecycle_manager-4] [INFO] [1788252747.721513821] [lifecycle_manager_map]: [34m[1mManaged nodes are active[0m[0m
[lifecycle_manager-4] [INFO] [1788252747.721527707] [lifecycle_manager_map]: [34m[1mCreating bond timer...[0m[0m
[autodrive_bridge-1] Connected!
[gpu_amcl_cpp_node-5] [INFO] [1788252762.582591734] [gpu_amcl_cpp]: Received first odometry sample at (0.00, 0.00, 0.00).
[component_container-8] [WARN] [1788252762.583501423] [pure_pursuit_node]: No pose received on /ekf_pose yet
[gpu_amcl_cpp_node-5] [INFO] [1788252762.583513816] [gpu_amcl_cpp]: Received LiDAR callback #1 (1081 ranges).
[gpu_amcl_cpp_node-5] [INFO] [1788252762.583548512] [gpu_amcl_cpp]: AMCL odom delta: at_scan=(0.000, 0.000, 0.000) baseline=(0.000, 0.000, 0.000) delta=(0.000, 0.000, 0.000) moved=false scan_age=0.000s
[gpu_amcl_cpp_node-5] [INFO] [1788252762.583563971] [gpu_amcl_cpp]: Starting AMCL scan update #1 (sampled from 1081 ranges).
[gpu_amcl_cpp_node-5] [INFO] [1788252762.586899192] [gpu_amcl_cpp]: AMCL scan update #1 completed; evaluating pose confidence.
[gpu_amcl_cpp_node-5] [INFO] [1788252762.588658246] [gpu_amcl_cpp]: Global AMCL refining: cluster_weight=0.029, covariance xy=0.908 (max 0.250), yaw=0.278 (max 0.120).
[sensor_odometry_node-2] [INFO] [1788252762.745326183] [sensor_odometry]: Odometry: dl=0.000 dr=0.000 ds=0.000 wheel_speed=0.000 mapped=0.000 body_speed=0.000 speed=0.000 pose=(0.000, 0.000, 0.000) enc=(0.000, 0.000) wheel_slip=false confidence=1.00
[component_container-8] [WARN] [1788252763.736889784] [pure_pursuit_node]: No pose received on /ekf_pose yet
[gpu_amcl_cpp_node-5] [INFO] [1788252763.736910703] [gpu_amcl_cpp]: AMCL odom delta: at_scan=(0.000, 0.000, 0.000) baseline=(0.000, 0.000, 0.000) delta=(0.000, 0.000, 0.000) moved=false scan_age=0.000s
[actuator_interface-9] [INFO] [1788252763.737874103] [autodrive_actuator_interface]: Collision baseline established at cumulative count 0
[gpu_amcl_cpp_node-5] [INFO] [1788252764.729909694] [gpu_amcl_cpp]: Global AMCL refining: cluster_weight=0.105, covariance xy=0.401 (max 0.250), yaw=0.006 (max 0.120).
[sensor_odometry_node-2] [INFO] [1788252764.893154012] [sensor_odometry]: Odometry: dl=0.000 dr=0.000 ds=0.000 wheel_speed=0.000 mapped=0.000 body_speed=0.000 speed=0.000 pose=(0.000, 0.000, 0.000) enc=(0.000, 0.000) wheel_slip=false confidence=1.00
[gpu_amcl_cpp_node-5] [INFO] [1788252764.894007465] [gpu_amcl_cpp]: AMCL odom delta: at_scan=(0.000, 0.000, 0.000) baseline=(0.000, 0.000, 0.000) delta=(0.000, 0.000, 0.000) moved=false scan_age=0.000s
[component_container-8] [WARN] [1788252764.894019688] [pure_pursuit_node]: No pose received on /ekf_pose yet
[component_container-8] [WARN] [1788252766.052183870] [pure_pursuit_node]: No pose received on /ekf_pose yet
[gpu_amcl_cpp_node-5] [INFO] [1788252766.052217354] [gpu_amcl_cpp]: AMCL odom delta: at_scan=(0.000, 0.000, 0.000) baseline=(0.000, 0.000, 0.000) delta=(0.000, 0.000, 0.000) moved=false scan_age=0.000s
[gpu_amcl_cpp_node-5] [INFO] [1788252766.870940944] [gpu_amcl_cpp]: Global AMCL refining: cluster_weight=0.125, covariance xy=0.174 (max 0.250), yaw=0.006 (max 0.120).
[sensor_odometry_node-2] [INFO] [1788252767.034688469] [sensor_odometry]: Odometry: dl=0.000 dr=0.000 ds=0.000 wheel_speed=0.000 mapped=0.000 body_speed=0.000 speed=0.000 pose=(0.000, 0.000, 0.000) enc=(0.000, 0.000) wheel_slip=false confidence=1.00
[component_container-8] [WARN] [1788252767.200209563] [pure_pursuit_node]: No pose received on /ekf_pose yet
[gpu_amcl_cpp_node-5] [INFO] [1788252767.200225092] [gpu_amcl_cpp]: AMCL odom delta: at_scan=(0.000, 0.000, 0.000) baseline=(0.000, 0.000, 0.000) delta=(0.000, 0.000, 0.000) moved=false scan_age=0.000s
[gpu_amcl_cpp_node-5] [INFO] [1788252767.691430532] [gpu_amcl_cpp]: Received LiDAR callback #32 (1081 ranges).
[gpu_amcl_cpp_node-5] [INFO] [1788252767.691481268] [gpu_amcl_cpp]: Starting AMCL scan update #32 (sampled from 1081 ranges).
[gpu_amcl_cpp_node-5] [INFO] [1788252767.691978427] [gpu_amcl_cpp]: AMCL scan update #32 completed; evaluating pose confidence.
[component_container-8] [WARN] [1788252768.341061057] [pure_pursuit_node]: No pose received on /ekf_pose yet
[gpu_amcl_cpp_node-5] [INFO] [1788252768.341080483] [gpu_amcl_cpp]: AMCL odom delta: at_scan=(0.000, 0.000, 0.000) baseline=(0.000, 0.000, 0.000) delta=(0.000, 0.000, 0.000) moved=false scan_age=0.000s
[gpu_amcl_cpp_node-5] [INFO] [1788252768.999740032] [gpu_amcl_cpp]: Global AMCL refining: cluster_weight=0.150, covariance xy=0.137 (max 0.250), yaw=0.005 (max 0.120).
[sensor_odometry_node-2] [INFO] [1788252769.158306854] [sensor_odometry]: Odometry: dl=0.000 dr=0.000 ds=0.000 wheel_speed=0.000 mapped=0.000 body_speed=0.000 speed=0.000 pose=(0.000, 0.000, 0.000) enc=(0.000, 0.000) wheel_slip=false confidence=1.00
[gpu_amcl_cpp_node-5] [INFO] [1788252769.489554623] [gpu_amcl_cpp]: AMCL odom delta: at_scan=(0.000, 0.000, 0.000) baseline=(0.000, 0.000, 0.000) delta=(0.000, 0.000, 0.000) moved=false scan_age=0.000s
[component_container-8] [WARN] [1788252769.489572938] [pure_pursuit_node]: No pose received on /ekf_pose yet
[component_container-8] [WARN] [1788252770.639162680] [pure_pursuit_node]: No pose received on /ekf_pose yet
[gpu_amcl_cpp_node-5] [INFO] [1788252770.639163722] [gpu_amcl_cpp]: AMCL odom delta: at_scan=(0.000, 0.000, 0.000) baseline=(0.000, 0.000, 0.000) delta=(0.000, 0.000, 0.000) moved=false scan_age=0.000s
[gpu_amcl_cpp_node-5] [INFO] [1788252771.133452399] [gpu_amcl_cpp]: Global AMCL refining: cluster_weight=0.166, covariance xy=0.117 (max 0.250), yaw=0.004 (max 0.120).
[sensor_odometry_node-2] [INFO] [1788252771.296532634] [sensor_odometry]: Odometry: dl=0.000 dr=0.000 ds=0.000 wheel_speed=0.000 mapped=0.000 body_speed=0.000 speed=0.000 pose=(0.000, 0.000, 0.000) enc=(0.000, 0.000) wheel_slip=false confidence=1.00
[gpu_amcl_cpp_node-5] [INFO] [1788252771.792855229] [gpu_amcl_cpp]: AMCL odom delta: at_scan=(0.000, 0.000, 0.000) baseline=(0.000, 0.000, 0.000) delta=(0.000, 0.000, 0.000) moved=false scan_age=0.000s
[component_container-8] [WARN] [1788252771.792883032] [pure_pursuit_node]: No pose received on /ekf_pose yet
[gpu_amcl_cpp_node-5] [INFO] [1788252772.776384118] [gpu_amcl_cpp]: Received LiDAR callback #63 (1081 ranges).
[gpu_amcl_cpp_node-5] [INFO] [1788252772.776448619] [gpu_amcl_cpp]: Starting AMCL scan update #63 (sampled from 1081 ranges).
[gpu_amcl_cpp_node-5] [INFO] [1788252772.776946600] [gpu_amcl_cpp]: AMCL scan update #63 completed; evaluating pose confidence.
[component_container-8] [WARN] [1788252772.939760390] [pure_pursuit_node]: No pose received on /ekf_pose yet
[gpu_amcl_cpp_node-5] [INFO] [1788252772.939778384] [gpu_amcl_cpp]: AMCL odom delta: at_scan=(0.000, 0.000, 0.000) baseline=(0.000, 0.000, 0.000) delta=(0.000, 0.000, 0.000) moved=false scan_age=0.000s
[gpu_amcl_cpp_node-5] [INFO] [1788252773.267655261] [gpu_amcl_cpp]: Global AMCL refining: cluster_weight=0.176, covariance xy=0.104 (max 0.250), yaw=0.003 (max 0.120).
[sensor_odometry_node-2] [INFO] [1788252773.432735130] [sensor_odometry]: Odometry: dl=0.000 dr=0.000 ds=0.000 wheel_speed=0.000 mapped=0.000 body_speed=0.000 speed=0.000 pose=(0.000, 0.000, 0.000) enc=(0.000, 0.000) wheel_slip=false confidence=1.00
[component_container-8] [WARN] [1788252774.092747305] [pure_pursuit_node]: No pose received on /ekf_pose yet
[gpu_amcl_cpp_node-5] [INFO] [1788252774.092774486] [gpu_amcl_cpp]: AMCL odom delta: at_scan=(0.000, 0.000, 0.000) baseline=(0.000, 0.000, 0.000) delta=(0.000, 0.000, 0.000) moved=false scan_age=0.000s
[component_container-8] [WARN] [1788252775.252807066] [pure_pursuit_node]: No pose received on /ekf_pose yet
[gpu_amcl_cpp_node-5] [INFO] [1788252775.252835259] [gpu_amcl_cpp]: AMCL odom delta: at_scan=(0.000, 0.000, 0.000) baseline=(0.000, 0.000, 0.000) delta=(0.000, 0.000, 0.000) moved=false scan_age=0.000s
[gpu_amcl_cpp_node-5] [INFO] [1788252775.414923693] [gpu_amcl_cpp]: Global AMCL refining: cluster_weight=0.183, covariance xy=0.093 (max 0.250), yaw=0.003 (max 0.120).
[sensor_odometry_node-2] [INFO] [1788252775.575397748] [sensor_odometry]: Odometry: dl=0.000 dr=0.000 ds=0.000 wheel_speed=0.000 mapped=0.000 body_speed=0.000 speed=0.000 pose=(0.000, 0.000, 0.000) enc=(0.000, 0.000) wheel_slip=false confidence=1.00
[component_container-8] [WARN] [1788252776.396701944] [pure_pursuit_node]: No pose received on /ekf_pose yet
[gpu_amcl_cpp_node-5] [INFO] [1788252776.396700231] [gpu_amcl_cpp]: AMCL odom delta: at_scan=(0.000, 0.000, 0.000) baseline=(0.000, 0.000, 0.000) delta=(0.000, 0.000, 0.000) moved=false scan_age=0.000s
[gpu_amcl_cpp_node-5] [INFO] [1788252777.535133337] [gpu_amcl_cpp]: AMCL odom delta: at_scan=(0.000, 0.000, 0.000) baseline=(0.000, 0.000, 0.000) delta=(0.000, 0.000, 0.000) moved=false scan_age=0.000s
[component_container-8] [WARN] [1788252777.535137104] [pure_pursuit_node]: No pose received on /ekf_pose yet
[gpu_amcl_cpp_node-5] [INFO] [1788252777.536165247] [gpu_amcl_cpp]: Global AMCL refining: cluster_weight=0.189, covariance xy=0.085 (max 0.250), yaw=0.003 (max 0.120).
[sensor_odometry_node-2] [INFO] [1788252777.696570548] [sensor_odometry]: Odometry: dl=0.000 dr=0.000 ds=0.000 wheel_speed=0.000 mapped=0.000 body_speed=0.000 speed=0.000 pose=(0.000, 0.000, 0.000) enc=(0.000, 0.000) wheel_slip=false confidence=1.00
[gpu_amcl_cpp_node-5] [INFO] [1788252777.858242361] [gpu_amcl_cpp]: Received LiDAR callback #94 (1081 ranges).
[gpu_amcl_cpp_node-5] [INFO] [1788252777.858291544] [gpu_amcl_cpp]: Starting AMCL scan update #94 (sampled from 1081 ranges).
[gpu_amcl_cpp_node-5] [INFO] [1788252777.858785608] [gpu_amcl_cpp]: AMCL scan update #94 completed; evaluating pose confidence.
[gpu_amcl_cpp_node-5] [INFO] [1788252778.679793132] [gpu_amcl_cpp]: AMCL odom delta: at_scan=(0.000, 0.000, 0.000) baseline=(0.000, 0.000, 0.000) delta=(0.000, 0.000, 0.000) moved=false scan_age=0.000s
[component_container-8] [WARN] [1788252778.679796468] [pure_pursuit_node]: No pose received on /ekf_pose yet
[gpu_amcl_cpp_node-5] [INFO] [1788252779.674907460] [gpu_amcl_cpp]: Global AMCL refining: cluster_weight=0.194, covariance xy=0.079 (max 0.250), yaw=0.002 (max 0.120).
[sensor_odometry_node-2] [INFO] [1788252779.837950620] [sensor_odometry]: Odometry: dl=0.000 dr=0.000 ds=0.000 wheel_speed=0.000 mapped=0.000 body_speed=0.000 speed=0.000 pose=(0.000, 0.000, 0.000) enc=(0.000, 0.000) wheel_slip=false confidence=1.00
[component_container-8] [WARN] [1788252779.838873053] [pure_pursuit_node]: No pose received on /ekf_pose yet
[gpu_amcl_cpp_node-5] [INFO] [1788252779.838872051] [gpu_amcl_cpp]: AMCL odom delta: at_scan=(0.000, 0.000, 0.000) baseline=(0.000, 0.000, 0.000) delta=(0.000, 0.000, 0.000) moved=false scan_age=0.000s
[component_container-8] [WARN] [1788252780.993530474] [pure_pursuit_node]: No pose received on /ekf_pose yet
[gpu_amcl_cpp_node-5] [INFO] [1788252780.993522489] [gpu_amcl_cpp]: AMCL odom delta: at_scan=(0.000, 0.000, 0.000) baseline=(0.000, 0.000, 0.000) delta=(0.000, 0.000, 0.000) moved=false scan_age=0.000s
[gpu_amcl_cpp_node-5] [INFO] [1788252781.817490767] [gpu_amcl_cpp]: Global AMCL refining: cluster_weight=0.198, covariance xy=0.073 (max 0.250), yaw=0.002 (max 0.120).
[sensor_odometry_node-2] [INFO] [1788252781.981685609] [sensor_odometry]: Odometry: dl=0.000 dr=0.000 ds=0.000 wheel_speed=0.000 mapped=0.000 body_speed=0.000 speed=0.000 pose=(0.000, 0.000, 0.000) enc=(0.000, 0.000) wheel_slip=false confidence=1.00
[gpu_amcl_cpp_node-5] [INFO] [1788252782.148205402] [gpu_amcl_cpp]: AMCL odom delta: at_scan=(0.000, 0.000, 0.000) baseline=(0.000, 0.000, 0.000) delta=(0.000, 0.000, 0.000) moved=false scan_age=0.000s
[component_container-8] [WARN] [1788252782.148230951] [pure_pursuit_node]: No pose received on /ekf_pose yet
[gpu_amcl_cpp_node-5] [INFO] [1788252782.972018388] [gpu_amcl_cpp]: Received LiDAR callback #125 (1081 ranges).
[gpu_amcl_cpp_node-5] [INFO] [1788252782.972081567] [gpu_amcl_cpp]: Starting AMCL scan update #125 (sampled from 1081 ranges).
[gpu_amcl_cpp_node-5] [INFO] [1788252782.972602541] [gpu_amcl_cpp]: AMCL scan update #125 completed; evaluating pose confidence.
[gpu_amcl_cpp_node-5] [INFO] [1788252783.138627237] [gpu_amcl_cpp]: Global AMCL lock accepted at (10.331, -9.582, 2.923); continuing with local tracking.
[ekf_localization_node-6] [INFO] [1788252783.138854687] [ekf_localization]: EKF accepted AMCL map lock/relocalization
[ground_truth_amcl_monitor-7] [INFO] [1788252783.139684194] [ground_truth_amcl_monitor]: Ground-truth alignment initialized: map->world yaw=1.789, translation=(-6.315, -9.004)
[component_container-8] [WARN] [1788252783.303282916] [pure_pursuit_node]: No pose received on /ekf_pose yet
[gpu_amcl_cpp_node-5] [INFO] [1788252783.303319836] [gpu_amcl_cpp]: AMCL odom delta: at_scan=(0.000, 0.000, 0.000) baseline=(0.000, 0.000, 0.000) delta=(0.000, 0.000, 0.000) moved=false scan_age=0.000s
[ground_truth_amcl_monitor-7] [INFO] [1788252783.304205870] [ground_truth_amcl_monitor]: AMCL vs GT: gt=(10.331, -9.582) amcl=(10.331, -9.582) error=0.000 m / 0.000 rad; odom=(10.331, -9.582, 2.923) error=0.000 m / 0.000 rad; ekf=(10.331, -9.582, 2.923) error=0.000 m / 0.000 rad; RMS=0.000 m / 0.000 rad max=0.000 m / 0.000 rad samples=1
[component_container-8] [INFO] [1788252783.629996999] [pure_pursuit_node]: Pure Pursuit: pose=(10.331, -9.582, 2.923) cte=0.398 closest=306 target=332 steer=0.003 speed=0.003
[sensor_odometry_node-2] [INFO] [1788252784.119850965] [sensor_odometry]: Odometry: dl=0.053 dr=0.053 ds=0.051 wheel_speed=0.321 mapped=0.318 body_speed=0.310 speed=0.310 pose=(0.051, 0.000, 0.009) enc=(0.897, 0.890) wheel_slip=false confidence=1.00
[gpu_amcl_cpp_node-5] [INFO] [1788252784.121761525] [gpu_amcl_cpp]: AMCL local correction: odom_prediction=(10.281, -9.571, 2.932) scan=(10.278, -9.570, 2.932) correction=0.003 m/0.001 rad cluster_weight=0.846 publish=true
[gpu_amcl_cpp_node-5] [INFO] [1788252784.457757958] [gpu_amcl_cpp]: AMCL odom delta: at_scan=(0.214, 0.024, 0.328) baseline=(0.157, 0.009, 0.163) delta=(0.057, 0.014, 0.165) moved=true scan_age=0.000s
[ground_truth_amcl_monitor-7] [INFO] [1788252784.460063483] [ground_truth_amcl_monitor]: AMCL vs GT: gt=(10.117, -9.568) amcl=(10.116, -9.561) error=0.007 m / 0.002 rad; odom=(10.117, -9.559, -3.032) error=0.009 m / 0.000 rad; ekf=(10.117, -9.559, -3.032) error=0.009 m / 0.000 rad; RMS=0.018 m / 0.001 rad max=0.038 m / 0.002 rad samples=8
[component_container-8] [INFO] [1788252784.790333980] [pure_pursuit_node]: Pure Pursuit: pose=(10.088, -9.563, -3.029) cte=0.357 closest=318 target=344 steer=0.175 speed=0.120
[gpu_amcl_cpp_node-5] [INFO] [1788252785.123473815] [gpu_amcl_cpp]: AMCL local correction: odom_prediction=(10.030, -9.571, -3.022) scan=(10.033, -9.574, -3.040) correction=0.004 m/0.017 rad cluster_weight=0.864 publish=true
[gpu_amcl_cpp_node-5] [INFO] [1788252785.463119749] [gpu_amcl_cpp]: AMCL odom delta: at_scan=(0.464, 0.122, 0.462) baseline=(0.407, 0.095, 0.405) delta=(0.057, 0.026, 0.057) moved=true scan_age=0.000s
[ground_truth_amcl_monitor-7] [INFO] [1788252785.465296150] [ground_truth_amcl_monitor]: AMCL vs GT: gt=(9.862, -9.614) amcl=(9.850, -9.603) error=0.017 m / 0.008 rad; odom=(9.852, -9.600, -2.898) error=0.017 m / 0.000 rad; ekf=(9.851, -9.601, -2.901) error=0.017 m / 0.003 rad; RMS=0.032 m / 0.003 rad max=0.069 m / 0.008 rad samples=14
[component_container-8] [INFO] [1788252785.793967332] [pure_pursuit_node]: Pure Pursuit: pose=(9.851, -9.601, -2.899) cte=0.262 closest=329 target=355 steer=-0.153 speed=0.120
[sensor_odometry_node-2] [INFO] [1788252786.123296155] [sensor_odometry]: Odometry: dl=0.144 dr=0.139 ds=0.122 wheel_speed=0.849 mapped=0.840 body_speed=0.732 speed=0.732 pose=(0.628, 0.198, 0.393) enc=(11.755, 12.246) wheel_slip=false confidence=1.00
[gpu_amcl_cpp_node-5] [INFO] [1788252786.124977491] [gpu_amcl_cpp]: AMCL local correction: odom_prediction=(9.673, -9.641, -2.977) scan=(9.676, -9.639, -2.988) correction=0.004 m/0.011 rad cluster_weight=0.849 publish=true
[gpu_amcl_cpp_node-5] [INFO] [1788252786.616751850] [gpu_amcl_cpp]: AMCL odom delta: at_scan=(0.690, 0.221, 0.317) baseline=(0.690, 0.221, 0.327) delta=(0.000, 0.000, -0.010) moved=false scan_age=0.000s
[ground_truth_amcl_monitor-7] [INFO] [1788252786.617818014] [ground_truth_amcl_monitor]: AMCL vs GT: gt=(9.579, -9.664) amcl=(9.608, -9.649) error=0.033 m / 0.002 rad; odom=(9.610, -9.649, -3.043) error=0.035 m / 0.000 rad; ekf=(9.608, -9.649, -3.049) error=0.033 m / 0.007 rad; RMS=0.032 m / 0.006 rad max=0.069 m / 0.012 rad samples=21
[component_container-8] [INFO] [1788252786.949671945] [pure_pursuit_node]: Pure Pursuit: pose=(9.325, -9.663, 3.122) cte=0.073 closest=354 target=387 steer=-0.225 speed=0.200
[gpu_amcl_cpp_node-5] [INFO] [1788252787.284348684] [gpu_amcl_cpp]: AMCL local correction: odom_prediction=(9.157, -9.636, 2.903) scan=(9.168, -9.618, 2.905) correction=0.020 m/0.003 rad cluster_weight=0.849 publish=true
[gpu_amcl_cpp_node-5] [INFO] [1788252787.617590814] [gpu_amcl_cpp]: AMCL odom delta: at_scan=(1.231, 0.312, -0.009) baseline=(1.185, 0.313, -0.009) delta=(0.046, -0.000, 0.000) moved=true scan_age=0.000s
[ground_truth_amcl_monitor-7] [INFO] [1788252787.619861292] [ground_truth_amcl_monitor]: AMCL vs GT: gt=(9.142, -9.639) amcl=(9.063, -9.608) error=0.084 m / 0.011 rad; odom=(9.062, -9.620, 2.914) error=0.082 m / 0.000 rad; ekf=(9.062, -9.613, 2.905) error=0.084 m / 0.009 rad; RMS=0.039 m / 0.008 rad max=0.095 m / 0.012 rad samples=27
[component_container-8] [INFO] [1788252787.951063909] [pure_pursuit_node]: Pure Pursuit: pose=(9.022, -9.601, 2.904) cte=0.057 closest=369 target=395 steer=-0.070 speed=0.200
[gpu_amcl_cpp_node-5] [INFO] [1788252788.117888276] [gpu_amcl_cpp]: Received LiDAR callback #156 (1081 ranges).
[sensor_odometry_node-2] [INFO] [1788252788.284219171] [sensor_odometry]: Odometry: dl=0.099 dr=0.099 ds=0.086 wheel_speed=0.592 mapped=0.586 body_speed=0.515 speed=0.515 pose=(1.359, 0.311, -0.013) enc=(22.600, 22.907) wheel_slip=false confidence=1.00
[gpu_amcl_cpp_node-5] [INFO] [1788252788.285158826] [gpu_amcl_cpp]: Starting AMCL scan update #157 (sampled from 1081 ranges).
[gpu_amcl_cpp_node-5] [INFO] [1788252788.285687354] [gpu_amcl_cpp]: AMCL scan update #157 completed; evaluating pose confidence.
[gpu_amcl_cpp_node-5] [INFO] [1788252788.286123208] [gpu_amcl_cpp]: AMCL local correction: odom_prediction=(8.940, -9.577, 2.900) scan=(8.964, -9.564, 2.904) correction=0.028 m/0.004 rad cluster_weight=0.854 publish=true
[gpu_amcl_cpp_node-5] [INFO] [1788252788.621323893] [gpu_amcl_cpp]: AMCL odom delta: at_scan=(1.647, 0.299, -0.078) baseline=(1.541, 0.306, -0.043) delta=(0.106, -0.006, -0.034) moved=true scan_age=0.000s
[ground_truth_amcl_monitor-7] [INFO] [1788252788.623717314] [ground_truth_amcl_monitor]: AMCL vs GT: gt=(8.791, -9.544) amcl=(8.664, -9.497) error=0.135 m / 0.008 rad; odom=(8.658, -9.518, 2.846) error=0.135 m / 0.000 rad; ekf=(8.662, -9.502, 2.836) error=0.136 m / 0.010 rad; RMS=0.078 m / 0.008 rad max=0.231 m / 0.012 rad samples=33
[component_container-8] [INFO] [1788252788.958926886] [pure_pursuit_node]: Pure Pursuit: pose=(8.547, -9.463, 2.830) cte=0.073 closest=394 target=422 steer=0.084 speed=0.200
[gpu_amcl_cpp_node-5] [INFO] [1788252789.301045576] [gpu_amcl_cpp]: AMCL local correction: odom_prediction=(8.459, -9.426, 2.835) scan=(8.471, -9.403, 2.850) correction=0.026 m/0.016 rad cluster_weight=0.858 publish=true
[gpu_amcl_cpp_node-5] [INFO] [1788252789.636831563] [gpu_amcl_cpp]: AMCL odom delta: at_scan=(1.863, 0.281, -0.084) baseline=(1.863, 0.281, -0.084) delta=(0.000, 0.000, 0.000) moved=false scan_age=0.000s
[ground_truth_amcl_monitor-7] [INFO] [1788252789.637983348] [ground_truth_amcl_monitor]: AMCL vs GT: gt=(8.731, -9.525) amcl=(8.460, -9.424) error=0.289 m / 0.003 rad; odom=(8.452, -9.453, 2.839) error=0.288 m / 0.000 rad; ekf=(8.459, -9.428, 2.832) error=0.289 m / 0.007 rad; RMS=0.120 m / 0.008 rad max=0.289 m / 0.012 rad samples=39
[component_container-8] [INFO] [1788252789.974262858] [pure_pursuit_node]: Pure Pursuit: pose=(8.200, -9.350, 2.885) cte=0.096 closest=412 target=445 steer=0.043 speed=0.200
[sensor_odometry_node-2] [INFO] [1788252790.310578712] [sensor_odometry]: Odometry: dl=0.000 dr=0.000 ds=0.065 wheel_speed=0.000 mapped=0.000 body_speed=0.383 speed=0.383 pose=(2.304, 0.266, 0.045) enc=(35.402, 35.729) wheel_slip=true confidence=1.00
[gpu_amcl_cpp_node-5] [INFO] [1788252790.312545377] [gpu_amcl_cpp]: AMCL local correction: odom_prediction=(8.036, -9.311, 2.969) scan=(8.037, -9.292, 2.993) correction=0.019 m/0.024 rad cluster_weight=0.861 publish=true
[gpu_amcl_cpp_node-5] [INFO] [1788252790.647916577] [gpu_amcl_cpp]: AMCL odom delta: at_scan=(2.407, 0.271, 0.045) baseline=(2.359, 0.269, 0.045) delta=(0.048, 0.002, 0.000) moved=true scan_age=0.000s
[ground_truth_amcl_monitor-7] [INFO] [1788252790.650608341] [ground_truth_amcl_monitor]: AMCL vs GT: gt=(8.314, -9.425) amcl=(7.934, -9.289) error=0.403 m / 0.005 rad; odom=(7.923, -9.325, 2.969) error=0.404 m / 0.000 rad; ekf=(7.932, -9.294, 2.966) error=0.403 m / 0.002 rad; RMS=0.171 m / 0.007 rad max=0.403 m / 0.012 rad samples=45
[component_container-8] [INFO] [1788252790.985017714] [pure_pursuit_node]: Pure Pursuit: pose=(7.889, -9.284, 2.968) cte=0.082 closest=428 target=454 steer=-0.061 speed=0.200
[gpu_amcl_cpp_node-5] [INFO] [1788252791.328483301] [gpu_amcl_cpp]: AMCL local correction: odom_prediction=(7.800, -9.265, 2.971) scan=(7.811, -9.249, 2.984) correction=0.019 m/0.013 rad cluster_weight=0.877 publish=true
[gpu_amcl_cpp_node-5] [INFO] [1788252791.666934895] [gpu_amcl_cpp]: AMCL odom delta: at_scan=(2.842, 0.282, -0.023) baseline=(2.732, 0.282, 0.014) delta=(0.110, -0.000, -0.037) moved=true scan_age=0.000s
[ground_truth_amcl_monitor-7] [INFO] [1788252791.669922118] [ground_truth_amcl_monitor]: AMCL vs GT: gt=(7.944, -9.347) amcl=(7.509, -9.203) error=0.459 m / 0.011 rad; odom=(7.495, -9.241, 2.900) error=0.461 m / 0.000 rad; ekf=(7.507, -9.207, 2.904) error=0.460 m / 0.003 rad; RMS=0.230 m / 0.007 rad max=0.555 m / 0.012 rad samples=51
[component_container-8] [INFO] [1788252792.006719638] [pure_pursuit_node]: Pure Pursuit: pose=(7.390, -9.176, 2.893) cte=0.060 closest=454 target=482 steer=-0.002 speed=0.200
[sensor_odometry_node-2] [INFO] [1788252792.343378052] [sensor_odometry]: Odometry: dl=0.000 dr=0.000 ds=0.044 wheel_speed=0.000 mapped=0.000 body_speed=0.261 speed=0.261 pose=(3.055, 0.275, -0.036) enc=(42.987, 43.279) wheel_slip=true confidence=1.00
[gpu_amcl_cpp_node-5] [INFO] [1788252792.345715758] [gpu_amcl_cpp]: AMCL local correction: odom_prediction=(7.305, -9.147, 2.904) scan=(7.312, -9.133, 2.922) correction=0.016 m/0.018 rad cluster_weight=0.876 publish=true
[gpu_amcl_cpp_node-5] [INFO] [1788252792.684839188] [gpu_amcl_cpp]: AMCL odom delta: at_scan=(3.055, 0.275, -0.036) baseline=(3.055, 0.275, -0.036) delta=(0.000, 0.000, 0.000) moved=false scan_age=0.000s
[ground_truth_amcl_monitor-7] [INFO] [1788252792.686216219] [ground_truth_amcl_monitor]: AMCL vs GT: gt=(7.877, -9.330) amcl=(7.305, -9.146) error=0.601 m / 0.018 rad; odom=(7.289, -9.188, 2.888) error=0.605 m / 0.000 rad; ekf=(7.304, -9.149, 2.899) error=0.601 m / 0.011 rad; RMS=0.283 m / 0.009 rad max=0.601 m / 0.018 rad samples=57
[component_container-8] [INFO] [1788252793.026629295] [pure_pursuit_node]: Pure Pursuit: pose=(7.030, -9.081, 2.902) cte=0.060 closest=472 target=505 steer=-0.005 speed=0.200
[gpu_amcl_cpp_node-5] [INFO] [1788252793.191403340] [gpu_amcl_cpp]: Received LiDAR callback #186 (1081 ranges).
[gpu_amcl_cpp_node-5] [INFO] [1788252793.360334177] [gpu_amcl_cpp]: Starting AMCL scan update #187 (sampled from 1081 ranges).
[gpu_amcl_cpp_node-5] [INFO] [1788252793.360996067] [gpu_amcl_cpp]: AMCL scan update #187 completed; evaluating pose confidence.
[gpu_amcl_cpp_node-5] [INFO] [1788252793.361544823] [gpu_amcl_cpp]: AMCL local correction: odom_prediction=(6.853, -9.035, 2.913) scan=(6.855, -9.015, 2.933) correction=0.020 m/0.020 rad cluster_weight=0.893 publish=true
[gpu_amcl_cpp_node-5] [INFO] [1788252793.811062806] [gpu_amcl_cpp]: AMCL odom delta: at_scan=(3.678, 0.253, -0.033) baseline=(3.621, 0.255, -0.033) delta=(0.058, -0.002, 0.000) moved=true scan_age=0.000s
[ground_truth_amcl_monitor-7] [INFO] [1788252793.814106095] [ground_truth_amcl_monitor]: AMCL vs GT: gt=(7.438, -9.217) amcl=(6.703, -8.996) error=0.767 m / 0.028 rad; odom=(6.685, -9.033, 2.891) error=0.775 m / 0.000 rad; ekf=(6.700, -8.999, 2.910) error=0.770 m / 0.020 rad; RMS=0.350 m / 0.012 rad max=0.767 m / 0.028 rad samples=64
[component_container-8] [INFO] [1788252794.159188105] [pure_pursuit_node]: Pure Pursuit: pose=(6.650, -8.986, 2.913) cte=0.054 closest=492 target=518 steer=-0.009 speed=0.200
[sensor_odometry_node-2] [INFO] [1788252794.505714801] [sensor_odometry]: Odometry: dl=0.107 dr=0.107 ds=0.092 wheel_speed=0.632 mapped=0.625 body_speed=0.546 speed=0.546 pose=(3.824, 0.249, -0.033) enc=(52.416, 52.707) wheel_slip=false confidence=1.00
[gpu_amcl_cpp_node-5] [INFO] [1788252794.507787006] [gpu_amcl_cpp]: AMCL local correction: odom_prediction=(6.562, -8.963, 2.920) scan=(6.566, -8.954, 2.935) correction=0.010 m/0.015 rad cluster_weight=0.882 publish=true
[gpu_amcl_cpp_node-5] [INFO] [1788252794.849744882] [gpu_amcl_cpp]: AMCL odom delta: at_scan=(4.128, 0.237, -0.046) baseline=(4.014, 0.242, -0.037) delta=(0.114, -0.005, -0.009) moved=true scan_age=0.000s
[ground_truth_amcl_monitor-7] [INFO] [1788252794.852672192] [ground_truth_amcl_monitor]: AMCL vs GT: gt=(7.070, -9.120) amcl=(6.266, -8.892) error=0.835 m / 0.034 rad; odom=(6.250, -8.919, 2.877) error=0.844 m / 0.000 rad; ekf=(6.265, -8.894, 2.903) error=0.836 m / 0.026 rad; RMS=0.418 m / 0.014 rad max=0.935 m / 0.034 rad samples=70
[component_container-8] [INFO] [1788252795.201588260] [pure_pursuit_node]: Pure Pursuit: pose=(6.122, -8.859, 2.901) cte=0.038 closest=519 target=547 steer=-0.017 speed=0.200
[gpu_amcl_cpp_node-5] [INFO] [1788252795.554558534] [gpu_amcl_cpp]: AMCL local correction: odom_prediction=(6.006, -8.827, 2.909) scan=(6.020, -8.809, 2.924) correction=0.023 m/0.015 rad cluster_weight=0.889 publish=true
[gpu_amcl_cpp_node-5] [INFO] [1788252795.904008249] [gpu_amcl_cpp]: AMCL odom delta: at_scan=(4.398, 0.223, -0.052) baseline=(4.398, 0.223, -0.052) delta=(0.000, 0.000, 0.000) moved=false scan_age=0.000s
[ground_truth_amcl_monitor-7] [INFO] [1788252795.905435434] [ground_truth_amcl_monitor]: AMCL vs GT: gt=(7.004, -9.102) amcl=(6.007, -8.826) error=1.034 m / 0.038 rad; odom=(5.990, -8.848, 2.872) error=1.045 m / 0.000 rad; ekf=(6.006, -8.828, 2.905) error=1.035 m / 0.033 rad; RMS=0.485 m / 0.017 rad max=1.034 m / 0.038 rad samples=76
[component_container-8] [INFO] [1788252796.251160621] [pure_pursuit_node]: Pure Pursuit: pose=(5.717, -8.756, 2.893) cte=0.029 closest=540 target=573 steer=-0.024 speed=0.200
[sensor_odometry_node-2] [INFO] [1788252796.597574076] [sensor_odometry]: Odometry: dl=0.000 dr=0.000 ds=0.073 wheel_speed=0.000 mapped=0.000 body_speed=0.422 speed=0.422 pose=(4.881, 0.192, -0.090) enc=(66.173, 66.445) wheel_slip=true confidence=1.00
[gpu_amcl_cpp_node-5] [INFO] [1788252796.599762410] [gpu_amcl_cpp]: AMCL local correction: odom_prediction=(5.537, -8.706, 2.873) scan=(5.549, -8.700, 2.885) correction=0.014 m/0.011 rad cluster_weight=0.874 publish=true
[gpu_amcl_cpp_node-5] [INFO] [1788252796.942806501] [gpu_amcl_cpp]: AMCL odom delta: at_scan=(5.000, 0.181, -0.090) baseline=(4.943, 0.186, -0.090) delta=(0.057, -0.005, -0.000) moved=true scan_age=0.000s
[ground_truth_amcl_monitor-7] [INFO] [1788252796.945921625] [ground_truth_amcl_monitor]: AMCL vs GT: gt=(6.554, -8.969) amcl=(5.424, -8.674) error=1.169 m / 0.042 rad; odom=(5.410, -8.676, 2.833) error=1.181 m / 0.000 rad; ekf=(5.422, -8.675, 2.871) error=1.170 m / 0.038 rad; RMS=0.555 m / 0.020 rad max=1.169 m / 0.042 rad samples=82
[component_container-8] [INFO] [1788252797.287497640] [pure_pursuit_node]: Pure Pursuit: pose=(5.372, -8.661, 2.872) cte=0.027 closest=558 target=583 steer=-0.008 speed=0.200
[gpu_amcl_cpp_node-5] [INFO] [1788252797.632861368] [gpu_amcl_cpp]: AMCL local correction: odom_prediction=(5.281, -8.635, 2.875) scan=(5.286, -8.633, 2.883) correction=0.005 m/0.008 rad cluster_weight=0.894 publish=true
[gpu_amcl_cpp_node-5] [INFO] [1788252797.978208827] [gpu_amcl_cpp]: AMCL odom delta: at_scan=(5.461, 0.138, -0.102) baseline=(5.344, 0.149, -0.095) delta=(0.117, -0.011, -0.007) moved=true scan_age=0.000s
[ground_truth_amcl_monitor-7] [INFO] [1788252797.981437435] [ground_truth_amcl_monitor]: AMCL vs GT: gt=(6.181, -8.848) amcl=(4.978, -8.550) error=1.239 m / 0.044 rad; odom=(4.970, -8.534, 2.821) error=1.251 m / 0.000 rad; ekf=(4.977, -8.550, 2.862) error=1.240 m / 0.041 rad; RMS=0.629 m / 0.022 rad max=1.342 m / 0.044 rad samples=88
[gpu_amcl_cpp_node-5] [INFO] [1788252798.321848736] [gpu_amcl_cpp]: Received LiDAR callback #216 (1081 ranges).
[component_container-8] [INFO] [1788252798.321868062] [pure_pursuit_node]: Pure Pursuit: pose=(4.841, -8.511, 2.859) cte=0.021 closest=585 target=613 steer=-0.018 speed=0.200
[gpu_amcl_cpp_node-5] [INFO] [1788252798.496875768] [gpu_amcl_cpp]: Starting AMCL scan update #217 (sampled from 1081 ranges).
[gpu_amcl_cpp_node-5] [INFO] [1788252798.497515176] [gpu_amcl_cpp]: AMCL scan update #217 completed; evaluating pose confidence.
[sensor_odometry_node-2] [INFO] [1788252798.664590669] [sensor_odometry]: Odometry: dl=0.000 dr=0.000 ds=0.055 wheel_speed=0.000 mapped=0.000 body_speed=0.329 speed=0.329 pose=(5.718, 0.111, -0.106) enc=(74.073, 74.341) wheel_slip=true confidence=1.00
[gpu_amcl_cpp_node-5] [INFO] [1788252798.666884511] [gpu_amcl_cpp]: AMCL local correction: odom_prediction=(4.731, -8.478, 2.861) scan=(4.734, -8.475, 2.858) correction=0.004 m/0.003 rad cluster_weight=0.889 publish=true
[gpu_amcl_cpp_node-5] [INFO] [1788252799.014763898] [gpu_amcl_cpp]: AMCL odom delta: at_scan=(5.718, 0.111, -0.106) baseline=(5.718, 0.111, -0.106) delta=(0.000, 0.000, 0.000) moved=false scan_age=0.000s
[ground_truth_amcl_monitor-7] [INFO] [1788252799.016222844] [ground_truth_amcl_monitor]: AMCL vs GT: gt=(6.112, -8.825) amcl=(4.731, -8.478) error=1.423 m / 0.043 rad; odom=(4.725, -8.451, 2.817) error=1.436 m / 0.000 rad; ekf=(4.731, -8.478, 2.860) error=1.424 m / 0.043 rad; RMS=0.699 m / 0.024 rad max=1.423 m / 0.044 rad samples=94
[component_container-8] [INFO] [1788252799.358035287] [pure_pursuit_node]: Pure Pursuit: pose=(4.443, -8.394, 2.854) cte=0.018 closest=606 target=640 steer=-0.008 speed=0.200
[gpu_amcl_cpp_node-5] [INFO] [1788252799.702955331] [gpu_amcl_cpp]: AMCL local correction: odom_prediction=(4.256, -8.337, 2.841) scan=(4.265, -8.331, 2.836) correction=0.011 m/0.006 rad cluster_weight=0.896 publish=true
[gpu_amcl_cpp_node-5] [INFO] [1788252800.043107337] [gpu_amcl_cpp]: AMCL odom delta: at_scan=(6.351, 0.037, -0.125) baseline=(6.284, 0.046, -0.125) delta=(0.067, -0.008, 0.000) moved=true scan_age=0.000s
[ground_truth_amcl_monitor-7] [INFO] [1788252800.045895203] [ground_truth_amcl_monitor]: AMCL vs GT: gt=(5.667, -8.671) amcl=(4.124, -8.295) error=1.588 m / 0.042 rad; odom=(4.123, -8.243, 2.798) error=1.603 m / 0.000 rad; ekf=(4.121, -8.295, 2.841) error=1.591 m / 0.043 rad; RMS=0.772 m / 0.026 rad max=1.588 m / 0.044 rad samples=100
[component_container-8] [INFO] [1788252800.384629368] [pure_pursuit_node]: Pure Pursuit: pose=(4.062, -8.277, 2.841) cte=0.018 closest=626 target=652 steer=0.002 speed=0.200
[sensor_odometry_node-2] [INFO] [1788252800.727135138] [sensor_odometry]: Odometry: dl=0.112 dr=0.113 ds=0.097 wheel_speed=0.652 mapped=0.646 body_speed=0.562 speed=0.562 pose=(6.510, 0.017, -0.125) enc=(83.972, 84.234) wheel_slip=false confidence=1.00
[gpu_amcl_cpp_node-5] [INFO] [1788252800.729683792] [gpu_amcl_cpp]: AMCL local correction: odom_prediction=(3.972, -8.248, 2.840) scan=(3.967, -8.251, 2.834) correction=0.005 m/0.006 rad cluster_weight=0.887 publish=true
[gpu_amcl_cpp_node-5] [INFO] [1788252801.070259164] [gpu_amcl_cpp]: AMCL odom delta: at_scan=(6.833, -0.023, -0.123) baseline=(6.713, -0.008, -0.124) delta=(0.119, -0.015, 0.000) moved=true scan_age=0.000s
[ground_truth_amcl_monitor-7] [INFO] [1788252801.072939547] [ground_truth_amcl_monitor]: AMCL vs GT: gt=(5.294, -8.538) amcl=(3.662, -8.152) error=1.677 m / 0.040 rad; odom=(3.666, -8.080, 2.800) error=1.691 m / 0.000 rad; ekf=(3.661, -8.152, 2.842) error=1.678 m / 0.042 rad; RMS=0.851 m / 0.027 rad max=1.778 m / 0.044 rad samples=106
[component_container-8] [INFO] [1788252801.415704893] [pure_pursuit_node]: Pure Pursuit: pose=(3.501, -8.102, 2.840) cte=0.012 closest=656 target=685 steer=-0.020 speed=0.200
[gpu_amcl_cpp_node-5] [INFO] [1788252801.761000308] [gpu_amcl_cpp]: AMCL local correction: odom_prediction=(3.366, -8.060, 2.839) scan=(3.373, -8.062, 2.834) correction=0.007 m/0.004 rad cluster_weight=0.876 publish=true
[gpu_amcl_cpp_node-5] [INFO] [1788252802.101056736] [gpu_amcl_cpp]: AMCL odom delta: at_scan=(7.141, -0.061, -0.124) baseline=(7.141, -0.061, -0.124) delta=(0.000, 0.000, 0.000) moved=false scan_age=0.000s
[ground_truth_amcl_monitor-7] [INFO] [1788252802.102047317] [ground_truth_amcl_monitor]: AMCL vs GT: gt=(5.215, -8.511) amcl=(3.367, -8.060) error=1.903 m / 0.039 rad; odom=(3.373, -7.975, 2.799) error=1.918 m / 0.000 rad; ekf=(3.366, -8.060, 2.840) error=1.904 m / 0.040 rad; RMS=0.930 m / 0.028 rad max=1.903 m / 0.044 rad samples=112
[component_container-8] [INFO] [1788252802.439144153] [pure_pursuit_node]: Pure Pursuit: pose=(3.079, -7.969, 2.825) cte=0.005 closest=678 target=712 steer=-0.023 speed=0.200
[sensor_odometry_node-2] [INFO] [1788252802.782146523] [sensor_odometry]: Odometry: dl=0.000 dr=0.000 ds=0.093 wheel_speed=0.000 mapped=0.000 body_speed=0.536 speed=0.536 pose=(7.650, -0.133, -0.164) enc=(98.237, 98.482) wheel_slip=true confidence=1.00
[gpu_amcl_cpp_node-5] [INFO] [1788252802.784370594] [gpu_amcl_cpp]: AMCL local correction: odom_prediction=(2.879, -7.898, 2.797) scan=(2.888, -7.888, 2.794) correction=0.014 m/0.003 rad cluster_weight=0.876 publish=true
[gpu_amcl_cpp_node-5] [INFO] [1788252803.127303521] [gpu_amcl_cpp]: AMCL odom delta: at_scan=(7.813, -0.160, -0.164) baseline=(7.734, -0.147, -0.164) delta=(0.079, -0.013, 0.000) moved=true scan_age=0.000s
[ground_truth_amcl_monitor-7] [INFO] [1788252803.130213948] [ground_truth_amcl_monitor]: AMCL vs GT: gt=(4.771, -8.342) amcl=(2.728, -7.843) error=2.104 m / 0.038 rad; odom=(2.739, -7.734, 2.759) error=2.122 m / 0.000 rad; ekf=(2.724, -7.843, 2.798) error=2.107 m / 0.039 rad; RMS=1.013 m / 0.028 rad max=2.104 m / 0.044 rad samples=118
[gpu_amcl_cpp_node-5] [INFO] [1788252803.470866727] [gpu_amcl_cpp]: Received LiDAR callback #246 (1081 ranges).
[component_container-8] [INFO] [1788252803.470868951] [pure_pursuit_node]: Pure Pursuit: pose=(2.653, -7.817, 2.798) cte=0.009 closest=700 target=726 steer=0.004 speed=0.200
[gpu_amcl_cpp_node-5] [INFO] [1788252803.812514404] [gpu_amcl_cpp]: Starting AMCL scan update #248 (sampled from 1081 ranges).
[gpu_amcl_cpp_node-5] [INFO] [1788252803.813176054] [gpu_amcl_cpp]: AMCL scan update #248 completed; evaluating pose confidence.
[gpu_amcl_cpp_node-5] [INFO] [1788252803.813734449] [gpu_amcl_cpp]: AMCL local correction: odom_prediction=(2.573, -7.787, 2.797) scan=(2.581, -7.787, 2.803) correction=0.009 m/0.006 rad cluster_weight=0.869 publish=true
[gpu_amcl_cpp_node-5] [INFO] [1788252804.153520488] [gpu_amcl_cpp]: AMCL odom delta: at_scan=(8.253, -0.232, -0.162) baseline=(8.152, -0.216, -0.162) delta=(0.101, -0.017, 0.000) moved=true scan_age=0.000s
[ground_truth_amcl_monitor-7] [INFO] [1788252804.156016753] [ground_truth_amcl_monitor]: AMCL vs GT: gt=(4.430, -8.206) amcl=(2.309, -7.693) error=2.182 m / 0.038 rad; odom=(2.324, -7.567, 2.761) error=2.200 m / 0.000 rad; ekf=(2.306, -7.692, 2.800) error=2.185 m / 0.039 rad; RMS=1.101 m / 0.029 rad max=2.277 m / 0.044 rad samples=124
[component_container-8] [INFO] [1788252804.496348161] [pure_pursuit_node]: Pure Pursuit: pose=(2.217, -7.660, 2.798) cte=0.006 closest=723 target=750 steer=-0.033 speed=0.200
[sensor_odometry_node-2] [INFO] [1788252804.834642662] [sensor_odometry]: Odometry: dl=0.003 dr=0.003 ds=0.030 wheel_speed=0.020 mapped=0.020 body_speed=0.175 speed=0.175 pose=(8.411, -0.258, -0.164) enc=(105.440, 105.692) wheel_slip=true confidence=1.00
[gpu_amcl_cpp_node-5] [INFO] [1788252804.836883875] [gpu_amcl_cpp]: AMCL local correction: odom_prediction=(2.159, -7.641, 2.795) scan=(2.161, -7.642, 2.792) correction=0.002 m/0.003 rad cluster_weight=0.854 publish=true
[gpu_amcl_cpp_node-5] [INFO] [1788252805.174851416] [gpu_amcl_cpp]: AMCL odom delta: at_scan=(8.449, -0.265, -0.171) baseline=(8.411, -0.258, -0.164) delta=(0.038, -0.007, -0.007) moved=true scan_age=0.000s
[ground_truth_amcl_monitor-7] [INFO] [1788252805.177261378] [ground_truth_amcl_monitor]: AMCL vs GT: gt=(4.309, -8.157) amcl=(2.123, -7.628) error=2.248 m / 0.036 rad; odom=(2.140, -7.493, 2.752) error=2.268 m / 0.000 rad; ekf=(2.122, -7.627, 2.790) error=2.250 m / 0.037 rad; RMS=1.178 m / 0.029 rad max=2.281 m / 0.044 rad samples=130
[component_container-8] [INFO] [1788252805.513964739] [pure_pursuit_node]: Pure Pursuit: pose=(1.931, -7.555, 2.769) cte=0.003 closest=739 target=768 steer=-0.009 speed=0.200
[gpu_amcl_cpp_node-5] [INFO] [1788252806.025826718] [gpu_amcl_cpp]: AMCL local correction: odom_prediction=(1.852, -7.523, 2.762) scan=(1.862, -7.534, 2.752) correction=0.015 m/0.011 rad cluster_weight=0.838 publish=true
[gpu_amcl_cpp_node-5] [INFO] [1788252806.198069546] [gpu_amcl_cpp]: AMCL odom delta: at_scan=(8.923, -0.356, -0.196) baseline=(8.738, -0.319, -0.196) delta=(0.185, -0.037, 0.000) moved=true scan_age=0.000s
[ground_truth_amcl_monitor-7] [INFO] [1788252806.200715133] [ground_truth_amcl_monitor]: AMCL vs GT: gt=(3.879, -7.972) amcl=(1.679, -7.455) error=2.260 m / 0.034 rad; odom=(1.697, -7.302, 2.727) error=2.283 m / 0.000 rad; ekf=(1.674, -7.453, 2.765) error=2.265 m / 0.037 rad; RMS=1.242 m / 0.030 rad max=2.281 m / 0.044 rad samples=136
[component_container-8] [INFO] [1788252806.540327806] [pure_pursuit_node]: Pure Pursuit: pose=(1.523, -7.392, 2.759) cte=0.002 closest=761 target=789 steer=0.002 speed=0.200
[sensor_odometry_node-2] [INFO] [1788252806.880266936] [sensor_odometry]: Odometry: dl=0.000 dr=0.000 ds=0.039 wheel_speed=0.000 mapped=0.000 body_speed=0.228 speed=0.228 pose=(9.167, -0.405, -0.200) enc=(118.605, 118.824) wheel_slip=true confidence=1.00
[gpu_amcl_cpp_node-5] [INFO] [1788252807.052290450] [gpu_amcl_cpp]: AMCL local correction: odom_prediction=(1.421, -7.349, 2.752) scan=(1.441, -7.357, 2.737) correction=0.022 m/0.015 rad cluster_weight=0.850 publish=true
[gpu_amcl_cpp_node-5] [INFO] [1788252807.222819720] [gpu_amcl_cpp]: AMCL odom delta: at_scan=(9.201, -0.411, -0.199) baseline=(9.201, -0.411, -0.200) delta=(0.000, 0.000, 0.000) moved=false scan_age=0.000s
[ground_truth_amcl_monitor-7] [INFO] [1788252807.223852350] [ground_truth_amcl_monitor]: AMCL vs GT: gt=(3.620, -7.858) amcl=(1.422, -7.350) error=2.256 m / 0.027 rad; odom=(1.438, -7.187, 2.724) error=2.282 m / 0.000 rad; ekf=(1.418, -7.348, 2.756) error=2.260 m / 0.033 rad; RMS=1.297 m / 0.030 rad max=2.281 m / 0.044 rad samples=142
[component_container-8] [INFO] [1788252807.566313750] [pure_pursuit_node]: Pure Pursuit: pose=(1.301, -7.301, 2.760) cte=0.001 closest=773 target=803 steer=0.005 speed=0.200
[gpu_amcl_cpp_node-5] [INFO] [1788252808.243047941] [gpu_amcl_cpp]: AMCL odom delta: at_scan=(9.506, -0.471, -0.181) baseline=(9.506, -0.471, -0.181) delta=(0.000, 0.000, 0.000) moved=false scan_age=0.000s
[ground_truth_amcl_monitor-7] [INFO] [1788252808.244073698] [ground_truth_amcl_monitor]: AMCL vs GT: gt=(3.311, -7.725) amcl=(1.139, -7.236) error=2.227 m / 0.022 rad; odom=(1.153, -7.064, 2.742) error=2.257 m / 0.000 rad; ekf=(1.135, -7.234, 2.769) error=2.231 m / 0.027 rad; RMS=1.349 m / 0.029 rad max=2.290 m / 0.044 rad samples=148
[gpu_amcl_cpp_node-5] [INFO] [1788252808.416213579] [gpu_amcl_cpp]: AMCL local correction: odom_prediction=(1.051, -7.201, 2.763) scan=(1.062, -7.210, 2.735) correction=0.014 m/0.028 rad cluster_weight=0.860 publish=true
[gpu_amcl_cpp_node-5] [INFO] [1788252808.585377478] [gpu_amcl_cpp]: Received LiDAR callback #276 (1081 ranges).
[component_container-8] [INFO] [1788252808.585374533] [pure_pursuit_node]: Pure Pursuit: pose=(0.863, -7.127, 2.765) cte=-0.017 closest=796 target=830 steer=-0.036 speed=0.200
[sensor_odometry_node-2] [INFO] [1788252808.926844887] [sensor_odometry]: Odometry: dl=0.000 dr=0.000 ds=0.062 wheel_speed=0.000 mapped=0.000 body_speed=0.364 speed=0.364 pose=(9.964, -0.556, -0.195) enc=(133.004, 133.233) wheel_slip=true confidence=1.00
[gpu_amcl_cpp_node-5] [INFO] [1788252808.928153509] [gpu_amcl_cpp]: Starting AMCL scan update #278 (sampled from 1081 ranges).
[gpu_amcl_cpp_node-5] [INFO] [1788252808.928789320] [gpu_amcl_cpp]: AMCL scan update #278 completed; evaluating pose confidence.
[gpu_amcl_cpp_node-5] [INFO] [1788252809.272784390] [gpu_amcl_cpp]: AMCL odom delta: at_scan=(10.060, -0.575, -0.195) baseline=(10.016, -0.566, -0.195) delta=(0.045, -0.009, 0.000) moved=true scan_age=0.000s
[ground_truth_amcl_monitor-7] [INFO] [1788252809.275324477] [ground_truth_amcl_monitor]: AMCL vs GT: gt=(2.886, -7.543) amcl=(0.624, -7.026) error=2.319 m / 0.005 rad; odom=(0.634, -6.841, 2.729) error=2.358 m / 0.000 rad; ekf=(0.617, -7.024, 2.748) error=2.327 m / 0.019 rad; RMS=1.397 m / 0.029 rad max=2.343 m / 0.044 rad samples=154
[gpu_amcl_cpp_node-5] [INFO] [1788252809.444526357] [gpu_amcl_cpp]: AMCL local correction: odom_prediction=(0.587, -7.010, 2.734) scan=(0.594, -7.021, 2.694) correction=0.013 m/0.039 rad cluster_weight=0.870 publish=true
[component_container-8] [INFO] [1788252809.619545123] [pure_pursuit_node]: Pure Pursuit: pose=(0.583, -7.009, 2.743) cte=-0.028 closest=811 target=837 steer=-0.024 speed=0.200
[gpu_amcl_cpp_node-5] [INFO] [1788252810.310219318] [gpu_amcl_cpp]: AMCL odom delta: at_scan=(10.489, -0.664, -0.223) baseline=(10.383, -0.641, -0.208) delta=(0.106, -0.023, -0.015) moved=true scan_age=0.000s
[ground_truth_amcl_monitor-7] [INFO] [1788252810.313035637] [ground_truth_amcl_monitor]: AMCL vs GT: gt=(2.506, -7.371) amcl=(0.229, -6.850) error=2.335 m / 0.009 rad; odom=(0.235, -6.662, 2.700) error=2.379 m / 0.000 rad; ekf=(0.223, -6.850, 2.707) error=2.342 m / 0.007 rad; RMS=1.446 m / 0.028 rad max=2.439 m / 0.044 rad samples=160
[gpu_amcl_cpp_node-5] [INFO] [1788252810.483702271] [gpu_amcl_cpp]: AMCL local correction: odom_prediction=(0.183, -6.827, 2.685) scan=(0.199, -6.831, 2.623) correction=0.017 m/0.062 rad cluster_weight=0.861 publish=true
[component_container-8] [INFO] [1788252810.654451161] [pure_pursuit_node]: Pure Pursuit: pose=(0.143, -6.809, 2.696) cte=-0.042 closest=836 target=863 steer=0.012 speed=0.200
[sensor_odometry_node-2] [INFO] [1788252811.000083419] [sensor_odometry]: Odometry: dl=0.012 dr=0.013 ds=0.029 wheel_speed=0.071 mapped=0.071 body_speed=0.164 speed=0.164 pose=(10.637, -0.698, -0.228) enc=(141.084, 141.300) wheel_slip=true confidence=1.00
[gpu_amcl_cpp_node-5] [INFO] [1788252811.345856669] [gpu_amcl_cpp]: AMCL odom delta: at_scan=(10.739, -0.721, -0.220) baseline=(10.678, -0.707, -0.226) delta=(0.062, -0.014, 0.006) moved=true scan_age=0.000s
[ground_truth_amcl_monitor-7] [INFO] [1788252811.348553312] [ground_truth_amcl_monitor]: AMCL vs GT: gt=(2.331, -7.287) amcl=(0.010, -6.737) error=2.386 m / 0.040 rad; odom=(0.003, -6.551, 2.703) error=2.442 m / 0.000 rad; ekf=(0.002, -6.737, 2.691) error=2.394 m / 0.013 rad; RMS=1.490 m / 0.028 rad max=2.439 m / 0.044 rad samples=166
[gpu_amcl_cpp_node-5] [INFO] [1788252811.518399605] [gpu_amcl_cpp]: AMCL local correction: odom_prediction=(-0.028, -6.718, 2.670) scan=(-0.002, -6.721, 2.597) correction=0.026 m/0.073 rad cluster_weight=0.874 publish=true
[component_container-8] [INFO] [1788252811.687965208] [pure_pursuit_node]: Pure Pursuit: pose=(-0.033, -6.717, 2.689) cte=-0.042 closest=845 target=871 steer=0.025 speed=0.200
[gpu_amcl_cpp_node-5] [INFO] [1788252812.370693330] [gpu_amcl_cpp]: AMCL odom delta: at_scan=(11.175, -0.811, -0.183) baseline=(11.067, -0.790, -0.196) delta=(0.108, -0.021, 0.014) moved=true scan_age=0.000s
[ground_truth_amcl_monitor-7] [INFO] [1788252812.373097701] [ground_truth_amcl_monitor]: AMCL vs GT: gt=(1.879, -7.087) amcl=(-0.375, -6.535) error=2.321 m / 0.067 rad; odom=(-0.403, -6.369, 2.740) error=2.392 m / 0.000 rad; ekf=(-0.390, -6.540, 2.704) error=2.334 m / 0.036 rad; RMS=1.529 m / 0.030 rad max=2.439 m / 0.067 rad samples=172
[gpu_amcl_cpp_node-5] [INFO] [1788252812.539852443] [gpu_amcl_cpp]: AMCL local correction: odom_prediction=(-0.418, -6.514, 2.672) scan=(-0.377, -6.502, 2.559) correction=0.042 m/0.114 rad cluster_weight=0.866 publish=true
[component_container-8] [INFO] [1788252812.706834505] [pure_pursuit_node]: Pure Pursuit: pose=(-0.460, -6.500, 2.693) cte=-0.061 closest=869 target=896 steer=-0.058 speed=0.200
[sensor_odometry_node-2] [INFO] [1788252813.048223240] [sensor_odometry]: Odometry: dl=0.021 dr=0.020 ds=0.028 wheel_speed=0.124 mapped=0.122 body_speed=0.168 speed=0.168 pose=(11.314, -0.837, -0.187) enc=(152.485, 152.750) wheel_slip=true confidence=1.00
[gpu_amcl_cpp_node-5] [INFO] [1788252813.391650813] [gpu_amcl_cpp]: AMCL odom delta: at_scan=(11.439, -0.862, -0.209) baseline=(11.370, -0.848, -0.197) delta=(0.070, -0.014, -0.012) moved=true scan_age=0.000s
[ground_truth_amcl_monitor-7] [INFO] [1788252813.394298153] [ground_truth_amcl_monitor]: AMCL vs GT: gt=(1.665, -6.994) amcl=(-0.592, -6.404) error=2.333 m / 0.121 rad; odom=(-0.650, -6.262, 2.715) error=2.427 m / 0.000 rad; ekf=(-0.608, -6.409, 2.642) error=2.347 m / 0.073 rad; RMS=1.563 m / 0.034 rad max=2.439 m / 0.121 rad samples=178
[gpu_amcl_cpp_node-5] [INFO] [1788252813.566881111] [gpu_amcl_cpp]: AMCL local correction: odom_prediction=(-0.626, -6.383, 2.587) scan=(-0.572, -6.384, 2.467) correction=0.054 m/0.120 rad cluster_weight=0.863 publish=true
[gpu_amcl_cpp_node-5] [INFO] [1788252813.735047337] [gpu_amcl_cpp]: Received LiDAR callback #306 (1081 ranges).
[component_container-8] [INFO] [1788252813.735070080] [pure_pursuit_node]: Pure Pursuit: pose=(-0.664, -6.370, 2.619) cte=-0.054 closest=881 target=908 steer=0.010 speed=0.200
[gpu_amcl_cpp_node-5] [INFO] [1788252814.079871537] [gpu_amcl_cpp]: Starting AMCL scan update #308 (sampled from 1081 ranges).
[gpu_amcl_cpp_node-5] [INFO] [1788252814.080501858] [gpu_amcl_cpp]: AMCL scan update #308 completed; evaluating pose confidence.
[gpu_amcl_cpp_node-5] [INFO] [1788252814.428624214] [gpu_amcl_cpp]: AMCL odom delta: at_scan=(11.670, -0.912, -0.210) baseline=(11.629, -0.904, -0.213) delta=(0.041, -0.009, 0.003) moved=true scan_age=0.000s
[ground_truth_amcl_monitor-7] [INFO] [1788252814.431467444] [ground_truth_amcl_monitor]: AMCL vs GT: gt=(1.481, -6.909) amcl=(-0.769, -6.271) error=2.338 m / 0.178 rad; odom=(-0.864, -6.163, 2.713) error=2.461 m / 0.000 rad; ekf=(-0.788, -6.278, 2.591) error=2.355 m / 0.122 rad; RMS=1.595 m / 0.044 rad max=2.439 m / 0.178 rad samples=184
[gpu_amcl_cpp_node-5] [INFO] [1788252814.602738733] [gpu_amcl_cpp]: AMCL local correction: odom_prediction=(-0.800, -6.249, 2.536) scan=(-0.755, -6.238, 2.413) correction=0.046 m/0.123 rad cluster_weight=0.857 publish=true
[component_container-8] [INFO] [1788252814.776083749] [pure_pursuit_node]: Pure Pursuit: pose=(-0.844, -6.233, 2.576) cte=-0.033 closest=892 target=919 steer=0.073 speed=0.200
[sensor_odometry_node-2] [INFO] [1788252815.116719404] [sensor_odometry]: Odometry: dl=0.032 dr=0.033 ds=0.034 wheel_speed=0.195 mapped=0.193 body_speed=0.202 speed=0.202 pose=(11.817, -0.943, -0.200) enc=(159.534, 159.786) wheel_slip=false confidence=1.00
[gpu_amcl_cpp_node-5] [INFO] [1788252815.459542177] [gpu_amcl_cpp]: AMCL odom delta: at_scan=(11.879, -0.955, -0.187) baseline=(11.845, -0.949, -0.194) delta=(0.033, -0.006, 0.007) moved=true scan_age=0.000s
[ground_truth_amcl_monitor-7] [INFO] [1788252815.462163208] [ground_truth_amcl_monitor]: AMCL vs GT: gt=(1.359, -6.855) amcl=(-0.921, -6.148) error=2.388 m / 0.239 rad; odom=(-1.058, -6.076, 2.737) error=2.540 m / 0.000 rad; ekf=(-0.940, -6.151, 2.560) error=2.404 m / 0.177 rad; RMS=1.625 m / 0.058 rad max=2.439 m / 0.239 rad samples=190
[gpu_amcl_cpp_node-5] [INFO] [1788252815.629548616] [gpu_amcl_cpp]: AMCL local correction: odom_prediction=(-0.964, -6.116, 2.511) scan=(-0.922, -6.115, 2.389) correction=0.042 m/0.122 rad cluster_weight=0.885 publish=true
[component_container-8] [INFO] [1788252815.800066600] [pure_pursuit_node]: Pure Pursuit: pose=(-1.026, -6.087, 2.570) cte=-0.014 closest=904 target=932 steer=0.047 speed=0.200
[gpu_amcl_cpp_node-5] [INFO] [1788252816.486824012] [gpu_amcl_cpp]: AMCL odom delta: at_scan=(12.160, -1.000, -0.136) baseline=(12.119, -0.994, -0.145) delta=(0.041, -0.006, 0.009) moved=true scan_age=0.000s
[ground_truth_amcl_monitor-7] [INFO] [1788252816.489672742] [ground_truth_amcl_monitor]: AMCL vs GT: gt=(1.162, -6.777) amcl=(-1.131, -5.980) error=2.428 m / 0.299 rad; odom=(-1.324, -5.972, 2.787) error=2.613 m / 0.000 rad; ekf=(-1.152, -5.984, 2.552) error=2.447 m / 0.235 rad; RMS=1.654 m / 0.074 rad max=2.439 m / 0.299 rad samples=196
[gpu_amcl_cpp_node-5] [INFO] [1788252816.660084524] [gpu_amcl_cpp]: AMCL local correction: odom_prediction=(-1.186, -5.938, 2.488) scan=(-1.148, -5.944, 2.359) correction=0.038 m/0.129 rad cluster_weight=0.860 publish=true
[component_container-8] [INFO] [1788252816.831118762] [pure_pursuit_node]: Pure Pursuit: pose=(-1.259, -5.899, 2.532) cte=-0.000 closest=919 target=947 steer=0.042 speed=0.200
[sensor_odometry_node-2] [INFO] [1788252817.170444405] [sensor_odometry]: Odometry: dl=0.000 dr=0.000 ds=0.075 wheel_speed=0.000 mapped=0.000 body_speed=0.444 speed=0.444 pose=(12.450, -1.039, -0.135) enc=(164.024, 164.430) wheel_slip=true confidence=1.00
[gpu_amcl_cpp_node-5] [INFO] [1788252817.514776422] [gpu_amcl_cpp]: AMCL odom delta: at_scan=(12.450, -1.039, -0.135) baseline=(12.450, -1.039, -0.135) delta=(0.000, 0.000, 0.000) moved=false scan_age=0.000s
[ground_truth_amcl_monitor-7] [INFO] [1788252817.515907017] [ground_truth_amcl_monitor]: AMCL vs GT: gt=(1.159, -6.776) amcl=(-1.346, -5.801) error=2.688 m / 0.343 rad; odom=(-1.598, -5.871, 2.788) error=2.901 m / 0.000 rad; ekf=(-1.357, -5.803, 2.493) error=2.697 m / 0.295 rad; RMS=1.691 m / 0.093 rad max=2.688 m / 0.343 rad samples=202
[gpu_amcl_cpp_node-5] [INFO] [1788252817.687177950] [gpu_amcl_cpp]: AMCL local correction: odom_prediction=(-1.415, -5.745, 2.452) scan=(-1.375, -5.735, 2.300) correction=0.041 m/0.152 rad cluster_weight=0.878 publish=true
[component_container-8] [INFO] [1788252817.856245281] [pure_pursuit_node]: Pure Pursuit: pose=(-1.577, -5.636, 2.546) cte=-0.002 closest=940 target=973 steer=-0.110 speed=0.200
[gpu_amcl_cpp_node-5] [INFO] [1788252818.541720727] [gpu_amcl_cpp]: AMCL odom delta: at_scan=(13.016, -1.073, 0.004) baseline=(12.963, -1.073, 0.004) delta=(0.053, 0.000, -0.000) moved=true scan_age=0.000s
[ground_truth_amcl_monitor-7] [INFO] [1788252818.544528390] [ground_truth_amcl_monitor]: AMCL vs GT: gt=(0.734, -6.658) amcl=(-1.776, -5.458) error=2.782 m / 0.419 rad; odom=(-2.143, -5.716, 2.927) error=3.027 m / 0.000 rad; ekf=(-1.799, -5.468, 2.577) error=2.798 m / 0.350 rad; RMS=1.730 m / 0.113 rad max=2.782 m / 0.419 rad samples=208
[gpu_amcl_cpp_node-5] [INFO] [1788252818.715055686] [gpu_amcl_cpp]: AMCL local correction: odom_prediction=(-1.815, -5.429, 2.508) scan=(-1.757, -5.442, 2.343) correction=0.060 m/0.165 rad cluster_weight=0.844 publish=true
[gpu_amcl_cpp_node-5] [INFO] [1788252818.885857161] [gpu_amcl_cpp]: Received LiDAR callback #336 (1081 ranges).
[component_container-8] [INFO] [1788252818.885856690] [pure_pursuit_node]: Pure Pursuit: pose=(-1.826, -5.434, 2.555) cte=-0.027 closest=956 target=982 steer=-0.225 speed=0.200
[sensor_odometry_node-2] [INFO] [1788252819.223647467] [sensor_odometry]: Odometry: dl=0.107 dr=0.107 ds=0.092 wheel_speed=0.629 mapped=0.622 body_speed=0.542 speed=0.542 pose=(13.157, -1.073, -0.009) enc=(173.207, 173.710) wheel_slip=false confidence=1.00
[gpu_amcl_cpp_node-5] [INFO] [1788252819.224892388] [gpu_amcl_cpp]: Starting AMCL scan update #338 (sampled from 1081 ranges).
[gpu_amcl_cpp_node-5] [INFO] [1788252819.225502029] [gpu_amcl_cpp]: AMCL scan update #338 completed; evaluating pose confidence.
[gpu_amcl_cpp_node-5] [INFO] [1788252819.565732994] [gpu_amcl_cpp]: AMCL odom delta: at_scan=(13.457, -1.103, -0.246) baseline=(13.348, -1.084, -0.107) delta=(0.109, -0.019, -0.140) moved=true scan_age=0.000s
[ground_truth_amcl_monitor-7] [INFO] [1788252819.568423124] [ground_truth_amcl_monitor]: AMCL vs GT: gt=(0.381, -6.534) amcl=(-2.084, -5.163) error=2.820 m / 0.474 rad; odom=(-2.567, -5.590, 2.677) error=3.096 m / 0.000 rad; ekf=(-2.114, -5.175, 2.269) error=2.841 m / 0.408 rad; RMS=1.771 m / 0.134 rad max=2.929 m / 0.474 rad samples=214
[gpu_amcl_cpp_node-5] [INFO] [1788252819.737397536] [gpu_amcl_cpp]: AMCL local correction: odom_prediction=(-2.124, -5.106, 2.153) scan=(-2.043, -5.102, 1.984) correction=0.081 m/0.169 rad cluster_weight=0.878 publish=true
[component_container-8] [INFO] [1788252819.909085774] [pure_pursuit_node]: Pure Pursuit: pose=(-2.179, -5.062, 2.197) cte=-0.042 closest=981 target=1009 steer=0.016 speed=0.200
[gpu_amcl_cpp_node-5] [INFO] [1788252820.600265879] [gpu_amcl_cpp]: AMCL odom delta: at_scan=(13.685, -1.171, -0.296) baseline=(13.685, -1.171, -0.296) delta=(0.000, 0.000, 0.000) moved=false scan_age=0.000s
[ground_truth_amcl_monitor-7] [INFO] [1788252820.601416432] [ground_truth_amcl_monitor]: AMCL vs GT: gt=(0.321, -6.502) amcl=(-2.189, -4.964) error=2.945 m / 0.526 rad; odom=(-2.775, -5.475, 2.627) error=3.262 m / 0.000 rad; ekf=(-2.206, -4.966, 2.153) error=2.958 m / 0.474 rad; RMS=1.811 m / 0.157 rad max=2.945 m / 0.526 rad samples=220
[gpu_amcl_cpp_node-5] [INFO] [1788252820.773882406] [gpu_amcl_cpp]: AMCL local correction: odom_prediction=(-2.237, -4.884, 2.109) scan=(-2.171, -4.883, 1.948) correction=0.066 m/0.160 rad cluster_weight=0.854 publish=true
[component_container-8] [INFO] [1788252820.945869056] [pure_pursuit_node]: Pure Pursuit: pose=(-2.364, -4.721, 2.217) cte=0.003 closest=1000 target=1034 steer=-0.086 speed=0.200
[sensor_odometry_node-2] [INFO] [1788252821.286120913] [sensor_odometry]: Odometry: dl=0.000 dr=0.000 ds=0.075 wheel_speed=0.000 mapped=0.000 body_speed=0.435 speed=0.435 pose=(14.155, -1.277, -0.120) enc=(186.925, 187.399) wheel_slip=true confidence=1.00
[gpu_amcl_cpp_node-5] [INFO] [1788252821.628861540] [gpu_amcl_cpp]: AMCL odom delta: at_scan=(14.278, -1.292, -0.120) baseline=(14.219, -1.285, -0.120) delta=(0.059, -0.007, 0.000) moved=true scan_age=0.000s
[ground_truth_amcl_monitor-7] [INFO] [1788252821.631531973] [ground_truth_amcl_monitor]: AMCL vs GT: gt=(-0.103, -6.317) amcl=(-2.497, -4.462) error=3.029 m / 0.608 rad; odom=(-3.328, -5.228, 2.804) error=3.404 m / 0.000 rad; ekf=(-2.531, -4.469, 2.270) error=3.052 m / 0.534 rad; RMS=1.852 m / 0.181 rad max=3.029 m / 0.608 rad samples=226
[gpu_amcl_cpp_node-5] [INFO] [1788252821.801886468] [gpu_amcl_cpp]: AMCL local correction: odom_prediction=(-2.529, -4.418, 2.196) scan=(-2.452, -4.421, 2.031) correction=0.077 m/0.165 rad cluster_weight=0.882 publish=true
[component_container-8] [INFO] [1788252821.973730847] [pure_pursuit_node]: Pure Pursuit: pose=(-2.545, -4.421, 2.246) cte=-0.012 closest=1018 target=1044 steer=-0.209 speed=0.200
[gpu_amcl_cpp_node-5] [INFO] [1788252822.660557625] [gpu_amcl_cpp]: AMCL odom delta: at_scan=(14.729, -1.377, -0.355) baseline=(14.619, -1.345, -0.222) delta=(0.110, -0.033, -0.133) moved=true scan_age=0.000s
[ground_truth_amcl_monitor-7] [INFO] [1788252822.663193333] [ground_truth_amcl_monitor]: AMCL vs GT: gt=(-0.445, -6.151) amcl=(-2.700, -4.070) error=3.069 m / 0.661 rad; odom=(-3.750, -5.047, 2.569) error=3.484 m / 0.000 rad; ekf=(-2.742, -4.076, 1.974) error=3.096 m / 0.595 rad; RMS=1.895 m / 0.206 rad max=3.178 m / 0.661 rad samples=232
[gpu_amcl_cpp_node-5] [INFO] [1788252822.826266475] [gpu_amcl_cpp]: AMCL local correction: odom_prediction=(-2.722, -4.002, 1.851) scan=(-2.606, -4.015, 1.685) correction=0.116 m/0.165 rad cluster_weight=0.897 publish=true
[component_container-8] [INFO] [1788252823.000257256] [pure_pursuit_node]: Pure Pursuit: pose=(-2.770, -3.941, 1.895) cte=-0.046 closest=1044 target=1072 steer=-0.092 speed=0.200
[sensor_odometry_node-2] [INFO] [1788252823.345704968] [sensor_odometry]: Odometry: dl=0.000 dr=0.000 ds=0.055 wheel_speed=0.000 mapped=0.000 body_speed=0.322 speed=0.322 pose=(14.962, -1.476, -0.411) enc=(194.795, 195.162) wheel_slip=true confidence=1.00
[gpu_amcl_cpp_node-5] [INFO] [1788252823.692239163] [gpu_amcl_cpp]: AMCL odom delta: at_scan=(14.962, -1.476, -0.411) baseline=(14.962, -1.476, -0.411) delta=(0.000, 0.000, 0.000) moved=false scan_age=0.000s
[ground_truth_amcl_monitor-7] [INFO] [1788252823.694104806] [ground_truth_amcl_monitor]: AMCL vs GT: gt=(-0.504, -6.110) amcl=(-2.736, -3.830) error=3.191 m / 0.713 rad; odom=(-3.956, -4.900, 2.512) error=3.658 m / 0.000 rad; ekf=(-2.758, -3.829, 1.851) error=3.207 m / 0.661 rad; RMS=1.936 m / 0.232 rad max=3.191 m / 0.713 rad samples=238
[gpu_amcl_cpp_node-5] [INFO] [1788252823.866601092] [gpu_amcl_cpp]: AMCL local correction: odom_prediction=(-2.758, -3.735, 1.799) scan=(-2.665, -3.755, 1.644) correction=0.095 m/0.155 rad cluster_weight=0.912 publish=true
[gpu_amcl_cpp_node-5] [INFO] [1788252824.039039980] [gpu_amcl_cpp]: Received LiDAR callback #366 (1081 ranges).
[component_container-8] [INFO] [1788252824.039076239] [pure_pursuit_node]: Pure Pursuit: pose=(-2.829, -3.537, 1.849) cte=-0.013 closest=1064 target=1098 steer=-0.172 speed=0.200
[gpu_amcl_cpp_node-5] [INFO] [1788252824.383335663] [gpu_amcl_cpp]: Starting AMCL scan update #368 (sampled from 1081 ranges).
[gpu_amcl_cpp_node-5] [INFO] [1788252824.383966555] [gpu_amcl_cpp]: AMCL scan update #368 completed; evaluating pose confidence.
[gpu_amcl_cpp_node-5] [INFO] [1788252824.731538445] [gpu_amcl_cpp]: AMCL odom delta: at_scan=(15.547, -1.724, -0.400) baseline=(15.488, -1.699, -0.401) delta=(0.059, -0.025, 0.000) moved=true scan_age=0.000s
[ground_truth_amcl_monitor-7] [INFO] [1788252824.734535806] [ground_truth_amcl_monitor]: AMCL vs GT: gt=(-0.896, -5.835) amcl=(-2.806, -3.228) error=3.232 m / 0.792 rad; odom=(-4.473, -4.531, 2.523) error=3.807 m / 0.000 rad; ekf=(-2.863, -3.217, 1.801) error=3.275 m / 0.721 rad; RMS=1.977 m / 0.258 rad max=3.265 m / 0.792 rad samples=244
[gpu_amcl_cpp_node-5] [INFO] [1788252824.905580640] [gpu_amcl_cpp]: AMCL local correction: odom_prediction=(-2.815, -3.169, 1.730) scan=(-2.676, -3.215, 1.558) correction=0.146 m/0.172 rad cluster_weight=0.914 publish=true
[component_container-8] [INFO] [1788252825.078957146] [pure_pursuit_node]: Pure Pursuit: pose=(-2.843, -3.164, 1.778) cte=0.008 closest=1083 target=1109 steer=-0.158 speed=0.200
[sensor_odometry_node-2] [INFO] [1788252825.427409125] [sensor_odometry]: Odometry: dl=0.112 dr=0.113 ds=0.097 wheel_speed=0.639 mapped=0.632 body_speed=0.553 speed=0.553 pose=(15.692, -1.786, -0.409) enc=(204.822, 205.218) wheel_slip=false confidence=1.00
[sensor_odometry_node-2] [WARN] [1788252825.773435674] [sensor_odometry]: Ignoring discontinuous IMU yaw sample (step=0.375 rad); using gyro integration
[gpu_amcl_cpp_node-5] [INFO] [1788252825.774631612] [gpu_amcl_cpp]: AMCL odom delta: at_scan=(15.996, -1.935, -0.477) baseline=(15.880, -1.875, -0.477) delta=(0.117, -0.060, 0.000) moved=true scan_age=0.000s
[ground_truth_amcl_monitor-7] [INFO] [1788252825.774932140] [ground_truth_amcl_monitor]: Ground-truth jump/reset detected; waiting for fresh AMCL alignment
[actuator_interface-9] [ERROR] [1788252825.775939653] [autodrive_actuator_interface]: Collision count increased to 1; terminal stop latched and simulator reset requested
[ground_truth_amcl_monitor-7] [INFO] [1788252825.777490091] [ground_truth_amcl_monitor]: Ground-truth alignment initialized: map->world yaw=3.011, translation=(-2.728, -8.900)
[actuator_interface-9] [WARN] [1788252825.793021313] [autodrive_actuator_interface]: Neutral output: external stop
[sensor_odometry_node-2] [INFO] [1788252825.947564169] [sensor_odometry]: Asymptotic passive coast: slip=-1.000 model=0.021 imu=0.989 fused=0.602 throttle=0.000
[gpu_amcl_cpp_node-5] [INFO] [1788252825.949785655] [gpu_amcl_cpp]: AMCL local correction: odom_prediction=(-2.836, -2.649, 1.599) scan=(-3.012, -2.671, 1.442) correction=0.178 m/0.156 rad cluster_weight=0.852 publish=true
[ground_truth_amcl_monitor-7] [INFO] [1788252825.951443325] [ground_truth_amcl_monitor]: AMCL vs GT: gt=(-2.833, -2.754) amcl=(-2.850, -2.651) error=0.104 m / 0.013 rad; odom=(-2.787, -2.660, 1.599) error=0.105 m / 0.000 rad; ekf=(-2.868, -2.635, 1.653) error=0.124 m / 0.055 rad; RMS=0.104 m / 0.013 rad max=0.104 m / 0.013 rad samples=1
[component_container-8] [INFO] [1788252826.118422137] [pure_pursuit_node]: Pure Pursuit: pose=(-2.870, -2.529, 1.643) cte=-0.083 closest=1114 target=1144 steer=-0.513 speed=0.200
[sensor_odometry_node-2] [WARN] [1788252826.288264606] [sensor_odometry]: Encoder discontinuity/reset (left=-12.450 m right=-12.472 m); rebaselining only
[ground_truth_amcl_monitor-7] [INFO] [1788252826.289633972] [ground_truth_amcl_monitor]: Ground-truth jump/reset detected; waiting for fresh AMCL alignment
[ground_truth_amcl_monitor-7] [INFO] [1788252826.291576060] [ground_truth_amcl_monitor]: Ground-truth alignment initialized: map->world yaw=3.052, translation=(-2.293, 0.881)
[actuator_interface-9] [ERROR] [1788252826.292672190] [autodrive_actuator_interface]: Simulator reset pulse completed; actuator remains latched neutral after collision
[ground_truth_amcl_monitor-7] [INFO] [1788252826.463673698] [ground_truth_amcl_monitor]: AMCL vs GT: gt=(-2.877, -2.545) amcl=(-2.898, -2.428) error=0.119 m / 0.015 rad; odom=(-2.844, -2.432, 1.660) error=0.118 m / 0.000 rad; ekf=(-2.886, -2.420, 1.723) error=0.125 m / 0.063 rad; RMS=0.119 m / 0.015 rad max=0.119 m / 0.015 rad samples=1
[gpu_amcl_cpp_node-5] [INFO] [1788252826.801829208] [gpu_amcl_cpp]: AMCL odom delta: at_scan=(16.406, -2.120, -0.375) baseline=(16.406, -2.120, -0.374) delta=(0.000, 0.000, -0.000) moved=false scan_age=0.000s
[component_container-8] [INFO] [1788252827.147906157] [pure_pursuit_node]: Pure Pursuit: pose=(-2.911, -2.310, 1.679) cte=-0.178 closest=1123 target=1148 steer=-0.524 speed=0.120
[actuator_interface-9] [INFO] [1788252827.325459517] [autodrive_actuator_interface]: Collision baseline established at cumulative count 0
[sensor_odometry_node-2] [INFO] [1788252827.501399320] [sensor_odometry]: Odometry: dl=0.000 dr=0.000 ds=0.000 wheel_speed=0.000 mapped=0.000 body_speed=0.000 speed=0.000 pose=(16.406, -2.120, -0.374) enc=(0.000, 0.000) wheel_slip=false confidence=1.00
[ground_truth_amcl_monitor-7] [INFO] [1788252827.503554560] [ground_truth_amcl_monitor]: AMCL vs GT: gt=(-2.878, -2.544) amcl=(-2.914, -2.312) error=0.235 m / 0.032 rad; odom=(-2.811, -2.318, 1.660) error=0.235 m / 0.000 rad; ekf=(-2.913, -2.311, 1.664) error=0.235 m / 0.004 rad; RMS=0.222 m / 0.030 rad max=0.236 m / 0.032 rad samples=7
[gpu_amcl_cpp_node-5] [INFO] [1788252827.841514968] [gpu_amcl_cpp]: AMCL odom delta: at_scan=(16.406, -2.120, -0.374) baseline=(16.406, -2.120, -0.374) delta=(0.000, 0.000, 0.000) moved=false scan_age=0.000s
[component_container-8] [INFO] [1788252828.185963367] [pure_pursuit_node]: Pure Pursuit: pose=(-2.914, -2.312, 1.647) cte=-0.180 closest=1123 target=1148 steer=-0.524 speed=0.120
[ground_truth_amcl_monitor-7] [INFO] [1788252828.527242109] [ground_truth_amcl_monitor]: AMCL vs GT: gt=(-2.878, -2.544) amcl=(-2.914, -2.312) error=0.235 m / 0.032 rad; odom=(-2.811, -2.318, 1.660) error=0.235 m / 0.000 rad; ekf=(-2.914, -2.312, 1.641) error=0.235 m / 0.019 rad; RMS=0.228 m / 0.031 rad max=0.236 m / 0.032 rad samples=13
[gpu_amcl_cpp_node-5] [INFO] [1788252828.867500874] [gpu_amcl_cpp]: AMCL odom delta: at_scan=(16.406, -2.120, -0.374) baseline=(16.406, -2.120, -0.374) delta=(0.000, 0.000, 0.000) moved=false scan_age=0.000s
[gpu_amcl_cpp_node-5] [INFO] [1788252829.205060029] [gpu_amcl_cpp]: Received LiDAR callback #396 (1081 ranges).
[component_container-8] [INFO] [1788252829.205068635] [pure_pursuit_node]: Pure Pursuit: pose=(-2.914, -2.312, 1.635) cte=-0.180 closest=1123 target=1148 steer=-0.524 speed=0.120
[sensor_odometry_node-2] [INFO] [1788252829.538918904] [sensor_odometry]: Odometry: dl=0.000 dr=0.000 ds=0.000 wheel_speed=0.000 mapped=0.000 body_speed=0.000 speed=0.000 pose=(16.406, -2.120, -0.374) enc=(0.000, 0.000) wheel_slip=false confidence=1.00
[ground_truth_amcl_monitor-7] [INFO] [1788252829.541116965] [ground_truth_amcl_monitor]: AMCL vs GT: gt=(-2.878, -2.544) amcl=(-2.914, -2.312) error=0.235 m / 0.032 rad; odom=(-2.811, -2.318, 1.660) error=0.235 m / 0.000 rad; ekf=(-2.914, -2.312, 1.633) error=0.235 m / 0.027 rad; RMS=0.230 m / 0.031 rad max=0.236 m / 0.032 rad samples=19
[gpu_amcl_cpp_node-5] [INFO] [1788252829.881847498] [gpu_amcl_cpp]: AMCL odom delta: at_scan=(16.406, -2.120, -0.374) baseline=(16.406, -2.120, -0.374) delta=(0.000, 0.000, 0.000) moved=false scan_age=0.000s
[component_container-8] [INFO] [1788252830.222256080] [pure_pursuit_node]: Pure Pursuit: pose=(-2.914, -2.312, 1.631) cte=-0.180 closest=1123 target=1148 steer=-0.524 speed=0.120
[ground_truth_amcl_monitor-7] [INFO] [1788252830.559758273] [ground_truth_amcl_monitor]: AMCL vs GT: gt=(-2.878, -2.544) amcl=(-2.914, -2.312) error=0.235 m / 0.032 rad; odom=(-2.811, -2.318, 1.660) error=0.235 m / 0.000 rad; ekf=(-2.914, -2.312, 1.630) error=0.235 m / 0.030 rad; RMS=0.231 m / 0.031 rad max=0.236 m / 0.032 rad samples=25
[gpu_amcl_cpp_node-5] [INFO] [1788252830.899244502] [gpu_amcl_cpp]: AMCL odom delta: at_scan=(16.406, -2.120, -0.374) baseline=(16.406, -2.120, -0.374) delta=(0.000, 0.000, 0.000) moved=false scan_age=0.000s
[component_container-8] [INFO] [1788252831.237555339] [pure_pursuit_node]: Pure Pursuit: pose=(-2.914, -2.312, 1.629) cte=-0.180 closest=1123 target=1148 steer=-0.524 speed=0.120
[sensor_odometry_node-2] [INFO] [1788252831.578049809] [sensor_odometry]: Odometry: dl=0.000 dr=0.000 ds=0.000 wheel_speed=0.000 mapped=0.000 body_speed=0.000 speed=0.000 pose=(16.406, -2.120, -0.374) enc=(0.000, 0.000) wheel_slip=false confidence=1.00
[ground_truth_amcl_monitor-7] [INFO] [1788252831.580133825] [ground_truth_amcl_monitor]: AMCL vs GT: gt=(-2.878, -2.544) amcl=(-2.914, -2.312) error=0.235 m / 0.032 rad; odom=(-2.811, -2.318, 1.660) error=0.235 m / 0.000 rad; ekf=(-2.914, -2.312, 1.629) error=0.235 m / 0.031 rad; RMS=0.232 m / 0.031 rad max=0.236 m / 0.032 rad samples=31
[gpu_amcl_cpp_node-5] [INFO] [1788252831.916702941] [gpu_amcl_cpp]: AMCL odom delta: at_scan=(16.406, -2.120, -0.374) baseline=(16.406, -2.120, -0.374) delta=(0.000, 0.000, 0.000) moved=false scan_age=0.000s
[component_container-8] [INFO] [1788252832.258402845] [pure_pursuit_node]: Pure Pursuit: pose=(-2.914, -2.312, 1.629) cte=-0.180 closest=1123 target=1148 steer=-0.524 speed=0.120
[ground_truth_amcl_monitor-7] [INFO] [1788252832.599504909] [ground_truth_amcl_monitor]: AMCL vs GT: gt=(-2.878, -2.544) amcl=(-2.914, -2.312) error=0.235 m / 0.032 rad; odom=(-2.811, -2.318, 1.660) error=0.235 m / 0.000 rad; ekf=(-2.914, -2.312, 1.629) error=0.235 m / 0.031 rad; RMS=0.232 m / 0.031 rad max=0.236 m / 0.032 rad samples=37
[gpu_amcl_cpp_node-5] [INFO] [1788252832.939160612] [gpu_amcl_cpp]: AMCL odom delta: at_scan=(16.406, -2.120, -0.374) baseline=(16.406, -2.120, -0.374) delta=(0.000, 0.000, 0.000) moved=false scan_age=0.000s
[component_container-8] [INFO] [1788252833.273539987] [pure_pursuit_node]: Pure Pursuit: pose=(-2.914, -2.312, 1.629) cte=-0.180 closest=1123 target=1148 steer=-0.524 speed=0.120
[sensor_odometry_node-2] [INFO] [1788252833.618605703] [sensor_odometry]: Odometry: dl=0.000 dr=0.000 ds=0.000 wheel_speed=0.000 mapped=0.000 body_speed=0.000 speed=0.000 pose=(16.406, -2.120, -0.374) enc=(0.000, 0.000) wheel_slip=false confidence=1.00
[ground_truth_amcl_monitor-7] [INFO] [1788252833.620597785] [ground_truth_amcl_monitor]: AMCL vs GT: gt=(-2.878, -2.544) amcl=(-2.914, -2.312) error=0.235 m / 0.032 rad; odom=(-2.811, -2.318, 1.660) error=0.235 m / 0.000 rad; ekf=(-2.914, -2.312, 1.629) error=0.235 m / 0.032 rad; RMS=0.233 m / 0.031 rad max=0.236 m / 0.032 rad samples=43
[gpu_amcl_cpp_node-5] [INFO] [1788252833.961305110] [gpu_amcl_cpp]: AMCL odom delta: at_scan=(16.406, -2.120, -0.374) baseline=(16.406, -2.120, -0.374) delta=(0.000, 0.000, 0.000) moved=false scan_age=0.000s
[gpu_amcl_cpp_node-5] [INFO] [1788252834.300330235] [gpu_amcl_cpp]: Received LiDAR callback #426 (1081 ranges).
[component_container-8] [INFO] [1788252834.300351145] [pure_pursuit_node]: Pure Pursuit: pose=(-2.914, -2.312, 1.628) cte=-0.180 closest=1123 target=1148 steer=-0.524 speed=0.120
[ground_truth_amcl_monitor-7] [INFO] [1788252834.640225944] [ground_truth_amcl_monitor]: AMCL vs GT: gt=(-2.878, -2.544) amcl=(-2.914, -2.312) error=0.235 m / 0.032 rad; odom=(-2.811, -2.318, 1.660) error=0.235 m / 0.000 rad; ekf=(-2.914, -2.312, 1.628) error=0.235 m / 0.032 rad; RMS=0.233 m / 0.031 rad max=0.236 m / 0.032 rad samples=49
[gpu_amcl_cpp_node-5] [INFO] [1788252834.985188922] [gpu_amcl_cpp]: AMCL odom delta: at_scan=(16.406, -2.120, -0.374) baseline=(16.406, -2.120, -0.374) delta=(0.000, 0.000, 0.000) moved=false scan_age=0.000s
[component_container-8] [INFO] [1788252835.328293949] [pure_pursuit_node]: Pure Pursuit: pose=(-2.914, -2.312, 1.628) cte=-0.180 closest=1123 target=1148 steer=-0.524 speed=0.120
[sensor_odometry_node-2] [INFO] [1788252835.670623721] [sensor_odometry]: Odometry: dl=0.000 dr=0.000 ds=0.000 wheel_speed=0.000 mapped=0.000 body_speed=0.000 speed=0.000 pose=(16.406, -2.120, -0.374) enc=(0.000, 0.000) wheel_slip=false confidence=1.00
[ground_truth_amcl_monitor-7] [INFO] [1788252835.672807234] [ground_truth_amcl_monitor]: AMCL vs GT: gt=(-2.878, -2.544) amcl=(-2.914, -2.312) error=0.235 m / 0.032 rad; odom=(-2.811, -2.318, 1.660) error=0.235 m / 0.000 rad; ekf=(-2.914, -2.312, 1.628) error=0.235 m / 0.032 rad; RMS=0.233 m / 0.031 rad max=0.236 m / 0.032 rad samples=55
[gpu_amcl_cpp_node-5] [INFO] [1788252836.014118252] [gpu_amcl_cpp]: AMCL odom delta: at_scan=(16.406, -2.120, -0.374) baseline=(16.406, -2.120, -0.374) delta=(0.000, 0.000, 0.000) moved=false scan_age=0.000s
[component_container-8] [INFO] [1788252836.354476688] [pure_pursuit_node]: Pure Pursuit: pose=(-2.914, -2.312, 1.628) cte=-0.180 closest=1123 target=1148 steer=-0.524 speed=0.120
[ground_truth_amcl_monitor-7] [INFO] [1788252836.699360870] [ground_truth_amcl_monitor]: AMCL vs GT: gt=(-2.878, -2.544) amcl=(-2.914, -2.312) error=0.235 m / 0.032 rad; odom=(-2.811, -2.318, 1.660) error=0.235 m / 0.000 rad; ekf=(-2.914, -2.312, 1.628) error=0.235 m / 0.032 rad; RMS=0.233 m / 0.031 rad max=0.236 m / 0.032 rad samples=61
[gpu_amcl_cpp_node-5] [INFO] [1788252837.041718251] [gpu_amcl_cpp]: AMCL odom delta: at_scan=(16.406, -2.120, -0.374) baseline=(16.406, -2.120, -0.374) delta=(0.000, 0.000, 0.000) moved=false scan_age=0.000s
[component_container-8] [INFO] [1788252837.381791355] [pure_pursuit_node]: Pure Pursuit: pose=(-2.914, -2.312, 1.628) cte=-0.180 closest=1123 target=1148 steer=-0.524 speed=0.120
[sensor_odometry_node-2] [INFO] [1788252837.724593261] [sensor_odometry]: Odometry: dl=0.000 dr=0.000 ds=0.000 wheel_speed=0.000 mapped=0.000 body_speed=0.000 speed=0.000 pose=(16.406, -2.120, -0.374) enc=(0.000, 0.000) wheel_slip=false confidence=1.00
[ground_truth_amcl_monitor-7] [INFO] [1788252837.727016377] [ground_truth_amcl_monitor]: AMCL vs GT: gt=(-2.878, -2.544) amcl=(-2.914, -2.312) error=0.235 m / 0.032 rad; odom=(-2.811, -2.318, 1.660) error=0.235 m / 0.000 rad; ekf=(-2.914, -2.312, 1.628) error=0.235 m / 0.032 rad; RMS=0.234 m / 0.031 rad max=0.236 m / 0.032 rad samples=67
[gpu_amcl_cpp_node-5] [INFO] [1788252838.067547004] [gpu_amcl_cpp]: AMCL odom delta: at_scan=(16.406, -2.120, -0.374) baseline=(16.406, -2.120, -0.374) delta=(0.000, 0.000, 0.000) moved=false scan_age=0.000s
[component_container-8] [INFO] [1788252838.413876670] [pure_pursuit_node]: Pure Pursuit: pose=(-2.914, -2.312, 1.628) cte=-0.180 closest=1123 target=1148 steer=-0.524 speed=0.120
[ground_truth_amcl_monitor-7] [INFO] [1788252838.751255352] [ground_truth_amcl_monitor]: AMCL vs GT: gt=(-2.878, -2.544) amcl=(-2.914, -2.312) error=0.235 m / 0.032 rad; odom=(-2.811, -2.318, 1.660) error=0.235 m / 0.000 rad; ekf=(-2.914, -2.312, 1.628) error=0.235 m / 0.032 rad; RMS=0.234 m / 0.031 rad max=0.236 m / 0.032 rad samples=73
[gpu_amcl_cpp_node-5] [INFO] [1788252839.091924477] [gpu_amcl_cpp]: AMCL odom delta: at_scan=(16.406, -2.120, -0.374) baseline=(16.406, -2.120, -0.374) delta=(0.000, 0.000, 0.000) moved=false scan_age=0.000s
