[INFO] [launch]: All log files can be found below /root/.ros/log/2026-09-09-19-58-19-267168-ExternalDrive-6723
[INFO] [launch]: Default logging verbosity is set to INFO
[INFO] [launch.user]: controller=pure_pursuit custom_amcl=True rviz=False
[INFO] [autodrive_bridge_40hz-1]: process started with pid [6752]
[INFO] [sensor_odometry_node-2]: process started with pid [6754]
[INFO] [ekf_localization_node-3]: process started with pid [6756]
[INFO] [map_server-4]: process started with pid [6758]
[INFO] [lifecycle_manager-5]: process started with pid [6760]
[INFO] [gpu_amcl_cpp_node-6]: process started with pid [6762]
[INFO] [ground_truth_amcl_monitor-7]: process started with pid [6764]
[INFO] [calibration-8]: process started with pid [6766]
[INFO] [component_container-9]: process started with pid [6768]
[INFO] [actuator_interface-10]: process started with pid [6770]
[lifecycle_manager-5] [INFO] [1788983899.474027414] [lifecycle_manager_map]: Creating
[lifecycle_manager-5] [INFO] [1788983899.481290959] [lifecycle_manager_map]: [34m[1mCreating and initializing lifecycle service clients[0m[0m
[ekf_localization_node-3] [INFO] [1788983899.482319508] [ekf_localization]: Local odometry trust filter ready: /odom -> /ekf_odom and /ekf_pose in frame odom; reset events=/autodrive/reset_command
[sensor_odometry_node-2] [INFO] [1788983899.490518017] [sensor_odometry]: Deterministic odometry observer: exact timestamp packets, encoders + IMU only
[lifecycle_manager-5] [INFO] [1788983899.499636342] [lifecycle_manager_map]: [34m[1mStarting managed nodes bringup...[0m[0m
[lifecycle_manager-5] [INFO] [1788983899.499703147] [lifecycle_manager_map]: [34m[1mConfiguring map_server[0m[0m
[map_server-4] [INFO] [1788983899.502740304] [map_server]: 
[map_server-4] 	map_server lifecycle node launched. 
[map_server-4] 	Waiting on external lifecycle transitions to activate
[map_server-4] 	See https://design.ros2.org/articles/node_lifecycle.html for more information.
[map_server-4] [INFO] [1788983899.503058842] [map_server]: Creating
[map_server-4] [INFO] [1788983899.503567917] [map_server]: Configuring
[map_server-4] [INFO] [1788983899.503630704] [map_io]: Loading yaml file: /workspace/src/f1tenth_planning/maps/autodrive_track_ftg_commit_20260909_025m.yaml
[map_server-4] [INFO] [1788983899.503995679] [map_io]: resolution: 0.025
[map_server-4] [INFO] [1788983899.504010858] [map_io]: origin[0]: -6.82
[map_server-4] [INFO] [1788983899.504019594] [map_io]: origin[1]: -12.3
[map_server-4] [INFO] [1788983899.504025866] [map_io]: origin[2]: 0
[map_server-4] [INFO] [1788983899.504032919] [map_io]: free_thresh: 0.25
[map_server-4] [INFO] [1788983899.504040122] [map_io]: occupied_thresh: 0.65
[map_server-4] [INFO] [1788983899.504047576] [map_io]: mode: trinary
[map_server-4] [INFO] [1788983899.504057245] [map_io]: negate: 0
[map_server-4] [INFO] [1788983899.504404035] [map_io]: Loading image_file: /workspace/src/f1tenth_planning/maps/autodrive_track_ftg_commit_20260909_025m.pgm
[map_server-4] [INFO] [1788983899.545485266] [map_io]: Read map /workspace/src/f1tenth_planning/maps/autodrive_track_ftg_commit_20260909_025m.pgm: 349 X 877 map @ 0.025 m/cell
[lifecycle_manager-5] [INFO] [1788983899.554987481] [lifecycle_manager_map]: [34m[1mActivating map_server[0m[0m
[map_server-4] [INFO] [1788983899.555973460] [map_server]: Activating
[map_server-4] [INFO] [1788983899.558305094] [map_server]: Creating bond (map_server) to lifecycle manager.
[lifecycle_manager-5] [INFO] [1788983899.667625640] [lifecycle_manager_map]: Server map_server connected with bond.
[lifecycle_manager-5] [INFO] [1788983899.667692185] [lifecycle_manager_map]: [34m[1mManaged nodes are active[0m[0m
[lifecycle_manager-5] [INFO] [1788983899.667706242] [lifecycle_manager_map]: [34m[1mCreating bond timer...[0m[0m
[gpu_amcl_cpp_node-6] [INFO] [1788983899.676785843] [gpu_amcl_cpp]: [AMCL] Parameters: update_min_d=0.02000, update_min_a=0.03500, max_scan_age=0.2500, odom_history=1.000s, cloud_publish_rate=1.0 Hz, debug_pre_resample=false, slip_threshold=1.00 rad/s, initial_raceline_heading=false, local_correction_gate=0.00m/0.00rad xy_gain=0.500 cross_track_only=false yaw_gain=0.000 association=0.80m recenter_cloud=true
[component_container-9] [INFO] [1788983899.684740445] [controller_container]: Load Library: /workspace/install/lib/libpure_pursuit_node.so
[gpu_amcl_cpp_node-6] [INFO] [1788983899.687318651] [gpu_amcl_cpp]: Particle cloud publishing scan-synchronized, max 1.0 Hz
[gpu_amcl_cpp_node-6] [INFO] [1788983899.687378063] [gpu_amcl_cpp]: GPU AMCL C++ node created — waiting for map...
[component_container-9] [INFO] [1788983899.687472420] [controller_container]: Found class: rclcpp_components::NodeFactoryTemplate<f1tenth_control::PurePursuitNode>
[component_container-9] [INFO] [1788983899.687518256] [controller_container]: Instantiate class: rclcpp_components::NodeFactoryTemplate<f1tenth_control::PurePursuitNode>
[autodrive_bridge_40hz-1] /usr/local/lib/python3.10/dist-packages/numpy/core/getlimits.py:499: UserWarning: The value of the smallest subnormal for <class 'numpy.float64'> type is zero.
[autodrive_bridge_40hz-1]   setattr(self, word, getattr(machar, word).flat[0])
[autodrive_bridge_40hz-1] /usr/local/lib/python3.10/dist-packages/numpy/core/getlimits.py:89: UserWarning: The value of the smallest subnormal for <class 'numpy.float64'> type is zero.
[autodrive_bridge_40hz-1]   return self._float_to_str(self.smallest_subnormal)
[component_container-9] [INFO] [1788983899.702660189] [pure_pursuit_node]: Initializing Pure Pursuit Node
[gpu_amcl_cpp_node-6] [INFO] [1788983899.703670925] [gpu_amcl_cpp]: Received first map (349x877 @ 0.025 m/cell) — initialising PF
[component_container-9] [INFO] [1788983899.708294508] [pure_pursuit_node]: Loaded trajectory with 2586 waypoints (51.7 m)
[component_container-9] [INFO] [1788983899.713771853] [pure_pursuit_node]: Pure Pursuit Node initialized
[component_container-9] [INFO] [1788983899.713815615] [pure_pursuit_node]:   Trajectory: /workspace/src/f1tenth_planning/trajectories/autodrive_track_ftg_commit_20260909_025m_mintime_raceline.csv (2586 points)
[INFO] [launch_ros.actions.load_composable_nodes]: Loaded node '/pure_pursuit_node' in container '/controller_container'
[component_container-9] [INFO] [1788983899.713823690] [pure_pursuit_node]:   Lookahead: 0.35 - 0.95 m (gain: 0.05)
[component_container-9] [INFO] [1788983899.713836434] [pure_pursuit_node]:   Max speed cap: 1.00 m/s
[component_container-9] [INFO] [1788983899.713843106] [pure_pursuit_node]:   Lookahead adapt: cte_weight=1.00 cte_gain=0.042 curvature_gain=1.900
[component_container-9] [INFO] [1788983899.713856171] [pure_pursuit_node]:   Speed adapt: curvature_factor=0.102 floor_ratio=0.52
[component_container-9] [INFO] [1788983899.713862924] [pure_pursuit_node]:   Speed adapt (CTE): factor=1.500 floor_ratio=0.55
[component_container-9] [INFO] [1788983899.713869045] [pure_pursuit_node]:   Speed limits: max_lat_accel=6.50 min_reg_speed=0.00
[component_container-9] [INFO] [1788983899.713875006] [pure_pursuit_node]:   Yaw-rate damping: 0.000 s
[component_container-9] [INFO] [1788983899.713880476] [pure_pursuit_node]:   Target-heading turn-in gain: 0.000
[component_container-9] [INFO] [1788983899.713886027] [pure_pursuit_node]:   Command shaping: steer_rate=3.20 accel=3.00 decel=8.00
[component_container-9] [INFO] [1788983899.713892810] [pure_pursuit_node]:   Pose: /current_map_pose (map frame)
[component_container-9] [INFO] [1788983899.713898260] [pure_pursuit_node]:   Odom: /odom
[component_container-9] [INFO] [1788983899.713903399] [pure_pursuit_node]:   Control trigger: /odom (one command per odometry update; nominal 40.0 Hz)
[component_container-9] [INFO] [1788983899.713909802] [pure_pursuit_node]:   Steering feedback: /autodrive/roboracer_1/steering (lead gain 0.25)
[component_container-9] [INFO] [1788983899.713915662] [pure_pursuit_node]:   Startup path gate: distance <= 0.80 m, heading <= 0.75 rad
[component_container-9] [INFO] [1788983899.713921824] [pure_pursuit_node]:   Command: /cmd/speed
[gpu_amcl_cpp_node-6] [INFO] [1788983899.721622679] [gpu_amcl_cpp]: Loaded 2587 global heading points from /workspace/src/f1tenth_planning/trajectories/autodrive_track_ftg_commit_20260909_025m_mintime_raceline.csv
[gpu_amcl_cpp_node-6] [INFO] [1788983899.737368566] [gpu_amcl_cpp]: Global AMCL startup prior centred at saved map start (0.801, 3.158, -1.571) with covariance (0.500, 0.500, 0.200).
[gpu_amcl_cpp_node-6] [INFO] [1788983899.737439209] [gpu_amcl_cpp]: Particle filter initialised with 2500 particles (global)
[gpu_amcl_cpp_node-6] [INFO] [1788983899.737488511] [gpu_amcl_cpp]: Global particle initialization active; waiting for scans before publishing pose
[ground_truth_amcl_monitor-7] [INFO] [1788983899.762987673] [ground_truth_amcl_monitor]: Absolute map scoring enabled from explicit map start: (0.8006, 3.1583, -1.5708)
[calibration-8] [INFO] [1788983899.769635213] [allowed_telemetry_recorder]: Calibration mode=sensor_record duration=180.000 s output=/workspace/src/f1tenth_planning/analysis/amcl_tuning_campaign_20260909/acceptance_3mps_full_xy_gain050_slowlap/telemetry/sensor_record_20260909_195819.csv
[ground_truth_amcl_monitor-7] [WARN] [1788983899.771546087] [ground_truth_amcl_monitor]: Ground-truth monitor is diagnostics-only; simulator IPS/odom are not controller inputs
[actuator_interface-10] [INFO] [1788983899.784264344] [autodrive_actuator_interface]: Actuator interface ready; no arming state
[actuator_interface-10] [WARN] [1788983899.787082481] [autodrive_actuator_interface]: Neutral output: no command
[autodrive_bridge_40hz-1] [autodrive_bridge_40hz] camera decode/publication disabled
[autodrive_bridge_40hz-1] [autodrive_bridge_40hz] bounded request pacing enabled at 40 Hz (max one outstanding request)
[autodrive_bridge_40hz-1] Connected!
[autodrive_bridge_40hz-1] [autodrive_bridge_40hz] dropping incomplete startup packet (missing V1 LIDAR Range Array); requesting retry
[component_container-9] [WARN] [1788983914.609676479] [pure_pursuit_node]: No pose received on /current_map_pose yet
[gpu_amcl_cpp_node-6] [INFO] [1788983914.609871465] [gpu_amcl_cpp]: Received first odometry sample at (0.00, 0.00, 0.00).
[gpu_amcl_cpp_node-6] [INFO] [1788983914.610890166] [gpu_amcl_cpp]: Received LiDAR callback #1 (1081 ranges).
[gpu_amcl_cpp_node-6] [INFO] [1788983914.610940420] [gpu_amcl_cpp]: AMCL odom delta: at_scan=(0.000, 0.000, 0.000) baseline=(0.000, 0.000, 0.000) delta=(0.000, 0.000, 0.000) moved=false scan_age=0.063s
[gpu_amcl_cpp_node-6] [INFO] [1788983914.610965618] [gpu_amcl_cpp]: Starting AMCL scan update #1 (sampled from 1081 ranges).
[gpu_amcl_cpp_node-6] [INFO] [1788983914.614282099] [gpu_amcl_cpp]: AMCL scan update #1 completed; evaluating pose confidence.
[gpu_amcl_cpp_node-6] [INFO] [1788983914.615971418] [gpu_amcl_cpp]: Global AMCL refining: cluster_weight=0.609, covariance xy=0.030 (max 0.250), yaw=0.004 (max 0.120).
[gpu_amcl_cpp_node-6] [INFO] [1788983914.616021111] [gpu_amcl_cpp]: Global AMCL lock evidence: quality=false stable_scans=1/5 travel=0.000/0.750 m (min_weight=0.500).
[gpu_amcl_cpp_node-6] [INFO] [1788983914.823786684] [gpu_amcl_cpp]: Publishing provisional global AMCL pose for localization ramp; travel=0.000/0.750 m stable_scans=5/5.
[ground_truth_amcl_monitor-7] [INFO] [1788983914.824635085] [ground_truth_amcl_monitor]: Relative GT alignment initialized: yaw=-0.000, translation=(-0.000, -0.001)
[ground_truth_amcl_monitor-7] [INFO] [1788983914.825297378] [ground_truth_amcl_monitor]: AMCL vs GT: gt=(0.801, 3.157) amcl=(0.801, 3.158) error=0.001 m / 0.000 rad; current_map=unavailable; odom=(0.801, 3.157, -1.571) error=0.000 m / 0.000 rad; ekf=(0.801, 3.157, -1.571) error=0.000 m / 0.000 rad; RMS=0.001 m / 0.000 rad max=0.001 m / 0.000 rad samples=1
[component_container-9] [INFO] [1788983915.122838234] [pure_pursuit_node]: Aligned closed trajectory seam to startup pose at original waypoint 1090
[component_container-9] [INFO] [1788983915.122925517] [pure_pursuit_node]: Startup path gate passed: path_distance=0.166 m heading_error=0.301 rad
[component_container-9] [INFO] [1788983915.122940586] [pure_pursuit_node]: Pure Pursuit: pose=(0.801, 3.158, -1.571) cte=-0.166 closest=0 target=41 path_dist=0.166 heading_err=0.301 steer=0.003 speed=0.003
[gpu_amcl_cpp_node-6] [INFO] [1788983915.649421605] [gpu_amcl_cpp]: AMCL odom delta: at_scan=(0.155, 0.003, 0.038) baseline=(0.117, 0.002, 0.030) delta=(0.038, 0.001, 0.008) moved=true scan_age=0.051s
[actuator_interface-10] [INFO] [1788983915.650788769] [autodrive_actuator_interface]: Collision baseline established at cumulative count 0
[ground_truth_amcl_monitor-7] [INFO] [1788983915.849580288] [ground_truth_amcl_monitor]: AMCL vs GT: gt=(0.814, 2.789) amcl=(0.810, 2.886) error=0.097 m / 0.009 rad; current_map=(0.813, 2.848, -1.498) error=0.059 m / 0.000 rad; odom=(0.812, 2.847, -1.498) error=0.059 m / 0.000 rad; ekf=(0.812, 2.847, -1.498) error=0.059 m / 0.000 rad; RMS=0.042 m / 0.004 rad max=0.097 m / 0.009 rad samples=40
[component_container-9] [INFO] [1788983916.147221052] [pure_pursuit_node]: Pure Pursuit: pose=(0.842, 2.563, -1.438) cte=-0.035 closest=29 target=72 path_dist=0.035 heading_err=0.144 steer=0.055 speed=0.941
[gpu_amcl_cpp_node-6] [INFO] [1788983916.249251233] [gpu_amcl_cpp]: Global AMCL candidate rejected: start-anchor distance 0.768 m > 0.750 m.
[gpu_amcl_cpp_node-6] [INFO] [1788983916.599178217] [gpu_amcl_cpp]: Global AMCL lock accepted at (0.902, 2.198, -1.385); continuing with local tracking.
[gpu_amcl_cpp_node-6] [INFO] [1788983916.650953028] [gpu_amcl_cpp]: AMCL local correction: odom_prediction=(0.911, 2.151, -1.380) scan=(0.911, 2.138, -1.391) correction=0.013 m/0.011 rad cluster_weight=0.902 publish=true
[gpu_amcl_cpp_node-6] [INFO] [1788983916.697406387] [gpu_amcl_cpp]: AMCL odom delta: at_scan=(1.056, 0.120, 0.195) baseline=(1.008, 0.110, 0.191) delta=(0.049, 0.010, 0.004) moved=true scan_age=0.048s
[ground_truth_amcl_monitor-7] [INFO] [1788983916.850861192] [ground_truth_amcl_monitor]: AMCL vs GT: gt=(0.956, 1.864) amcl=(0.938, 2.022) error=0.159 m / 0.003 rad; current_map=(0.948, 1.974, -1.365) error=0.111 m / 0.000 rad; odom=(0.949, 1.959, -1.365) error=0.096 m / 0.000 rad; ekf=(0.949, 1.959, -1.365) error=0.096 m / 0.000 rad; RMS=0.103 m / 0.009 rad max=0.363 m / 0.042 rad samples=71
[gpu_amcl_cpp_node-6] [WARN] [1788983917.099525895] [gpu_amcl_cpp]: No local AMCL cluster near odometry prediction; using causal odometry pose.
[component_container-9] [INFO] [1788983917.147465952] [pure_pursuit_node]: Pure Pursuit: pose=(1.015, 1.648, -1.357) cte=0.018 closest=75 target=119 path_dist=0.018 heading_err=0.001 steer=-0.003 speed=0.966
[gpu_amcl_cpp_node-6] [INFO] [1788983917.652547229] [gpu_amcl_cpp]: AMCL local correction: odom_prediction=(1.092, 1.303, -1.369) scan=(1.087, 1.330, -1.372) correction=0.028 m/0.003 rad cluster_weight=0.960 publish=true
[gpu_amcl_cpp_node-6] [INFO] [1788983917.700279276] [gpu_amcl_cpp]: AMCL odom delta: at_scan=(1.993, 0.318, 0.200) baseline=(1.946, 0.308, 0.202) delta=(0.047, 0.010, -0.003) moved=true scan_age=0.049s
[ground_truth_amcl_monitor-7] [INFO] [1788983917.853552952] [ground_truth_amcl_monitor]: AMCL vs GT: gt=(1.157, 0.911) amcl=(1.123, 1.154) error=0.246 m / 0.000 rad; current_map=(1.125, 1.151, -1.379) error=0.242 m / 0.000 rad; odom=(1.146, 1.025, -1.379) error=0.114 m / 0.000 rad; ekf=(1.146, 1.025, -1.379) error=0.114 m / 0.000 rad; RMS=0.141 m / 0.007 rad max=0.363 m / 0.042 rad samples=112
[component_container-9] [INFO] [1788983918.172081828] [pure_pursuit_node]: Pure Pursuit: pose=(1.187, 0.856, -1.402) cte=-0.002 closest=116 target=159 path_dist=0.002 heading_err=-0.005 steer=-0.030 speed=0.989
[gpu_amcl_cpp_node-6] [WARN] [1788983918.374152048] [gpu_amcl_cpp]: No local AMCL cluster near odometry prediction; using causal odometry pose.
[gpu_amcl_cpp_node-6] [INFO] [1788983918.675427480] [gpu_amcl_cpp]: AMCL local correction: odom_prediction=(1.247, 0.512, -1.438) scan=(1.249, 0.535, -1.421) correction=0.023 m/0.016 rad cluster_weight=0.941 publish=true
[gpu_amcl_cpp_node-6] [INFO] [1788983918.723272619] [gpu_amcl_cpp]: AMCL odom delta: at_scan=(2.961, 0.481, 0.130) baseline=(2.914, 0.474, 0.133) delta=(0.047, 0.006, -0.003) moved=true scan_age=0.050s
[ground_truth_amcl_monitor-7] [INFO] [1788983918.874624910] [ground_truth_amcl_monitor]: AMCL vs GT: gt=(1.313, -0.079) amcl=(1.266, 0.410) error=0.491 m / 0.004 rad; current_map=(1.272, 0.364, -1.452) error=0.444 m / 0.000 rad; odom=(1.299, 0.052, -1.452) error=0.131 m / 0.000 rad; ekf=(1.299, 0.052, -1.452) error=0.131 m / 0.000 rad; RMS=0.228 m / 0.006 rad max=0.491 m / 0.042 rad samples=151
[component_container-9] [INFO] [1788983919.221400222] [pure_pursuit_node]: Pure Pursuit: pose=(1.315, 0.014, -1.485) cte=-0.017 closest=158 target=202 path_dist=0.017 heading_err=0.017 steer=-0.028 speed=0.967
[gpu_amcl_cpp_node-6] [WARN] [1788983919.375094236] [gpu_amcl_cpp]: No local AMCL cluster near odometry prediction; using causal odometry pose.
[gpu_amcl_cpp_node-6] [INFO] [1788983919.623364489] [gpu_amcl_cpp]: Received LiDAR callback #100 (1081 ranges).
[gpu_amcl_cpp_node-6] [INFO] [1788983919.623493151] [gpu_amcl_cpp]: Starting AMCL scan update #100 (sampled from 1081 ranges).
[gpu_amcl_cpp_node-6] [INFO] [1788983919.624826913] [gpu_amcl_cpp]: AMCL scan update #100 completed; evaluating pose confidence.
[gpu_amcl_cpp_node-6] [INFO] [1788983919.678398865] [gpu_amcl_cpp]: AMCL local correction: odom_prediction=(1.365, -0.637, -1.517) scan=(1.368, -0.703, -1.512) correction=0.066 m/0.005 rad cluster_weight=0.957 publish=true
[gpu_amcl_cpp_node-6] [INFO] [1788983919.726621031] [gpu_amcl_cpp]: AMCL odom delta: at_scan=(3.917, 0.567, 0.048) baseline=(3.867, 0.564, 0.054) delta=(0.051, 0.003, -0.006) moved=true scan_age=0.050s
[ground_truth_amcl_monitor-7] [INFO] [1788983919.878093448] [ground_truth_amcl_monitor]: AMCL vs GT: gt=(1.388, -1.050) amcl=(1.378, -0.881) error=0.169 m / 0.006 rad; current_map=(1.380, -0.928, -1.541) error=0.123 m / 0.000 rad; odom=(1.371, -0.853, -1.535) error=0.197 m / 0.006 rad; ekf=(1.371, -0.853, -1.535) error=0.197 m / 0.006 rad; RMS=0.278 m / 0.006 rad max=0.531 m / 0.042 rad samples=191
[component_container-9] [INFO] [1788983920.249682206] [pure_pursuit_node]: Pure Pursuit: pose=(1.390, -1.382, -1.589) cte=-0.025 closest=228 target=271 path_dist=0.025 heading_err=0.010 steer=-0.036 speed=0.956
[gpu_amcl_cpp_node-6] [INFO] [1788983920.700277557] [gpu_amcl_cpp]: AMCL local correction: odom_prediction=(1.382, -1.769, -1.624) scan=(1.375, -1.795, -1.621) correction=0.027 m/0.003 rad cluster_weight=0.950 publish=true
[gpu_amcl_cpp_node-6] [INFO] [1788983920.748835493] [gpu_amcl_cpp]: AMCL odom delta: at_scan=(4.870, 0.559, -0.057) baseline=(4.823, 0.561, -0.053) delta=(0.047, -0.003, -0.004) moved=true scan_age=0.050s
[ground_truth_amcl_monitor-7] [INFO] [1788983920.897686112] [ground_truth_amcl_monitor]: AMCL vs GT: gt=(1.364, -2.024) amcl=(1.369, -1.956) error=0.069 m / 0.004 rad; current_map=(1.366, -2.002, -1.638) error=0.022 m / 0.000 rad; odom=(1.350, -1.851, -1.638) error=0.174 m / 0.000 rad; ekf=(1.350, -1.851, -1.638) error=0.174 m / 0.000 rad; RMS=0.256 m / 0.006 rad max=0.531 m / 0.042 rad samples=231
[component_container-9] [INFO] [1788983921.299230191] [pure_pursuit_node]: Pure Pursuit: pose=(1.329, -2.451, -1.661) cte=-0.010 closest=282 target=325 path_dist=0.010 heading_err=0.017 steer=-0.014 speed=0.980
[gpu_amcl_cpp_node-6] [INFO] [1788983921.723957578] [gpu_amcl_cpp]: AMCL local correction: odom_prediction=(1.294, -2.823, -1.678) scan=(1.298, -2.809, -1.677) correction=0.014 m/0.001 rad cluster_weight=0.904 publish=true
[gpu_amcl_cpp_node-6] [INFO] [1788983921.773581514] [gpu_amcl_cpp]: AMCL odom delta: at_scan=(5.840, 0.476, -0.110) baseline=(5.792, 0.481, -0.107) delta=(0.048, -0.005, -0.002) moved=true scan_age=0.051s
[ground_truth_amcl_monitor-7] [INFO] [1788983921.924588658] [ground_truth_amcl_monitor]: AMCL vs GT: gt=(1.272, -3.020) amcl=(1.280, -2.963) error=0.057 m / 0.002 rad; current_map=(1.274, -3.011, -1.686) error=0.009 m / 0.000 rad; odom=(1.259, -2.826, -1.686) error=0.194 m / 0.000 rad; ekf=(1.259, -2.826, -1.686) error=0.194 m / 0.000 rad; RMS=0.237 m / 0.005 rad max=0.531 m / 0.042 rad samples=271
[component_container-9] [INFO] [1788983922.325767573] [pure_pursuit_node]: Pure Pursuit: pose=(1.226, -3.410, -1.703) cte=-0.003 closest=330 target=373 path_dist=0.003 heading_err=0.008 steer=-0.010 speed=0.991
[gpu_amcl_cpp_node-6] [INFO] [1788983922.726392408] [gpu_amcl_cpp]: AMCL local correction: odom_prediction=(1.179, -3.759, -1.714) scan=(1.185, -3.749, -1.713) correction=0.012 m/0.001 rad cluster_weight=0.929 publish=true
[gpu_amcl_cpp_node-6] [INFO] [1788983922.774058882] [gpu_amcl_cpp]: AMCL odom delta: at_scan=(6.800, 0.352, -0.144) baseline=(6.751, 0.359, -0.143) delta=(0.049, -0.007, -0.002) moved=true scan_age=0.049s
[ground_truth_amcl_monitor-7] [INFO] [1788983922.925929025] [ground_truth_amcl_monitor]: AMCL vs GT: gt=(1.140, -3.998) amcl=(1.149, -3.939) error=0.059 m / 0.000 rad; current_map=(1.153, -3.943, -1.720) error=0.056 m / 0.000 rad; odom=(1.130, -3.789, -1.720) error=0.209 m / 0.000 rad; ekf=(1.130, -3.789, -1.720) error=0.209 m / 0.000 rad; RMS=0.223 m / 0.005 rad max=0.531 m / 0.042 rad samples=312
[component_container-9] [INFO] [1788983923.370222475] [pure_pursuit_node]: Pure Pursuit: pose=(1.075, -4.419, -1.734) cte=0.001 closest=381 target=424 path_dist=0.001 heading_err=0.001 steer=-0.009 speed=0.995
[gpu_amcl_cpp_node-6] [INFO] [1788983923.775485300] [gpu_amcl_cpp]: AMCL local correction: odom_prediction=(1.017, -4.779, -1.744) scan=(1.013, -4.790, -1.743) correction=0.012 m/0.001 rad cluster_weight=0.960 publish=true
[gpu_amcl_cpp_node-6] [INFO] [1788983923.823605535] [gpu_amcl_cpp]: AMCL odom delta: at_scan=(7.823, 0.187, -0.176) baseline=(7.775, 0.195, -0.173) delta=(0.048, -0.008, -0.002) moved=true scan_age=0.050s
[ground_truth_amcl_monitor-7] [INFO] [1788983923.926771217] [ground_truth_amcl_monitor]: AMCL vs GT: gt=(0.977, -4.983) amcl=(0.997, -4.875) error=0.110 m / 0.002 rad; current_map=(0.988, -4.924, -1.750) error=0.060 m / 0.000 rad; odom=(0.978, -4.714, -1.748) error=0.269 m / 0.002 rad; ekf=(0.978, -4.714, -1.748) error=0.269 m / 0.002 rad; RMS=0.212 m / 0.005 rad max=0.531 m / 0.042 rad samples=351
[component_container-9] [INFO] [1788983924.396626647] [pure_pursuit_node]: Pure Pursuit: pose=(0.888, -5.467, -1.765) cte=-0.002 closest=434 target=478 path_dist=0.002 heading_err=-0.001 steer=-0.011 speed=0.994
[gpu_amcl_cpp_node-6] [INFO] [1788983924.647632592] [gpu_amcl_cpp]: Received LiDAR callback #199 (1081 ranges).
[gpu_amcl_cpp_node-6] [INFO] [1788983924.647684940] [gpu_amcl_cpp]: Starting AMCL scan update #199 (sampled from 1081 ranges).
[gpu_amcl_cpp_node-6] [INFO] [1788983924.648465645] [gpu_amcl_cpp]: AMCL scan update #199 completed; evaluating pose confidence.
[gpu_amcl_cpp_node-6] [INFO] [1788983924.800253373] [gpu_amcl_cpp]: AMCL local correction: odom_prediction=(0.821, -5.804, -1.776) scan=(0.820, -5.803, -1.777) correction=0.002 m/0.001 rad cluster_weight=0.937 publish=true
[gpu_amcl_cpp_node-6] [INFO] [1788983924.849165564] [gpu_amcl_cpp]: AMCL odom delta: at_scan=(8.821, -0.006, -0.206) baseline=(8.773, 0.004, -0.205) delta=(0.049, -0.010, -0.001) moved=true scan_age=0.051s
[ground_truth_amcl_monitor-7] [INFO] [1788983924.948903115] [ground_truth_amcl_monitor]: AMCL vs GT: gt=(0.779, -5.989) amcl=(0.798, -5.906) error=0.085 m / 0.001 rad; current_map=(0.788, -5.953, -1.778) error=0.037 m / 0.000 rad; odom=(0.772, -5.762, -1.778) error=0.228 m / 0.000 rad; ekf=(0.783, -5.714, -1.778) error=0.275 m / 0.001 rad; RMS=0.202 m / 0.004 rad max=0.531 m / 0.042 rad samples=391
[component_container-9] [INFO] [1788983925.446430504] [pure_pursuit_node]: Pure Pursuit: pose=(0.672, -6.488, -1.790) cte=-0.001 closest=486 target=530 path_dist=0.001 heading_err=-0.001 steer=-0.009 speed=0.988
[gpu_amcl_cpp_node-6] [INFO] [1788983925.850100371] [gpu_amcl_cpp]: AMCL local correction: odom_prediction=(0.596, -6.832, -1.799) scan=(0.594, -6.843, -1.798) correction=0.011 m/0.001 rad cluster_weight=0.954 publish=true
[gpu_amcl_cpp_node-6] [INFO] [1788983925.897823762] [gpu_amcl_cpp]: AMCL odom delta: at_scan=(9.831, -0.229, -0.229) baseline=(9.783, -0.218, -0.228) delta=(0.047, -0.011, -0.001) moved=true scan_age=0.049s
[ground_truth_amcl_monitor-7] [INFO] [1788983925.950481780] [ground_truth_amcl_monitor]: AMCL vs GT: gt=(0.564, -6.957) amcl=(0.574, -6.939) error=0.021 m / 0.000 rad; current_map=(0.574, -6.937, -1.801) error=0.022 m / 0.000 rad; odom=(0.559, -6.719, -1.801) error=0.237 m / 0.000 rad; ekf=(0.559, -6.719, -1.801) error=0.237 m / 0.000 rad; RMS=0.193 m / 0.004 rad max=0.531 m / 0.042 rad samples=432
[component_container-9] [INFO] [1788983926.447616261] [pure_pursuit_node]: Pure Pursuit: pose=(0.447, -7.451, -1.817) cte=-0.001 closest=536 target=579 path_dist=0.001 heading_err=0.007 steer=-0.013 speed=0.979
[gpu_amcl_cpp_node-6] [INFO] [1788983926.899719912] [gpu_amcl_cpp]: AMCL odom delta: at_scan=(10.761, -0.461, -0.264) baseline=(10.715, -0.448, -0.262) delta=(0.046, -0.012, -0.002) moved=true scan_age=0.052s
[gpu_amcl_cpp_node-6] [INFO] [1788983926.901538413] [gpu_amcl_cpp]: AMCL local correction: odom_prediction=(0.347, -7.828, -1.835) scan=(0.347, -7.834, -1.834) correction=0.006 m/0.001 rad cluster_weight=0.975 publish=true
[ground_truth_amcl_monitor-7] [INFO] [1788983926.952085070] [ground_truth_amcl_monitor]: AMCL vs GT: gt=(0.326, -7.905) amcl=(0.347, -7.831) error=0.077 m / 0.003 rad; current_map=(0.334, -7.879, -1.838) error=0.027 m / 0.000 rad; odom=(0.325, -7.651, -1.838) error=0.254 m / 0.000 rad; ekf=(0.325, -7.651, -1.838) error=0.254 m / 0.000 rad; RMS=0.186 m / 0.004 rad max=0.531 m / 0.042 rad samples=471
[component_container-9] [INFO] [1788983927.475111531] [pure_pursuit_node]: Pure Pursuit: pose=(0.176, -8.412, -1.888) cte=0.006 closest=586 target=629 path_dist=0.006 heading_err=0.007 steer=-0.050 speed=0.930
[gpu_amcl_cpp_node-6] [INFO] [1788983927.948477055] [gpu_amcl_cpp]: AMCL odom delta: at_scan=(11.683, -0.757, -0.380) baseline=(11.643, -0.741, -0.372) delta=(0.040, -0.016, -0.008) moved=true scan_age=0.051s
[gpu_amcl_cpp_node-6] [INFO] [1788983927.950227439] [gpu_amcl_cpp]: AMCL local correction: odom_prediction=(0.047, -8.770, -1.951) scan=(0.048, -8.773, -1.946) correction=0.004 m/0.005 rad cluster_weight=0.990 publish=true
[ground_truth_amcl_monitor-7] [INFO] [1788983927.951985006] [ground_truth_amcl_monitor]: AMCL vs GT: gt=(0.035, -8.801) amcl=(0.047, -8.772) error=0.032 m / 0.000 rad; current_map=(0.047, -8.770, -1.951) error=0.033 m / 0.000 rad; odom=(0.042, -8.525, -1.951) error=0.276 m / 0.000 rad; ekf=(0.042, -8.525, -1.951) error=0.276 m / 0.000 rad; RMS=0.179 m / 0.004 rad max=0.531 m / 0.042 rad samples=510
[component_container-9] [INFO] [1788983928.497891045] [pure_pursuit_node]: Pure Pursuit: pose=(-0.203, -9.231, -2.211) cte=0.042 closest=631 target=674 path_dist=0.042 heading_err=0.147 steer=-0.182 speed=0.853
[gpu_amcl_cpp_node-6] [INFO] [1788983928.950006177] [gpu_amcl_cpp]: AMCL odom delta: at_scan=(12.362, -1.210, -0.833) baseline=(12.336, -1.182, -0.808) delta=(0.026, -0.028, -0.025) moved=true scan_age=0.050s
[gpu_amcl_cpp_node-6] [INFO] [1788983928.951554001] [gpu_amcl_cpp]: AMCL local correction: odom_prediction=(-0.423, -9.476, -2.404) scan=(-0.429, -9.482, -2.399) correction=0.009 m/0.005 rad cluster_weight=0.997 publish=true
[ground_truth_amcl_monitor-7] [INFO] [1788983928.953777702] [ground_truth_amcl_monitor]: AMCL vs GT: gt=(-0.442, -9.512) amcl=(-0.426, -9.479) error=0.036 m / 0.000 rad; current_map=(-0.423, -9.476, -2.404) error=0.040 m / 0.000 rad; odom=(-0.411, -9.205, -2.404) error=0.308 m / 0.000 rad; ekf=(-0.411, -9.205, -2.404) error=0.308 m / 0.000 rad; RMS=0.173 m / 0.006 rad max=0.531 m / 0.042 rad samples=550
[component_container-9] [INFO] [1788983929.521726309] [pure_pursuit_node]: Pure Pursuit: pose=(-0.817, -9.746, -2.675) cte=0.199 closest=674 target=717 path_dist=0.199 heading_err=0.125 steer=-0.347 speed=0.698
[actuator_interface-10] [ERROR] [1788983929.524350963] [autodrive_actuator_interface]: Collision count increased to 1; terminal stop latched, no simulator reset published
[gpu_amcl_cpp_node-6] [WARN] [1788983929.524522955] [gpu_amcl_cpp]: No local AMCL cluster near odometry prediction; using causal odometry pose.
[ground_truth_amcl_monitor-7] [INFO] [1788983929.524631138] [ground_truth_amcl_monitor]: Collision epoch changed; discarding localization comparison; waiting for fresh AMCL alignment
[actuator_interface-10] [WARN] [1788983929.534924136] [autodrive_actuator_interface]: Neutral output: external stop
[gpu_amcl_cpp_node-6] [INFO] [1788983929.673648240] [gpu_amcl_cpp]: Received LiDAR callback #298 (1081 ranges).
[gpu_amcl_cpp_node-6] [INFO] [1788983929.673703293] [gpu_amcl_cpp]: Starting AMCL scan update #298 (sampled from 1081 ranges).
[gpu_amcl_cpp_node-6] [INFO] [1788983929.674794530] [gpu_amcl_cpp]: AMCL scan update #298 completed; evaluating pose confidence.
[gpu_amcl_cpp_node-6] [INFO] [1788983929.972911869] [gpu_amcl_cpp]: AMCL odom delta: at_scan=(12.651, -1.661, -1.146) baseline=(12.643, -1.643, -1.146) delta=(0.008, -0.018, 0.000) moved=false scan_age=0.050s
[component_container-9] [INFO] [1788983930.522763178] [pure_pursuit_node]: Pure Pursuit: pose=(-0.863, -9.768, -2.717) cte=0.205 closest=677 target=718 path_dist=0.205 heading_err=0.105 steer=-0.380 speed=0.693
[gpu_amcl_cpp_node-6] [INFO] [1788983930.973834694] [gpu_amcl_cpp]: AMCL odom delta: at_scan=(12.651, -1.661, -1.146) baseline=(12.643, -1.643, -1.146) delta=(0.008, -0.018, 0.000) moved=false scan_age=0.049s
[component_container-9] [INFO] [1788983931.574342126] [pure_pursuit_node]: Pure Pursuit: pose=(-0.863, -9.768, -2.717) cte=0.205 closest=677 target=718 path_dist=0.205 heading_err=0.105 steer=-0.380 speed=0.693
[gpu_amcl_cpp_node-6] [INFO] [1788983931.976882095] [gpu_amcl_cpp]: AMCL odom delta: at_scan=(12.651, -1.661, -1.146) baseline=(12.643, -1.643, -1.146) delta=(0.008, -0.018, 0.000) moved=false scan_age=0.051s
[component_container-9] [INFO] [1788983932.595562006] [pure_pursuit_node]: Pure Pursuit: pose=(-0.863, -9.768, -2.717) cte=0.205 closest=677 target=718 path_dist=0.205 heading_err=0.105 steer=-0.380 speed=0.693
[gpu_amcl_cpp_node-6] [INFO] [1788983932.997468466] [gpu_amcl_cpp]: AMCL odom delta: at_scan=(12.651, -1.661, -1.146) baseline=(12.643, -1.643, -1.146) delta=(0.008, -0.018, 0.000) moved=false scan_age=0.050s
[component_container-9] [INFO] [1788983933.596530778] [pure_pursuit_node]: Pure Pursuit: pose=(-0.863, -9.768, -2.717) cte=0.205 closest=677 target=718 path_dist=0.205 heading_err=0.105 steer=-0.380 speed=0.693
[gpu_amcl_cpp_node-6] [INFO] [1788983933.998957975] [gpu_amcl_cpp]: AMCL odom delta: at_scan=(12.651, -1.661, -1.146) baseline=(12.643, -1.643, -1.146) delta=(0.008, -0.018, 0.000) moved=false scan_age=0.051s
[component_container-9] [INFO] [1788983934.597032464] [pure_pursuit_node]: Pure Pursuit: pose=(-0.863, -9.768, -2.717) cte=0.205 closest=677 target=718 path_dist=0.205 heading_err=0.105 steer=-0.380 speed=0.693
[gpu_amcl_cpp_node-6] [INFO] [1788983934.699971330] [gpu_amcl_cpp]: Received LiDAR callback #398 (1081 ranges).
[gpu_amcl_cpp_node-6] [INFO] [1788983935.048450450] [gpu_amcl_cpp]: AMCL odom delta: at_scan=(12.651, -1.661, -1.146) baseline=(12.643, -1.643, -1.146) delta=(0.008, -0.018, 0.000) moved=false scan_age=0.050s
[component_container-9] [INFO] [1788983935.623600697] [pure_pursuit_node]: Pure Pursuit: pose=(-0.863, -9.768, -2.717) cte=0.205 closest=677 target=718 path_dist=0.205 heading_err=0.105 steer=-0.380 speed=0.693
[gpu_amcl_cpp_node-6] [INFO] [1788983936.071504010] [gpu_amcl_cpp]: AMCL odom delta: at_scan=(12.651, -1.661, -1.146) baseline=(12.643, -1.643, -1.146) delta=(0.008, -0.018, 0.000) moved=false scan_age=0.049s
[component_container-9] [INFO] [1788983936.673858107] [pure_pursuit_node]: Pure Pursuit: pose=(-0.863, -9.768, -2.717) cte=0.205 closest=677 target=718 path_dist=0.205 heading_err=0.105 steer=-0.380 speed=0.693
[gpu_amcl_cpp_node-6] [WARN] [1788983936.875773808] [gpu_amcl_cpp]: Queued LiDAR scan until source-time odometry arrives (queued=1).
[gpu_amcl_cpp_node-6] [INFO] [1788983937.096704267] [gpu_amcl_cpp]: AMCL odom delta: at_scan=(12.651, -1.661, -1.146) baseline=(12.643, -1.643, -1.146) delta=(0.008, -0.018, 0.000) moved=false scan_age=0.049s
[component_container-9] [INFO] [1788983937.697838717] [pure_pursuit_node]: Pure Pursuit: pose=(-0.863, -9.768, -2.717) cte=0.205 closest=677 target=718 path_dist=0.205 heading_err=0.105 steer=-0.380 speed=0.693
[gpu_amcl_cpp_node-6] [INFO] [1788983938.100728752] [gpu_amcl_cpp]: AMCL odom delta: at_scan=(12.651, -1.661, -1.146) baseline=(12.643, -1.643, -1.146) delta=(0.008, -0.018, 0.000) moved=false scan_age=0.049s
[component_container-9] [INFO] [1788983938.723694364] [pure_pursuit_node]: Pure Pursuit: pose=(-0.863, -9.768, -2.717) cte=0.205 closest=677 target=718 path_dist=0.205 heading_err=0.105 steer=-0.380 speed=0.693
[gpu_amcl_cpp_node-6] [INFO] [1788983939.128233423] [gpu_amcl_cpp]: AMCL odom delta: at_scan=(12.651, -1.661, -1.146) baseline=(12.643, -1.643, -1.146) delta=(0.008, -0.018, 0.000) moved=false scan_age=0.051s
[component_container-9] [INFO] [1788983939.747674944] [pure_pursuit_node]: Pure Pursuit: pose=(-0.863, -9.768, -2.717) cte=0.205 closest=677 target=718 path_dist=0.205 heading_err=0.105 steer=-0.380 speed=0.693
[gpu_amcl_cpp_node-6] [INFO] [1788983939.748913046] [gpu_amcl_cpp]: Received LiDAR callback #497 (1081 ranges).
[gpu_amcl_cpp_node-6] [INFO] [1788983940.149959514] [gpu_amcl_cpp]: AMCL odom delta: at_scan=(12.651, -1.661, -1.146) baseline=(12.643, -1.643, -1.146) delta=(0.008, -0.018, 0.000) moved=false scan_age=0.051s
[component_container-9] [INFO] [1788983940.772252103] [pure_pursuit_node]: Pure Pursuit: pose=(-0.863, -9.768, -2.717) cte=0.205 closest=677 target=718 path_dist=0.205 heading_err=0.105 steer=-0.380 speed=0.693
[gpu_amcl_cpp_node-6] [INFO] [1788983941.175074281] [gpu_amcl_cpp]: AMCL odom delta: at_scan=(12.651, -1.661, -1.146) baseline=(12.643, -1.643, -1.146) delta=(0.008, -0.018, 0.000) moved=false scan_age=0.051s
[component_container-9] [INFO] [1788983941.822103944] [pure_pursuit_node]: Pure Pursuit: pose=(-0.863, -9.768, -2.717) cte=0.205 closest=677 target=718 path_dist=0.205 heading_err=0.105 steer=-0.380 speed=0.693
[gpu_amcl_cpp_node-6] [INFO] [1788983942.224177859] [gpu_amcl_cpp]: AMCL odom delta: at_scan=(12.651, -1.661, -1.146) baseline=(12.643, -1.643, -1.146) delta=(0.008, -0.018, 0.000) moved=false scan_age=0.052s
[component_container-9] [INFO] [1788983942.847268876] [pure_pursuit_node]: Pure Pursuit: pose=(-0.863, -9.768, -2.717) cte=0.205 closest=677 target=718 path_dist=0.205 heading_err=0.105 steer=-0.380 speed=0.693
[gpu_amcl_cpp_node-6] [INFO] [1788983943.249024204] [gpu_amcl_cpp]: AMCL odom delta: at_scan=(12.651, -1.661, -1.146) baseline=(12.643, -1.643, -1.146) delta=(0.008, -0.018, 0.000) moved=false scan_age=0.050s
[component_container-9] [INFO] [1788983943.849472667] [pure_pursuit_node]: Pure Pursuit: pose=(-0.863, -9.768, -2.717) cte=0.205 closest=677 target=718 path_dist=0.205 heading_err=0.105 steer=-0.380 speed=0.693
[gpu_amcl_cpp_node-6] [INFO] [1788983944.271511894] [gpu_amcl_cpp]: AMCL odom delta: at_scan=(12.651, -1.661, -1.146) baseline=(12.643, -1.643, -1.146) delta=(0.008, -0.018, 0.000) moved=false scan_age=0.048s
[gpu_amcl_cpp_node-6] [INFO] [1788983944.773087829] [gpu_amcl_cpp]: Received LiDAR callback #596 (1081 ranges).
[component_container-9] [INFO] [1788983944.872515129] [pure_pursuit_node]: Pure Pursuit: pose=(-0.863, -9.768, -2.717) cte=0.205 closest=677 target=718 path_dist=0.205 heading_err=0.105 steer=-0.380 speed=0.693
[gpu_amcl_cpp_node-6] [INFO] [1788983945.273452873] [gpu_amcl_cpp]: AMCL odom delta: at_scan=(12.651, -1.661, -1.146) baseline=(12.643, -1.643, -1.146) delta=(0.008, -0.018, 0.000) moved=false scan_age=0.051s
[component_container-9] [INFO] [1788983945.874809300] [pure_pursuit_node]: Pure Pursuit: pose=(-0.863, -9.768, -2.717) cte=0.205 closest=677 target=718 path_dist=0.205 heading_err=0.105 steer=-0.380 speed=0.693
[gpu_amcl_cpp_node-6] [INFO] [1788983946.273998544] [gpu_amcl_cpp]: AMCL odom delta: at_scan=(12.651, -1.661, -1.146) baseline=(12.643, -1.643, -1.146) delta=(0.008, -0.018, 0.000) moved=false scan_age=0.048s
[component_container-9] [INFO] [1788983946.898920727] [pure_pursuit_node]: Pure Pursuit: pose=(-0.863, -9.768, -2.717) cte=0.205 closest=677 target=718 path_dist=0.205 heading_err=0.105 steer=-0.380 speed=0.693
[gpu_amcl_cpp_node-6] [INFO] [1788983947.277087677] [gpu_amcl_cpp]: AMCL odom delta: at_scan=(12.651, -1.661, -1.146) baseline=(12.643, -1.643, -1.146) delta=(0.008, -0.018, 0.000) moved=false scan_age=0.050s
[component_container-9] [INFO] [1788983947.926230775] [pure_pursuit_node]: Pure Pursuit: pose=(-0.863, -9.768, -2.717) cte=0.205 closest=677 target=718 path_dist=0.205 heading_err=0.105 steer=-0.380 speed=0.693
[gpu_amcl_cpp_node-6] [INFO] [1788983948.323722014] [gpu_amcl_cpp]: AMCL odom delta: at_scan=(12.651, -1.661, -1.146) baseline=(12.643, -1.643, -1.146) delta=(0.008, -0.018, 0.000) moved=false scan_age=0.050s
[component_container-9] [INFO] [1788983948.948510807] [pure_pursuit_node]: Pure Pursuit: pose=(-0.863, -9.768, -2.717) cte=0.205 closest=677 target=718 path_dist=0.205 heading_err=0.105 steer=-0.380 speed=0.693
[gpu_amcl_cpp_node-6] [INFO] [1788983949.373636284] [gpu_amcl_cpp]: AMCL odom delta: at_scan=(12.651, -1.661, -1.146) baseline=(12.643, -1.643, -1.146) delta=(0.008, -0.018, 0.000) moved=false scan_age=0.051s
[gpu_amcl_cpp_node-6] [INFO] [1788983949.797652139] [gpu_amcl_cpp]: Received LiDAR callback #692 (1081 ranges).
[component_container-9] [INFO] [1788983949.997885836] [pure_pursuit_node]: Pure Pursuit: pose=(-0.863, -9.768, -2.717) cte=0.205 closest=677 target=718 path_dist=0.205 heading_err=0.105 steer=-0.380 speed=0.693
[gpu_amcl_cpp_node-6] [INFO] [1788983950.375298481] [gpu_amcl_cpp]: AMCL odom delta: at_scan=(12.651, -1.661, -1.146) baseline=(12.643, -1.643, -1.146) delta=(0.008, -0.018, 0.000) moved=false scan_age=0.050s
[component_container-9] [INFO] [1788983950.999391399] [pure_pursuit_node]: Pure Pursuit: pose=(-0.863, -9.768, -2.717) cte=0.205 closest=677 target=718 path_dist=0.205 heading_err=0.105 steer=-0.380 speed=0.693
[gpu_amcl_cpp_node-6] [INFO] [1788983951.423670779] [gpu_amcl_cpp]: AMCL odom delta: at_scan=(12.651, -1.661, -1.146) baseline=(12.643, -1.643, -1.146) delta=(0.008, -0.018, 0.000) moved=false scan_age=0.050s
[component_container-9] [INFO] [1788983952.020262108] [pure_pursuit_node]: Pure Pursuit: pose=(-0.863, -9.768, -2.717) cte=0.205 closest=677 target=718 path_dist=0.205 heading_err=0.105 steer=-0.380 speed=0.693
[gpu_amcl_cpp_node-6] [INFO] [1788983952.450850333] [gpu_amcl_cpp]: AMCL odom delta: at_scan=(12.651, -1.661, -1.146) baseline=(12.643, -1.643, -1.146) delta=(0.008, -0.018, 0.000) moved=false scan_age=0.051s
[component_container-9] [INFO] [1788983953.050305264] [pure_pursuit_node]: Pure Pursuit: pose=(-0.863, -9.768, -2.717) cte=0.205 closest=677 target=718 path_dist=0.205 heading_err=0.105 steer=-0.380 speed=0.693
[gpu_amcl_cpp_node-6] [INFO] [1788983953.473097454] [gpu_amcl_cpp]: AMCL odom delta: at_scan=(12.651, -1.661, -1.146) baseline=(12.643, -1.643, -1.146) delta=(0.008, -0.018, 0.000) moved=false scan_age=0.051s
[component_container-9] [INFO] [1788983954.052328409] [pure_pursuit_node]: Pure Pursuit: pose=(-0.863, -9.768, -2.717) cte=0.205 closest=677 target=718 path_dist=0.205 heading_err=0.105 steer=-0.380 speed=0.693
[gpu_amcl_cpp_node-6] [INFO] [1788983954.523891356] [gpu_amcl_cpp]: AMCL odom delta: at_scan=(12.651, -1.661, -1.146) baseline=(12.643, -1.643, -1.146) delta=(0.008, -0.018, 0.000) moved=false scan_age=0.051s
[gpu_amcl_cpp_node-6] [INFO] [1788983954.799605030] [gpu_amcl_cpp]: Received LiDAR callback #785 (1081 ranges).
[component_container-9] [INFO] [1788983955.098633520] [pure_pursuit_node]: Pure Pursuit: pose=(-0.863, -9.768, -2.717) cte=0.205 closest=677 target=718 path_dist=0.205 heading_err=0.105 steer=-0.380 speed=0.693
[gpu_amcl_cpp_node-6] [INFO] [1788983955.526168487] [gpu_amcl_cpp]: AMCL odom delta: at_scan=(12.651, -1.661, -1.146) baseline=(12.643, -1.643, -1.146) delta=(0.008, -0.018, 0.000) moved=false scan_age=0.050s
[component_container-9] [INFO] [1788983956.124642048] [pure_pursuit_node]: Pure Pursuit: pose=(-0.863, -9.768, -2.717) cte=0.205 closest=677 target=718 path_dist=0.205 heading_err=0.105 steer=-0.380 speed=0.693
[gpu_amcl_cpp_node-6] [INFO] [1788983956.526184518] [gpu_amcl_cpp]: AMCL odom delta: at_scan=(12.651, -1.661, -1.146) baseline=(12.643, -1.643, -1.146) delta=(0.008, -0.018, 0.000) moved=false scan_age=0.050s
[component_container-9] [INFO] [1788983957.125559680] [pure_pursuit_node]: Pure Pursuit: pose=(-0.863, -9.768, -2.717) cte=0.205 closest=677 target=718 path_dist=0.205 heading_err=0.105 steer=-0.380 speed=0.693
[gpu_amcl_cpp_node-6] [INFO] [1788983957.549350314] [gpu_amcl_cpp]: AMCL odom delta: at_scan=(12.651, -1.661, -1.146) baseline=(12.643, -1.643, -1.146) delta=(0.008, -0.018, 0.000) moved=false scan_age=0.050s
[component_container-9] [INFO] [1788983958.175239392] [pure_pursuit_node]: Pure Pursuit: pose=(-0.863, -9.768, -2.717) cte=0.205 closest=677 target=718 path_dist=0.205 heading_err=0.105 steer=-0.380 speed=0.693
[gpu_amcl_cpp_node-6] [INFO] [1788983958.549949629] [gpu_amcl_cpp]: AMCL odom delta: at_scan=(12.651, -1.661, -1.146) baseline=(12.643, -1.643, -1.146) delta=(0.008, -0.018, 0.000) moved=false scan_age=0.051s
[component_container-9] [INFO] [1788983959.203165518] [pure_pursuit_node]: Pure Pursuit: pose=(-0.863, -9.768, -2.717) cte=0.205 closest=677 target=718 path_dist=0.205 heading_err=0.105 steer=-0.380 speed=0.693
[gpu_amcl_cpp_node-6] [WARN] [1788983959.277499918] [gpu_amcl_cpp]: Queued LiDAR scan until source-time odometry arrives (queued=1).
[gpu_amcl_cpp_node-6] [INFO] [1788983959.552046043] [gpu_amcl_cpp]: AMCL odom delta: at_scan=(12.651, -1.661, -1.146) baseline=(12.643, -1.643, -1.146) delta=(0.008, -0.018, 0.000) moved=false scan_age=0.051s
[gpu_amcl_cpp_node-6] [INFO] [1788983959.828216274] [gpu_amcl_cpp]: Received LiDAR callback #879 (1081 ranges).
[component_container-9] [INFO] [1788983960.222648005] [pure_pursuit_node]: Pure Pursuit: pose=(-0.863, -9.768, -2.717) cte=0.205 closest=677 target=718 path_dist=0.205 heading_err=0.105 steer=-0.380 speed=0.693
[gpu_amcl_cpp_node-6] [INFO] [1788983960.602072195] [gpu_amcl_cpp]: AMCL odom delta: at_scan=(12.651, -1.661, -1.146) baseline=(12.643, -1.643, -1.146) delta=(0.008, -0.018, 0.000) moved=false scan_age=0.050s
[component_container-9] [INFO] [1788983961.249917200] [pure_pursuit_node]: Pure Pursuit: pose=(-0.863, -9.768, -2.717) cte=0.205 closest=677 target=718 path_dist=0.205 heading_err=0.105 steer=-0.380 speed=0.693
[gpu_amcl_cpp_node-6] [INFO] [1788983961.628072249] [gpu_amcl_cpp]: AMCL odom delta: at_scan=(12.651, -1.661, -1.146) baseline=(12.643, -1.643, -1.146) delta=(0.008, -0.018, 0.000) moved=false scan_age=0.051s
