stdin is not a terminal device. Keyboard handling disabled.[INFO] [1789473777.903740988] [rosbag2_recorder]: Press SPACE for pausing/resuming
[INFO] [1789473777.912354291] [rosbag2_storage]: Opened database '/workspace/src/sdu_apex_autodrive/artifacts/model_id_work/run_live/rosbags_live_odom_ekf_amcl_pp_12mps_rebuilt_20260915/track_validation/track_validation_0.db3' for READ_WRITE.
[INFO] [1789473777.914912623] [rosbag2_recorder]: Listening for topics...
[INFO] [1789473777.914933736] [rosbag2_recorder]: Event publisher thread: Starting
[INFO] [1789473777.915134518] [rosbag2_recorder]: Recording...
[INFO] [1789473779.930959349] [rosbag2_recorder]: Subscribed to topic '/ekf_odom'
[INFO] [1789473779.931824156] [rosbag2_recorder]: Subscribed to topic '/odom'
[INFO] [1789473780.034213788] [rosbag2_recorder]: Subscribed to topic '/cmd/speed'
[INFO] [1789473780.339204973] [rosbag2_recorder]: Subscribed to topic '/amcl_pose'
[INFO] [1789473780.341007705] [rosbag2_recorder]: Subscribed to topic '/current_map_pose'
[INFO] [1789473781.353589546] [rosbag2_recorder]: Subscribed to topic '/autodrive/roboracer_1/imu'
[INFO] [1789473781.355116799] [rosbag2_recorder]: Subscribed to topic '/autodrive/roboracer_1/left_encoder'
[INFO] [1789473781.356797824] [rosbag2_recorder]: Subscribed to topic '/autodrive/roboracer_1/throttle'
[INFO] [1789473781.357828029] [rosbag2_recorder]: Subscribed to topic '/autodrive/roboracer_1/right_encoder'
[INFO] [1789473781.358885652] [rosbag2_recorder]: Subscribed to topic '/autodrive/roboracer_1/steering'
[INFO] [1789473781.461624381] [rosbag2_recorder]: Subscribed to topic '/autodrive/roboracer_1/lidar'
[INFO] [1789473781.665737882] [rosbag2_recorder]: Subscribed to topic '/autodrive/roboracer_1/bridge_timing_fault'
[INFO] [1789473781.667203872] [rosbag2_recorder]: Subscribed to topic '/autodrive/roboracer_1/bridge_packet_timing'
[INFO] [1789473781.667265425] [rosbag2_recorder]: All requested topics are subscribed. Stopping discovery...
[INFO] [1789473959.118302328] [rosbag2_cpp]: Writing remaining messages from cache to the bag. It may take a while
[INFO] [1789473959.120420439] [rosbag2_recorder]: Event publisher thread: Exiting
[INFO] [1789473959.120504344] [rosbag2_recorder]: Recording stopped
