[INFO] [launch]: All log files can be found below /root/.ros/log/2026-09-09-19-35-22-061116-ExternalDrive-4636
[INFO] [launch]: Default logging verbosity is set to INFO
[INFO] [launch.user]: controller=pure_pursuit custom_amcl=True rviz=False
[INFO] [autodrive_bridge_40hz-1]: process started with pid [4665]
[INFO] [sensor_odometry_node-2]: process started with pid [4667]
[INFO] [ekf_localization_node-3]: process started with pid [4669]
[INFO] [map_server-4]: process started with pid [4671]
[INFO] [lifecycle_manager-5]: process started with pid [4673]
[INFO] [gpu_amcl_cpp_node-6]: process started with pid [4675]
[INFO] [ground_truth_amcl_monitor-7]: process started with pid [4677]
[INFO] [calibration-8]: process started with pid [4679]
[INFO] [component_container-9]: process started with pid [4681]
[INFO] [actuator_interface-10]: process started with pid [4683]
[ekf_localization_node-3] [INFO] [1788982522.269979293] [ekf_localization]: Local odometry trust filter ready: /odom -> /ekf_odom and /ekf_pose in frame odom; reset events=/autodrive/reset_command
[sensor_odometry_node-2] [INFO] [1788982522.278923093] [sensor_odometry]: Deterministic odometry observer: exact timestamp packets, encoders + IMU only
[lifecycle_manager-5] [INFO] [1788982522.291661664] [lifecycle_manager_map]: Creating
[map_server-4] [INFO] [1788982522.294765330] [map_server]: 
[map_server-4] 	map_server lifecycle node launched. 
[map_server-4] 	Waiting on external lifecycle transitions to activate
[map_server-4] 	See https://design.ros2.org/articles/node_lifecycle.html for more information.
[map_server-4] [INFO] [1788982522.294982828] [map_server]: Creating
[lifecycle_manager-5] [INFO] [1788982522.295923831] [lifecycle_manager_map]: [34m[1mCreating and initializing lifecycle service clients[0m[0m
[lifecycle_manager-5] [INFO] [1788982522.301089231] [lifecycle_manager_map]: [34m[1mStarting managed nodes bringup...[0m[0m
[lifecycle_manager-5] [INFO] [1788982522.301148672] [lifecycle_manager_map]: [34m[1mConfiguring map_server[0m[0m
[map_server-4] [INFO] [1788982522.301948221] [map_server]: Configuring
[map_server-4] [INFO] [1788982522.302055712] [map_io]: Loading yaml file: /workspace/src/f1tenth_planning/maps/autodrive_track_ftg_commit_20260909_025m.yaml
[map_server-4] [INFO] [1788982522.302457445] [map_io]: resolution: 0.025
[map_server-4] [INFO] [1788982522.302474617] [map_io]: origin[0]: -6.82
[map_server-4] [INFO] [1788982522.302484175] [map_io]: origin[1]: -12.3
[map_server-4] [INFO] [1788982522.302492641] [map_io]: origin[2]: 0
[map_server-4] [INFO] [1788982522.302501247] [map_io]: free_thresh: 0.25
[map_server-4] [INFO] [1788982522.302508781] [map_io]: occupied_thresh: 0.65
[map_server-4] [INFO] [1788982522.302517648] [map_io]: mode: trinary
[map_server-4] [INFO] [1788982522.302527506] [map_io]: negate: 0
[map_server-4] [INFO] [1788982522.302846073] [map_io]: Loading image_file: /workspace/src/f1tenth_planning/maps/autodrive_track_ftg_commit_20260909_025m.pgm
[map_server-4] [INFO] [1788982522.348777075] [map_io]: Read map /workspace/src/f1tenth_planning/maps/autodrive_track_ftg_commit_20260909_025m.pgm: 349 X 877 map @ 0.025 m/cell
[lifecycle_manager-5] [INFO] [1788982522.359097074] [lifecycle_manager_map]: [34m[1mActivating map_server[0m[0m
[map_server-4] [INFO] [1788982522.359411413] [map_server]: Activating
[map_server-4] [INFO] [1788982522.360147723] [map_server]: Creating bond (map_server) to lifecycle manager.
[lifecycle_manager-5] [INFO] [1788982522.468616988] [lifecycle_manager_map]: Server map_server connected with bond.
[lifecycle_manager-5] [INFO] [1788982522.468694092] [lifecycle_manager_map]: [34m[1mManaged nodes are active[0m[0m
[lifecycle_manager-5] [INFO] [1788982522.468721764] [lifecycle_manager_map]: [34m[1mCreating bond timer...[0m[0m
[component_container-9] [INFO] [1788982522.480365304] [controller_container]: Load Library: /workspace/install/lib/libpure_pursuit_node.so
[component_container-9] [INFO] [1788982522.483081073] [controller_container]: Found class: rclcpp_components::NodeFactoryTemplate<f1tenth_control::PurePursuitNode>
[component_container-9] [INFO] [1788982522.483789640] [controller_container]: Instantiate class: rclcpp_components::NodeFactoryTemplate<f1tenth_control::PurePursuitNode>
[gpu_amcl_cpp_node-6] [INFO] [1788982522.486387038] [gpu_amcl_cpp]: [AMCL] Parameters: update_min_d=0.02000, update_min_a=0.03500, max_scan_age=0.2500, odom_history=1.000s, cloud_publish_rate=1.0 Hz, debug_pre_resample=false, slip_threshold=1.00 rad/s, initial_raceline_heading=false, local_correction_gate=0.30m/0.20rad xy_gain=1.000 cross_track_only=false yaw_gain=0.000 association=0.80m recenter_cloud=true
[component_container-9] [INFO] [1788982522.493204513] [pure_pursuit_node]: Initializing Pure Pursuit Node
[gpu_amcl_cpp_node-6] [INFO] [1788982522.503620622] [gpu_amcl_cpp]: Particle cloud publishing scan-synchronized, max 1.0 Hz
[gpu_amcl_cpp_node-6] [INFO] [1788982522.503676728] [gpu_amcl_cpp]: GPU AMCL C++ node created — waiting for map...
[component_container-9] [INFO] [1788982522.503826468] [pure_pursuit_node]: Loaded trajectory with 2586 waypoints (51.7 m)
[component_container-9] [INFO] [1788982522.509092446] [pure_pursuit_node]: Pure Pursuit Node initialized
[component_container-9] [INFO] [1788982522.509135507] [pure_pursuit_node]:   Trajectory: /workspace/src/f1tenth_planning/trajectories/autodrive_track_ftg_commit_20260909_025m_mintime_raceline.csv (2586 points)
[component_container-9] [INFO] [1788982522.509142981] [pure_pursuit_node]:   Lookahead: 0.35 - 0.95 m (gain: 0.05)
[component_container-9] [INFO] [1788982522.509154954] [pure_pursuit_node]:   Max speed cap: 3.00 m/s
[component_container-9] [INFO] [1788982522.509160935] [pure_pursuit_node]:   Lookahead adapt: cte_weight=1.00 cte_gain=0.042 curvature_gain=1.900
[component_container-9] [INFO] [1788982522.509173318] [pure_pursuit_node]:   Speed adapt: curvature_factor=0.102 floor_ratio=0.52
[component_container-9] [INFO] [1788982522.509199718] [pure_pursuit_node]:   Speed adapt (CTE): factor=1.500 floor_ratio=0.55
[component_container-9] [INFO] [1788982522.509211570] [pure_pursuit_node]:   Speed limits: max_lat_accel=6.50 min_reg_speed=0.00
[component_container-9] [INFO] [1788982522.509217761] [pure_pursuit_node]:   Yaw-rate damping: 0.000 s
[component_container-9] [INFO] [1788982522.509223292] [pure_pursuit_node]:   Target-heading turn-in gain: 0.000
[component_container-9] [INFO] [1788982522.509229373] [pure_pursuit_node]:   Command shaping: steer_rate=3.20 accel=3.00 decel=8.00
[component_container-9] [INFO] [1788982522.509236466] [pure_pursuit_node]:   Pose: /current_map_pose (map frame)
[component_container-9] [INFO] [1788982522.509245062] [pure_pursuit_node]:   Odom: /odom
[component_container-9] [INFO] [1788982522.509253428] [pure_pursuit_node]:   Control trigger: /odom (one command per odometry update; nominal 40.0 Hz)
[component_container-9] [INFO] [1788982522.509263727] [pure_pursuit_node]:   Steering feedback: /autodrive/roboracer_1/steering (lead gain 0.25)
[component_container-9] [INFO] [1788982522.509275910] [pure_pursuit_node]:   Startup path gate: distance <= 0.80 m, heading <= 0.75 rad
[component_container-9] [INFO] [1788982522.509287101] [pure_pursuit_node]:   Command: /cmd/speed
[INFO] [launch_ros.actions.load_composable_nodes]: Loaded node '/pure_pursuit_node' in container '/controller_container'
[gpu_amcl_cpp_node-6] [INFO] [1788982522.514755980] [gpu_amcl_cpp]: Received first map (349x877 @ 0.025 m/cell) — initialising PF
[autodrive_bridge_40hz-1] /usr/local/lib/python3.10/dist-packages/numpy/core/getlimits.py:499: UserWarning: The value of the smallest subnormal for <class 'numpy.float64'> type is zero.
[autodrive_bridge_40hz-1]   setattr(self, word, getattr(machar, word).flat[0])
[autodrive_bridge_40hz-1] /usr/local/lib/python3.10/dist-packages/numpy/core/getlimits.py:89: UserWarning: The value of the smallest subnormal for <class 'numpy.float64'> type is zero.
[autodrive_bridge_40hz-1]   return self._float_to_str(self.smallest_subnormal)
[gpu_amcl_cpp_node-6] [INFO] [1788982522.530447975] [gpu_amcl_cpp]: Loaded 2587 global heading points from /workspace/src/f1tenth_planning/trajectories/autodrive_track_ftg_commit_20260909_025m_mintime_raceline.csv
[gpu_amcl_cpp_node-6] [INFO] [1788982522.548505745] [gpu_amcl_cpp]: Global AMCL startup prior centred at saved map start (0.801, 3.158, -1.571) with covariance (0.500, 0.500, 0.200).
[gpu_amcl_cpp_node-6] [INFO] [1788982522.548595793] [gpu_amcl_cpp]: Particle filter initialised with 2500 particles (global)
[gpu_amcl_cpp_node-6] [INFO] [1788982522.548657579] [gpu_amcl_cpp]: Global particle initialization active; waiting for scans before publishing pose
[ground_truth_amcl_monitor-7] [INFO] [1788982522.569508543] [ground_truth_amcl_monitor]: Absolute map scoring enabled from explicit map start: (0.8006, 3.1583, -1.5708)
[ground_truth_amcl_monitor-7] [WARN] [1788982522.578599338] [ground_truth_amcl_monitor]: Ground-truth monitor is diagnostics-only; simulator IPS/odom are not controller inputs
[actuator_interface-10] [INFO] [1788982522.589470791] [autodrive_actuator_interface]: Actuator interface ready; no arming state
[actuator_interface-10] [WARN] [1788982522.591738610] [autodrive_actuator_interface]: Neutral output: no command
[calibration-8] [INFO] [1788982522.597494877] [allowed_telemetry_recorder]: Calibration mode=sensor_record duration=120.000 s output=/workspace/src/f1tenth_planning/analysis/amcl_tuning_campaign_20260909/acceptance_3mps_odom_fix/telemetry/sensor_record_20260909_193522.csv
[autodrive_bridge_40hz-1] [autodrive_bridge_40hz] camera decode/publication disabled
[autodrive_bridge_40hz-1] [autodrive_bridge_40hz] bounded request pacing enabled at 40 Hz (max one outstanding request)
[autodrive_bridge_40hz-1] Connected!
[autodrive_bridge_40hz-1] [autodrive_bridge_40hz] dropping incomplete startup packet (missing V1 LIDAR Range Array); requesting retry
[component_container-9] [WARN] [1788982538.758831962] [pure_pursuit_node]: No pose received on /current_map_pose yet
[gpu_amcl_cpp_node-6] [INFO] [1788982538.759071411] [gpu_amcl_cpp]: Received first odometry sample at (0.00, 0.00, 0.00).
[gpu_amcl_cpp_node-6] [INFO] [1788982538.760273523] [gpu_amcl_cpp]: Received LiDAR callback #1 (1081 ranges).
[gpu_amcl_cpp_node-6] [INFO] [1788982538.760341301] [gpu_amcl_cpp]: AMCL odom delta: at_scan=(0.000, 0.000, 0.000) baseline=(0.000, 0.000, 0.000) delta=(0.000, 0.000, 0.000) moved=false scan_age=0.067s
[gpu_amcl_cpp_node-6] [INFO] [1788982538.760365566] [gpu_amcl_cpp]: Starting AMCL scan update #1 (sampled from 1081 ranges).
[gpu_amcl_cpp_node-6] [INFO] [1788982538.768014320] [gpu_amcl_cpp]: AMCL scan update #1 completed; evaluating pose confidence.
[gpu_amcl_cpp_node-6] [INFO] [1788982538.769975665] [gpu_amcl_cpp]: Global AMCL refining: cluster_weight=0.609, covariance xy=0.030 (max 0.250), yaw=0.004 (max 0.120).
[gpu_amcl_cpp_node-6] [INFO] [1788982538.770060083] [gpu_amcl_cpp]: Global AMCL lock evidence: quality=false stable_scans=1/5 travel=0.000/0.750 m (min_weight=0.500).
[gpu_amcl_cpp_node-6] [INFO] [1788982538.995948329] [gpu_amcl_cpp]: Publishing provisional global AMCL pose for localization ramp; travel=0.000/0.750 m stable_scans=5/5.
[ground_truth_amcl_monitor-7] [INFO] [1788982538.997187180] [ground_truth_amcl_monitor]: Relative GT alignment initialized: yaw=-0.000, translation=(-0.000, -0.001)
[ground_truth_amcl_monitor-7] [INFO] [1788982538.997857967] [ground_truth_amcl_monitor]: AMCL vs GT: gt=(0.801, 3.158) amcl=(0.801, 3.158) error=0.001 m / 0.000 rad; current_map=unavailable; odom=(0.801, 3.158, -1.571) error=0.000 m / 0.000 rad; ekf=(0.801, 3.158, -1.571) error=0.000 m / 0.000 rad; RMS=0.001 m / 0.000 rad max=0.001 m / 0.000 rad samples=1
[component_container-9] [INFO] [1788982539.320137691] [pure_pursuit_node]: Aligned closed trajectory seam to startup pose at original waypoint 1090
[component_container-9] [INFO] [1788982539.320231307] [pure_pursuit_node]: Startup path gate passed: path_distance=0.166 m heading_error=0.301 rad
[component_container-9] [INFO] [1788982539.320248359] [pure_pursuit_node]: Pure Pursuit: pose=(0.801, 3.158, -1.571) cte=-0.166 closest=0 target=41 path_dist=0.166 heading_err=0.301 steer=0.003 speed=0.003
[gpu_amcl_cpp_node-6] [INFO] [1788982539.770801749] [gpu_amcl_cpp]: AMCL odom delta: at_scan=(0.000, 0.000, 0.000) baseline=(0.000, 0.000, 0.000) delta=(0.000, 0.000, 0.000) moved=false scan_age=0.050s
[actuator_interface-10] [INFO] [1788982539.771640310] [autodrive_actuator_interface]: Collision baseline established at cumulative count 0
[ground_truth_amcl_monitor-7] [INFO] [1788982540.044613103] [ground_truth_amcl_monitor]: AMCL vs GT: gt=(0.802, 3.045) amcl=(0.801, 3.083) error=0.038 m / 0.009 rad; current_map=(0.802, 3.048, -1.544) error=0.003 m / 0.000 rad; odom=(0.802, 3.047, -1.544) error=0.002 m / 0.000 rad; ekf=(0.801, 3.082, -1.553) error=0.037 m / 0.009 rad; RMS=0.009 m / 0.002 rad max=0.038 m / 0.009 rad samples=38
[component_container-9] [INFO] [1788982540.369642692] [pure_pursuit_node]: Pure Pursuit: pose=(0.846, 2.531, -1.424) cte=-0.030 closest=30 target=75 path_dist=0.030 heading_err=0.127 steer=0.046 speed=2.841
[gpu_amcl_cpp_node-6] [INFO] [1788982540.422696485] [gpu_amcl_cpp]: Global AMCL candidate rejected: start-anchor distance 0.811 m > 0.750 m.
[gpu_amcl_cpp_node-6] [INFO] [1788982540.672901271] [gpu_amcl_cpp]: Global AMCL lock accepted at (0.967, 1.946, -1.310); continuing with local tracking.
[gpu_amcl_cpp_node-6] [INFO] [1788982540.722654449] [gpu_amcl_cpp]: AMCL local correction: odom_prediction=(1.003, 1.814, -1.285) scan=(0.999, 1.811, -1.295) correction=0.006 m/0.010 rad cluster_weight=0.925 publish=true
[gpu_amcl_cpp_node-6] [INFO] [1788982540.772396406] [gpu_amcl_cpp]: AMCL odom delta: at_scan=(1.473, 0.242, 0.311) baseline=(1.344, 0.203, 0.286) delta=(0.129, 0.040, 0.025) moved=true scan_age=0.051s
[ground_truth_amcl_monitor-7] [INFO] [1788982541.048698349] [ground_truth_amcl_monitor]: AMCL vs GT: gt=(1.324, 0.916) amcl=(1.241, 1.172) error=0.269 m / 0.001 rad; current_map=(1.299, 1.017, -1.214) error=0.104 m / 0.000 rad; odom=(1.263, 1.075, -1.215) error=0.171 m / 0.001 rad; ekf=(1.263, 1.075, -1.215) error=0.171 m / 0.001 rad; RMS=0.119 m / 0.021 rad max=0.541 m / 0.111 rad samples=70
[component_container-9] [INFO] [1788982541.392727555] [pure_pursuit_node]: Pure Pursuit: pose=(1.450, 0.198, -1.735) cte=-0.170 closest=150 target=195 path_dist=0.170 heading_err=0.279 steer=0.039 speed=2.368
[gpu_amcl_cpp_node-6] [INFO] [1788982541.795884126] [gpu_amcl_cpp]: AMCL odom delta: at_scan=(3.181, 0.689, -0.418) baseline=(3.181, 0.689, -0.405) delta=(0.000, -0.000, -0.013) moved=false scan_age=0.052s
[gpu_amcl_cpp_node-6] [INFO] [1788982541.847652491] [gpu_amcl_cpp]: AMCL local correction: odom_prediction=(1.365, 0.419, -1.987) scan=(1.357, 0.466, -1.962) correction=0.048 m/0.025 rad cluster_weight=0.930 publish=true
[ground_truth_amcl_monitor-7] [INFO] [1788982542.068775238] [ground_truth_amcl_monitor]: AMCL vs GT: gt=(1.316, -0.669) amcl=(1.323, 0.073) error=0.742 m / 0.029 rad; current_map=(1.281, -0.044, -1.901) error=0.627 m / 0.000 rad; odom=(1.288, -0.524, -1.901) error=0.148 m / 0.000 rad; ekf=(1.288, -0.524, -1.901) error=0.148 m / 0.000 rad; RMS=0.415 m / 0.031 rad max=0.979 m / 0.130 rad samples=106
[component_container-9] [INFO] [1788982542.441782250] [pure_pursuit_node]: Pure Pursuit: pose=(1.344, -1.461, -1.174) cte=0.019 closest=232 target=279 path_dist=0.019 heading_err=-0.411 steer=-0.278 speed=2.717
[ground_truth_amcl_monitor-7] [INFO] [1788982542.669758963] [ground_truth_amcl_monitor]: Ground-truth jump/reset detected; waiting for fresh AMCL alignment
[actuator_interface-10] [ERROR] [1788982542.670355290] [autodrive_actuator_interface]: Collision count increased to 1; terminal stop latched, no simulator reset published
[ground_truth_amcl_monitor-7] [INFO] [1788982542.671171049] [ground_truth_amcl_monitor]: Collision epoch changed; discarding localization comparison; waiting for fresh AMCL alignment
[actuator_interface-10] [WARN] [1788982542.686988080] [autodrive_actuator_interface]: Neutral output: external stop
[gpu_amcl_cpp_node-6] [INFO] [1788982542.820878633] [gpu_amcl_cpp]: AMCL odom delta: at_scan=(5.423, 0.900, 0.543) baseline=(5.316, 0.837, 0.538) delta=(0.107, 0.064, 0.005) moved=true scan_age=0.049s
[gpu_amcl_cpp_node-6] [INFO] [1788982542.872870297] [gpu_amcl_cpp]: AMCL local correction: odom_prediction=(1.855, -2.297, -1.034) scan=(1.900, -2.312, -1.023) correction=0.048 m/0.010 rad cluster_weight=0.778 publish=true
[component_container-9] [INFO] [1788982543.466497867] [pure_pursuit_node]: Pure Pursuit: pose=(2.126, -2.404, -1.083) cte=-0.801 closest=277 target=318 path_dist=0.801 heading_err=-0.555 steer=-0.524 speed=1.640
[gpu_amcl_cpp_node-6] [INFO] [1788982543.771546345] [gpu_amcl_cpp]: Received LiDAR callback #93 (1081 ranges).
[gpu_amcl_cpp_node-6] [INFO] [1788982543.822005967] [gpu_amcl_cpp]: AMCL odom delta: at_scan=(5.579, 0.990, 0.488) baseline=(5.579, 0.990, 0.488) delta=(0.000, 0.000, 0.000) moved=false scan_age=0.050s
[component_container-9] [INFO] [1788982544.466626952] [pure_pursuit_node]: Pure Pursuit: pose=(2.126, -2.404, -1.083) cte=-0.801 closest=277 target=318 path_dist=0.801 heading_err=-0.555 steer=-0.524 speed=1.640
[gpu_amcl_cpp_node-6] [INFO] [1788982544.822296436] [gpu_amcl_cpp]: AMCL odom delta: at_scan=(5.579, 0.990, 0.488) baseline=(5.579, 0.990, 0.488) delta=(0.000, 0.000, -0.000) moved=false scan_age=0.051s
[component_container-9] [INFO] [1788982545.491704607] [pure_pursuit_node]: Pure Pursuit: pose=(2.126, -2.404, -1.083) cte=-0.801 closest=277 target=318 path_dist=0.801 heading_err=-0.555 steer=-0.524 speed=1.640
[gpu_amcl_cpp_node-6] [INFO] [1788982545.867572976] [gpu_amcl_cpp]: AMCL odom delta: at_scan=(5.579, 0.990, 0.488) baseline=(5.579, 0.990, 0.488) delta=(0.000, 0.000, 0.000) moved=false scan_age=0.050s
[component_container-9] [INFO] [1788982546.516431750] [pure_pursuit_node]: Pure Pursuit: pose=(2.126, -2.404, -1.083) cte=-0.801 closest=277 target=318 path_dist=0.801 heading_err=-0.555 steer=-0.524 speed=1.640
[gpu_amcl_cpp_node-6] [INFO] [1788982546.867808281] [gpu_amcl_cpp]: AMCL odom delta: at_scan=(5.579, 0.990, 0.488) baseline=(5.579, 0.990, 0.488) delta=(0.000, 0.000, 0.000) moved=false scan_age=0.050s
[component_container-9] [INFO] [1788982547.541558302] [pure_pursuit_node]: Pure Pursuit: pose=(2.126, -2.404, -1.083) cte=-0.801 closest=277 target=318 path_dist=0.801 heading_err=-0.555 steer=-0.524 speed=1.640
[gpu_amcl_cpp_node-6] [INFO] [1788982547.868298515] [gpu_amcl_cpp]: AMCL odom delta: at_scan=(5.579, 0.990, 0.488) baseline=(5.579, 0.990, 0.488) delta=(0.000, 0.000, 0.000) moved=false scan_age=0.051s
[component_container-9] [INFO] [1788982548.547083295] [pure_pursuit_node]: Pure Pursuit: pose=(2.126, -2.404, -1.083) cte=-0.801 closest=277 target=318 path_dist=0.801 heading_err=-0.555 steer=-0.524 speed=1.640
[gpu_amcl_cpp_node-6] [INFO] [1788982548.823022386] [gpu_amcl_cpp]: Received LiDAR callback #188 (1081 ranges).
[gpu_amcl_cpp_node-6] [INFO] [1788982548.893949145] [gpu_amcl_cpp]: AMCL odom delta: at_scan=(5.579, 0.990, 0.488) baseline=(5.579, 0.990, 0.488) delta=(0.000, 0.000, 0.000) moved=false scan_age=0.051s
[component_container-9] [INFO] [1788982549.592690086] [pure_pursuit_node]: Pure Pursuit: pose=(2.126, -2.404, -1.083) cte=-0.801 closest=277 target=318 path_dist=0.801 heading_err=-0.555 steer=-0.524 speed=1.640
[gpu_amcl_cpp_node-6] [INFO] [1788982549.921789092] [gpu_amcl_cpp]: AMCL odom delta: at_scan=(5.579, 0.990, 0.488) baseline=(5.579, 0.990, 0.488) delta=(0.000, 0.000, 0.000) moved=false scan_age=0.052s
[component_container-9] [INFO] [1788982550.641439742] [pure_pursuit_node]: Pure Pursuit: pose=(2.126, -2.404, -1.083) cte=-0.801 closest=277 target=318 path_dist=0.801 heading_err=-0.555 steer=-0.524 speed=1.640
[gpu_amcl_cpp_node-6] [INFO] [1788982550.943166562] [gpu_amcl_cpp]: AMCL odom delta: at_scan=(5.579, 0.990, 0.488) baseline=(5.579, 0.990, 0.488) delta=(0.000, 0.000, 0.000) moved=false scan_age=0.050s
[component_container-9] [INFO] [1788982551.642397287] [pure_pursuit_node]: Pure Pursuit: pose=(2.126, -2.404, -1.083) cte=-0.801 closest=277 target=318 path_dist=0.801 heading_err=-0.555 steer=-0.524 speed=1.640
[gpu_amcl_cpp_node-6] [INFO] [1788982551.972691685] [gpu_amcl_cpp]: AMCL odom delta: at_scan=(5.579, 0.990, 0.488) baseline=(5.579, 0.990, 0.488) delta=(0.000, 0.000, 0.000) moved=false scan_age=0.051s
[component_container-9] [INFO] [1788982552.671746983] [pure_pursuit_node]: Pure Pursuit: pose=(2.126, -2.404, -1.083) cte=-0.801 closest=277 target=318 path_dist=0.801 heading_err=-0.555 steer=-0.524 speed=1.640
[gpu_amcl_cpp_node-6] [INFO] [1788982553.018026330] [gpu_amcl_cpp]: AMCL odom delta: at_scan=(5.579, 0.990, 0.488) baseline=(5.579, 0.990, 0.488) delta=(0.000, 0.000, 0.000) moved=false scan_age=0.050s
[component_container-9] [INFO] [1788982553.717084216] [pure_pursuit_node]: Pure Pursuit: pose=(2.126, -2.404, -1.083) cte=-0.801 closest=277 target=318 path_dist=0.801 heading_err=-0.555 steer=-0.524 speed=1.640
[gpu_amcl_cpp_node-6] [INFO] [1788982553.892689871] [gpu_amcl_cpp]: Received LiDAR callback #281 (1081 ranges).
[gpu_amcl_cpp_node-6] [INFO] [1788982554.047642502] [gpu_amcl_cpp]: AMCL odom delta: at_scan=(5.579, 0.990, 0.488) baseline=(5.579, 0.990, 0.488) delta=(0.000, 0.000, 0.000) moved=false scan_age=0.053s
[component_container-9] [INFO] [1788982554.717360606] [pure_pursuit_node]: Pure Pursuit: pose=(2.126, -2.404, -1.083) cte=-0.801 closest=277 target=318 path_dist=0.801 heading_err=-0.555 steer=-0.524 speed=1.640
[gpu_amcl_cpp_node-6] [INFO] [1788982555.095321108] [gpu_amcl_cpp]: AMCL odom delta: at_scan=(5.579, 0.990, 0.488) baseline=(5.579, 0.990, 0.488) delta=(0.000, 0.000, 0.000) moved=false scan_age=0.051s
[component_container-9] [INFO] [1788982555.742906175] [pure_pursuit_node]: Pure Pursuit: pose=(2.126, -2.404, -1.083) cte=-0.801 closest=277 target=318 path_dist=0.801 heading_err=-0.555 steer=-0.524 speed=1.640
[gpu_amcl_cpp_node-6] [INFO] [1788982556.141889246] [gpu_amcl_cpp]: AMCL odom delta: at_scan=(5.579, 0.990, 0.488) baseline=(5.579, 0.990, 0.488) delta=(0.000, 0.000, 0.000) moved=false scan_age=0.049s
[component_container-9] [INFO] [1788982556.767555649] [pure_pursuit_node]: Pure Pursuit: pose=(2.126, -2.404, -1.083) cte=-0.801 closest=277 target=318 path_dist=0.801 heading_err=-0.555 steer=-0.524 speed=1.640
[gpu_amcl_cpp_node-6] [INFO] [1788982557.169240696] [gpu_amcl_cpp]: AMCL odom delta: at_scan=(5.579, 0.990, 0.488) baseline=(5.579, 0.990, 0.488) delta=(0.000, 0.000, 0.000) moved=false scan_age=0.051s
[component_container-9] [INFO] [1788982557.816755597] [pure_pursuit_node]: Pure Pursuit: pose=(2.126, -2.404, -1.083) cte=-0.801 closest=277 target=318 path_dist=0.801 heading_err=-0.555 steer=-0.524 speed=1.640
[gpu_amcl_cpp_node-6] [INFO] [1788982558.198930702] [gpu_amcl_cpp]: AMCL odom delta: at_scan=(5.579, 0.990, 0.488) baseline=(5.579, 0.990, 0.488) delta=(0.000, 0.000, 0.000) moved=false scan_age=0.052s
[component_container-9] [INFO] [1788982558.820899279] [pure_pursuit_node]: Pure Pursuit: pose=(2.126, -2.404, -1.083) cte=-0.801 closest=277 target=318 path_dist=0.801 heading_err=-0.555 steer=-0.524 speed=1.640
[gpu_amcl_cpp_node-6] [INFO] [1788982558.944982350] [gpu_amcl_cpp]: Received LiDAR callback #371 (1081 ranges).
[gpu_amcl_cpp_node-6] [INFO] [1788982559.268049534] [gpu_amcl_cpp]: AMCL odom delta: at_scan=(5.579, 0.990, 0.488) baseline=(5.579, 0.990, 0.488) delta=(0.000, 0.000, 0.000) moved=false scan_age=0.050s
[component_container-9] [INFO] [1788982559.870527787] [pure_pursuit_node]: Pure Pursuit: pose=(2.126, -2.404, -1.083) cte=-0.801 closest=277 target=318 path_dist=0.801 heading_err=-0.555 steer=-0.524 speed=1.640
[gpu_amcl_cpp_node-6] [INFO] [1788982560.297009570] [gpu_amcl_cpp]: AMCL odom delta: at_scan=(5.579, 0.990, 0.488) baseline=(5.579, 0.990, 0.488) delta=(0.000, 0.000, 0.000) moved=false scan_age=0.050s
[component_container-9] [INFO] [1788982560.916513323] [pure_pursuit_node]: Pure Pursuit: pose=(2.126, -2.404, -1.083) cte=-0.801 closest=277 target=318 path_dist=0.801 heading_err=-0.555 steer=-0.524 speed=1.640
[gpu_amcl_cpp_node-6] [INFO] [1788982561.316682445] [gpu_amcl_cpp]: AMCL odom delta: at_scan=(5.579, 0.990, 0.488) baseline=(5.579, 0.990, 0.488) delta=(0.000, 0.000, 0.000) moved=false scan_age=0.049s
[component_container-9] [INFO] [1788982561.921461605] [pure_pursuit_node]: Pure Pursuit: pose=(2.126, -2.404, -1.083) cte=-0.801 closest=277 target=318 path_dist=0.801 heading_err=-0.555 steer=-0.524 speed=1.640
[gpu_amcl_cpp_node-6] [INFO] [1788982562.343521974] [gpu_amcl_cpp]: AMCL odom delta: at_scan=(5.579, 0.990, 0.488) baseline=(5.579, 0.990, 0.488) delta=(0.000, 0.000, 0.000) moved=false scan_age=0.050s
[component_container-9] [INFO] [1788982562.971478002] [pure_pursuit_node]: Pure Pursuit: pose=(2.126, -2.404, -1.083) cte=-0.801 closest=277 target=318 path_dist=0.801 heading_err=-0.555 steer=-0.524 speed=1.640
[gpu_amcl_cpp_node-6] [INFO] [1788982563.367573503] [gpu_amcl_cpp]: AMCL odom delta: at_scan=(5.579, 0.990, 0.488) baseline=(5.579, 0.990, 0.488) delta=(0.000, 0.000, 0.000) moved=false scan_age=0.049s
[gpu_amcl_cpp_node-6] [INFO] [1788982563.947049035] [gpu_amcl_cpp]: Received LiDAR callback #460 (1081 ranges).
[component_container-9] [INFO] [1788982563.995701415] [pure_pursuit_node]: Pure Pursuit: pose=(2.126, -2.404, -1.083) cte=-0.801 closest=277 target=318 path_dist=0.801 heading_err=-0.555 steer=-0.524 speed=1.640
[gpu_amcl_cpp_node-6] [INFO] [1788982564.393486473] [gpu_amcl_cpp]: AMCL odom delta: at_scan=(5.579, 0.990, 0.488) baseline=(5.579, 0.990, 0.488) delta=(0.000, 0.000, 0.000) moved=false scan_age=0.051s
[component_container-9] [INFO] [1788982565.041280845] [pure_pursuit_node]: Pure Pursuit: pose=(2.126, -2.404, -1.083) cte=-0.801 closest=277 target=318 path_dist=0.801 heading_err=-0.555 steer=-0.524 speed=1.640
[gpu_amcl_cpp_node-6] [INFO] [1788982565.444650781] [gpu_amcl_cpp]: AMCL odom delta: at_scan=(5.579, 0.990, 0.488) baseline=(5.579, 0.990, 0.488) delta=(0.000, 0.000, 0.000) moved=false scan_age=0.052s
[component_container-9] [INFO] [1788982566.070432321] [pure_pursuit_node]: Pure Pursuit: pose=(2.126, -2.404, -1.083) cte=-0.801 closest=277 target=318 path_dist=0.801 heading_err=-0.555 steer=-0.524 speed=1.640
[gpu_amcl_cpp_node-6] [INFO] [1788982566.472518263] [gpu_amcl_cpp]: AMCL odom delta: at_scan=(5.579, 0.990, 0.488) baseline=(5.579, 0.990, 0.488) delta=(0.000, 0.000, 0.000) moved=false scan_age=0.053s
[component_container-9] [INFO] [1788982567.118022137] [pure_pursuit_node]: Pure Pursuit: pose=(2.126, -2.404, -1.083) cte=-0.801 closest=277 target=318 path_dist=0.801 heading_err=-0.555 steer=-0.524 speed=1.640
[gpu_amcl_cpp_node-6] [INFO] [1788982567.517671283] [gpu_amcl_cpp]: AMCL odom delta: at_scan=(5.579, 0.990, 0.488) baseline=(5.579, 0.990, 0.488) delta=(0.000, 0.000, 0.000) moved=false scan_age=0.049s
[component_container-9] [INFO] [1788982568.120634123] [pure_pursuit_node]: Pure Pursuit: pose=(2.126, -2.404, -1.083) cte=-0.801 closest=277 target=318 path_dist=0.801 heading_err=-0.555 steer=-0.524 speed=1.640
[gpu_amcl_cpp_node-6] [INFO] [1788982568.567084712] [gpu_amcl_cpp]: AMCL odom delta: at_scan=(5.579, 0.990, 0.488) baseline=(5.579, 0.990, 0.488) delta=(0.000, 0.000, 0.000) moved=false scan_age=0.050s
[gpu_amcl_cpp_node-6] [INFO] [1788982568.997518765] [gpu_amcl_cpp]: Received LiDAR callback #549 (1081 ranges).
[component_container-9] [INFO] [1788982569.121047061] [pure_pursuit_node]: Pure Pursuit: pose=(2.126, -2.404, -1.083) cte=-0.801 closest=277 target=318 path_dist=0.801 heading_err=-0.555 steer=-0.524 speed=1.640
[gpu_amcl_cpp_node-6] [INFO] [1788982569.620087351] [gpu_amcl_cpp]: AMCL odom delta: at_scan=(5.579, 0.990, 0.488) baseline=(5.579, 0.990, 0.488) delta=(0.000, 0.000, 0.000) moved=false scan_age=0.052s
[component_container-9] [INFO] [1788982570.145541184] [pure_pursuit_node]: Pure Pursuit: pose=(2.126, -2.404, -1.083) cte=-0.801 closest=277 target=318 path_dist=0.801 heading_err=-0.555 steer=-0.524 speed=1.640
[gpu_amcl_cpp_node-6] [INFO] [1788982570.668807469] [gpu_amcl_cpp]: AMCL odom delta: at_scan=(5.579, 0.990, 0.488) baseline=(5.579, 0.990, 0.488) delta=(0.000, 0.000, 0.000) moved=false scan_age=0.050s
[component_container-9] [INFO] [1788982571.193085800] [pure_pursuit_node]: Pure Pursuit: pose=(2.126, -2.404, -1.083) cte=-0.801 closest=277 target=318 path_dist=0.801 heading_err=-0.555 steer=-0.524 speed=1.640
[gpu_amcl_cpp_node-6] [INFO] [1788982571.719265627] [gpu_amcl_cpp]: AMCL odom delta: at_scan=(5.579, 0.990, 0.488) baseline=(5.579, 0.990, 0.488) delta=(0.000, 0.000, 0.000) moved=false scan_age=0.051s
[component_container-9] [INFO] [1788982572.246809100] [pure_pursuit_node]: Pure Pursuit: pose=(2.126, -2.404, -1.083) cte=-0.801 closest=277 target=318 path_dist=0.801 heading_err=-0.555 steer=-0.524 speed=1.640
[gpu_amcl_cpp_node-6] [INFO] [1788982572.744080992] [gpu_amcl_cpp]: AMCL odom delta: at_scan=(5.579, 0.990, 0.488) baseline=(5.579, 0.990, 0.488) delta=(0.000, 0.000, 0.000) moved=false scan_age=0.051s
[component_container-9] [INFO] [1788982573.296299091] [pure_pursuit_node]: Pure Pursuit: pose=(2.126, -2.404, -1.083) cte=-0.801 closest=277 target=318 path_dist=0.801 heading_err=-0.555 steer=-0.524 speed=1.640
[gpu_amcl_cpp_node-6] [INFO] [1788982573.746652322] [gpu_amcl_cpp]: AMCL odom delta: at_scan=(5.579, 0.990, 0.488) baseline=(5.579, 0.990, 0.488) delta=(0.000, 0.000, 0.000) moved=false scan_age=0.052s
[gpu_amcl_cpp_node-6] [INFO] [1788982574.048668300] [gpu_amcl_cpp]: Received LiDAR callback #636 (1081 ranges).
[component_container-9] [INFO] [1788982574.297858206] [pure_pursuit_node]: Pure Pursuit: pose=(2.126, -2.404, -1.083) cte=-0.801 closest=277 target=318 path_dist=0.801 heading_err=-0.555 steer=-0.524 speed=1.640
[gpu_amcl_cpp_node-6] [INFO] [1788982574.794294364] [gpu_amcl_cpp]: AMCL odom delta: at_scan=(5.579, 0.990, 0.488) baseline=(5.579, 0.990, 0.488) delta=(0.000, 0.000, 0.000) moved=false scan_age=0.051s
[component_container-9] [INFO] [1788982575.346864166] [pure_pursuit_node]: Pure Pursuit: pose=(2.126, -2.404, -1.083) cte=-0.801 closest=277 target=318 path_dist=0.801 heading_err=-0.555 steer=-0.524 speed=1.640
[gpu_amcl_cpp_node-6] [INFO] [1788982575.819963921] [gpu_amcl_cpp]: AMCL odom delta: at_scan=(5.579, 0.990, 0.488) baseline=(5.579, 0.990, 0.488) delta=(0.000, 0.000, 0.000) moved=false scan_age=0.052s
[component_container-9] [INFO] [1788982576.370748780] [pure_pursuit_node]: Pure Pursuit: pose=(2.126, -2.404, -1.083) cte=-0.801 closest=277 target=318 path_dist=0.801 heading_err=-0.555 steer=-0.524 speed=1.640
[gpu_amcl_cpp_node-6] [INFO] [1788982576.848254614] [gpu_amcl_cpp]: AMCL odom delta: at_scan=(5.579, 0.990, 0.488) baseline=(5.579, 0.990, 0.488) delta=(0.000, 0.000, 0.000) moved=false scan_age=0.051s
