[INFO] [launch]: All log files can be found below /root/.ros/log/2026-09-10-03-47-13-820995-ExternalDrive-1595
[INFO] [launch]: Default logging verbosity is set to INFO
[INFO] [launch.user]: controller=pure_pursuit custom_amcl=True rviz=False
[INFO] [autodrive_bridge_40hz-1]: process started with pid [1623]
[INFO] [sensor_odometry_node-2]: process started with pid [1625]
[INFO] [ekf_localization_node-3]: process started with pid [1627]
[INFO] [map_server-4]: process started with pid [1629]
[INFO] [lifecycle_manager-5]: process started with pid [1631]
[INFO] [gpu_amcl_cpp_node-6]: process started with pid [1633]
[INFO] [ground_truth_amcl_monitor-7]: process started with pid [1635]
[INFO] [calibration-8]: process started with pid [1637]
[INFO] [component_container-9]: process started with pid [1639]
[INFO] [actuator_interface-10]: process started with pid [1641]
[lifecycle_manager-5] [INFO] [1789012034.047838456] [lifecycle_manager_map]: Creating
[lifecycle_manager-5] [INFO] [1789012034.052971400] [lifecycle_manager_map]: [34m[1mCreating and initializing lifecycle service clients[0m[0m
[ekf_localization_node-3] [INFO] [1789012034.058129422] [ekf_localization]: Local odometry trust filter ready: /odom -> /ekf_odom and /ekf_pose in frame odom; reset events=/autodrive/reset_command
[sensor_odometry_node-2] [INFO] [1789012034.076614419] [sensor_odometry]: Deterministic odometry observer: exact timestamp packets, encoders + IMU only
[map_server-4] [INFO] [1789012034.081123169] [map_server]: 
[map_server-4] 	map_server lifecycle node launched. 
[map_server-4] 	Waiting on external lifecycle transitions to activate
[map_server-4] 	See https://design.ros2.org/articles/node_lifecycle.html for more information.
[map_server-4] [INFO] [1789012034.081325099] [map_server]: Creating
[lifecycle_manager-5] [INFO] [1789012034.126843049] [lifecycle_manager_map]: [34m[1mStarting managed nodes bringup...[0m[0m
[lifecycle_manager-5] [INFO] [1789012034.126933550] [lifecycle_manager_map]: [34m[1mConfiguring map_server[0m[0m
[component_container-9] [INFO] [1789012034.248599891] [controller_container]: Load Library: /workspace/install/lib/libpure_pursuit_node.so
[component_container-9] [INFO] [1789012034.252718949] [controller_container]: Found class: rclcpp_components::NodeFactoryTemplate<f1tenth_control::PurePursuitNode>
[component_container-9] [INFO] [1789012034.252815500] [controller_container]: Instantiate class: rclcpp_components::NodeFactoryTemplate<f1tenth_control::PurePursuitNode>
[map_server-4] [INFO] [1789012034.274645529] [map_server]: Configuring
[map_server-4] [INFO] [1789012034.274770764] [map_io]: Loading yaml file: /workspace/src/f1tenth_planning/maps/autodrive_track_ftg_commit_20260909_025m.yaml
[component_container-9] [INFO] [1789012034.274984466] [pure_pursuit_node]: Initializing Pure Pursuit Node
[map_server-4] [INFO] [1789012034.275196044] [map_io]: resolution: 0.025
[map_server-4] [INFO] [1789012034.275212625] [map_io]: origin[0]: -6.82
[map_server-4] [INFO] [1789012034.275223926] [map_io]: origin[1]: -12.3
[map_server-4] [INFO] [1789012034.275233595] [map_io]: origin[2]: 0
[map_server-4] [INFO] [1789012034.275243533] [map_io]: free_thresh: 0.25
[map_server-4] [INFO] [1789012034.275253582] [map_io]: occupied_thresh: 0.65
[map_server-4] [INFO] [1789012034.275264052] [map_io]: mode: trinary
[map_server-4] [INFO] [1789012034.275276114] [map_io]: negate: 0
[map_server-4] [INFO] [1789012034.275659506] [map_io]: Loading image_file: /workspace/src/f1tenth_planning/maps/autodrive_track_ftg_commit_20260909_025m.pgm
[component_container-9] [INFO] [1789012034.288245688] [pure_pursuit_node]: Loaded trajectory with 2586 waypoints (51.7 m)
[component_container-9] [INFO] [1789012034.298056861] [pure_pursuit_node]: Pure Pursuit Node initialized
[component_container-9] [INFO] [1789012034.298116884] [pure_pursuit_node]:   Trajectory: /workspace/src/f1tenth_planning/trajectories/autodrive_track_ftg_commit_20260909_025m_mintime_raceline.csv (2586 points)
[INFO] [launch_ros.actions.load_composable_nodes]: Loaded node '/pure_pursuit_node' in container '/controller_container'
[component_container-9] [INFO] [1789012034.298142342] [pure_pursuit_node]:   Lookahead: 0.75 - 1.10 m (gain: 0.05)
[component_container-9] [INFO] [1789012034.298164533] [pure_pursuit_node]:   Max speed cap: 1.50 m/s
[component_container-9] [INFO] [1789012034.298178520] [pure_pursuit_node]:   Lookahead adapt: cte_weight=1.00 cte_gain=0.042 curvature_gain=1.900
[component_container-9] [INFO] [1789012034.298195822] [pure_pursuit_node]:   Speed adapt: curvature_factor=0.102 floor_ratio=0.52
[component_container-9] [INFO] [1789012034.298212133] [pure_pursuit_node]:   Speed adapt (CTE): factor=1.500 floor_ratio=0.55
[component_container-9] [INFO] [1789012034.298227442] [pure_pursuit_node]:   Speed limits: max_lat_accel=6.50 min_reg_speed=0.00
[component_container-9] [INFO] [1789012034.298243632] [pure_pursuit_node]:   Yaw-rate damping: 0.000 s
[component_container-9] [INFO] [1789012034.298259161] [pure_pursuit_node]:   Target-heading turn-in gain: 0.000
[component_container-9] [INFO] [1789012034.298278337] [pure_pursuit_node]:   Command shaping: steer_rate=3.20 accel=3.00 decel=8.00
[component_container-9] [INFO] [1789012034.298296552] [pure_pursuit_node]:   Pose: /current_map_pose (map frame)
[component_container-9] [INFO] [1789012034.298309817] [pure_pursuit_node]:   Odom: /odom
[component_container-9] [INFO] [1789012034.298318253] [pure_pursuit_node]:   Control trigger: /odom (one command per odometry update; nominal 40.0 Hz)
[component_container-9] [INFO] [1789012034.298334473] [pure_pursuit_node]:   Steering feedback: /autodrive/roboracer_1/steering (lead gain 0.25)
[component_container-9] [INFO] [1789012034.298363327] [pure_pursuit_node]:   Startup path gate: distance <= 0.80 m, heading <= 0.75 rad
[component_container-9] [INFO] [1789012034.298398173] [pure_pursuit_node]:   Command: /cmd/speed
[gpu_amcl_cpp_node-6] [INFO] [1789012034.298643925] [gpu_amcl_cpp]: [AMCL] Parameters: update_min_d=0.02000, update_min_a=0.03500, max_scan_age=0.2500, odom_history=1.000s, cloud_publish_rate=1.0 Hz, debug_pre_resample=false, slip_threshold=1.00 rad/s, initial_raceline_heading=false, local_correction_gate=0.00m/0.00rad xy_gain=0.500 cross_track_only=false along_track_gain=0.250 yaw_gain=0.000 association=0.80m recenter_cloud=true
[gpu_amcl_cpp_node-6] [INFO] [1789012034.311685794] [gpu_amcl_cpp]: Particle cloud publishing scan-synchronized, max 1.0 Hz
[gpu_amcl_cpp_node-6] [INFO] [1789012034.311750085] [gpu_amcl_cpp]: GPU AMCL C++ node created — waiting for map...
[map_server-4] [INFO] [1789012034.327777810] [map_io]: Read map /workspace/src/f1tenth_planning/maps/autodrive_track_ftg_commit_20260909_025m.pgm: 349 X 877 map @ 0.025 m/cell
[calibration-8] [37;1m2026-09-10 03:47:14.331 [31;1m[[37;1mRTPS_TRANSPORT_SHM[31;1m Error] [37mFailed init_port fastrtps_port7431: open_and_lock_file failed[34;1m -> Function [36mopen_port_internal[m
[lifecycle_manager-5] [INFO] [1789012034.335904646] [lifecycle_manager_map]: [34m[1mActivating map_server[0m[0m
[map_server-4] [INFO] [1789012034.336129709] [map_server]: Activating
[map_server-4] [INFO] [1789012034.337581309] [map_server]: Creating bond (map_server) to lifecycle manager.
[gpu_amcl_cpp_node-6] [INFO] [1789012034.339107730] [gpu_amcl_cpp]: Received first map (349x877 @ 0.025 m/cell) — initialising PF
[ground_truth_amcl_monitor-7] [37;1m2026-09-10 03:47:14.340 [31;1m[[37;1mRTPS_TRANSPORT_SHM[31;1m Error] [37mFailed init_port fastrtps_port7431: open_and_lock_file failed[34;1m -> Function [36mopen_port_internal[m
[autodrive_bridge_40hz-1] /usr/local/lib/python3.10/dist-packages/numpy/core/getlimits.py:499: UserWarning: The value of the smallest subnormal for <class 'numpy.float64'> type is zero.
[autodrive_bridge_40hz-1]   setattr(self, word, getattr(machar, word).flat[0])
[autodrive_bridge_40hz-1] /usr/local/lib/python3.10/dist-packages/numpy/core/getlimits.py:89: UserWarning: The value of the smallest subnormal for <class 'numpy.float64'> type is zero.
[autodrive_bridge_40hz-1]   return self._float_to_str(self.smallest_subnormal)
[gpu_amcl_cpp_node-6] [INFO] [1789012034.430279517] [gpu_amcl_cpp]: Loaded 2587 global heading points from /workspace/src/f1tenth_planning/trajectories/autodrive_track_ftg_commit_20260909_025m_mintime_raceline.csv
[ground_truth_amcl_monitor-7] [INFO] [1789012034.442739963] [ground_truth_amcl_monitor]: Absolute map scoring enabled from explicit map start: (0.8006, 3.1583, -1.5708)
[calibration-8] [INFO] [1789012034.449218017] [allowed_telemetry_recorder]: Calibration mode=sensor_record duration=0.000 s output=/workspace/src/f1tenth_planning/analysis/amcl_tuning_campaign_20260909/acceptance_midpoint_odom_slowfirst_20260910_run26/sensor_record_20260910_034714.csv
[lifecycle_manager-5] [INFO] [1789012034.452405673] [lifecycle_manager_map]: Server map_server connected with bond.
[lifecycle_manager-5] [INFO] [1789012034.452476676] [lifecycle_manager_map]: [34m[1mManaged nodes are active[0m[0m
[lifecycle_manager-5] [INFO] [1789012034.452494419] [lifecycle_manager_map]: [34m[1mCreating bond timer...[0m[0m
[gpu_amcl_cpp_node-6] [INFO] [1789012034.452394011] [gpu_amcl_cpp]: Global AMCL startup prior centred at saved map start (0.801, 3.158, -1.571) with covariance (0.500, 0.500, 0.200).
[gpu_amcl_cpp_node-6] [INFO] [1789012034.452490552] [gpu_amcl_cpp]: Particle filter initialised with 2500 particles (global)
[gpu_amcl_cpp_node-6] [INFO] [1789012034.452538272] [gpu_amcl_cpp]: Global particle initialization active; waiting for scans before publishing pose
[ground_truth_amcl_monitor-7] [WARN] [1789012034.454181923] [ground_truth_amcl_monitor]: Ground-truth monitor is diagnostics-only; simulator IPS/odom are not controller inputs
[actuator_interface-10] [INFO] [1789012034.477393961] [autodrive_actuator_interface]: Actuator interface ready; no arming state
[actuator_interface-10] [WARN] [1789012034.478906386] [autodrive_actuator_interface]: Neutral output: no command
[autodrive_bridge_40hz-1] [autodrive_bridge_40hz] camera decode/publication disabled
[autodrive_bridge_40hz-1] [autodrive_bridge_40hz] bounded request pacing enabled at 40 Hz (max one outstanding request)
[autodrive_bridge_40hz-1] [37;1m2026-09-10 03:47:14.660 [31;1m[[37;1mRTPS_TRANSPORT_SHM[31;1m Error] [37mFailed init_port fastrtps_port7431: open_and_lock_file failed[34;1m -> Function [36mopen_port_internal[m
[autodrive_bridge_40hz-1] Traceback (most recent call last):
[autodrive_bridge_40hz-1]   File "/workspace/install/lib/sdu_apex_autodrive/autodrive_bridge_40hz", line 33, in <module>
[autodrive_bridge_40hz-1]     sys.exit(load_entry_point('sdu-apex-autodrive', 'console_scripts', 'autodrive_bridge_40hz')())
[autodrive_bridge_40hz-1]   File "/workspace/build/sdu_apex_autodrive/sdu_apex_autodrive/bridge_40hz.py", line 465, in main
[autodrive_bridge_40hz-1]     official_bridge.main()
[autodrive_bridge_40hz-1]   File "/home/autodrive_devkit/install/autodrive_roboracer/lib/python3.10/site-packages/autodrive_roboracer/autodrive_bridge.py", line 442, in main
[autodrive_bridge_40hz-1]     pywsgi.WSGIServer(('', 4567), app, handler_class=WebSocketHandler).serve_forever() # Deploy as a gevent WSGI server
[autodrive_bridge_40hz-1]   File "/usr/local/lib/python3.10/dist-packages/gevent/baseserver.py", line 398, in serve_forever
[autodrive_bridge_40hz-1]     self.start()
[autodrive_bridge_40hz-1]   File "/usr/local/lib/python3.10/dist-packages/gevent/baseserver.py", line 336, in start
[autodrive_bridge_40hz-1]     self.init_socket()
[autodrive_bridge_40hz-1]   File "/usr/local/lib/python3.10/dist-packages/gevent/pywsgi.py", line 1545, in init_socket
[autodrive_bridge_40hz-1]     StreamServer.init_socket(self)
[autodrive_bridge_40hz-1]   File "/usr/local/lib/python3.10/dist-packages/gevent/server.py", line 180, in init_socket
[autodrive_bridge_40hz-1]     self.socket = self.get_listener(self.address, self.backlog, self.family)
[autodrive_bridge_40hz-1]   File "/usr/local/lib/python3.10/dist-packages/gevent/server.py", line 192, in get_listener
[autodrive_bridge_40hz-1]     return _tcp_listener(address, backlog=backlog, reuse_addr=cls.reuse_addr, family=family)
[autodrive_bridge_40hz-1]   File "/usr/local/lib/python3.10/dist-packages/gevent/server.py", line 288, in _tcp_listener
[autodrive_bridge_40hz-1]     sock.bind(address)
[autodrive_bridge_40hz-1]   File "/usr/local/lib/python3.10/dist-packages/gevent/_socketcommon.py", line 563, in bind
[autodrive_bridge_40hz-1]     return self._sock.bind(address)
[autodrive_bridge_40hz-1] OSError: [Errno 98] Address already in use: ('0.0.0.0', 4567)
[autodrive_bridge_40hz-1] terminate called without an active exception
[ERROR] [autodrive_bridge_40hz-1]: process has died [pid 1623, exit code -6, cmd '/workspace/install/lib/sdu_apex_autodrive/autodrive_bridge_40hz --ros-args -r __node:=autodrive_bridge'].
