[INFO] [launch]: All log files can be found below /root/.ros/log/2026-09-10-03-40-34-640430-ExternalDrive-619
[INFO] [launch]: Default logging verbosity is set to INFO
[INFO] [launch.user]: controller=pure_pursuit custom_amcl=True rviz=False
[INFO] [autodrive_bridge_40hz-1]: process started with pid [647]
[INFO] [sensor_odometry_node-2]: process started with pid [649]
[INFO] [ekf_localization_node-3]: process started with pid [651]
[INFO] [map_server-4]: process started with pid [653]
[INFO] [lifecycle_manager-5]: process started with pid [655]
[INFO] [gpu_amcl_cpp_node-6]: process started with pid [657]
[INFO] [ground_truth_amcl_monitor-7]: process started with pid [659]
[INFO] [calibration-8]: process started with pid [661]
[INFO] [component_container-9]: process started with pid [663]
[INFO] [actuator_interface-10]: process started with pid [665]
[lifecycle_manager-5] [INFO] [1789011634.823361098] [lifecycle_manager_map]: Creating
[ekf_localization_node-3] [INFO] [1789011634.823457449] [ekf_localization]: Local odometry trust filter ready: /odom -> /ekf_odom and /ekf_pose in frame odom; reset events=/autodrive/reset_command
[lifecycle_manager-5] [INFO] [1789011634.826721459] [lifecycle_manager_map]: [34m[1mCreating and initializing lifecycle service clients[0m[0m
[map_server-4] [INFO] [1789011634.838030831] [map_server]: 
[map_server-4] 	map_server lifecycle node launched. 
[map_server-4] 	Waiting on external lifecycle transitions to activate
[map_server-4] 	See https://design.ros2.org/articles/node_lifecycle.html for more information.
[map_server-4] [INFO] [1789011634.838155004] [map_server]: Creating
[sensor_odometry_node-2] [INFO] [1789011634.839943819] [sensor_odometry]: Deterministic odometry observer: exact timestamp packets, encoders + IMU only
[autodrive_bridge_40hz-1] Traceback (most recent call last):
[autodrive_bridge_40hz-1]   File "/workspace/install/lib/sdu_apex_autodrive/autodrive_bridge_40hz", line 33, in <module>
[autodrive_bridge_40hz-1]     sys.exit(load_entry_point('sdu-apex-autodrive', 'console_scripts', 'autodrive_bridge_40hz')())
[autodrive_bridge_40hz-1]   File "/workspace/install/lib/sdu_apex_autodrive/autodrive_bridge_40hz", line 25, in importlib_load_entry_point
[autodrive_bridge_40hz-1]     return next(matches).load()
[autodrive_bridge_40hz-1]   File "/usr/lib/python3.10/importlib/metadata/__init__.py", line 171, in load
[autodrive_bridge_40hz-1]     module = import_module(match.group('module'))
[autodrive_bridge_40hz-1]   File "/usr/lib/python3.10/importlib/__init__.py", line 126, in import_module
[autodrive_bridge_40hz-1]     return _bootstrap._gcd_import(name[level:], package, level)
[autodrive_bridge_40hz-1]   File "<frozen importlib._bootstrap>", line 1050, in _gcd_import
[autodrive_bridge_40hz-1]   File "<frozen importlib._bootstrap>", line 1027, in _find_and_load
[autodrive_bridge_40hz-1]   File "<frozen importlib._bootstrap>", line 1006, in _find_and_load_unlocked
[autodrive_bridge_40hz-1]   File "<frozen importlib._bootstrap>", line 688, in _load_unlocked
[autodrive_bridge_40hz-1]   File "<frozen importlib._bootstrap_external>", line 883, in exec_module
[autodrive_bridge_40hz-1]   File "<frozen importlib._bootstrap>", line 241, in _call_with_frames_removed
[autodrive_bridge_40hz-1]   File "/workspace/build/sdu_apex_autodrive/sdu_apex_autodrive/bridge_40hz.py", line 34, in <module>
[autodrive_bridge_40hz-1]     from autodrive_roboracer import autodrive_bridge as official_bridge
[autodrive_bridge_40hz-1] ModuleNotFoundError: No module named 'autodrive_roboracer'
[lifecycle_manager-5] [INFO] [1789011634.913450240] [lifecycle_manager_map]: [34m[1mStarting managed nodes bringup...[0m[0m
[lifecycle_manager-5] [INFO] [1789011634.913515353] [lifecycle_manager_map]: [34m[1mConfiguring map_server[0m[0m
[ERROR] [autodrive_bridge_40hz-1]: process has died [pid 647, exit code 1, cmd '/workspace/install/lib/sdu_apex_autodrive/autodrive_bridge_40hz --ros-args -r __node:=autodrive_bridge'].
[gpu_amcl_cpp_node-6] [INFO] [1789011635.015981927] [gpu_amcl_cpp]: [AMCL] Parameters: update_min_d=0.02000, update_min_a=0.03500, max_scan_age=0.2500, odom_history=1.000s, cloud_publish_rate=1.0 Hz, debug_pre_resample=false, slip_threshold=1.00 rad/s, initial_raceline_heading=false, local_correction_gate=0.00m/0.00rad xy_gain=0.500 cross_track_only=false along_track_gain=0.250 yaw_gain=0.000 association=0.80m recenter_cloud=true
[gpu_amcl_cpp_node-6] [INFO] [1789011635.028830454] [gpu_amcl_cpp]: Particle cloud publishing scan-synchronized, max 1.0 Hz
[gpu_amcl_cpp_node-6] [INFO] [1789011635.028873204] [gpu_amcl_cpp]: GPU AMCL C++ node created — waiting for map...
[component_container-9] [INFO] [1789011635.042270223] [controller_container]: Load Library: /workspace/install/lib/libpure_pursuit_node.so
[component_container-9] [INFO] [1789011635.044683903] [controller_container]: Found class: rclcpp_components::NodeFactoryTemplate<f1tenth_control::PurePursuitNode>
[component_container-9] [INFO] [1789011635.044718278] [controller_container]: Instantiate class: rclcpp_components::NodeFactoryTemplate<f1tenth_control::PurePursuitNode>
[component_container-9] [INFO] [1789011635.049084891] [pure_pursuit_node]: Initializing Pure Pursuit Node
[component_container-9] [INFO] [1789011635.053295902] [pure_pursuit_node]: Loaded trajectory with 2586 waypoints (51.7 m)
[component_container-9] [INFO] [1789011635.056518163] [pure_pursuit_node]: Pure Pursuit Node initialized
[INFO] [launch_ros.actions.load_composable_nodes]: Loaded node '/pure_pursuit_node' in container '/controller_container'
[component_container-9] [INFO] [1789011635.056546416] [pure_pursuit_node]:   Trajectory: /workspace/src/f1tenth_planning/trajectories/autodrive_track_ftg_commit_20260909_025m_mintime_raceline.csv (2586 points)
[component_container-9] [INFO] [1789011635.056553369] [pure_pursuit_node]:   Lookahead: 0.75 - 1.10 m (gain: 0.05)
[component_container-9] [INFO] [1789011635.056561795] [pure_pursuit_node]:   Max speed cap: 1.50 m/s
[component_container-9] [INFO] [1789011635.056566624] [pure_pursuit_node]:   Lookahead adapt: cte_weight=1.00 cte_gain=0.042 curvature_gain=1.900
[component_container-9] [INFO] [1789011635.056572705] [pure_pursuit_node]:   Speed adapt: curvature_factor=0.102 floor_ratio=0.52
[component_container-9] [INFO] [1789011635.056578296] [pure_pursuit_node]:   Speed adapt (CTE): factor=1.500 floor_ratio=0.55
[component_container-9] [INFO] [1789011635.056583095] [pure_pursuit_node]:   Speed limits: max_lat_accel=6.50 min_reg_speed=0.00
[component_container-9] [INFO] [1789011635.056588134] [pure_pursuit_node]:   Yaw-rate damping: 0.000 s
[component_container-9] [INFO] [1789011635.056592833] [pure_pursuit_node]:   Target-heading turn-in gain: 0.000
[component_container-9] [INFO] [1789011635.056600929] [pure_pursuit_node]:   Command shaping: steer_rate=3.20 accel=3.00 decel=8.00
[component_container-9] [INFO] [1789011635.056606349] [pure_pursuit_node]:   Pose: /current_map_pose (map frame)
[component_container-9] [INFO] [1789011635.056610827] [pure_pursuit_node]:   Odom: /odom
[component_container-9] [INFO] [1789011635.056615616] [pure_pursuit_node]:   Control trigger: /odom (one command per odometry update; nominal 40.0 Hz)
[component_container-9] [INFO] [1789011635.056621026] [pure_pursuit_node]:   Steering feedback: /autodrive/roboracer_1/steering (lead gain 0.25)
[component_container-9] [INFO] [1789011635.056626016] [pure_pursuit_node]:   Startup path gate: distance <= 0.80 m, heading <= 0.75 rad
[component_container-9] [INFO] [1789011635.056631135] [pure_pursuit_node]:   Command: /cmd/speed
[map_server-4] [INFO] [1789011635.064202076] [map_server]: Configuring
[map_server-4] [INFO] [1789011635.064273470] [map_io]: Loading yaml file: /workspace/src/f1tenth_planning/maps/autodrive_track_ftg_commit_20260909_025m.yaml
[map_server-4] [INFO] [1789011635.064522939] [map_io]: resolution: 0.025
[map_server-4] [INFO] [1789011635.064532537] [map_io]: origin[0]: -6.82
[map_server-4] [INFO] [1789011635.064537797] [map_io]: origin[1]: -12.3
[map_server-4] [INFO] [1789011635.064542075] [map_io]: origin[2]: 0
[map_server-4] [INFO] [1789011635.064546704] [map_io]: free_thresh: 0.25
[map_server-4] [INFO] [1789011635.064551012] [map_io]: occupied_thresh: 0.65
[map_server-4] [INFO] [1789011635.064556002] [map_io]: mode: trinary
[map_server-4] [INFO] [1789011635.064561131] [map_io]: negate: 0
[map_server-4] [INFO] [1789011635.064782778] [map_io]: Loading image_file: /workspace/src/f1tenth_planning/maps/autodrive_track_ftg_commit_20260909_025m.pgm
[calibration-8] [INFO] [1789011635.064654697] [allowed_telemetry_recorder]: Calibration mode=sensor_record duration=0.000 s output=/workspace/src/f1tenth_planning/analysis/amcl_tuning_campaign_20260909/acceptance_midpoint_odom_slowfirst_20260910_run24/sensor_record_20260910_034035.csv
[ground_truth_amcl_monitor-7] [INFO] [1789011635.069139523] [ground_truth_amcl_monitor]: Absolute map scoring enabled from explicit map start: (0.8006, 3.1583, -1.5708)
[ground_truth_amcl_monitor-7] [WARN] [1789011635.075540242] [ground_truth_amcl_monitor]: Ground-truth monitor is diagnostics-only; simulator IPS/odom are not controller inputs
[map_server-4] [INFO] [1789011635.086096608] [map_io]: Read map /workspace/src/f1tenth_planning/maps/autodrive_track_ftg_commit_20260909_025m.pgm: 349 X 877 map @ 0.025 m/cell
[actuator_interface-10] [INFO] [1789011635.089571805] [autodrive_actuator_interface]: Actuator interface ready; no arming state
[lifecycle_manager-5] [INFO] [1789011635.089885755] [lifecycle_manager_map]: [34m[1mActivating map_server[0m[0m
[map_server-4] [INFO] [1789011635.089993598] [map_server]: Activating
[map_server-4] [INFO] [1789011635.090549955] [map_server]: Creating bond (map_server) to lifecycle manager.
[gpu_amcl_cpp_node-6] [INFO] [1789011635.091101692] [gpu_amcl_cpp]: Received first map (349x877 @ 0.025 m/cell) — initialising PF
[actuator_interface-10] [WARN] [1789011635.095684933] [autodrive_actuator_interface]: Neutral output: no command
[gpu_amcl_cpp_node-6] [INFO] [1789011635.130729590] [gpu_amcl_cpp]: Loaded 2587 global heading points from /workspace/src/f1tenth_planning/trajectories/autodrive_track_ftg_commit_20260909_025m_mintime_raceline.csv
[gpu_amcl_cpp_node-6] [INFO] [1789011635.143499009] [gpu_amcl_cpp]: Global AMCL startup prior centred at saved map start (0.801, 3.158, -1.571) with covariance (0.500, 0.500, 0.200).
[gpu_amcl_cpp_node-6] [INFO] [1789011635.143567778] [gpu_amcl_cpp]: Particle filter initialised with 2500 particles (global)
[gpu_amcl_cpp_node-6] [INFO] [1789011635.143638531] [gpu_amcl_cpp]: Global particle initialization active; waiting for scans before publishing pose
[lifecycle_manager-5] [INFO] [1789011635.193733858] [lifecycle_manager_map]: Server map_server connected with bond.
[lifecycle_manager-5] [INFO] [1789011635.193775285] [lifecycle_manager_map]: [34m[1mManaged nodes are active[0m[0m
[lifecycle_manager-5] [INFO] [1789011635.193783321] [lifecycle_manager_map]: [34m[1mCreating bond timer...[0m[0m
