stdin is not a terminal device. Keyboard handling disabled.[INFO] [1788988094.391900940] [rosbag2_recorder]: Press SPACE for pausing/resuming
[INFO] [1788988094.395212414] [rosbag2_storage]: Opened database 'rosbag_data/rosbag_data_0.db3' for READ_WRITE.
[INFO] [1788988094.396930709] [rosbag2_recorder]: Listening for topics...
[INFO] [1788988094.396972788] [rosbag2_recorder]: Event publisher thread: Starting
[INFO] [1788988094.397180097] [rosbag2_recorder]: Recording...
[INFO] [1788988094.503837600] [rosbag2_recorder]: Subscribed to topic '/autodrive/roboracer_1/odom'
[INFO] [1788988094.505817025] [rosbag2_recorder]: Subscribed to topic '/amcl_pose'
[INFO] [1788988094.508453903] [rosbag2_recorder]: Subscribed to topic '/autodrive/roboracer_1/throttle_command'
[INFO] [1788988094.510351554] [rosbag2_recorder]: Subscribed to topic '/odom'
[INFO] [1788988094.512924553] [rosbag2_recorder]: Subscribed to topic '/autodrive/roboracer_1/lidar'
[INFO] [1788988094.514646634] [rosbag2_recorder]: Subscribed to topic '/pure_pursuit/diagnostics'
[INFO] [1788988094.515911187] [rosbag2_recorder]: Subscribed to topic '/amcl_localization_health'
[INFO] [1788988094.517122310] [rosbag2_recorder]: Subscribed to topic '/ekf_odom'
[INFO] [1788988094.518466012] [rosbag2_recorder]: Subscribed to topic '/autodrive/roboracer_1/steering'
[INFO] [1788988094.519689418] [rosbag2_recorder]: Subscribed to topic '/current_map_pose'
[INFO] [1788988094.520840488] [rosbag2_recorder]: Subscribed to topic '/amcl_gpu_timing'
[INFO] [1788988094.522332648] [rosbag2_recorder]: Subscribed to topic '/autodrive/roboracer_1/collision_count'
[INFO] [1788988094.523578787] [rosbag2_recorder]: Subscribed to topic '/amcl_scan_alignment'
[INFO] [1788988094.525197464] [rosbag2_recorder]: Subscribed to topic '/autodrive/roboracer_1/right_encoder'
[INFO] [1788988094.527299889] [rosbag2_recorder]: Subscribed to topic '/autodrive/roboracer_1/ips'
[INFO] [1788988094.530164666] [rosbag2_recorder]: Subscribed to topic '/autodrive/roboracer_1/steering_command'
[INFO] [1788988094.532072636] [rosbag2_recorder]: Subscribed to topic '/autodrive/roboracer_1/imu'
[INFO] [1788988094.533942906] [rosbag2_recorder]: Subscribed to topic '/autodrive/roboracer_1/left_encoder'
[INFO] [1788988094.536898542] [rosbag2_recorder]: Subscribed to topic '/cmd/speed'
[INFO] [1788988094.537000914] [rosbag2_recorder]: All requested topics are subscribed. Stopping discovery...
[INFO] [1788988204.976620852] [rosbag2_cpp]: Writing remaining messages from cache to the bag. It may take a while
[INFO] [1788988204.981684748] [rosbag2_recorder]: Event publisher thread: Exiting
[INFO] [1788988204.981812989] [rosbag2_recorder]: Recording stopped
