[INFO] [launch]: All log files can be found below /root/.ros/log/2026-09-15-12-24-56-591443-ExternalDrive-97
[INFO] [launch]: Default logging verbosity is set to INFO
[INFO] [launch.user]: controller=pure_pursuit custom_amcl=True rviz=False
[INFO] [autodrive_bridge_40hz-1]: process started with pid [193]
[INFO] [sensor_odometry_node-2]: process started with pid [195]
[INFO] [ekf_localization_node-3]: process started with pid [197]
[INFO] [map_server-4]: process started with pid [199]
[INFO] [lifecycle_manager-5]: process started with pid [201]
[INFO] [gpu_amcl_cpp_node-6]: process started with pid [203]
[INFO] [ground_truth_amcl_monitor-7]: process started with pid [205]
[INFO] [model_id_timing_recorder-8]: process started with pid [207]
[INFO] [component_container-9]: process started with pid [209]
[INFO] [actuator_interface-10]: process started with pid [211]
[ekf_localization_node-3] [INFO] [1789475097.984445818] [ekf_localization]: Local odometry trust filter ready: /odom -> /ekf_odom and /ekf_pose in frame odom; reset events=/autodrive/reset_command
[lifecycle_manager-5] [INFO] [1789475097.989030769] [lifecycle_manager_map]: Creating
[sensor_odometry_node-2] [INFO] [1789475097.989288670] [sensor_odometry]: Deterministic odometry observer: exact timestamp packets, encoders + IMU only
[lifecycle_manager-5] [INFO] [1789475097.996323550] [lifecycle_manager_map]: [34m[1mCreating and initializing lifecycle service clients[0m[0m
[lifecycle_manager-5] [INFO] [1789475098.032401699] [lifecycle_manager_map]: [34m[1mStarting managed nodes bringup...[0m[0m
[lifecycle_manager-5] [INFO] [1789475098.032482800] [lifecycle_manager_map]: [34m[1mConfiguring map_server[0m[0m
[map_server-4] [INFO] [1789475098.034244987] [map_server]: 
[map_server-4] 	map_server lifecycle node launched. 
[map_server-4] 	Waiting on external lifecycle transitions to activate
[map_server-4] 	See https://design.ros2.org/articles/node_lifecycle.html for more information.
[map_server-4] [INFO] [1789475098.034482390] [map_server]: Creating
[component_container-9] [INFO] [1789475098.157210491] [controller_container]: Load Library: /workspace/src/install/lib/libpure_pursuit_node.so
[map_server-4] [INFO] [1789475098.176710481] [map_server]: Configuring
[map_server-4] [INFO] [1789475098.176831146] [map_io]: Loading yaml file: /workspace/src/f1tenth_planning/maps/autodrive_track_ftg_commit_20260909_025m.yaml
[map_server-4] [INFO] [1789475098.179499432] [map_io]: resolution: 0.025
[map_server-4] [INFO] [1789475098.183340306] [map_io]: origin[0]: -6.82
[map_server-4] [INFO] [1789475098.183366124] [map_io]: origin[1]: -12.3
[map_server-4] [INFO] [1789475098.183375482] [map_io]: origin[2]: 0
[map_server-4] [INFO] [1789475098.183385270] [map_io]: free_thresh: 0.25
[map_server-4] [INFO] [1789475098.183394237] [map_io]: occupied_thresh: 0.65
[map_server-4] [INFO] [1789475098.183408914] [map_io]: mode: trinary
[map_server-4] [INFO] [1789475098.183419834] [map_io]: negate: 0
[map_server-4] [INFO] [1789475098.202334903] [map_io]: Loading image_file: /workspace/src/f1tenth_planning/maps/autodrive_track_ftg_commit_20260909_025m.pgm
[component_container-9] [INFO] [1789475098.248741817] [controller_container]: Found class: rclcpp_components::NodeFactoryTemplate<f1tenth_control::PurePursuitNode>
[component_container-9] [INFO] [1789475098.248846853] [controller_container]: Instantiate class: rclcpp_components::NodeFactoryTemplate<f1tenth_control::PurePursuitNode>
[gpu_amcl_cpp_node-6] [INFO] [1789475098.254693477] [gpu_amcl_cpp]: [AMCL] Parameters: update_min_d=0.02000, update_min_a=0.03500, max_scan_age=0.2500, odom_history=1.000s, cloud_publish_rate=1.0 Hz, debug_pre_resample=false, slip_threshold=1.00 rad/s, initial_raceline_heading=false, local_correction_gate=0.00m/0.00rad xy_gain=0.500 cross_track_only=false along_track_gain=0.250 fast_speed=3.00mps fast_along_gain=0.250 yaw_gain=0.000 association=0.80m recenter_cloud=true
[component_container-9] [INFO] [1789475098.264020844] [pure_pursuit_node]: Initializing Pure Pursuit Node
[gpu_amcl_cpp_node-6] [INFO] [1789475098.272226669] [gpu_amcl_cpp]: Particle cloud publishing scan-synchronized, max 1.0 Hz
[gpu_amcl_cpp_node-6] [INFO] [1789475098.272300206] [gpu_amcl_cpp]: GPU AMCL C++ node created — waiting for map...
[component_container-9] [INFO] [1789475098.286908802] [pure_pursuit_node]: Loaded trajectory with 2586 waypoints (51.7 m)
[map_server-4] [INFO] [1789475098.291926681] [map_io]: Read map /workspace/src/f1tenth_planning/maps/autodrive_track_ftg_commit_20260909_025m.pgm: 349 X 877 map @ 0.025 m/cell
[lifecycle_manager-5] [INFO] [1789475098.304507215] [lifecycle_manager_map]: [34m[1mActivating map_server[0m[0m
[map_server-4] [INFO] [1789475098.304808658] [map_server]: Activating
[map_server-4] [INFO] [1789475098.305706412] [map_server]: Creating bond (map_server) to lifecycle manager.
[gpu_amcl_cpp_node-6] [INFO] [1789475098.306882766] [gpu_amcl_cpp]: Received first map (349x877 @ 0.025 m/cell) — initialising PF
[gpu_amcl_cpp_node-6] [INFO] [1789475098.331756538] [gpu_amcl_cpp]: Loaded 2587 global heading points from /workspace/src/f1tenth_planning/trajectories/autodrive_track_ftg_commit_20260909_025m_mintime_raceline.csv
[component_container-9] [INFO] [1789475098.333708719] [pure_pursuit_node]: Pure Pursuit Node initialized
[component_container-9] [INFO] [1789475098.333755186] [pure_pursuit_node]:   Trajectory: /workspace/src/f1tenth_planning/trajectories/autodrive_track_ftg_commit_20260909_025m_mintime_raceline.csv (2586 points)
[component_container-9] [INFO] [1789475098.333769723] [pure_pursuit_node]:   Lookahead: 0.75 - 1.10 m (gain: 0.05)
[component_container-9] [INFO] [1789475098.333789520] [pure_pursuit_node]:   Max speed cap: 12.00 m/s
[component_container-9] [INFO] [1789475098.333802745] [pure_pursuit_node]:   Lookahead adapt: cte_weight=1.00 cte_gain=0.042 curvature_gain=1.900
[component_container-9] [INFO] [1789475098.333825387] [pure_pursuit_node]:   Speed adapt: curvature_factor=0.102 floor_ratio=0.52
[component_container-9] [INFO] [1789475098.333863879] [pure_pursuit_node]:   Speed adapt (CTE): factor=1.500 floor_ratio=0.55
[component_container-9] [INFO] [1789475098.333877204] [pure_pursuit_node]:   Speed limits: max_lat_accel=6.50 min_reg_speed=0.00
[component_container-9] [INFO] [1789475098.333889817] [pure_pursuit_node]:   Yaw-rate damping: 0.000 s
[component_container-9] [INFO] [1789475098.333901268] [pure_pursuit_node]:   Target-heading turn-in gain: 0.000
[component_container-9] [INFO] [1789475098.333913191] [pure_pursuit_node]:   Command shaping: steer_rate=3.20 accel=3.00 decel=8.00
[component_container-9] [INFO] [1789475098.333926225] [pure_pursuit_node]:   Startup speed ramp: 1.50 -> 12.00 m/s over 1.00 lap(s)
[component_container-9] [INFO] [1789475098.333939670] [pure_pursuit_node]:   Pose: /current_map_pose (map frame)
[component_container-9] [INFO] [1789475098.333950661] [pure_pursuit_node]:   Odom: /odom
[component_container-9] [INFO] [1789475098.333961411] [pure_pursuit_node]:   Control trigger: /odom (one command per odometry update; nominal 40.0 Hz)
[component_container-9] [INFO] [1789475098.333973734] [pure_pursuit_node]:   Steering feedback: /autodrive/roboracer_1/steering (lead gain 0.25)
[component_container-9] [INFO] [1789475098.333986037] [pure_pursuit_node]:   Startup path gate: distance <= 0.80 m, heading <= 0.75 rad
[component_container-9] [INFO] [1789475098.333998620] [pure_pursuit_node]:   Command: /cmd/speed
[INFO] [launch_ros.actions.load_composable_nodes]: Loaded node '/pure_pursuit_node' in container '/controller_container'
[lifecycle_manager-5] [INFO] [1789475098.414041128] [lifecycle_manager_map]: Server map_server connected with bond.
[lifecycle_manager-5] [INFO] [1789475098.414109155] [lifecycle_manager_map]: [34m[1mManaged nodes are active[0m[0m
[lifecycle_manager-5] [INFO] [1789475098.414128401] [lifecycle_manager_map]: [34m[1mCreating bond timer...[0m[0m
[ground_truth_amcl_monitor-7] [WARN] [1789475098.457762854] [ground_truth_amcl_monitor]: No map provenance supplied; AMCL error is relative-to-first-pair only
[ground_truth_amcl_monitor-7] [WARN] [1789475098.485012097] [ground_truth_amcl_monitor]: Ground-truth monitor is diagnostics-only; simulator IPS/odom are not controller inputs
[autodrive_bridge_40hz-1] /usr/local/lib/python3.10/dist-packages/numpy/core/getlimits.py:499: UserWarning: The value of the smallest subnormal for <class 'numpy.float64'> type is zero.
[autodrive_bridge_40hz-1]   setattr(self, word, getattr(machar, word).flat[0])
[autodrive_bridge_40hz-1] /usr/local/lib/python3.10/dist-packages/numpy/core/getlimits.py:89: UserWarning: The value of the smallest subnormal for <class 'numpy.float64'> type is zero.
[autodrive_bridge_40hz-1]   return self._float_to_str(self.smallest_subnormal)
[model_id_timing_recorder-8] [INFO] [1789475098.560144927] [model_id_timing_recorder]: Recording causal model-ID events to /workspace/src/sdu_apex_autodrive/artifacts/model_id/track_validation
[actuator_interface-10] [INFO] [1789475098.564791674] [autodrive_actuator_interface]: Actuator interface ready; no arming state
[actuator_interface-10] [WARN] [1789475098.566428837] [autodrive_actuator_interface]: Neutral output: no command
[autodrive_bridge_40hz-1] [autodrive_bridge_40hz] camera decode/publication disabled
[autodrive_bridge_40hz-1] [autodrive_bridge_40hz] strict request pacing enabled at 40 Hz (2 bounded outstanding requests; missing/deadline data is a fatal fault)
[autodrive_bridge_40hz-1] Connected!
[autodrive_bridge_40hz-1] [autodrive_bridge_40hz] source 40 Hz contract established after 3 stable intervals
[gpu_amcl_cpp_node-6] [INFO] [1789475099.645777267] [gpu_amcl_cpp]: Received LiDAR callback #1 (1081 ranges).
[gpu_amcl_cpp_node-6] [WARN] [1789475099.645833763] [gpu_amcl_cpp]: Waiting for AMCL inputs: map=ready odom=missing.
[autodrive_bridge_40hz-1] [autodrive_bridge_40hz] FATAL timing fault: no simulator response within 0.075s; stream stopped and neutral command latched
[actuator_interface-10] [WARN] [1789475099.648673329] [autodrive_actuator_interface]: External stop latched; restarting the actuator node is required to drive again
[actuator_interface-10] [WARN] [1789475099.658370637] [autodrive_actuator_interface]: Neutral output: external stop
[gpu_amcl_cpp_node-6] [INFO] [1789475099.929802651] [gpu_amcl_cpp]: Global AMCL startup prior centred at saved map start (0.801, 3.158, -1.571) with covariance (0.500, 0.500, 0.200).
[gpu_amcl_cpp_node-6] [INFO] [1789475099.929875086] [gpu_amcl_cpp]: Particle filter initialised with 2500 particles (global)
[gpu_amcl_cpp_node-6] [INFO] [1789475099.929950216] [gpu_amcl_cpp]: Global particle initialization active; waiting for scans before publishing pose
