[INFO] [launch]: All log files can be found below /root/.ros/log/2026-09-09-19-40-20-118245-ExternalDrive-4983
[INFO] [launch]: Default logging verbosity is set to INFO
[INFO] [launch.user]: controller=pure_pursuit custom_amcl=True rviz=False
[INFO] [autodrive_bridge_40hz-1]: process started with pid [5012]
[INFO] [sensor_odometry_node-2]: process started with pid [5014]
[INFO] [ekf_localization_node-3]: process started with pid [5016]
[INFO] [map_server-4]: process started with pid [5018]
[INFO] [lifecycle_manager-5]: process started with pid [5020]
[INFO] [gpu_amcl_cpp_node-6]: process started with pid [5022]
[INFO] [ground_truth_amcl_monitor-7]: process started with pid [5024]
[INFO] [calibration-8]: process started with pid [5026]
[INFO] [component_container-9]: process started with pid [5028]
[INFO] [actuator_interface-10]: process started with pid [5030]
[lifecycle_manager-5] [INFO] [1788982820.321871363] [lifecycle_manager_map]: Creating
[ekf_localization_node-3] [INFO] [1788982820.327874308] [ekf_localization]: Local odometry trust filter ready: /odom -> /ekf_odom and /ekf_pose in frame odom; reset events=/autodrive/reset_command
[lifecycle_manager-5] [INFO] [1788982820.330901123] [lifecycle_manager_map]: [34m[1mCreating and initializing lifecycle service clients[0m[0m
[sensor_odometry_node-2] [INFO] [1788982820.331055402] [sensor_odometry]: Deterministic odometry observer: exact timestamp packets, encoders + IMU only
[lifecycle_manager-5] [INFO] [1788982820.346864642] [lifecycle_manager_map]: [34m[1mStarting managed nodes bringup...[0m[0m
[lifecycle_manager-5] [INFO] [1788982820.346926858] [lifecycle_manager_map]: [34m[1mConfiguring map_server[0m[0m
[map_server-4] [INFO] [1788982820.348793137] [map_server]: 
[map_server-4] 	map_server lifecycle node launched. 
[map_server-4] 	Waiting on external lifecycle transitions to activate
[map_server-4] 	See https://design.ros2.org/articles/node_lifecycle.html for more information.
[map_server-4] [INFO] [1788982820.348956964] [map_server]: Creating
[map_server-4] [INFO] [1788982820.349342988] [map_server]: Configuring
[map_server-4] [INFO] [1788982820.349421756] [map_io]: Loading yaml file: /workspace/src/f1tenth_planning/maps/autodrive_track_ftg_commit_20260909_025m.yaml
[map_server-4] [INFO] [1788982820.349723301] [map_io]: resolution: 0.025
[map_server-4] [INFO] [1788982820.349732318] [map_io]: origin[0]: -6.82
[map_server-4] [INFO] [1788982820.349737989] [map_io]: origin[1]: -12.3
[map_server-4] [INFO] [1788982820.349742307] [map_io]: origin[2]: 0
[map_server-4] [INFO] [1788982820.349746996] [map_io]: free_thresh: 0.25
[map_server-4] [INFO] [1788982820.349751384] [map_io]: occupied_thresh: 0.65
[map_server-4] [INFO] [1788982820.349756103] [map_io]: mode: trinary
[map_server-4] [INFO] [1788982820.349762385] [map_io]: negate: 0
[map_server-4] [INFO] [1788982820.349978920] [map_io]: Loading image_file: /workspace/src/f1tenth_planning/maps/autodrive_track_ftg_commit_20260909_025m.pgm
[map_server-4] [INFO] [1788982820.391464940] [map_io]: Read map /workspace/src/f1tenth_planning/maps/autodrive_track_ftg_commit_20260909_025m.pgm: 349 X 877 map @ 0.025 m/cell
[lifecycle_manager-5] [INFO] [1788982820.400918995] [lifecycle_manager_map]: [34m[1mActivating map_server[0m[0m
[map_server-4] [INFO] [1788982820.401094444] [map_server]: Activating
[map_server-4] [INFO] [1788982820.401759150] [map_server]: Creating bond (map_server) to lifecycle manager.
[lifecycle_manager-5] [INFO] [1788982820.509628677] [lifecycle_manager_map]: Server map_server connected with bond.
[lifecycle_manager-5] [INFO] [1788982820.509708387] [lifecycle_manager_map]: [34m[1mManaged nodes are active[0m[0m
[lifecycle_manager-5] [INFO] [1788982820.509723946] [lifecycle_manager_map]: [34m[1mCreating bond timer...[0m[0m
[component_container-9] [INFO] [1788982820.535433938] [controller_container]: Load Library: /workspace/install/lib/libpure_pursuit_node.so
[gpu_amcl_cpp_node-6] [INFO] [1788982820.540866302] [gpu_amcl_cpp]: [AMCL] Parameters: update_min_d=0.02000, update_min_a=0.03500, max_scan_age=0.2500, odom_history=1.000s, cloud_publish_rate=1.0 Hz, debug_pre_resample=false, slip_threshold=1.00 rad/s, initial_raceline_heading=false, local_correction_gate=0.30m/0.20rad xy_gain=1.000 cross_track_only=true yaw_gain=0.000 association=0.80m recenter_cloud=true
[component_container-9] [INFO] [1788982820.545753034] [controller_container]: Found class: rclcpp_components::NodeFactoryTemplate<f1tenth_control::PurePursuitNode>
[component_container-9] [INFO] [1788982820.545922692] [controller_container]: Instantiate class: rclcpp_components::NodeFactoryTemplate<f1tenth_control::PurePursuitNode>
[gpu_amcl_cpp_node-6] [INFO] [1788982820.560317731] [gpu_amcl_cpp]: Particle cloud publishing scan-synchronized, max 1.0 Hz
[gpu_amcl_cpp_node-6] [INFO] [1788982820.560364128] [gpu_amcl_cpp]: GPU AMCL C++ node created — waiting for map...
[component_container-9] [INFO] [1788982820.562038076] [pure_pursuit_node]: Initializing Pure Pursuit Node
[component_container-9] [INFO] [1788982820.570975292] [pure_pursuit_node]: Loaded trajectory with 2586 waypoints (51.7 m)
[gpu_amcl_cpp_node-6] [INFO] [1788982820.573438099] [gpu_amcl_cpp]: Received first map (349x877 @ 0.025 m/cell) — initialising PF
[component_container-9] [INFO] [1788982820.578098186] [pure_pursuit_node]: Pure Pursuit Node initialized
[component_container-9] [INFO] [1788982820.578162887] [pure_pursuit_node]:   Trajectory: /workspace/src/f1tenth_planning/trajectories/autodrive_track_ftg_commit_20260909_025m_mintime_raceline.csv (2586 points)
[component_container-9] [INFO] [1788982820.578177815] [pure_pursuit_node]:   Lookahead: 0.35 - 0.95 m (gain: 0.05)
[component_container-9] [INFO] [1788982820.578205667] [pure_pursuit_node]:   Max speed cap: 3.00 m/s
[component_container-9] [INFO] [1788982820.578228631] [pure_pursuit_node]:   Lookahead adapt: cte_weight=1.00 cte_gain=0.042 curvature_gain=1.900
[component_container-9] [INFO] [1788982820.578243569] [pure_pursuit_node]:   Speed adapt: curvature_factor=0.102 floor_ratio=0.52
[component_container-9] [INFO] [1788982820.578256342] [pure_pursuit_node]:   Speed adapt (CTE): factor=1.500 floor_ratio=0.55
[INFO] [launch_ros.actions.load_composable_nodes]: Loaded node '/pure_pursuit_node' in container '/controller_container'
[component_container-9] [INFO] [1788982820.578268115] [pure_pursuit_node]:   Speed limits: max_lat_accel=6.50 min_reg_speed=0.00
[component_container-9] [INFO] [1788982820.578278464] [pure_pursuit_node]:   Yaw-rate damping: 0.000 s
[component_container-9] [INFO] [1788982820.578289505] [pure_pursuit_node]:   Target-heading turn-in gain: 0.000
[component_container-9] [INFO] [1788982820.578299694] [pure_pursuit_node]:   Command shaping: steer_rate=3.20 accel=3.00 decel=8.00
[component_container-9] [INFO] [1788982820.578312888] [pure_pursuit_node]:   Pose: /current_map_pose (map frame)
[component_container-9] [INFO] [1788982820.578323278] [pure_pursuit_node]:   Odom: /odom
[component_container-9] [INFO] [1788982820.578333287] [pure_pursuit_node]:   Control trigger: /odom (one command per odometry update; nominal 40.0 Hz)
[component_container-9] [INFO] [1788982820.578342905] [pure_pursuit_node]:   Steering feedback: /autodrive/roboracer_1/steering (lead gain 0.25)
[component_container-9] [INFO] [1788982820.578349487] [pure_pursuit_node]:   Startup path gate: distance <= 0.80 m, heading <= 0.75 rad
[component_container-9] [INFO] [1788982820.578355899] [pure_pursuit_node]:   Command: /cmd/speed
[gpu_amcl_cpp_node-6] [INFO] [1788982820.590416651] [gpu_amcl_cpp]: Loaded 2587 global heading points from /workspace/src/f1tenth_planning/trajectories/autodrive_track_ftg_commit_20260909_025m_mintime_raceline.csv
[autodrive_bridge_40hz-1] /usr/local/lib/python3.10/dist-packages/numpy/core/getlimits.py:499: UserWarning: The value of the smallest subnormal for <class 'numpy.float64'> type is zero.
[autodrive_bridge_40hz-1]   setattr(self, word, getattr(machar, word).flat[0])
[autodrive_bridge_40hz-1] /usr/local/lib/python3.10/dist-packages/numpy/core/getlimits.py:89: UserWarning: The value of the smallest subnormal for <class 'numpy.float64'> type is zero.
[autodrive_bridge_40hz-1]   return self._float_to_str(self.smallest_subnormal)
[gpu_amcl_cpp_node-6] [INFO] [1788982820.604391031] [gpu_amcl_cpp]: Global AMCL startup prior centred at saved map start (0.801, 3.158, -1.571) with covariance (0.500, 0.500, 0.200).
[gpu_amcl_cpp_node-6] [INFO] [1788982820.604452035] [gpu_amcl_cpp]: Particle filter initialised with 2500 particles (global)
[gpu_amcl_cpp_node-6] [INFO] [1788982820.604509894] [gpu_amcl_cpp]: Global particle initialization active; waiting for scans before publishing pose
[ground_truth_amcl_monitor-7] [INFO] [1788982820.607665179] [ground_truth_amcl_monitor]: Absolute map scoring enabled from explicit map start: (0.8006, 3.1583, -1.5708)
[calibration-8] [INFO] [1788982820.608973903] [allowed_telemetry_recorder]: Calibration mode=sensor_record duration=120.000 s output=/workspace/src/f1tenth_planning/analysis/amcl_tuning_campaign_20260909/acceptance_3mps_cross_track/telemetry/sensor_record_20260909_194020.csv
[ground_truth_amcl_monitor-7] [WARN] [1788982820.616041253] [ground_truth_amcl_monitor]: Ground-truth monitor is diagnostics-only; simulator IPS/odom are not controller inputs
[actuator_interface-10] [INFO] [1788982820.635350294] [autodrive_actuator_interface]: Actuator interface ready; no arming state
[actuator_interface-10] [WARN] [1788982820.638829778] [autodrive_actuator_interface]: Neutral output: no command
[autodrive_bridge_40hz-1] [autodrive_bridge_40hz] camera decode/publication disabled
[autodrive_bridge_40hz-1] [autodrive_bridge_40hz] bounded request pacing enabled at 40 Hz (max one outstanding request)
[autodrive_bridge_40hz-1] Connected!
[autodrive_bridge_40hz-1] [autodrive_bridge_40hz] dropping incomplete startup packet (missing V1 LIDAR Range Array); requesting retry
[component_container-9] [WARN] [1788982835.697816861] [pure_pursuit_node]: No pose received on /current_map_pose yet
[gpu_amcl_cpp_node-6] [INFO] [1788982835.698015875] [gpu_amcl_cpp]: Received first odometry sample at (0.00, 0.00, 0.00).
[gpu_amcl_cpp_node-6] [INFO] [1788982835.699271569] [gpu_amcl_cpp]: Received LiDAR callback #1 (1081 ranges).
[gpu_amcl_cpp_node-6] [INFO] [1788982835.699363151] [gpu_amcl_cpp]: AMCL odom delta: at_scan=(0.000, 0.000, 0.000) baseline=(0.000, 0.000, 0.000) delta=(0.000, 0.000, 0.000) moved=false scan_age=0.064s
[gpu_amcl_cpp_node-6] [INFO] [1788982835.699401032] [gpu_amcl_cpp]: Starting AMCL scan update #1 (sampled from 1081 ranges).
[gpu_amcl_cpp_node-6] [INFO] [1788982835.702797780] [gpu_amcl_cpp]: AMCL scan update #1 completed; evaluating pose confidence.
[gpu_amcl_cpp_node-6] [INFO] [1788982835.703994864] [gpu_amcl_cpp]: Global AMCL refining: cluster_weight=0.609, covariance xy=0.030 (max 0.250), yaw=0.004 (max 0.120).
[gpu_amcl_cpp_node-6] [INFO] [1788982835.704028087] [gpu_amcl_cpp]: Global AMCL lock evidence: quality=false stable_scans=1/5 travel=0.000/0.750 m (min_weight=0.500).
[gpu_amcl_cpp_node-6] [INFO] [1788982835.939329115] [gpu_amcl_cpp]: Publishing provisional global AMCL pose for localization ramp; travel=0.000/0.750 m stable_scans=5/5.
[ground_truth_amcl_monitor-7] [INFO] [1788982835.940265390] [ground_truth_amcl_monitor]: Relative GT alignment initialized: yaw=-0.000, translation=(-0.000, -0.001)
[ground_truth_amcl_monitor-7] [INFO] [1788982835.940998064] [ground_truth_amcl_monitor]: AMCL vs GT: gt=(0.801, 3.158) amcl=(0.801, 3.158) error=0.001 m / 0.000 rad; current_map=unavailable; odom=(0.801, 3.158, -1.571) error=0.000 m / 0.000 rad; ekf=(0.801, 3.158, -1.571) error=0.000 m / 0.000 rad; RMS=0.001 m / 0.000 rad max=0.001 m / 0.000 rad samples=1
[component_container-9] [INFO] [1788982836.284933728] [pure_pursuit_node]: Aligned closed trajectory seam to startup pose at original waypoint 1090
[component_container-9] [INFO] [1788982836.285040808] [pure_pursuit_node]: Startup path gate passed: path_distance=0.166 m heading_error=0.301 rad
[component_container-9] [INFO] [1788982836.285091493] [pure_pursuit_node]: Pure Pursuit: pose=(0.801, 3.158, -1.571) cte=-0.166 closest=0 target=41 path_dist=0.166 heading_err=0.301 steer=0.003 speed=0.003
[gpu_amcl_cpp_node-6] [INFO] [1788982836.716967153] [gpu_amcl_cpp]: AMCL odom delta: at_scan=(0.079, 0.001, 0.023) baseline=(0.048, 0.000, 0.016) delta=(0.032, 0.001, 0.007) moved=true scan_age=0.053s
[actuator_interface-10] [INFO] [1788982836.717759449] [autodrive_actuator_interface]: Collision baseline established at cumulative count 0
[ground_truth_amcl_monitor-7] [INFO] [1788982836.941809283] [ground_truth_amcl_monitor]: AMCL vs GT: gt=(0.815, 2.780) amcl=(0.808, 2.918) error=0.138 m / 0.015 rad; current_map=(0.813, 2.846, -1.498) error=0.066 m / 0.000 rad; odom=(0.808, 2.917, -1.512) error=0.137 m / 0.015 rad; ekf=(0.808, 2.917, -1.512) error=0.137 m / 0.015 rad; RMS=0.047 m / 0.005 rad max=0.138 m / 0.015 rad samples=36
[gpu_amcl_cpp_node-6] [INFO] [1788982837.114087903] [gpu_amcl_cpp]: Global AMCL candidate rejected: start-anchor distance 0.770 m > 0.750 m.
[component_container-9] [INFO] [1788982837.335485755] [pure_pursuit_node]: Pure Pursuit: pose=(0.952, 1.957, -1.356) cte=0.011 closest=59 target=107 path_dist=0.011 heading_err=0.018 steer=0.001 speed=2.933
[gpu_amcl_cpp_node-6] [INFO] [1788982837.442937092] [gpu_amcl_cpp]: Global AMCL lock accepted at (0.983, 1.816, -1.351); continuing with local tracking.
[gpu_amcl_cpp_node-6] [INFO] [1788982837.513680527] [gpu_amcl_cpp]: AMCL local correction: odom_prediction=(1.027, 1.619, -1.350) scan=(1.017, 1.604, -1.363) correction=0.018 m/0.013 rad cluster_weight=0.912 publish=true
[gpu_amcl_cpp_node-6] [INFO] [1788982837.742591285] [gpu_amcl_cpp]: AMCL odom delta: at_scan=(2.196, 0.363, 0.182) baseline=(2.049, 0.335, 0.195) delta=(0.146, 0.028, -0.013) moved=true scan_age=0.053s
[ground_truth_amcl_monitor-7] [INFO] [1788982837.963981152] [ground_truth_amcl_monitor]: AMCL vs GT: gt=(1.280, 0.200) amcl=(1.215, 0.459) error=0.267 m / 0.007 rad; current_map=(1.236, 0.316, -1.425) error=0.123 m / 0.000 rad; odom=(1.269, 0.321, -1.425) error=0.121 m / 0.000 rad; ekf=(1.269, 0.321, -1.425) error=0.121 m / 0.000 rad; RMS=0.179 m / 0.017 rad max=0.691 m / 0.088 rad samples=64
[component_container-9] [INFO] [1788982838.360382785] [pure_pursuit_node]: Pure Pursuit: pose=(1.364, -0.953, -1.536) cte=-0.003 closest=207 target=255 path_dist=0.003 heading_err=-0.010 steer=-0.033 speed=2.961
[gpu_amcl_cpp_node-6] [INFO] [1788982838.515898407] [gpu_amcl_cpp]: AMCL local correction: odom_prediction=(1.404, -1.262, -1.567) scan=(1.411, -1.284, -1.561) correction=0.023 m/0.006 rad cluster_weight=0.935 publish=true
[gpu_amcl_cpp_node-6] [INFO] [1788982838.788389482] [gpu_amcl_cpp]: AMCL odom delta: at_scan=(5.196, 0.559, -0.090) baseline=(5.057, 0.571, -0.079) delta=(0.138, -0.012, -0.012) moved=true scan_age=0.050s
[ground_truth_amcl_monitor-7] [INFO] [1788982838.964796814] [ground_truth_amcl_monitor]: AMCL vs GT: gt=(1.323, -2.662) amcl=(1.340, -2.518) error=0.146 m / 0.000 rad; current_map=(1.334, -2.517, -1.682) error=0.146 m / 0.000 rad; odom=(1.312, -2.513, -1.682) error=0.149 m / 0.000 rad; ekf=(1.312, -2.513, -1.682) error=0.149 m / 0.000 rad; RMS=0.196 m / 0.015 rad max=0.691 m / 0.088 rad samples=101
[component_container-9] [INFO] [1788982839.386545500] [pure_pursuit_node]: Pure Pursuit: pose=(1.166, -3.883, -1.731) cte=-0.007 closest=354 target=402 path_dist=0.007 heading_err=0.016 steer=-0.005 speed=2.958
[gpu_amcl_cpp_node-6] [INFO] [1788982839.539779474] [gpu_amcl_cpp]: AMCL local correction: odom_prediction=(1.117, -4.179, -1.734) scan=(1.113, -4.181, -1.729) correction=0.004 m/0.004 rad cluster_weight=0.937 publish=true
[gpu_amcl_cpp_node-6] [INFO] [1788982839.789627828] [gpu_amcl_cpp]: AMCL odom delta: at_scan=(8.074, 0.154, -0.178) baseline=(7.924, 0.180, -0.174) delta=(0.150, -0.027, -0.004) moved=true scan_age=0.051s
[ground_truth_amcl_monitor-7] [INFO] [1788982839.965757580] [ground_truth_amcl_monitor]: AMCL vs GT: gt=(0.872, -5.569) amcl=(0.893, -5.433) error=0.137 m / 0.000 rad; current_map=(0.899, -5.435, -1.766) error=0.137 m / 0.000 rad; odom=(0.859, -5.429, -1.766) error=0.141 m / 0.000 rad; ekf=(0.859, -5.429, -1.766) error=0.141 m / 0.000 rad; RMS=0.209 m / 0.013 rad max=0.691 m / 0.088 rad samples=139
[component_container-9] [INFO] [1788982840.411064675] [pure_pursuit_node]: Pure Pursuit: pose=(0.587, -6.893, -1.811) cte=-0.008 closest=507 target=555 path_dist=0.008 heading_err=0.012 steer=-0.004 speed=2.924
[gpu_amcl_cpp_node-6] [INFO] [1788982840.566803396] [gpu_amcl_cpp]: AMCL local correction: odom_prediction=(0.517, -7.196, -1.812) scan=(0.501, -7.237, -1.806) correction=0.044 m/0.006 rad cluster_weight=0.960 publish=true
[gpu_amcl_cpp_node-6] [INFO] [1788982840.738921677] [gpu_amcl_cpp]: Received LiDAR callback #92 (1081 ranges).
[gpu_amcl_cpp_node-6] [INFO] [1788982840.739026403] [gpu_amcl_cpp]: Starting AMCL scan update #92 (sampled from 1081 ranges).
[gpu_amcl_cpp_node-6] [INFO] [1788982840.740092692] [gpu_amcl_cpp]: AMCL scan update #92 completed; evaluating pose confidence.
[gpu_amcl_cpp_node-6] [INFO] [1788982840.842227523] [gpu_amcl_cpp]: AMCL odom delta: at_scan=(11.124, -0.535, -0.278) baseline=(10.983, -0.495, -0.267) delta=(0.141, -0.039, -0.012) moved=true scan_age=0.053s
[ground_truth_amcl_monitor-7] [INFO] [1788982841.014890965] [ground_truth_amcl_monitor]: AMCL vs GT: gt=(0.137, -8.566) amcl=(0.223, -8.316) error=0.265 m / 0.016 rad; current_map=(0.178, -8.453, -1.898) error=0.121 m / 0.000 rad; odom=(0.120, -8.442, -1.898) error=0.125 m / 0.000 rad; ekf=(0.120, -8.442, -1.898) error=0.125 m / 0.000 rad; RMS=0.212 m / 0.012 rad max=0.691 m / 0.088 rad samples=176
[component_container-9] [INFO] [1788982841.459835001] [pure_pursuit_node]: Pure Pursuit: pose=(-0.423, -9.441, -2.429) cte=0.123 closest=646 target=693 path_dist=0.123 heading_err=0.263 steer=-0.234 speed=2.175
[gpu_amcl_cpp_node-6] [INFO] [1788982841.615270344] [gpu_amcl_cpp]: AMCL local correction: odom_prediction=(-0.580, -9.632, -2.514) scan=(-0.646, -9.743, -2.477) correction=0.129 m/0.037 rad cluster_weight=0.997 publish=true
[gpu_amcl_cpp_node-6] [INFO] [1788982841.886018564] [gpu_amcl_cpp]: AMCL odom delta: at_scan=(12.952, -1.996, -1.463) baseline=(12.936, -1.897, -1.366) delta=(0.015, -0.098, -0.097) moved=true scan_age=0.050s
[ground_truth_amcl_monitor-7] [INFO] [1788982842.039379587] [ground_truth_amcl_monitor]: AMCL vs GT: gt=(-1.510, -9.997) amcl=(-1.222, -9.964) error=0.290 m / 0.043 rad; current_map=(-1.325, -9.958, 3.061) error=0.189 m / 0.000 rad; odom=(-1.496, -9.794, 3.061) error=0.204 m / 0.000 rad; ekf=(-1.496, -9.794, 3.061) error=0.204 m / 0.000 rad; RMS=0.221 m / 0.026 rad max=0.691 m / 0.141 rad samples=214
[component_container-9] [INFO] [1788982842.510643371] [pure_pursuit_node]: Pure Pursuit: pose=(-2.279, -9.611, 2.426) cte=0.078 closest=764 target=810 path_dist=0.078 heading_err=-0.123 steer=-0.159 speed=2.505
[gpu_amcl_cpp_node-6] [INFO] [1788982842.665898105] [gpu_amcl_cpp]: AMCL local correction: odom_prediction=(-2.500, -9.454, 2.343) scan=(-2.544, -9.394, 2.378) correction=0.075 m/0.035 rad cluster_weight=0.956 publish=true
[gpu_amcl_cpp_node-6] [INFO] [1788982842.888329157] [gpu_amcl_cpp]: AMCL odom delta: at_scan=(11.810, -3.723, -2.736) baseline=(11.938, -3.663, -2.669) delta=(-0.128, -0.060, -0.068) moved=true scan_age=0.050s
[ground_truth_amcl_monitor-7] [INFO] [1788982843.042728718] [ground_truth_amcl_monitor]: AMCL vs GT: gt=(-3.061, -8.473) amcl=(-2.951, -8.752) error=0.300 m / 0.035 rad; current_map=(-2.989, -8.632, 1.856) error=0.175 m / 0.000 rad; odom=(-3.051, -8.288, 1.856) error=0.185 m / 0.000 rad; ekf=(-3.051, -8.288, 1.856) error=0.185 m / 0.000 rad; RMS=0.223 m / 0.031 rad max=0.691 m / 0.141 rad samples=252
[component_container-9] [INFO] [1788982843.536712750] [pure_pursuit_node]: Pure Pursuit: pose=(-3.194, -7.269, 1.562) cte=-0.040 closest=893 target=941 path_dist=0.040 heading_err=0.047 steer=-0.044 speed=2.786
[gpu_amcl_cpp_node-6] [INFO] [1788982843.690052193] [gpu_amcl_cpp]: AMCL local correction: odom_prediction=(-3.221, -7.003, 1.523) scan=(-3.226, -6.837, 1.535) correction=0.166 m/0.013 rad cluster_weight=0.992 publish=true
[gpu_amcl_cpp_node-6] [INFO] [1788982843.912011992] [gpu_amcl_cpp]: AMCL odom delta: at_scan=(9.218, -3.957, 3.010) baseline=(9.406, -3.979, 3.037) delta=(-0.188, 0.022, -0.027) moved=true scan_age=0.051s
[ground_truth_amcl_monitor-7] [INFO] [1788982844.068725942] [ground_truth_amcl_monitor]: AMCL vs GT: gt=(-3.105, -5.717) amcl=(-3.217, -6.145) error=0.443 m / 0.025 rad; current_map=(-3.194, -6.017, 1.374) error=0.313 m / 0.000 rad; odom=(-3.114, -5.795, 1.399) error=0.079 m / 0.025 rad; ekf=(-3.114, -5.795, 1.399) error=0.079 m / 0.025 rad; RMS=0.239 m / 0.030 rad max=0.691 m / 0.141 rad samples=290
[component_container-9] [INFO] [1788982844.542456633] [pure_pursuit_node]: Pure Pursuit: pose=(-2.902, -4.748, 1.171) cte=-0.096 closest=1020 target=1067 path_dist=0.096 heading_err=0.109 steer=0.009 speed=2.615
[gpu_amcl_cpp_node-6] [INFO] [1788982844.715466306] [gpu_amcl_cpp]: AMCL local correction: odom_prediction=(-2.775, -4.475, 1.175) scan=(-2.755, -4.419, 1.135) correction=0.059 m/0.040 rad cluster_weight=0.933 publish=true
[gpu_amcl_cpp_node-6] [INFO] [1788982844.938268996] [gpu_amcl_cpp]: AMCL odom delta: at_scan=(6.759, -3.173, 2.827) baseline=(6.892, -3.218, 2.805) delta=(-0.133, 0.045, 0.022) moved=true scan_age=0.051s
[ground_truth_amcl_monitor-7] [INFO] [1788982845.113099022] [ground_truth_amcl_monitor]: AMCL vs GT: gt=(-2.213, -3.078) amcl=(-2.446, -3.671) error=0.637 m / 0.011 rad; current_map=(-2.387, -3.462, 1.302) error=0.422 m / 0.000 rad; odom=(-2.229, -3.117, 1.302) error=0.042 m / 0.000 rad; ekf=(-2.229, -3.117, 1.302) error=0.042 m / 0.000 rad; RMS=0.274 m / 0.028 rad max=0.691 m / 0.141 rad samples=326
[component_container-9] [INFO] [1788982845.563208867] [pure_pursuit_node]: Pure Pursuit: pose=(-2.029, -2.116, 1.364) cte=0.036 closest=1158 target=1206 path_dist=0.036 heading_err=-0.050 steer=-0.004 speed=2.833
[gpu_amcl_cpp_node-6] [INFO] [1788982845.739964194] [gpu_amcl_cpp]: AMCL local correction: odom_prediction=(-1.944, -1.798, 1.364) scan=(-1.913, -1.687, 1.326) correction=0.116 m/0.038 rad cluster_weight=0.937 publish=true
[gpu_amcl_cpp_node-6] [INFO] [1788982845.789064351] [gpu_amcl_cpp]: Received LiDAR callback #184 (1081 ranges).
[gpu_amcl_cpp_node-6] [INFO] [1788982845.789116399] [gpu_amcl_cpp]: Starting AMCL scan update #184 (sampled from 1081 ranges).
[gpu_amcl_cpp_node-6] [INFO] [1788982845.790191154] [gpu_amcl_cpp]: AMCL scan update #184 completed; evaluating pose confidence.
[gpu_amcl_cpp_node-6] [INFO] [1788982845.964171227] [gpu_amcl_cpp]: AMCL odom delta: at_scan=(3.973, -2.517, 2.927) baseline=(4.118, -2.548, 2.927) delta=(-0.145, 0.032, -0.000) moved=true scan_age=0.051s
[ground_truth_amcl_monitor-7] [INFO] [1788982846.139967906] [ground_truth_amcl_monitor]: AMCL vs GT: gt=(-1.583, -0.233) amcl=(-1.687, -0.849) error=0.625 m / 0.004 rad; current_map=(-1.656, -0.703, 1.365) error=0.476 m / 0.000 rad; odom=(-1.642, -0.475, 1.361) error=0.249 m / 0.004 rad; ekf=(-1.642, -0.475, 1.361) error=0.249 m / 0.004 rad; RMS=0.309 m / 0.027 rad max=0.691 m / 0.141 rad samples=362
[component_container-9] [INFO] [1788982846.588097429] [pure_pursuit_node]: Pure Pursuit: pose=(-1.368, 0.612, 1.479) cte=0.069 closest=1298 target=1345 path_dist=0.069 heading_err=-0.086 steer=0.012 speed=2.653
[gpu_amcl_cpp_node-6] [INFO] [1788982846.764823200] [gpu_amcl_cpp]: AMCL local correction: odom_prediction=(-1.323, 0.913, 1.494) scan=(-1.312, 1.002, 1.461) correction=0.090 m/0.032 rad cluster_weight=0.901 publish=true
[gpu_amcl_cpp_node-6] [INFO] [1788982846.986627950] [gpu_amcl_cpp]: AMCL odom delta: at_scan=(1.289, -2.140, 3.086) baseline=(1.413, -2.147, 3.078) delta=(-0.124, 0.007, 0.009) moved=true scan_age=0.051s
[ground_truth_amcl_monitor-7] [INFO] [1788982847.163289491] [ground_truth_amcl_monitor]: AMCL vs GT: gt=(-1.283, 2.546) amcl=(-1.265, 1.739) error=0.807 m / 0.021 rad; current_map=(-1.261, 1.928, 1.563) error=0.618 m / 0.000 rad; odom=(-1.324, 2.324, 1.563) error=0.225 m / 0.000 rad; ekf=(-1.324, 2.324, 1.563) error=0.225 m / 0.000 rad; RMS=0.349 m / 0.026 rad max=0.807 m / 0.141 rad samples=398
[component_container-9] [INFO] [1788982847.641390759] [pure_pursuit_node]: Pure Pursuit: pose=(-1.326, 2.800, 1.953) cte=-0.000 closest=1408 target=1454 path_dist=0.000 heading_err=-0.164 steer=0.229 speed=1.967
[gpu_amcl_cpp_node-6] [INFO] [1788982847.765081576] [gpu_amcl_cpp]: AMCL local correction: odom_prediction=(-1.338, 2.939, 1.959) scan=(-1.338, 3.018, 1.889) correction=0.079 m/0.071 rad cluster_weight=0.814 publish=true
[gpu_amcl_cpp_node-6] [INFO] [1788982847.988278225] [gpu_amcl_cpp]: AMCL odom delta: at_scan=(-0.545, -2.551, -2.403) baseline=(-0.467, -2.486, -2.490) delta=(-0.078, -0.065, 0.087) moved=true scan_age=0.052s
[ground_truth_amcl_monitor-7] [INFO] [1788982848.164842034] [ground_truth_amcl_monitor]: AMCL vs GT: gt=(-2.004, 4.423) amcl=(-1.629, 3.639) error=0.868 m / 0.000 rad; current_map=(-1.666, 3.609, 2.594) error=0.881 m / 0.000 rad; odom=(-2.013, 3.919, 2.594) error=0.504 m / 0.000 rad; ekf=(-2.013, 3.919, 2.594) error=0.504 m / 0.000 rad; RMS=0.423 m / 0.028 rad max=1.077 m / 0.141 rad samples=435
[gpu_amcl_cpp_node-6] [WARN] [1788982848.215441132] [gpu_amcl_cpp]: Rejected large local AMCL scan correction; restarting cloud at odometry prediction.
[gpu_amcl_cpp_node-6] [WARN] [1788982848.316799097] [gpu_amcl_cpp]: Queued LiDAR scan until source-time odometry arrives (queued=1).
[component_container-9] [INFO] [1788982848.661415847] [pure_pursuit_node]: Pure Pursuit: pose=(-2.606, 3.878, -2.803) cte=0.083 closest=1501 target=1546 path_dist=0.083 heading_err=0.074 steer=0.430 speed=1.716
[gpu_amcl_cpp_node-6] [INFO] [1788982848.766142037] [gpu_amcl_cpp]: AMCL local correction: odom_prediction=(-2.649, 4.001, -2.717) scan=(-2.943, 4.153, -2.743) correction=0.331 m/0.026 rad cluster_weight=0.853 publish=true
[gpu_amcl_cpp_node-6] [INFO] [1788982849.039673450] [gpu_amcl_cpp]: AMCL odom delta: at_scan=(-0.688, -4.035, -0.688) baseline=(-0.745, -3.984, -0.771) delta=(0.057, -0.051, 0.083) moved=true scan_age=0.051s
[ground_truth_amcl_monitor-7] [INFO] [1788982849.165562378] [ground_truth_amcl_monitor]: AMCL vs GT: gt=(-3.359, 4.150) amcl=(-2.964, 3.675) error=0.618 m / 0.000 rad; current_map=(-2.964, 3.675, -2.100) error=0.618 m / 0.000 rad; odom=(-3.339, 3.694, -2.100) error=0.457 m / 0.000 rad; ekf=(-3.339, 3.694, -2.100) error=0.457 m / 0.000 rad; RMS=0.453 m / 0.032 rad max=1.077 m / 0.141 rad samples=471
[component_container-9] [INFO] [1788982849.712037452] [pure_pursuit_node]: Pure Pursuit: pose=(-3.545, 3.191, -1.468) cte=0.481 closest=1546 target=1587 path_dist=0.481 heading_err=-0.298 steer=0.190 speed=1.676
[gpu_amcl_cpp_node-6] [INFO] [1788982849.818552196] [gpu_amcl_cpp]: AMCL local correction: odom_prediction=(-3.533, 3.106, -1.426) scan=(-3.533, 3.117, -1.424) correction=0.011 m/0.001 rad cluster_weight=0.957 publish=true
[gpu_amcl_cpp_node-6] [INFO] [1788982850.061676789] [gpu_amcl_cpp]: AMCL odom delta: at_scan=(0.656, -4.230, 0.296) baseline=(0.530, -4.267, 0.282) delta=(0.126, 0.037, 0.014) moved=true scan_age=0.051s
[ground_truth_amcl_monitor-7] [INFO] [1788982850.166442164] [ground_truth_amcl_monitor]: AMCL vs GT: gt=(-3.397, 2.594) amcl=(-3.385, 2.500) error=0.095 m / 0.000 rad; current_map=(-3.384, 2.500, -1.295) error=0.095 m / 0.000 rad; odom=(-3.372, 2.309, -1.295) error=0.286 m / 0.000 rad; ekf=(-3.372, 2.309, -1.295) error=0.286 m / 0.000 rad; RMS=0.442 m / 0.033 rad max=1.077 m / 0.141 rad samples=507
[component_container-9] [INFO] [1788982850.738303345] [pure_pursuit_node]: Pure Pursuit: pose=(-3.334, 1.017, -1.837) cte=-0.005 closest=1651 target=1698 path_dist=0.005 heading_err=0.096 steer=-0.242 speed=2.292
[gpu_amcl_cpp_node-6] [INFO] [1788982850.791635407] [gpu_amcl_cpp]: Received LiDAR callback #275 (1081 ranges).
[gpu_amcl_cpp_node-6] [INFO] [1788982850.791703935] [gpu_amcl_cpp]: Starting AMCL scan update #275 (sampled from 1081 ranges).
[gpu_amcl_cpp_node-6] [INFO] [1788982850.792340148] [gpu_amcl_cpp]: AMCL scan update #275 completed; evaluating pose confidence.
[gpu_amcl_cpp_node-6] [INFO] [1788982850.863256339] [gpu_amcl_cpp]: AMCL local correction: odom_prediction=(-3.398, 0.845, -1.923) scan=(-3.378, 0.909, -1.892) correction=0.067 m/0.031 rad cluster_weight=0.974 publish=true
[gpu_amcl_cpp_node-6] [INFO] [1788982851.088280627] [gpu_amcl_cpp]: AMCL odom delta: at_scan=(2.727, -4.303, -0.624) baseline=(2.677, -4.268, -0.578) delta=(0.050, -0.035, -0.046) moved=true scan_age=0.053s
[ground_truth_amcl_monitor-7] [INFO] [1788982851.189442234] [ground_truth_amcl_monitor]: AMCL vs GT: gt=(-3.760, 0.326) amcl=(-3.640, 0.581) error=0.282 m / 0.019 rad; current_map=(-3.710, 0.483, -2.182) error=0.165 m / 0.000 rad; odom=(-3.618, 0.268, -2.182) error=0.153 m / 0.000 rad; ekf=(-3.618, 0.268, -2.182) error=0.153 m / 0.000 rad; RMS=0.427 m / 0.033 rad max=1.077 m / 0.141 rad samples=544
[component_container-9] [INFO] [1788982851.740540258] [pure_pursuit_node]: Pure Pursuit: pose=(-4.199, -0.082, -2.558) cte=0.240 closest=1728 target=1773 path_dist=0.240 heading_err=-0.068 steer=-0.524 speed=1.476
[gpu_amcl_cpp_node-6] [INFO] [1788982851.913593075] [gpu_amcl_cpp]: AMCL local correction: odom_prediction=(-4.314, -0.253, -2.763) scan=(-4.495, -0.353, -2.716) correction=0.207 m/0.047 rad cluster_weight=0.984 publish=true
[gpu_amcl_cpp_node-6] [INFO] [1788982852.113649270] [gpu_amcl_cpp]: AMCL odom delta: at_scan=(3.555, -5.405, -1.655) baseline=(3.557, -5.330, -1.536) delta=(-0.002, -0.075, -0.119) moved=true scan_age=0.050s
[ground_truth_amcl_monitor-7] [INFO] [1788982852.218489245] [ground_truth_amcl_monitor]: AMCL vs GT: gt=(-4.946, -0.416) amcl=(-4.661, -0.383) error=0.287 m / 0.124 rad; current_map=(-4.738, -0.362, 2.812) error=0.215 m / 0.000 rad; odom=(-4.759, -0.366, 2.812) error=0.194 m / 0.000 rad; ekf=(-4.759, -0.366, 2.812) error=0.194 m / 0.000 rad; RMS=0.420 m / 0.035 rad max=1.077 m / 0.141 rad samples=582
[component_container-9] [INFO] [1788982852.787906496] [pure_pursuit_node]: Pure Pursuit: pose=(-5.630, 0.145, 2.107) cte=-0.057 closest=1819 target=1865 path_dist=0.057 heading_err=-0.042 steer=-0.173 speed=2.627
[gpu_amcl_cpp_node-6] [INFO] [1788982852.963941715] [gpu_amcl_cpp]: AMCL local correction: odom_prediction=(-5.805, 0.420, 1.916) scan=(-5.836, 0.500, 1.938) correction=0.087 m/0.022 rad cluster_weight=0.945 publish=true
[gpu_amcl_cpp_node-6] [INFO] [1788982853.114563887] [gpu_amcl_cpp]: AMCL odom delta: at_scan=(2.121, -6.579, -2.923) baseline=(2.242, -6.550, -2.892) delta=(-0.122, -0.029, -0.031) moved=true scan_age=0.050s
[ground_truth_amcl_monitor-7] [INFO] [1788982853.239266943] [ground_truth_amcl_monitor]: AMCL vs GT: gt=(-6.038, 1.331) amcl=(-5.958, 0.900) error=0.438 m / 0.029 rad; current_map=(-5.990, 1.075, 1.738) error=0.261 m / 0.000 rad; odom=(-5.804, 1.159, 1.767) error=0.291 m / 0.029 rad; ekf=(-5.804, 1.159, 1.767) error=0.291 m / 0.029 rad; RMS=0.413 m / 0.037 rad max=1.077 m / 0.166 rad samples=618
[component_container-9] [INFO] [1788982853.813293799] [pure_pursuit_node]: Pure Pursuit: pose=(-6.155, 2.728, 1.608) cte=-0.004 closest=1951 target=1999 path_dist=0.004 heading_err=0.014 steer=-0.029 speed=2.940
[gpu_amcl_cpp_node-6] [INFO] [1788982853.990427207] [gpu_amcl_cpp]: AMCL local correction: odom_prediction=(-6.171, 3.088, 1.576) scan=(-6.173, 3.159, 1.598) correction=0.071 m/0.021 rad cluster_weight=0.945 publish=true
[gpu_amcl_cpp_node-6] [INFO] [1788982854.163274920] [gpu_amcl_cpp]: AMCL odom delta: at_scan=(-0.706, -6.791, 3.096) baseline=(-0.554, -6.797, 3.114) delta=(-0.151, 0.006, -0.017) moved=true scan_age=0.051s
[ground_truth_amcl_monitor-7] [INFO] [1788982854.267551078] [ground_truth_amcl_monitor]: AMCL vs GT: gt=(-6.181, 4.230) amcl=(-6.172, 3.755) error=0.475 m / 0.024 rad; current_map=(-6.160, 3.905, 1.480) error=0.325 m / 0.000 rad; odom=(-5.970, 4.165, 1.480) error=0.220 m / 0.000 rad; ekf=(-5.970, 4.165, 1.480) error=0.220 m / 0.000 rad; RMS=0.412 m / 0.036 rad max=1.077 m / 0.166 rad samples=654
[component_container-9] [INFO] [1788982854.838513799] [pure_pursuit_node]: Pure Pursuit: pose=(-5.802, 5.603, 1.173) cte=-0.033 closest=2096 target=2144 path_dist=0.033 heading_err=0.036 steer=-0.066 speed=2.644
[gpu_amcl_cpp_node-6] [INFO] [1788982855.013904360] [gpu_amcl_cpp]: AMCL local correction: odom_prediction=(-5.712, 5.902, 1.114) scan=(-5.628, 6.120, 1.153) correction=0.233 m/0.039 rad cluster_weight=0.980 publish=true
[gpu_amcl_cpp_node-6] [INFO] [1788982855.168563552] [gpu_amcl_cpp]: AMCL odom delta: at_scan=(-3.311, -6.044, 2.554) baseline=(-3.205, -6.112, 2.596) delta=(-0.106, 0.068, -0.042) moved=true scan_age=0.054s
[ground_truth_amcl_monitor-7] [INFO] [1788982855.289352580] [ground_truth_amcl_monitor]: AMCL vs GT: gt=(-5.241, 6.841) amcl=(-5.482, 6.409) error=0.495 m / 0.061 rad; current_map=(-5.400, 6.505, 0.833) error=0.372 m / 0.000 rad; odom=(-5.058, 6.707, 0.833) error=0.228 m / 0.000 rad; ekf=(-5.140, 6.611, 0.894) error=0.252 m / 0.061 rad; RMS=0.413 m / 0.035 rad max=1.077 m / 0.166 rad samples=690
[gpu_amcl_cpp_node-6] [WARN] [1788982855.788559497] [gpu_amcl_cpp]: Queued LiDAR scan until source-time odometry arrives (queued=1).
[gpu_amcl_cpp_node-6] [INFO] [1788982855.792724376] [gpu_amcl_cpp]: Received LiDAR callback #365 (1081 ranges).
[gpu_amcl_cpp_node-6] [INFO] [1788982855.792781032] [gpu_amcl_cpp]: Starting AMCL scan update #365 (sampled from 1081 ranges).
[gpu_amcl_cpp_node-6] [INFO] [1788982855.793271502] [gpu_amcl_cpp]: AMCL scan update #365 completed; evaluating pose confidence.
[component_container-9] [INFO] [1788982855.891048294] [pure_pursuit_node]: Pure Pursuit: pose=(-4.236, 7.575, 0.256) cte=-0.160 closest=2222 target=2269 path_dist=0.160 heading_err=0.133 steer=-0.162 speed=2.286
[gpu_amcl_cpp_node-6] [INFO] [1788982856.014998760] [gpu_amcl_cpp]: AMCL local correction: odom_prediction=(-4.096, 7.683, 0.176) scan=(-3.944, 7.771, 0.243) correction=0.176 m/0.067 rad cluster_weight=0.970 publish=true
[gpu_amcl_cpp_node-6] [INFO] [1788982856.187725137] [gpu_amcl_cpp]: AMCL odom delta: at_scan=(-4.516, -3.931, 1.567) baseline=(-4.511, -4.107, 1.636) delta=(-0.005, 0.176, -0.070) moved=true scan_age=0.052s
[ground_truth_amcl_monitor-7] [INFO] [1788982856.289595034] [ground_truth_amcl_monitor]: AMCL vs GT: gt=(-3.124, 7.816) amcl=(-3.568, 7.840) error=0.444 m / 0.069 rad; current_map=(-3.493, 7.833, -0.123) error=0.369 m / 0.000 rad; odom=(-2.929, 7.663, -0.123) error=0.248 m / 0.000 rad; ekf=(-2.929, 7.663, -0.123) error=0.248 m / 0.000 rad; RMS=0.415 m / 0.036 rad max=1.077 m / 0.166 rad samples=726
[component_container-9] [INFO] [1788982856.912702384] [pure_pursuit_node]: Pure Pursuit: pose=(-2.337, 7.531, -0.470) cte=-0.113 closest=2314 target=2361 path_dist=0.113 heading_err=0.102 steer=-0.125 speed=2.479
[gpu_amcl_cpp_node-6] [INFO] [1788982857.041013686] [gpu_amcl_cpp]: AMCL local correction: odom_prediction=(-2.149, 7.505, -0.538) scan=(-1.989, 7.452, -0.458) correction=0.169 m/0.080 rad cluster_weight=0.925 publish=true
[gpu_amcl_cpp_node-6] [INFO] [1788982857.213630938] [gpu_amcl_cpp]: AMCL odom delta: at_scan=(-3.728, -2.061, 0.881) baseline=(-3.807, -2.160, 0.924) delta=(0.078, 0.099, -0.043) moved=true scan_age=0.052s
[ground_truth_amcl_monitor-7] [INFO] [1788982857.317163934] [ground_truth_amcl_monitor]: AMCL vs GT: gt=(-1.105, 6.846) amcl=(-1.644, 7.261) error=0.680 m / 0.034 rad; current_map=(-1.552, 7.175, -0.761) error=0.555 m / 0.000 rad; odom=(-1.070, 6.716, -0.761) error=0.134 m / 0.000 rad; ekf=(-1.070, 6.716, -0.761) error=0.134 m / 0.000 rad; RMS=0.426 m / 0.035 rad max=1.077 m / 0.166 rad samples=762
[component_container-9] [INFO] [1788982857.913513326] [pure_pursuit_node]: Pure Pursuit: pose=(-0.495, 5.996, -1.126) cte=-0.150 closest=2432 target=2479 path_dist=0.150 heading_err=0.149 steer=-0.054 speed=2.393
[gpu_amcl_cpp_node-6] [INFO] [1788982858.088381870] [gpu_amcl_cpp]: AMCL local correction: odom_prediction=(-0.308, 5.759, -1.177) scan=(-0.217, 5.662, -1.138) correction=0.134 m/0.038 rad cluster_weight=0.914 publish=true
[gpu_amcl_cpp_node-6] [INFO] [1788982858.242420790] [gpu_amcl_cpp]: AMCL odom delta: at_scan=(-1.612, -0.688, 0.350) baseline=(-1.733, -0.733, 0.364) delta=(0.121, 0.045, -0.013) moved=true scan_age=0.053s
[ground_truth_amcl_monitor-7] [INFO] [1788982858.362886001] [ground_truth_amcl_monitor]: AMCL vs GT: gt=(0.138, 4.680) amcl=(-0.043, 5.278) error=0.624 m / 0.015 rad; current_map=(-0.003, 5.159, -1.252) error=0.499 m / 0.000 rad; odom=(0.212, 4.484, -1.252) error=0.210 m / 0.000 rad; ekf=(0.212, 4.484, -1.252) error=0.210 m / 0.000 rad; RMS=0.436 m / 0.035 rad max=1.077 m / 0.166 rad samples=800
[component_container-9] [INFO] [1788982858.937502388] [pure_pursuit_node]: Pure Pursuit: pose=(0.505, 3.694, -1.303) cte=-0.053 closest=2556 target=17 path_dist=0.053 heading_err=0.073 steer=-0.013 speed=2.745
[gpu_amcl_cpp_node-6] [INFO] [1788982859.111825819] [gpu_amcl_cpp]: AMCL local correction: odom_prediction=(0.638, 3.398, -1.310) scan=(0.646, 3.414, -1.311) correction=0.018 m/0.001 rad cluster_weight=0.913 publish=true
[gpu_amcl_cpp_node-6] [INFO] [1788982859.284344748] [gpu_amcl_cpp]: AMCL odom delta: at_scan=(0.927, 0.042, 0.223) baseline=(0.748, -0.001, 0.244) delta=(0.179, 0.043, -0.020) moved=true scan_age=0.049s
[ground_truth_amcl_monitor-7] [INFO] [1788982859.387531935] [ground_truth_amcl_monitor]: AMCL vs GT: gt=(0.847, 2.083) amcl=(0.791, 2.837) error=0.756 m / 0.012 rad; current_map=(0.817, 2.712, -1.370) error=0.630 m / 0.000 rad; odom=(0.870, 2.106, -1.358) error=0.033 m / 0.012 rad; ekf=(0.870, 2.106, -1.358) error=0.033 m / 0.012 rad; RMS=0.446 m / 0.034 rad max=1.077 m / 0.166 rad samples=838
[component_container-9] [INFO] [1788982859.965475792] [pure_pursuit_node]: Pure Pursuit: pose=(1.142, 0.986, -1.385) cte=0.021 closest=109 target=157 path_dist=0.021 heading_err=-0.013 steer=-0.016 speed=2.885
[gpu_amcl_cpp_node-6] [INFO] [1788982860.165127552] [gpu_amcl_cpp]: AMCL local correction: odom_prediction=(1.230, 0.568, -1.411) scan=(1.220, 0.618, -1.389) correction=0.051 m/0.022 rad cluster_weight=0.928 publish=true
[gpu_amcl_cpp_node-6] [INFO] [1788982860.337095548] [gpu_amcl_cpp]: AMCL odom delta: at_scan=(3.814, 0.583, 0.118) baseline=(3.610, 0.556, 0.140) delta=(0.204, 0.026, -0.022) moved=true scan_age=0.052s
[ground_truth_amcl_monitor-7] [INFO] [1788982860.389506024] [ground_truth_amcl_monitor]: AMCL vs GT: gt=(1.359, -0.747) amcl=(1.312, 0.074) error=0.822 m / 0.024 rad; current_map=(1.329, -0.078, -1.477) error=0.670 m / 0.000 rad; odom=(1.400, -0.808, -1.477) error=0.074 m / 0.000 rad; ekf=(1.400, -0.808, -1.477) error=0.074 m / 0.000 rad; RMS=0.462 m / 0.033 rad max=1.077 m / 0.166 rad samples=874
[gpu_amcl_cpp_node-6] [INFO] [1788982860.839597498] [gpu_amcl_cpp]: Received LiDAR callback #456 (1081 ranges).
[gpu_amcl_cpp_node-6] [INFO] [1788982860.839652682] [gpu_amcl_cpp]: Starting AMCL scan update #456 (sampled from 1081 ranges).
[gpu_amcl_cpp_node-6] [INFO] [1788982860.841014125] [gpu_amcl_cpp]: AMCL scan update #456 completed; evaluating pose confidence.
[component_container-9] [INFO] [1788982861.012420718] [pure_pursuit_node]: Pure Pursuit: pose=(1.363, -1.971, -1.660) cte=-0.014 closest=258 target=305 path_dist=0.014 heading_err=0.044 steer=0.001 speed=2.918
[gpu_amcl_cpp_node-6] [INFO] [1788982861.167868771] [gpu_amcl_cpp]: AMCL local correction: odom_prediction=(1.365, -2.262, -1.655) scan=(1.369, -2.313, -1.647) correction=0.051 m/0.007 rad cluster_weight=0.930 publish=true
[gpu_amcl_cpp_node-6] [INFO] [1788982861.339448770] [gpu_amcl_cpp]: AMCL odom delta: at_scan=(6.655, 0.516, -0.104) baseline=(6.506, 0.531, -0.094) delta=(0.149, -0.015, -0.010) moved=true scan_age=0.051s
[ground_truth_amcl_monitor-7] [INFO] [1788982861.393500542] [ground_truth_amcl_monitor]: AMCL vs GT: gt=(1.258, -3.617) amcl=(1.339, -2.767) error=0.854 m / 0.016 rad; current_map=(1.322, -2.914, -1.691) error=0.706 m / 0.000 rad; odom=(1.301, -3.644, -1.691) error=0.051 m / 0.000 rad; ekf=(1.301, -3.644, -1.691) error=0.051 m / 0.000 rad; RMS=0.478 m / 0.033 rad max=1.077 m / 0.166 rad samples=910
[component_container-9] [INFO] [1788982862.012662161] [pure_pursuit_node]: Pure Pursuit: pose=(1.002, -4.813, -1.746) cte=0.007 closest=401 target=449 path_dist=0.007 heading_err=0.000 steer=-0.006 speed=2.962
[gpu_amcl_cpp_node-6] [INFO] [1788982862.190260514] [gpu_amcl_cpp]: AMCL local correction: odom_prediction=(0.940, -5.183, -1.751) scan=(0.933, -5.222, -1.734) correction=0.040 m/0.017 rad cluster_weight=0.880 publish=true
[gpu_amcl_cpp_node-6] [INFO] [1788982862.361218537] [gpu_amcl_cpp]: AMCL odom delta: at_scan=(9.583, 0.015, -0.196) baseline=(9.374, 0.056, -0.191) delta=(0.210, -0.041, -0.006) moved=true scan_age=0.051s
[ground_truth_amcl_monitor-7] [INFO] [1788982862.412766856] [ground_truth_amcl_monitor]: AMCL vs GT: gt=(0.743, -6.553) amcl=(0.845, -5.697) error=0.863 m / 0.006 rad; current_map=(0.815, -5.847, -1.773) error=0.710 m / 0.000 rad; odom=(0.787, -6.576, -1.773) error=0.049 m / 0.000 rad; ekf=(0.787, -6.576, -1.773) error=0.049 m / 0.000 rad; RMS=0.494 m / 0.032 rad max=1.077 m / 0.166 rad samples=946
[component_container-9] [INFO] [1788982863.013067774] [pure_pursuit_node]: Pure Pursuit: pose=(0.422, -7.709, -1.851) cte=-0.039 closest=549 target=596 path_dist=0.039 heading_err=0.034 steer=-0.037 speed=2.767
[gpu_amcl_cpp_node-6] [INFO] [1788982863.240293335] [gpu_amcl_cpp]: AMCL local correction: odom_prediction=(0.314, -8.170, -1.901) scan=(0.265, -8.357, -1.832) correction=0.194 m/0.068 rad cluster_weight=0.872 publish=true
[gpu_amcl_cpp_node-6] [INFO] [1788982863.410935536] [gpu_amcl_cpp]: AMCL odom delta: at_scan=(12.451, -0.761, -0.392) baseline=(12.286, -0.695, -0.365) delta=(0.165, -0.066, -0.027) moved=true scan_age=0.050s
[ground_truth_amcl_monitor-7] [INFO] [1788982863.414498376] [ground_truth_amcl_monitor]: AMCL vs GT: gt=(-0.015, -9.306) amcl=(0.188, -8.595) error=0.739 m / 0.000 rad; current_map=(0.170, -8.589, -1.963) error=0.740 m / 0.000 rad; odom=(0.041, -9.293, -1.963) error=0.058 m / 0.000 rad; ekf=(0.041, -9.293, -1.963) error=0.058 m / 0.000 rad; RMS=0.509 m / 0.031 rad max=1.077 m / 0.166 rad samples=983
[gpu_amcl_cpp_node-6] [WARN] [1788982863.687972820] [gpu_amcl_cpp]: Rejected large local AMCL scan correction; restarting cloud at odometry prediction.
[component_container-9] [INFO] [1788982864.062609506] [pure_pursuit_node]: Pure Pursuit: pose=(-0.817, -9.900, -2.851) cte=0.067 closest=679 target=726 path_dist=0.067 heading_err=0.210 steer=-0.404 speed=2.358
[gpu_amcl_cpp_node-6] [INFO] [1788982864.292188730] [gpu_amcl_cpp]: AMCL local correction: odom_prediction=(-1.244, -9.970, -3.106) scan=(-1.544, -10.462, -3.059) correction=0.576 m/0.047 rad cluster_weight=0.831 publish=true
[gpu_amcl_cpp_node-6] [INFO] [1788982864.413775807] [gpu_amcl_cpp]: AMCL odom delta: at_scan=(13.749, -2.472, -1.730) baseline=(13.753, -2.436, -1.642) delta=(-0.004, -0.035, -0.088) moved=true scan_age=0.052s
[ground_truth_amcl_monitor-7] [INFO] [1788982864.414801359] [ground_truth_amcl_monitor]: AMCL vs GT: gt=(-1.770, -10.599) amcl=(-1.353, -9.968) error=0.756 m / 0.088 rad; current_map=(-1.388, -9.964, 2.982) error=0.740 m / 0.000 rad; odom=(-1.669, -10.592, 2.982) error=0.101 m / 0.000 rad; ekf=(-1.669, -10.592, 2.982) error=0.101 m / 0.000 rad; RMS=0.521 m / 0.033 rad max=1.077 m / 0.166 rad samples=1018
[gpu_amcl_cpp_node-6] [WARN] [1788982864.538052095] [gpu_amcl_cpp]: No local AMCL cluster near odometry prediction; using causal odometry pose.
[gpu_amcl_cpp_node-6] [WARN] [1788982864.691014258] [gpu_amcl_cpp]: Rejected large local AMCL scan correction; restarting cloud at odometry prediction.
[component_container-9] [INFO] [1788982865.087435449] [pure_pursuit_node]: Pure Pursuit: pose=(-2.481, -9.377, 2.353) cte=0.059 closest=780 target=826 path_dist=0.059 heading_err=-0.207 steer=-0.190 speed=2.658
[gpu_amcl_cpp_node-6] [INFO] [1788982865.365416925] [gpu_amcl_cpp]: AMCL local correction: odom_prediction=(-2.824, -8.907, 2.038) scan=(-3.407, -9.168, 2.044) correction=0.639 m/0.006 rad cluster_weight=0.856 publish=true
[gpu_amcl_cpp_node-6] [INFO] [1788982865.414220448] [gpu_amcl_cpp]: AMCL odom delta: at_scan=(12.565, -3.966, -2.740) baseline=(12.691, -3.908, -2.674) delta=(-0.126, -0.058, -0.066) moved=true scan_age=0.050s
[ground_truth_amcl_monitor-7] [INFO] [1788982865.415102992] [ground_truth_amcl_monitor]: AMCL vs GT: gt=(-3.385, -9.369) amcl=(-2.824, -8.907) error=0.727 m / 0.066 rad; current_map=(-2.882, -8.781, 1.973) error=0.774 m / 0.000 rad; odom=(-3.164, -9.409, 1.973) error=0.225 m / 0.000 rad; ekf=(-3.164, -9.409, 1.973) error=0.225 m / 0.000 rad; RMS=0.532 m / 0.033 rad max=1.077 m / 0.166 rad samples=1054
[gpu_amcl_cpp_node-6] [WARN] [1788982865.713774700] [gpu_amcl_cpp]: Rejected large local AMCL scan correction; restarting cloud at odometry prediction.
[gpu_amcl_cpp_node-6] [INFO] [1788982865.866491834] [gpu_amcl_cpp]: Received LiDAR callback #546 (1081 ranges).
[gpu_amcl_cpp_node-6] [INFO] [1788982865.866543531] [gpu_amcl_cpp]: Starting AMCL scan update #546 (sampled from 1081 ranges).
[gpu_amcl_cpp_node-6] [INFO] [1788982865.867182359] [gpu_amcl_cpp]: AMCL scan update #546 completed; evaluating pose confidence.
[component_container-9] [INFO] [1788982866.089673233] [pure_pursuit_node]: Pure Pursuit: pose=(-3.161, -6.805, 1.538) cte=-0.004 closest=916 target=964 path_dist=0.004 heading_err=0.002 steer=-0.044 speed=2.931
[gpu_amcl_cpp_node-6] [INFO] [1788982866.390929228] [gpu_amcl_cpp]: AMCL local correction: odom_prediction=(-3.534, -6.059, 1.442) scan=(-3.496, -6.228, 1.403) correction=0.173 m/0.039 rad cluster_weight=0.868 publish=true
[gpu_amcl_cpp_node-6] [WARN] [1788982866.441453717] [gpu_amcl_cpp]: Queued LiDAR scan until source-time odometry arrives (queued=1).
[gpu_amcl_cpp_node-6] [INFO] [1788982866.442690827] [gpu_amcl_cpp]: AMCL odom delta: at_scan=(9.762, -4.170, 2.964) baseline=(9.865, -4.186, 3.013) delta=(-0.103, 0.016, -0.049) moved=true scan_age=0.053s
[ground_truth_amcl_monitor-7] [INFO] [1788982866.442938351] [ground_truth_amcl_monitor]: AMCL vs GT: gt=(-3.593, -6.486) amcl=(-3.477, -6.066) error=0.435 m / 0.049 rad; current_map=(-3.461, -5.964, 1.393) error=0.539 m / 0.000 rad; odom=(-3.384, -6.708, 1.442) error=0.305 m / 0.049 rad; ekf=(-3.384, -6.708, 1.442) error=0.305 m / 0.049 rad; RMS=0.537 m / 0.033 rad max=1.077 m / 0.166 rad samples=1090
[component_container-9] [INFO] [1788982867.117588794] [pure_pursuit_node]: Pure Pursuit: pose=(-2.775, -4.887, 1.284) cte=0.066 closest=1015 target=1062 path_dist=0.066 heading_err=-0.002 steer=0.051 speed=2.723
[gpu_amcl_cpp_node-6] [INFO] [1788982867.416323952] [gpu_amcl_cpp]: AMCL local correction: odom_prediction=(-2.628, -4.230, 1.352) scan=(-2.625, -4.237, 1.361) correction=0.008 m/0.009 rad cluster_weight=0.920 publish=true
[gpu_amcl_cpp_node-6] [INFO] [1788982867.466838724] [gpu_amcl_cpp]: AMCL odom delta: at_scan=(7.874, -3.436, 2.917) baseline=(8.007, -3.466, 2.923) delta=(-0.134, 0.030, -0.006) moved=true scan_age=0.052s
[ground_truth_amcl_monitor-7] [INFO] [1788982867.467625529] [ground_truth_amcl_monitor]: AMCL vs GT: gt=(-2.717, -4.239) amcl=(-2.623, -4.231) error=0.095 m / 0.006 rad; current_map=(-2.593, -4.097, 1.347) error=0.188 m / 0.000 rad; odom=(-2.634, -4.717, 1.347) error=0.485 m / 0.000 rad; ekf=(-2.634, -4.717, 1.347) error=0.485 m / 0.000 rad; RMS=0.530 m / 0.033 rad max=1.077 m / 0.166 rad samples=1126
[component_container-9] [INFO] [1788982868.163290044] [pure_pursuit_node]: Pure Pursuit: pose=(-2.059, -2.007, 1.277) cte=-0.020 closest=1163 target=1211 path_dist=0.020 heading_err=0.038 steer=0.016 speed=2.902
[gpu_amcl_cpp_node-6] [INFO] [1788982868.466532143] [gpu_amcl_cpp]: AMCL local correction: odom_prediction=(-1.877, -1.321, 1.312) scan=(-1.885, -1.354, 1.310) correction=0.034 m/0.002 rad cluster_weight=0.935 publish=true
[ground_truth_amcl_monitor-7] [INFO] [1788982868.468854567] [ground_truth_amcl_monitor]: AMCL vs GT: gt=(-1.929, -1.462) amcl=(-1.876, -1.321) error=0.150 m / 0.000 rad; current_map=(-1.877, -1.321, 1.312) error=0.150 m / 0.000 rad; odom=(-1.852, -1.959, 1.312) error=0.503 m / 0.000 rad; ekf=(-1.852, -1.959, 1.312) error=0.503 m / 0.000 rad; RMS=0.522 m / 0.033 rad max=1.077 m / 0.166 rad samples=1161
[gpu_amcl_cpp_node-6] [INFO] [1788982868.519914782] [gpu_amcl_cpp]: AMCL odom delta: at_scan=(4.964, -2.614, 2.888) baseline=(5.116, -2.654, 2.883) delta=(-0.151, 0.040, 0.005) moved=true scan_age=0.055s
[component_container-9] [INFO] [1788982869.216531924] [pure_pursuit_node]: Pure Pursuit: pose=(-1.396, 0.952, 1.380) cte=-0.015 closest=1315 target=1363 path_dist=0.015 heading_err=0.031 steer=0.043 speed=2.838
[gpu_amcl_cpp_node-6] [WARN] [1788982869.461692765] [gpu_amcl_cpp]: Queued LiDAR scan until source-time odometry arrives (queued=1).
[ground_truth_amcl_monitor-7] [INFO] [1788982869.514617956] [ground_truth_amcl_monitor]: AMCL vs GT: gt=(-1.304, 1.499) amcl=(-1.317, 1.482) error=0.021 m / 0.020 rad; current_map=(-1.301, 1.621, 1.470) error=0.122 m / 0.000 rad; odom=(-1.249, 0.834, 1.450) error=0.667 m / 0.020 rad; ekf=(-1.249, 0.834, 1.450) error=0.667 m / 0.020 rad; RMS=0.515 m / 0.032 rad max=1.077 m / 0.166 rad samples=1196
[gpu_amcl_cpp_node-6] [INFO] [1788982869.516053377] [gpu_amcl_cpp]: AMCL local correction: odom_prediction=(-1.301, 1.621, 1.470) scan=(-1.301, 1.609, 1.462) correction=0.012 m/0.008 rad cluster_weight=0.944 publish=true
[gpu_amcl_cpp_node-6] [INFO] [1788982869.566949504] [gpu_amcl_cpp]: AMCL odom delta: at_scan=(2.038, -2.021, 3.059) baseline=(2.183, -2.034, 3.040) delta=(-0.145, 0.013, 0.019) moved=true scan_age=0.053s
[component_container-9] [INFO] [1788982870.218699224] [pure_pursuit_node]: Pure Pursuit: pose=(-1.488, 2.955, 2.046) cte=-0.117 closest=1418 target=1463 path_dist=0.117 heading_err=-0.176 steer=0.180 speed=1.686
[gpu_amcl_cpp_node-6] [INFO] [1788982870.517653455] [gpu_amcl_cpp]: AMCL local correction: odom_prediction=(-1.655, 3.313, 2.241) scan=(-1.714, 3.458, 2.196) correction=0.157 m/0.045 rad cluster_weight=0.975 publish=true
[ground_truth_amcl_monitor-7] [INFO] [1788982870.518482760] [ground_truth_amcl_monitor]: AMCL vs GT: gt=(-1.749, 3.509) amcl=(-1.615, 3.254) error=0.288 m / 0.133 rad; current_map=(-1.655, 3.313, 2.241) error=0.218 m / 0.000 rad; odom=(-1.594, 2.660, 2.241) error=0.863 m / 0.000 rad; ekf=(-1.554, 2.602, 2.108) error=0.928 m / 0.133 rad; RMS=0.508 m / 0.033 rad max=1.077 m / 0.166 rad samples=1230
[gpu_amcl_cpp_node-6] [INFO] [1788982870.569418591] [gpu_amcl_cpp]: AMCL odom delta: at_scan=(0.477, -2.412, -2.379) baseline=(0.497, -2.395, -2.471) delta=(-0.020, -0.017, 0.093) moved=true scan_age=0.053s
[gpu_amcl_cpp_node-6] [INFO] [1788982870.915518057] [gpu_amcl_cpp]: Received LiDAR callback #635 (1081 ranges).
[gpu_amcl_cpp_node-6] [INFO] [1788982870.915586755] [gpu_amcl_cpp]: Starting AMCL scan update #635 (sampled from 1081 ranges).
[gpu_amcl_cpp_node-6] [INFO] [1788982870.916163867] [gpu_amcl_cpp]: AMCL scan update #635 completed; evaluating pose confidence.
[component_container-9] [INFO] [1788982871.265057833] [pure_pursuit_node]: Pure Pursuit: pose=(-2.422, 3.774, -2.800) cte=-0.071 closest=1494 target=1538 path_dist=0.071 heading_err=-0.163 steer=0.524 speed=1.713
[ground_truth_amcl_monitor-7] [INFO] [1788982871.565966378] [ground_truth_amcl_monitor]: AMCL vs GT: gt=(-2.864, 3.580) amcl=(-2.708, 3.742) error=0.225 m / 0.098 rad; current_map=(-2.764, 3.675, -2.222) error=0.138 m / 0.000 rad; odom=(-2.783, 2.671, -2.222) error=0.913 m / 0.000 rad; ekf=(-2.783, 2.671, -2.222) error=0.913 m / 0.000 rad; RMS=0.503 m / 0.035 rad max=1.077 m / 0.178 rad samples=1266
[gpu_amcl_cpp_node-6] [INFO] [1788982871.566509897] [gpu_amcl_cpp]: AMCL local correction: odom_prediction=(-2.764, 3.675, -2.222) scan=(-2.843, 3.614, -2.248) correction=0.100 m/0.026 rad cluster_weight=0.973 publish=true
[gpu_amcl_cpp_node-6] [INFO] [1788982871.617858954] [gpu_amcl_cpp]: AMCL odom delta: at_scan=(0.566, -3.640, -0.588) baseline=(0.486, -3.583, -0.651) delta=(0.079, -0.057, 0.063) moved=true scan_age=0.053s
[component_container-9] [INFO] [1788982872.312208308] [pure_pursuit_node]: Pure Pursuit: pose=(-3.279, 2.013, -1.582) cte=0.062 closest=1601 target=1648 path_dist=0.062 heading_err=-0.112 steer=-0.029 speed=2.612
[ground_truth_amcl_monitor-7] [INFO] [1788982872.594177915] [ground_truth_amcl_monitor]: AMCL vs GT: gt=(-3.302, 1.246) amcl=(-3.277, 1.577) error=0.331 m / 0.024 rad; current_map=(-3.286, 1.445, -1.652) error=0.200 m / 0.000 rad; odom=(-3.218, 0.400, -1.652) error=0.851 m / 0.000 rad; ekf=(-3.218, 0.400, -1.652) error=0.851 m / 0.000 rad; RMS=0.498 m / 0.035 rad max=1.077 m / 0.178 rad samples=1302
[gpu_amcl_cpp_node-6] [INFO] [1788982872.594605938] [gpu_amcl_cpp]: AMCL local correction: odom_prediction=(-3.286, 1.445, -1.652) scan=(-3.302, 1.358, -1.633) correction=0.088 m/0.019 rad cluster_weight=0.966 publish=true
[gpu_amcl_cpp_node-6] [INFO] [1788982872.663407336] [gpu_amcl_cpp]: AMCL odom delta: at_scan=(2.937, -4.037, -0.123) baseline=(2.757, -4.019, -0.081) delta=(0.180, -0.018, -0.042) moved=true scan_age=0.053s
[component_container-9] [INFO] [1788982873.335096997] [pure_pursuit_node]: Pure Pursuit: pose=(-3.856, 0.092, -2.358) cte=0.139 closest=1706 target=1750 path_dist=0.139 heading_err=0.114 steer=-0.387 speed=1.681
[gpu_amcl_cpp_node-6] [WARN] [1788982873.440915310] [gpu_amcl_cpp]: Rejected large local AMCL scan correction; restarting cloud at odometry prediction.
[ground_truth_amcl_monitor-7] [INFO] [1788982873.614888440] [ground_truth_amcl_monitor]: AMCL vs GT: gt=(-4.270, -0.504) amcl=(-3.905, 0.019) error=0.638 m / 0.084 rad; current_map=(-3.980, -0.027, -2.641) error=0.558 m / 0.000 rad; odom=(-3.899, -0.992, -2.556) error=0.613 m / 0.084 rad; ekf=(-3.899, -0.992, -2.556) error=0.613 m / 0.084 rad; RMS=0.496 m / 0.035 rad max=1.077 m / 0.178 rad samples=1338
[gpu_amcl_cpp_node-6] [INFO] [1788982873.616282935] [gpu_amcl_cpp]: AMCL local correction: odom_prediction=(-3.980, -0.027, -2.641) scan=(-4.211, -0.357, -2.598) correction=0.403 m/0.042 rad cluster_weight=0.913 publish=true
[gpu_amcl_cpp_node-6] [INFO] [1788982873.667429111] [gpu_amcl_cpp]: AMCL odom delta: at_scan=(4.237, -4.859, -1.120) baseline=(4.194, -4.776, -1.070) delta=(0.043, -0.083, -0.050) moved=true scan_age=0.052s
[component_container-9] [INFO] [1788982874.359697266] [pure_pursuit_node]: Pure Pursuit: pose=(-5.028, -0.090, 2.797) cte=0.278 closest=1788 target=1832 path_dist=0.278 heading_err=-0.325 steer=-0.225 speed=1.596
[gpu_amcl_cpp_node-6] [WARN] [1788982874.467784494] [gpu_amcl_cpp]: Rejected large local AMCL scan correction; restarting cloud at odometry prediction.
[ground_truth_amcl_monitor-7] [INFO] [1788982874.643607472] [ground_truth_amcl_monitor]: AMCL vs GT: gt=(-5.681, -0.427) amcl=(-5.271, 0.022) error=0.609 m / 0.064 rad; current_map=(-5.339, 0.066, 2.537) error=0.600 m / 0.000 rad; odom=(-5.265, -0.989, 2.601) error=0.699 m / 0.064 rad; ekf=(-5.265, -0.989, 2.601) error=0.699 m / 0.064 rad; RMS=0.500 m / 0.035 rad max=1.077 m / 0.178 rad samples=1374
[gpu_amcl_cpp_node-6] [INFO] [1788982874.644238876] [gpu_amcl_cpp]: AMCL local correction: odom_prediction=(-5.339, 0.066, 2.537) scan=(-5.678, -0.081, 2.542) correction=0.369 m/0.004 rad cluster_weight=0.874 publish=true
[gpu_amcl_cpp_node-6] [INFO] [1788982874.712464135] [gpu_amcl_cpp]: AMCL odom delta: at_scan=(4.019, -6.241, -2.288) baseline=(4.101, -6.134, -2.175) delta=(-0.083, -0.107, -0.113) moved=true scan_age=0.051s
[ground_truth_amcl_monitor-7] [INFO] [1788982874.814089798] [ground_truth_amcl_monitor]: Ground-truth jump/reset detected; waiting for fresh AMCL alignment
[actuator_interface-10] [ERROR] [1788982874.815318531] [autodrive_actuator_interface]: Collision count increased to 1; terminal stop latched, no simulator reset published
[ground_truth_amcl_monitor-7] [INFO] [1788982874.815533515] [ground_truth_amcl_monitor]: Collision epoch changed; discarding localization comparison; waiting for fresh AMCL alignment
[actuator_interface-10] [WARN] [1788982874.832919452] [autodrive_actuator_interface]: Neutral output: external stop
[component_container-9] [INFO] [1788982875.387631629] [pure_pursuit_node]: Pure Pursuit: pose=(-5.622, 0.882, 2.264) cte=0.220 closest=1854 target=1895 path_dist=0.220 heading_err=-0.401 steer=-0.182 speed=2.219
[gpu_amcl_cpp_node-6] [INFO] [1788982875.716811685] [gpu_amcl_cpp]: AMCL odom delta: at_scan=(3.413, -6.783, -2.448) baseline=(3.413, -6.783, -2.448) delta=(-0.000, 0.000, 0.000) moved=false scan_age=0.052s
[gpu_amcl_cpp_node-6] [INFO] [1788982875.962552536] [gpu_amcl_cpp]: Received LiDAR callback #723 (1081 ranges).
[component_container-9] [INFO] [1788982876.412923389] [pure_pursuit_node]: Pure Pursuit: pose=(-5.622, 0.882, 2.264) cte=0.220 closest=1854 target=1895 path_dist=0.220 heading_err=-0.401 steer=-0.182 speed=2.219
[gpu_amcl_cpp_node-6] [INFO] [1788982876.763751715] [gpu_amcl_cpp]: AMCL odom delta: at_scan=(3.413, -6.783, -2.448) baseline=(3.413, -6.783, -2.448) delta=(-0.000, 0.000, 0.000) moved=false scan_age=0.051s
[component_container-9] [INFO] [1788982877.440644075] [pure_pursuit_node]: Pure Pursuit: pose=(-5.622, 0.882, 2.264) cte=0.220 closest=1854 target=1895 path_dist=0.220 heading_err=-0.401 steer=-0.182 speed=2.219
[gpu_amcl_cpp_node-6] [INFO] [1788982877.787938015] [gpu_amcl_cpp]: AMCL odom delta: at_scan=(3.413, -6.783, -2.448) baseline=(3.413, -6.783, -2.448) delta=(-0.000, 0.000, 0.000) moved=false scan_age=0.051s
[component_container-9] [INFO] [1788982878.441707473] [pure_pursuit_node]: Pure Pursuit: pose=(-5.622, 0.882, 2.264) cte=0.220 closest=1854 target=1895 path_dist=0.220 heading_err=-0.401 steer=-0.182 speed=2.219
[gpu_amcl_cpp_node-6] [INFO] [1788982878.792124158] [gpu_amcl_cpp]: AMCL odom delta: at_scan=(3.413, -6.783, -2.448) baseline=(3.413, -6.783, -2.448) delta=(-0.000, 0.000, 0.000) moved=false scan_age=0.053s
[component_container-9] [INFO] [1788982879.485244668] [pure_pursuit_node]: Pure Pursuit: pose=(-5.622, 0.882, 2.264) cte=0.220 closest=1854 target=1895 path_dist=0.220 heading_err=-0.401 steer=-0.182 speed=2.219
[gpu_amcl_cpp_node-6] [INFO] [1788982879.814928361] [gpu_amcl_cpp]: AMCL odom delta: at_scan=(3.413, -6.783, -2.448) baseline=(3.413, -6.783, -2.448) delta=(-0.000, 0.000, 0.000) moved=false scan_age=0.052s
[component_container-9] [INFO] [1788982880.487025154] [pure_pursuit_node]: Pure Pursuit: pose=(-5.622, 0.882, 2.264) cte=0.220 closest=1854 target=1895 path_dist=0.220 heading_err=-0.401 steer=-0.182 speed=2.219
[gpu_amcl_cpp_node-6] [INFO] [1788982880.838990124] [gpu_amcl_cpp]: AMCL odom delta: at_scan=(3.413, -6.783, -2.448) baseline=(3.413, -6.783, -2.448) delta=(-0.000, 0.000, 0.000) moved=false scan_age=0.051s
[gpu_amcl_cpp_node-6] [INFO] [1788982880.963162381] [gpu_amcl_cpp]: Received LiDAR callback #811 (1081 ranges).
[component_container-9] [INFO] [1788982881.513259451] [pure_pursuit_node]: Pure Pursuit: pose=(-5.622, 0.882, 2.264) cte=0.220 closest=1854 target=1895 path_dist=0.220 heading_err=-0.401 steer=-0.182 speed=2.219
[gpu_amcl_cpp_node-6] [INFO] [1788982881.863824327] [gpu_amcl_cpp]: AMCL odom delta: at_scan=(3.413, -6.783, -2.448) baseline=(3.413, -6.783, -2.448) delta=(-0.000, 0.000, 0.000) moved=false scan_age=0.051s
[component_container-9] [INFO] [1788982882.538038603] [pure_pursuit_node]: Pure Pursuit: pose=(-5.622, 0.882, 2.264) cte=0.220 closest=1854 target=1895 path_dist=0.220 heading_err=-0.401 steer=-0.182 speed=2.219
[gpu_amcl_cpp_node-6] [INFO] [1788982882.889308791] [gpu_amcl_cpp]: AMCL odom delta: at_scan=(3.413, -6.783, -2.448) baseline=(3.413, -6.783, -2.448) delta=(-0.000, 0.000, 0.000) moved=false scan_age=0.051s
[component_container-9] [INFO] [1788982883.586652205] [pure_pursuit_node]: Pure Pursuit: pose=(-5.622, 0.882, 2.264) cte=0.220 closest=1854 target=1895 path_dist=0.220 heading_err=-0.401 steer=-0.182 speed=2.219
[gpu_amcl_cpp_node-6] [INFO] [1788982883.914869701] [gpu_amcl_cpp]: AMCL odom delta: at_scan=(3.413, -6.783, -2.448) baseline=(3.413, -6.783, -2.448) delta=(-0.000, 0.000, 0.000) moved=false scan_age=0.051s
[component_container-9] [INFO] [1788982884.615788239] [pure_pursuit_node]: Pure Pursuit: pose=(-5.622, 0.882, 2.264) cte=0.220 closest=1854 target=1895 path_dist=0.220 heading_err=-0.401 steer=-0.182 speed=2.219
[gpu_amcl_cpp_node-6] [INFO] [1788982884.968462602] [gpu_amcl_cpp]: AMCL odom delta: at_scan=(3.413, -6.783, -2.448) baseline=(3.413, -6.783, -2.448) delta=(-0.000, 0.000, 0.000) moved=false scan_age=0.054s
[component_container-9] [INFO] [1788982885.636716797] [pure_pursuit_node]: Pure Pursuit: pose=(-5.622, 0.882, 2.264) cte=0.220 closest=1854 target=1895 path_dist=0.220 heading_err=-0.401 steer=-0.182 speed=2.219
[gpu_amcl_cpp_node-6] [INFO] [1788982886.003890426] [gpu_amcl_cpp]: Received LiDAR callback #900 (1081 ranges).
[gpu_amcl_cpp_node-6] [INFO] [1788982886.003948365] [gpu_amcl_cpp]: AMCL odom delta: at_scan=(3.413, -6.783, -2.448) baseline=(3.413, -6.783, -2.448) delta=(-0.000, 0.000, 0.000) moved=false scan_age=0.092s
[component_container-9] [INFO] [1788982886.637590906] [pure_pursuit_node]: Pure Pursuit: pose=(-5.622, 0.882, 2.264) cte=0.220 closest=1854 target=1895 path_dist=0.220 heading_err=-0.401 steer=-0.182 speed=2.219
[gpu_amcl_cpp_node-6] [INFO] [1788982887.037555608] [gpu_amcl_cpp]: AMCL odom delta: at_scan=(3.413, -6.783, -2.448) baseline=(3.413, -6.783, -2.448) delta=(-0.000, 0.000, 0.000) moved=false scan_age=0.052s
[component_container-9] [INFO] [1788982887.661491911] [pure_pursuit_node]: Pure Pursuit: pose=(-5.622, 0.882, 2.264) cte=0.220 closest=1854 target=1895 path_dist=0.220 heading_err=-0.401 steer=-0.182 speed=2.219
[gpu_amcl_cpp_node-6] [INFO] [1788982888.062858552] [gpu_amcl_cpp]: AMCL odom delta: at_scan=(3.413, -6.783, -2.448) baseline=(3.413, -6.783, -2.448) delta=(-0.000, 0.000, 0.000) moved=false scan_age=0.052s
[component_container-9] [INFO] [1788982888.685923713] [pure_pursuit_node]: Pure Pursuit: pose=(-5.622, 0.882, 2.264) cte=0.220 closest=1854 target=1895 path_dist=0.220 heading_err=-0.401 steer=-0.182 speed=2.219
[gpu_amcl_cpp_node-6] [INFO] [1788982889.067077006] [gpu_amcl_cpp]: AMCL odom delta: at_scan=(3.413, -6.783, -2.448) baseline=(3.413, -6.783, -2.448) delta=(-0.000, 0.000, 0.000) moved=false scan_age=0.053s
[component_container-9] [INFO] [1788982889.688132440] [pure_pursuit_node]: Pure Pursuit: pose=(-5.622, 0.882, 2.264) cte=0.220 closest=1854 target=1895 path_dist=0.220 heading_err=-0.401 steer=-0.182 speed=2.219
[gpu_amcl_cpp_node-6] [INFO] [1788982890.087344553] [gpu_amcl_cpp]: AMCL odom delta: at_scan=(3.413, -6.783, -2.448) baseline=(3.413, -6.783, -2.448) delta=(-0.000, 0.000, 0.000) moved=false scan_age=0.052s
[gpu_amcl_cpp_node-6] [WARN] [1788982890.589587908] [gpu_amcl_cpp]: Queued LiDAR scan until source-time odometry arrives (queued=1).
[component_container-9] [INFO] [1788982890.710236932] [pure_pursuit_node]: Pure Pursuit: pose=(-5.622, 0.882, 2.264) cte=0.220 closest=1854 target=1895 path_dist=0.220 heading_err=-0.401 steer=-0.182 speed=2.219
[gpu_amcl_cpp_node-6] [INFO] [1788982891.038983194] [gpu_amcl_cpp]: Received LiDAR callback #990 (1081 ranges).
[gpu_amcl_cpp_node-6] [INFO] [1788982891.092791374] [gpu_amcl_cpp]: AMCL odom delta: at_scan=(3.413, -6.783, -2.448) baseline=(3.413, -6.783, -2.448) delta=(-0.000, 0.000, 0.000) moved=false scan_age=0.054s
[component_container-9] [INFO] [1788982891.735268676] [pure_pursuit_node]: Pure Pursuit: pose=(-5.622, 0.882, 2.264) cte=0.220 closest=1854 target=1895 path_dist=0.220 heading_err=-0.401 steer=-0.182 speed=2.219
[gpu_amcl_cpp_node-6] [INFO] [1788982892.122243275] [gpu_amcl_cpp]: AMCL odom delta: at_scan=(3.413, -6.783, -2.448) baseline=(3.413, -6.783, -2.448) delta=(-0.000, 0.000, 0.000) moved=false scan_age=0.058s
[component_container-9] [INFO] [1788982892.761040869] [pure_pursuit_node]: Pure Pursuit: pose=(-5.622, 0.882, 2.264) cte=0.220 closest=1854 target=1895 path_dist=0.220 heading_err=-0.401 steer=-0.182 speed=2.219
[gpu_amcl_cpp_node-6] [INFO] [1788982893.162570861] [gpu_amcl_cpp]: AMCL odom delta: at_scan=(3.413, -6.783, -2.448) baseline=(3.413, -6.783, -2.448) delta=(-0.000, 0.000, 0.000) moved=false scan_age=0.052s
[component_container-9] [INFO] [1788982893.766638247] [pure_pursuit_node]: Pure Pursuit: pose=(-5.622, 0.882, 2.264) cte=0.220 closest=1854 target=1895 path_dist=0.220 heading_err=-0.401 steer=-0.182 speed=2.219
[gpu_amcl_cpp_node-6] [INFO] [1788982894.163743493] [gpu_amcl_cpp]: AMCL odom delta: at_scan=(3.413, -6.783, -2.448) baseline=(3.413, -6.783, -2.448) delta=(-0.000, 0.000, 0.000) moved=false scan_age=0.051s
[component_container-9] [INFO] [1788982894.786776762] [pure_pursuit_node]: Pure Pursuit: pose=(-5.622, 0.882, 2.264) cte=0.220 closest=1854 target=1895 path_dist=0.220 heading_err=-0.401 steer=-0.182 speed=2.219
[gpu_amcl_cpp_node-6] [INFO] [1788982895.192225042] [gpu_amcl_cpp]: AMCL odom delta: at_scan=(3.413, -6.783, -2.448) baseline=(3.413, -6.783, -2.448) delta=(-0.000, 0.000, 0.000) moved=false scan_age=0.053s
[component_container-9] [INFO] [1788982895.836856748] [pure_pursuit_node]: Pure Pursuit: pose=(-5.622, 0.882, 2.264) cte=0.220 closest=1854 target=1895 path_dist=0.220 heading_err=-0.401 steer=-0.182 speed=2.219
[gpu_amcl_cpp_node-6] [INFO] [1788982896.064652292] [gpu_amcl_cpp]: Received LiDAR callback #1078 (1081 ranges).
[gpu_amcl_cpp_node-6] [INFO] [1788982896.239308290] [gpu_amcl_cpp]: AMCL odom delta: at_scan=(3.413, -6.783, -2.448) baseline=(3.413, -6.783, -2.448) delta=(-0.000, 0.000, 0.000) moved=false scan_age=0.051s
[component_container-9] [INFO] [1788982896.843425694] [pure_pursuit_node]: Pure Pursuit: pose=(-5.622, 0.882, 2.264) cte=0.220 closest=1854 target=1895 path_dist=0.220 heading_err=-0.401 steer=-0.182 speed=2.219
[gpu_amcl_cpp_node-6] [INFO] [1788982897.242350464] [gpu_amcl_cpp]: AMCL odom delta: at_scan=(3.413, -6.783, -2.448) baseline=(3.413, -6.783, -2.448) delta=(-0.000, 0.000, 0.000) moved=false scan_age=0.053s
[component_container-9] [INFO] [1788982897.886541667] [pure_pursuit_node]: Pure Pursuit: pose=(-5.622, 0.882, 2.264) cte=0.220 closest=1854 target=1895 path_dist=0.220 heading_err=-0.401 steer=-0.182 speed=2.219
[gpu_amcl_cpp_node-6] [INFO] [1788982898.269470035] [gpu_amcl_cpp]: AMCL odom delta: at_scan=(3.413, -6.783, -2.448) baseline=(3.413, -6.783, -2.448) delta=(-0.000, 0.000, 0.000) moved=false scan_age=0.055s
[component_container-9] [INFO] [1788982898.936962649] [pure_pursuit_node]: Pure Pursuit: pose=(-5.622, 0.882, 2.264) cte=0.220 closest=1854 target=1895 path_dist=0.220 heading_err=-0.401 steer=-0.182 speed=2.219
[gpu_amcl_cpp_node-6] [INFO] [1788982899.286785314] [gpu_amcl_cpp]: AMCL odom delta: at_scan=(3.413, -6.783, -2.448) baseline=(3.413, -6.783, -2.448) delta=(-0.000, 0.000, 0.000) moved=false scan_age=0.051s
[component_container-9] [INFO] [1788982899.961746423] [pure_pursuit_node]: Pure Pursuit: pose=(-5.622, 0.882, 2.264) cte=0.220 closest=1854 target=1895 path_dist=0.220 heading_err=-0.401 steer=-0.182 speed=2.219
[gpu_amcl_cpp_node-6] [INFO] [1788982900.311775336] [gpu_amcl_cpp]: AMCL odom delta: at_scan=(3.413, -6.783, -2.448) baseline=(3.413, -6.783, -2.448) delta=(-0.000, 0.000, 0.000) moved=false scan_age=0.052s
[component_container-9] [INFO] [1788982900.966700359] [pure_pursuit_node]: Pure Pursuit: pose=(-5.622, 0.882, 2.264) cte=0.220 closest=1854 target=1895 path_dist=0.220 heading_err=-0.401 steer=-0.182 speed=2.219
[gpu_amcl_cpp_node-6] [INFO] [1788982901.112094492] [gpu_amcl_cpp]: Received LiDAR callback #1167 (1081 ranges).
[gpu_amcl_cpp_node-6] [INFO] [1788982901.335759514] [gpu_amcl_cpp]: AMCL odom delta: at_scan=(3.413, -6.783, -2.448) baseline=(3.413, -6.783, -2.448) delta=(-0.000, 0.000, 0.000) moved=false scan_age=0.050s
[component_container-9] [INFO] [1788982902.015692428] [pure_pursuit_node]: Pure Pursuit: pose=(-5.622, 0.882, 2.264) cte=0.220 closest=1854 target=1895 path_dist=0.220 heading_err=-0.401 steer=-0.182 speed=2.219
[gpu_amcl_cpp_node-6] [INFO] [1788982902.363774572] [gpu_amcl_cpp]: AMCL odom delta: at_scan=(3.413, -6.783, -2.448) baseline=(3.413, -6.783, -2.448) delta=(-0.000, 0.000, 0.000) moved=false scan_age=0.050s
[component_container-9] [INFO] [1788982903.066636478] [pure_pursuit_node]: Pure Pursuit: pose=(-5.622, 0.882, 2.264) cte=0.220 closest=1854 target=1895 path_dist=0.220 heading_err=-0.401 steer=-0.182 speed=2.219
[gpu_amcl_cpp_node-6] [INFO] [1788982903.364158463] [gpu_amcl_cpp]: AMCL odom delta: at_scan=(3.413, -6.783, -2.448) baseline=(3.413, -6.783, -2.448) delta=(-0.000, 0.000, 0.000) moved=false scan_age=0.052s
[component_container-9] [INFO] [1788982904.111500752] [pure_pursuit_node]: Pure Pursuit: pose=(-5.622, 0.882, 2.264) cte=0.220 closest=1854 target=1895 path_dist=0.220 heading_err=-0.401 steer=-0.182 speed=2.219
[gpu_amcl_cpp_node-6] [INFO] [1788982904.392075361] [gpu_amcl_cpp]: AMCL odom delta: at_scan=(3.413, -6.783, -2.448) baseline=(3.413, -6.783, -2.448) delta=(-0.000, 0.000, 0.000) moved=false scan_age=0.053s
[component_container-9] [INFO] [1788982905.135985255] [pure_pursuit_node]: Pure Pursuit: pose=(-5.622, 0.882, 2.264) cte=0.220 closest=1854 target=1895 path_dist=0.220 heading_err=-0.401 steer=-0.182 speed=2.219
[gpu_amcl_cpp_node-6] [INFO] [1788982905.414320005] [gpu_amcl_cpp]: AMCL odom delta: at_scan=(3.413, -6.783, -2.448) baseline=(3.413, -6.783, -2.448) delta=(-0.000, 0.000, 0.000) moved=false scan_age=0.051s
[component_container-9] [INFO] [1788982906.162346700] [pure_pursuit_node]: Pure Pursuit: pose=(-5.622, 0.882, 2.264) cte=0.220 closest=1854 target=1895 path_dist=0.220 heading_err=-0.401 steer=-0.182 speed=2.219
[gpu_amcl_cpp_node-6] [INFO] [1788982906.163647399] [gpu_amcl_cpp]: Received LiDAR callback #1255 (1081 ranges).
[gpu_amcl_cpp_node-6] [WARN] [1788982906.467683519] [gpu_amcl_cpp]: Queued LiDAR scan until source-time odometry arrives (queued=1).
[gpu_amcl_cpp_node-6] [INFO] [1788982906.472748496] [gpu_amcl_cpp]: AMCL odom delta: at_scan=(3.413, -6.783, -2.448) baseline=(3.413, -6.783, -2.448) delta=(-0.000, 0.000, 0.000) moved=false scan_age=0.062s
[component_container-9] [INFO] [1788982907.164390039] [pure_pursuit_node]: Pure Pursuit: pose=(-5.622, 0.882, 2.264) cte=0.220 closest=1854 target=1895 path_dist=0.220 heading_err=-0.401 steer=-0.182 speed=2.219
[gpu_amcl_cpp_node-6] [INFO] [1788982907.518145685] [gpu_amcl_cpp]: AMCL odom delta: at_scan=(3.413, -6.783, -2.448) baseline=(3.413, -6.783, -2.448) delta=(-0.000, 0.000, 0.000) moved=false scan_age=0.053s
[component_container-9] [INFO] [1788982908.167775147] [pure_pursuit_node]: Pure Pursuit: pose=(-5.622, 0.882, 2.264) cte=0.220 closest=1854 target=1895 path_dist=0.220 heading_err=-0.401 steer=-0.182 speed=2.219
[gpu_amcl_cpp_node-6] [INFO] [1788982908.536285809] [gpu_amcl_cpp]: AMCL odom delta: at_scan=(3.413, -6.783, -2.448) baseline=(3.413, -6.783, -2.448) delta=(-0.000, 0.000, 0.000) moved=false scan_age=0.051s
[component_container-9] [INFO] [1788982909.212909286] [pure_pursuit_node]: Pure Pursuit: pose=(-5.622, 0.882, 2.264) cte=0.220 closest=1854 target=1895 path_dist=0.220 heading_err=-0.401 steer=-0.182 speed=2.219
