[INFO] [launch]: All log files can be found below /root/.ros/log/2026-09-10-01-53-32-280294-ExternalDrive-15037
[INFO] [launch]: Default logging verbosity is set to INFO
[INFO] [launch.user]: controller=pure_pursuit custom_amcl=True rviz=False
[INFO] [autodrive_bridge_40hz-1]: process started with pid [15065]
[INFO] [sensor_odometry_node-2]: process started with pid [15067]
[INFO] [ekf_localization_node-3]: process started with pid [15069]
[INFO] [map_server-4]: process started with pid [15071]
[INFO] [lifecycle_manager-5]: process started with pid [15073]
[INFO] [gpu_amcl_cpp_node-6]: process started with pid [15075]
[INFO] [ground_truth_amcl_monitor-7]: process started with pid [15077]
[INFO] [calibration-8]: process started with pid [15079]
[INFO] [component_container-9]: process started with pid [15081]
[INFO] [actuator_interface-10]: process started with pid [15083]
[lifecycle_manager-5] [INFO] [1789005212.515870166] [lifecycle_manager_map]: Creating
[ekf_localization_node-3] [INFO] [1789005212.516747826] [ekf_localization]: Local odometry trust filter ready: /odom -> /ekf_odom and /ekf_pose in frame odom; reset events=/autodrive/reset_command
[lifecycle_manager-5] [INFO] [1789005212.521081183] [lifecycle_manager_map]: [34m[1mCreating and initializing lifecycle service clients[0m[0m
[sensor_odometry_node-2] [INFO] [1789005212.523561766] [sensor_odometry]: Deterministic odometry observer: exact timestamp packets, encoders + IMU only
[map_server-4] [INFO] [1789005212.539411734] [map_server]: 
[map_server-4] 	map_server lifecycle node launched. 
[map_server-4] 	Waiting on external lifecycle transitions to activate
[map_server-4] 	See https://design.ros2.org/articles/node_lifecycle.html for more information.
[map_server-4] [INFO] [1789005212.539600038] [map_server]: Creating
[lifecycle_manager-5] [INFO] [1789005212.597270440] [lifecycle_manager_map]: [34m[1mStarting managed nodes bringup...[0m[0m
[lifecycle_manager-5] [INFO] [1789005212.597344459] [lifecycle_manager_map]: [34m[1mConfiguring map_server[0m[0m
[component_container-9] [INFO] [1789005212.714902701] [controller_container]: Load Library: /workspace/install/lib/libpure_pursuit_node.so
[component_container-9] [INFO] [1789005212.719239144] [controller_container]: Found class: rclcpp_components::NodeFactoryTemplate<f1tenth_control::PurePursuitNode>
[component_container-9] [INFO] [1789005212.719305138] [controller_container]: Instantiate class: rclcpp_components::NodeFactoryTemplate<f1tenth_control::PurePursuitNode>
[gpu_amcl_cpp_node-6] [INFO] [1789005212.731023859] [gpu_amcl_cpp]: [AMCL] Parameters: update_min_d=0.02000, update_min_a=0.03500, max_scan_age=0.2500, odom_history=1.000s, cloud_publish_rate=1.0 Hz, debug_pre_resample=false, slip_threshold=1.00 rad/s, initial_raceline_heading=false, local_correction_gate=0.00m/0.00rad xy_gain=0.750 cross_track_only=false yaw_gain=0.000 association=0.80m recenter_cloud=true
[component_container-9] [INFO] [1789005212.735317431] [pure_pursuit_node]: Initializing Pure Pursuit Node
[gpu_amcl_cpp_node-6] [INFO] [1789005212.743720279] [gpu_amcl_cpp]: Particle cloud publishing scan-synchronized, max 1.0 Hz
[gpu_amcl_cpp_node-6] [INFO] [1789005212.743762929] [gpu_amcl_cpp]: GPU AMCL C++ node created — waiting for map...
[component_container-9] [INFO] [1789005212.743728584] [pure_pursuit_node]: Loaded trajectory with 2586 waypoints (51.7 m)
[map_server-4] [INFO] [1789005212.747853228] [map_server]: Configuring
[map_server-4] [INFO] [1789005212.747958627] [map_io]: Loading yaml file: /workspace/src/f1tenth_planning/maps/autodrive_track_ftg_commit_20260909_025m.yaml
[map_server-4] [INFO] [1789005212.748323362] [map_io]: resolution: 0.025
[map_server-4] [INFO] [1789005212.748339132] [map_io]: origin[0]: -6.82
[map_server-4] [INFO] [1789005212.748348820] [map_io]: origin[1]: -12.3
[map_server-4] [INFO] [1789005212.748357126] [map_io]: origin[2]: 0
[map_server-4] [INFO] [1789005212.748365331] [map_io]: free_thresh: 0.25
[map_server-4] [INFO] [1789005212.748382794] [map_io]: occupied_thresh: 0.65
[map_server-4] [INFO] [1789005212.748393073] [map_io]: mode: trinary
[map_server-4] [INFO] [1789005212.748402010] [map_io]: negate: 0
[map_server-4] [INFO] [1789005212.748702665] [map_io]: Loading image_file: /workspace/src/f1tenth_planning/maps/autodrive_track_ftg_commit_20260909_025m.pgm
[component_container-9] [INFO] [1789005212.751121693] [pure_pursuit_node]: Pure Pursuit Node initialized
[component_container-9] [INFO] [1789005212.751175244] [pure_pursuit_node]:   Trajectory: /workspace/src/f1tenth_planning/trajectories/autodrive_track_ftg_commit_20260909_025m_mintime_raceline.csv (2586 points)
[component_container-9] [INFO] [1789005212.751190142] [pure_pursuit_node]:   Lookahead: 0.75 - 1.10 m (gain: 0.05)
[component_container-9] [INFO] [1789005212.751209018] [pure_pursuit_node]:   Max speed cap: 2.00 m/s
[component_container-9] [INFO] [1789005212.751224487] [pure_pursuit_node]:   Lookahead adapt: cte_weight=1.00 cte_gain=0.042 curvature_gain=1.900
[component_container-9] [INFO] [1789005212.751236940] [pure_pursuit_node]:   Speed adapt: curvature_factor=0.102 floor_ratio=0.52
[component_container-9] [INFO] [1789005212.751249454] [pure_pursuit_node]:   Speed adapt (CTE): factor=1.500 floor_ratio=0.55
[component_container-9] [INFO] [1789005212.751260164] [pure_pursuit_node]:   Speed limits: max_lat_accel=6.50 min_reg_speed=0.00
[component_container-9] [INFO] [1789005212.751271535] [pure_pursuit_node]:   Yaw-rate damping: 0.000 s
[component_container-9] [INFO] [1789005212.751280933] [pure_pursuit_node]:   Target-heading turn-in gain: 0.000
[component_container-9] [INFO] [1789005212.751290761] [pure_pursuit_node]:   Command shaping: steer_rate=3.20 accel=3.00 decel=8.00
[component_container-9] [INFO] [1789005212.751302143] [pure_pursuit_node]:   Pose: /current_map_pose (map frame)
[component_container-9] [INFO] [1789005212.751312803] [pure_pursuit_node]:   Odom: /odom
[component_container-9] [INFO] [1789005212.751321629] [pure_pursuit_node]:   Control trigger: /odom (one command per odometry update; nominal 40.0 Hz)
[component_container-9] [INFO] [1789005212.751332480] [pure_pursuit_node]:   Steering feedback: /autodrive/roboracer_1/steering (lead gain 0.25)
[component_container-9] [INFO] [1789005212.751341657] [pure_pursuit_node]:   Startup path gate: distance <= 0.80 m, heading <= 0.75 rad
[component_container-9] [INFO] [1789005212.751351946] [pure_pursuit_node]:   Command: /cmd/speed
[INFO] [launch_ros.actions.load_composable_nodes]: Loaded node '/pure_pursuit_node' in container '/controller_container'
[autodrive_bridge_40hz-1] /usr/local/lib/python3.10/dist-packages/numpy/core/getlimits.py:499: UserWarning: The value of the smallest subnormal for <class 'numpy.float64'> type is zero.
[autodrive_bridge_40hz-1]   setattr(self, word, getattr(machar, word).flat[0])
[autodrive_bridge_40hz-1] /usr/local/lib/python3.10/dist-packages/numpy/core/getlimits.py:89: UserWarning: The value of the smallest subnormal for <class 'numpy.float64'> type is zero.
[autodrive_bridge_40hz-1]   return self._float_to_str(self.smallest_subnormal)
[map_server-4] [INFO] [1789005212.783031935] [map_io]: Read map /workspace/src/f1tenth_planning/maps/autodrive_track_ftg_commit_20260909_025m.pgm: 349 X 877 map @ 0.025 m/cell
[lifecycle_manager-5] [INFO] [1789005212.788861234] [lifecycle_manager_map]: [34m[1mActivating map_server[0m[0m
[map_server-4] [INFO] [1789005212.789014272] [map_server]: Activating
[map_server-4] [INFO] [1789005212.789660858] [map_server]: Creating bond (map_server) to lifecycle manager.
[gpu_amcl_cpp_node-6] [INFO] [1789005212.790473776] [gpu_amcl_cpp]: Received first map (349x877 @ 0.025 m/cell) — initialising PF
[gpu_amcl_cpp_node-6] [INFO] [1789005212.807966332] [gpu_amcl_cpp]: Loaded 2587 global heading points from /workspace/src/f1tenth_planning/trajectories/autodrive_track_ftg_commit_20260909_025m_mintime_raceline.csv
[calibration-8] [INFO] [1789005212.809266727] [allowed_telemetry_recorder]: Calibration mode=sensor_record duration=0.000 s output=/workspace/src/f1tenth_planning/analysis/amcl_tuning_campaign_20260909/acceptance_full_raceline_10p248_amcl_gain075_ramp_20260910_run14/telemetry/sensor_record_20260910_015332.csv
[gpu_amcl_cpp_node-6] [INFO] [1789005212.823264233] [gpu_amcl_cpp]: Global AMCL startup prior centred at saved map start (0.801, 3.158, -1.571) with covariance (0.500, 0.500, 0.200).
[gpu_amcl_cpp_node-6] [INFO] [1789005212.823342820] [gpu_amcl_cpp]: Particle filter initialised with 2500 particles (global)
[gpu_amcl_cpp_node-6] [INFO] [1789005212.823395600] [gpu_amcl_cpp]: Global particle initialization active; waiting for scans before publishing pose
[ground_truth_amcl_monitor-7] [INFO] [1789005212.823960361] [ground_truth_amcl_monitor]: Absolute map scoring enabled from explicit map start: (0.8006, 3.1583, -1.5708)
[ground_truth_amcl_monitor-7] [WARN] [1789005212.833282417] [ground_truth_amcl_monitor]: Ground-truth monitor is diagnostics-only; simulator IPS/odom are not controller inputs
[actuator_interface-10] [INFO] [1789005212.833453519] [autodrive_actuator_interface]: Actuator interface ready; no arming state
[actuator_interface-10] [WARN] [1789005212.834982844] [autodrive_actuator_interface]: Neutral output: no command
[lifecycle_manager-5] [INFO] [1789005212.893926960] [lifecycle_manager_map]: Server map_server connected with bond.
[lifecycle_manager-5] [INFO] [1789005212.893981182] [lifecycle_manager_map]: [34m[1mManaged nodes are active[0m[0m
[lifecycle_manager-5] [INFO] [1789005212.893994086] [lifecycle_manager_map]: [34m[1mCreating bond timer...[0m[0m
[autodrive_bridge_40hz-1] [autodrive_bridge_40hz] camera decode/publication disabled
[autodrive_bridge_40hz-1] [autodrive_bridge_40hz] bounded request pacing enabled at 40 Hz (max one outstanding request)
[autodrive_bridge_40hz-1] Connected!
[component_container-9] [WARN] [1789005213.190918420] [pure_pursuit_node]: No pose received on /current_map_pose yet
[gpu_amcl_cpp_node-6] [INFO] [1789005213.191166076] [gpu_amcl_cpp]: Received first odometry sample at (0.00, 0.00, 0.00).
[gpu_amcl_cpp_node-6] [INFO] [1789005213.192041812] [gpu_amcl_cpp]: Received LiDAR callback #1 (1081 ranges).
[gpu_amcl_cpp_node-6] [INFO] [1789005213.192087899] [gpu_amcl_cpp]: AMCL odom delta: at_scan=(0.000, 0.000, 0.000) baseline=(0.000, 0.000, 0.000) delta=(0.000, 0.000, 0.000) moved=false scan_age=0.054s
[gpu_amcl_cpp_node-6] [INFO] [1789005213.192112054] [gpu_amcl_cpp]: Starting AMCL scan update #1 (sampled from 1081 ranges).
[gpu_amcl_cpp_node-6] [INFO] [1789005213.194021795] [gpu_amcl_cpp]: AMCL scan update #1 completed; evaluating pose confidence.
[gpu_amcl_cpp_node-6] [INFO] [1789005213.200767126] [gpu_amcl_cpp]: Startup GPU scan refinement done: refined_particles=2234/2500, beams=180, best_mean_dist=0.000 m, time=6.71 ms
[gpu_amcl_cpp_node-6] [INFO] [1789005213.205193668] [gpu_amcl_cpp]: Global AMCL refining: cluster_weight=0.927, covariance xy=0.009 (max 0.250), yaw=0.000 (max 0.120).
[gpu_amcl_cpp_node-6] [INFO] [1789005213.205220859] [gpu_amcl_cpp]: Global AMCL lock evidence: quality=false stable_scans=1/5 travel=0.000/0.750 m (min_weight=0.500).
[gpu_amcl_cpp_node-6] [INFO] [1789005213.442580991] [gpu_amcl_cpp]: Publishing provisional global AMCL pose for localization ramp; travel=0.000/0.750 m stable_scans=5/5.
[ground_truth_amcl_monitor-7] [INFO] [1789005213.443574930] [ground_truth_amcl_monitor]: Relative GT alignment initialized: yaw=0.000, translation=(0.000, -0.000)
[ground_truth_amcl_monitor-7] [INFO] [1789005213.444154640] [ground_truth_amcl_monitor]: AMCL vs GT: gt=(0.801, 3.158) amcl=(0.801, 3.158) error=0.000 m / 0.000 rad; current_map=unavailable; odom=(0.801, 3.158, -1.571) error=0.000 m / 0.000 rad; ekf=(0.801, 3.158, -1.571) error=0.000 m / 0.000 rad; RMS=0.000 m / 0.000 rad max=0.000 m / 0.000 rad samples=1
[component_container-9] [INFO] [1789005213.735871904] [pure_pursuit_node]: Aligned closed trajectory seam to startup pose at original waypoint 1090
[component_container-9] [INFO] [1789005213.735956092] [pure_pursuit_node]: Startup path gate passed: path_distance=0.166 m heading_error=0.302 rad
[component_container-9] [INFO] [1789005213.735971602] [pure_pursuit_node]: Pure Pursuit: pose=(0.801, 3.158, -1.571) cte=-0.166 closest=0 target=38 path_dist=0.166 heading_err=0.302 steer=0.003 speed=0.003
[gpu_amcl_cpp_node-6] [INFO] [1789005214.213706343] [gpu_amcl_cpp]: AMCL odom delta: at_scan=(0.000, 0.000, 0.000) baseline=(0.000, 0.000, 0.000) delta=(0.000, 0.000, 0.000) moved=false scan_age=0.050s
[actuator_interface-10] [INFO] [1789005214.214502450] [autodrive_actuator_interface]: Collision baseline established at cumulative count 0
[ground_truth_amcl_monitor-7] [INFO] [1789005214.462589750] [ground_truth_amcl_monitor]: AMCL vs GT: gt=(0.802, 3.059) amcl=(0.801, 3.088) error=0.028 m / 0.008 rad; current_map=(0.802, 3.051, -1.549) error=0.008 m / 0.000 rad; odom=(0.802, 3.051, -1.549) error=0.008 m / 0.000 rad; ekf=(0.802, 3.051, -1.549) error=0.008 m / 0.000 rad; RMS=0.007 m / 0.002 rad max=0.028 m / 0.008 rad samples=40
[component_container-9] [INFO] [1789005214.759867959] [pure_pursuit_node]: Pure Pursuit: pose=(0.832, 2.564, -1.469) cte=-0.025 closest=29 target=71 path_dist=0.025 heading_err=0.175 steer=0.097 speed=1.906
[gpu_amcl_cpp_node-6] [INFO] [1789005214.866188705] [gpu_amcl_cpp]: Global AMCL candidate rejected: start-anchor distance 0.776 m > 0.750 m.
[gpu_amcl_cpp_node-6] [INFO] [1789005215.115279902] [gpu_amcl_cpp]: Global AMCL lock accepted at (0.917, 2.040, -1.346); continuing with local tracking.
[gpu_amcl_cpp_node-6] [INFO] [1789005215.165196346] [gpu_amcl_cpp]: AMCL local correction: odom_prediction=(0.939, 1.950, -1.319) scan=(0.930, 1.980, -1.342) correction=0.031 m/0.023 rad cluster_weight=0.913 publish=true
[gpu_amcl_cpp_node-6] [INFO] [1789005215.261036598] [gpu_amcl_cpp]: AMCL odom delta: at_scan=(1.388, 0.189, 0.306) baseline=(1.299, 0.163, 0.278) delta=(0.089, 0.027, 0.027) moved=true scan_age=0.048s
[gpu_amcl_cpp_node-6] [WARN] [1789005215.364877031] [gpu_amcl_cpp]: No local AMCL cluster near odometry prediction; using causal odometry pose.
[ground_truth_amcl_monitor-7] [INFO] [1789005215.466936805] [ground_truth_amcl_monitor]: AMCL vs GT: gt=(1.120, 1.432) amcl=(1.091, 1.549) error=0.120 m / 0.000 rad; current_map=(1.093, 1.547, -1.210) error=0.119 m / 0.000 rad; odom=(1.117, 1.413, -1.210) error=0.019 m / 0.000 rad; ekf=(1.117, 1.413, -1.210) error=0.019 m / 0.000 rad; RMS=0.106 m / 0.023 rad max=0.497 m / 0.122 rad samples=76
[component_container-9] [INFO] [1789005215.760795978] [pure_pursuit_node]: Pure Pursuit: pose=(1.294, 0.945, -1.373) cte=-0.122 closest=112 target=155 path_dist=0.122 heading_err=-0.030 steer=-0.152 speed=1.677
[gpu_amcl_cpp_node-6] [INFO] [1789005216.189689799] [gpu_amcl_cpp]: AMCL local correction: odom_prediction=(1.290, 0.536, -1.790) scan=(1.286, 0.586, -1.772) correction=0.051 m/0.018 rad cluster_weight=0.960 publish=true
[gpu_amcl_cpp_node-6] [INFO] [1789005216.285710921] [gpu_amcl_cpp]: AMCL odom delta: at_scan=(2.968, 0.510, -0.242) baseline=(2.956, 0.513, -0.233) delta=(0.012, -0.003, -0.008) moved=false scan_age=0.047s
[gpu_amcl_cpp_node-6] [WARN] [1789005216.389774523] [gpu_amcl_cpp]: No local AMCL cluster near odometry prediction; using causal odometry pose.
[ground_truth_amcl_monitor-7] [INFO] [1789005216.492123471] [ground_truth_amcl_monitor]: AMCL vs GT: gt=(1.276, 0.027) amcl=(1.240, 0.263) error=0.238 m / 0.040 rad; current_map=(1.224, 0.178, -1.738) error=0.159 m / 0.000 rad; odom=(1.236, -0.139, -1.738) error=0.171 m / 0.000 rad; ekf=(1.252, -0.054, -1.778) error=0.085 m / 0.040 rad; RMS=0.192 m / 0.026 rad max=0.497 m / 0.122 rad samples=115
[component_container-9] [INFO] [1789005216.784980250] [pure_pursuit_node]: Pure Pursuit: pose=(1.306, -0.517, -1.130) cte=0.036 closest=185 target=228 path_dist=0.036 heading_err=-0.379 steer=-0.426 speed=1.881
[actuator_interface-10] [ERROR] [1789005217.047663811] [autodrive_actuator_interface]: Collision count increased to 1; terminal stop latched, no simulator reset published
[ground_truth_amcl_monitor-7] [INFO] [1789005217.048036702] [ground_truth_amcl_monitor]: Collision epoch changed; discarding localization comparison; waiting for fresh AMCL alignment
[actuator_interface-10] [WARN] [1789005217.052965849] [autodrive_actuator_interface]: Neutral output: external stop
[gpu_amcl_cpp_node-6] [INFO] [1789005217.311100630] [gpu_amcl_cpp]: AMCL odom delta: at_scan=(4.652, 0.910, 0.331) baseline=(4.571, 0.877, 0.425) delta=(0.081, 0.032, -0.094) moved=true scan_age=0.047s
[gpu_amcl_cpp_node-6] [WARN] [1789005217.415744784] [gpu_amcl_cpp]: No local AMCL cluster near odometry prediction; using causal odometry pose.
[component_container-9] [INFO] [1789005217.809996517] [pure_pursuit_node]: Pure Pursuit: pose=(1.788, -1.742, -1.314) cte=-0.431 closest=246 target=284 path_dist=0.431 heading_err=-0.288 steer=-0.524 speed=1.207
[gpu_amcl_cpp_node-6] [INFO] [1789005218.210716492] [gpu_amcl_cpp]: Received LiDAR callback #99 (1081 ranges).
[gpu_amcl_cpp_node-6] [INFO] [1789005218.311826161] [gpu_amcl_cpp]: AMCL odom delta: at_scan=(4.910, 0.981, 0.257) baseline=(4.910, 0.981, 0.257) delta=(0.000, 0.000, -0.000) moved=false scan_age=0.049s
[component_container-9] [INFO] [1789005218.859653141] [pure_pursuit_node]: Pure Pursuit: pose=(1.788, -1.742, -1.314) cte=-0.431 closest=246 target=284 path_dist=0.431 heading_err=-0.288 steer=-0.524 speed=1.207
[gpu_amcl_cpp_node-6] [INFO] [1789005219.360897525] [gpu_amcl_cpp]: AMCL odom delta: at_scan=(4.910, 0.981, 0.257) baseline=(4.910, 0.981, 0.257) delta=(0.000, 0.000, -0.000) moved=false scan_age=0.047s
[component_container-9] [INFO] [1789005219.859816126] [pure_pursuit_node]: Pure Pursuit: pose=(1.788, -1.742, -1.314) cte=-0.431 closest=246 target=284 path_dist=0.431 heading_err=-0.288 steer=-0.524 speed=1.207
[gpu_amcl_cpp_node-6] [INFO] [1789005220.360971424] [gpu_amcl_cpp]: AMCL odom delta: at_scan=(4.910, 0.981, 0.257) baseline=(4.910, 0.981, 0.257) delta=(0.000, 0.000, -0.000) moved=false scan_age=0.047s
[component_container-9] [INFO] [1789005220.860419141] [pure_pursuit_node]: Pure Pursuit: pose=(1.788, -1.742, -1.314) cte=-0.431 closest=246 target=284 path_dist=0.431 heading_err=-0.288 steer=-0.524 speed=1.207
[gpu_amcl_cpp_node-6] [INFO] [1789005221.412423867] [gpu_amcl_cpp]: AMCL odom delta: at_scan=(4.910, 0.981, 0.257) baseline=(4.910, 0.981, 0.257) delta=(0.000, 0.000, -0.000) moved=false scan_age=0.049s
[component_container-9] [INFO] [1789005221.862732121] [pure_pursuit_node]: Pure Pursuit: pose=(1.788, -1.742, -1.314) cte=-0.431 closest=246 target=284 path_dist=0.431 heading_err=-0.288 steer=-0.524 speed=1.207
[gpu_amcl_cpp_node-6] [WARN] [1789005222.165156259] [gpu_amcl_cpp]: Queued LiDAR scan until source-time odometry arrives (queued=1).
[gpu_amcl_cpp_node-6] [INFO] [1789005222.417996186] [gpu_amcl_cpp]: AMCL odom delta: at_scan=(4.910, 0.981, 0.257) baseline=(4.910, 0.981, 0.257) delta=(0.000, 0.000, -0.000) moved=false scan_age=0.054s
[component_container-9] [INFO] [1789005222.911795956] [pure_pursuit_node]: Pure Pursuit: pose=(1.788, -1.742, -1.314) cte=-0.431 closest=246 target=284 path_dist=0.431 heading_err=-0.288 steer=-0.524 speed=1.207
[gpu_amcl_cpp_node-6] [INFO] [1789005223.216046578] [gpu_amcl_cpp]: Received LiDAR callback #202 (1081 ranges).
[gpu_amcl_cpp_node-6] [INFO] [1789005223.437821222] [gpu_amcl_cpp]: AMCL odom delta: at_scan=(4.910, 0.981, 0.257) baseline=(4.910, 0.981, 0.257) delta=(0.000, 0.000, -0.000) moved=false scan_age=0.049s
[component_container-9] [INFO] [1789005223.915870622] [pure_pursuit_node]: Pure Pursuit: pose=(1.788, -1.742, -1.314) cte=-0.431 closest=246 target=284 path_dist=0.431 heading_err=-0.288 steer=-0.524 speed=1.207
[gpu_amcl_cpp_node-6] [INFO] [1789005224.441741157] [gpu_amcl_cpp]: AMCL odom delta: at_scan=(4.910, 0.981, 0.257) baseline=(4.910, 0.981, 0.257) delta=(0.000, 0.000, -0.000) moved=false scan_age=0.053s
[component_container-9] [INFO] [1789005224.967338840] [pure_pursuit_node]: Pure Pursuit: pose=(1.788, -1.742, -1.314) cte=-0.431 closest=246 target=284 path_dist=0.431 heading_err=-0.288 steer=-0.524 speed=1.207
[gpu_amcl_cpp_node-6] [INFO] [1789005225.467782383] [gpu_amcl_cpp]: AMCL odom delta: at_scan=(4.910, 0.981, 0.257) baseline=(4.910, 0.981, 0.257) delta=(0.000, 0.000, -0.000) moved=false scan_age=0.051s
[component_container-9] [INFO] [1789005225.990724774] [pure_pursuit_node]: Pure Pursuit: pose=(1.788, -1.742, -1.314) cte=-0.431 closest=246 target=284 path_dist=0.431 heading_err=-0.288 steer=-0.524 speed=1.207
[gpu_amcl_cpp_node-6] [INFO] [1789005226.490971477] [gpu_amcl_cpp]: AMCL odom delta: at_scan=(4.910, 0.981, 0.257) baseline=(4.910, 0.981, 0.257) delta=(0.000, 0.000, -0.000) moved=false scan_age=0.049s
[component_container-9] [INFO] [1789005227.015293723] [pure_pursuit_node]: Pure Pursuit: pose=(1.788, -1.742, -1.314) cte=-0.431 closest=246 target=284 path_dist=0.431 heading_err=-0.288 steer=-0.524 speed=1.207
[gpu_amcl_cpp_node-6] [INFO] [1789005227.490985894] [gpu_amcl_cpp]: AMCL odom delta: at_scan=(4.910, 0.981, 0.257) baseline=(4.910, 0.981, 0.257) delta=(0.000, 0.000, -0.000) moved=false scan_age=0.052s
[component_container-9] [INFO] [1789005228.040439298] [pure_pursuit_node]: Pure Pursuit: pose=(1.788, -1.742, -1.314) cte=-0.431 closest=246 target=284 path_dist=0.431 heading_err=-0.288 steer=-0.524 speed=1.207
[gpu_amcl_cpp_node-6] [INFO] [1789005228.243627761] [gpu_amcl_cpp]: Received LiDAR callback #298 (1081 ranges).
[gpu_amcl_cpp_node-6] [INFO] [1789005228.513302311] [gpu_amcl_cpp]: AMCL odom delta: at_scan=(4.910, 0.981, 0.257) baseline=(4.910, 0.981, 0.257) delta=(0.000, 0.000, -0.000) moved=false scan_age=0.050s
[component_container-9] [INFO] [1789005229.086366105] [pure_pursuit_node]: Pure Pursuit: pose=(1.788, -1.742, -1.314) cte=-0.431 closest=246 target=284 path_dist=0.431 heading_err=-0.288 steer=-0.524 speed=1.207
[gpu_amcl_cpp_node-6] [INFO] [1789005229.544931537] [gpu_amcl_cpp]: AMCL odom delta: at_scan=(4.910, 0.981, 0.257) baseline=(4.910, 0.981, 0.257) delta=(0.000, 0.000, -0.000) moved=false scan_age=0.053s
[component_container-9] [INFO] [1789005230.086462639] [pure_pursuit_node]: Pure Pursuit: pose=(1.788, -1.742, -1.314) cte=-0.431 closest=246 target=284 path_dist=0.431 heading_err=-0.288 steer=-0.524 speed=1.207
[gpu_amcl_cpp_node-6] [INFO] [1789005230.592167116] [gpu_amcl_cpp]: AMCL odom delta: at_scan=(4.910, 0.981, 0.257) baseline=(4.910, 0.981, 0.257) delta=(0.000, 0.000, -0.000) moved=false scan_age=0.051s
[component_container-9] [INFO] [1789005231.090388685] [pure_pursuit_node]: Pure Pursuit: pose=(1.788, -1.742, -1.314) cte=-0.431 closest=246 target=284 path_dist=0.431 heading_err=-0.288 steer=-0.524 speed=1.207
[gpu_amcl_cpp_node-6] [INFO] [1789005231.641675149] [gpu_amcl_cpp]: AMCL odom delta: at_scan=(4.910, 0.981, 0.257) baseline=(4.910, 0.981, 0.257) delta=(0.000, 0.000, -0.000) moved=false scan_age=0.051s
[component_container-9] [INFO] [1789005232.111648100] [pure_pursuit_node]: Pure Pursuit: pose=(1.788, -1.742, -1.314) cte=-0.431 closest=246 target=284 path_dist=0.431 heading_err=-0.288 steer=-0.524 speed=1.207
[gpu_amcl_cpp_node-6] [INFO] [1789005232.686907795] [gpu_amcl_cpp]: AMCL odom delta: at_scan=(4.910, 0.981, 0.257) baseline=(4.910, 0.981, 0.257) delta=(0.000, 0.000, -0.000) moved=false scan_age=0.048s
[component_container-9] [INFO] [1789005233.142983619] [pure_pursuit_node]: Pure Pursuit: pose=(1.788, -1.742, -1.314) cte=-0.431 closest=246 target=284 path_dist=0.431 heading_err=-0.288 steer=-0.524 speed=1.207
[gpu_amcl_cpp_node-6] [INFO] [1789005233.267608911] [gpu_amcl_cpp]: Received LiDAR callback #394 (1081 ranges).
[gpu_amcl_cpp_node-6] [INFO] [1789005233.694525505] [gpu_amcl_cpp]: AMCL odom delta: at_scan=(4.910, 0.981, 0.257) baseline=(4.910, 0.981, 0.257) delta=(0.000, 0.000, -0.000) moved=false scan_age=0.053s
[component_container-9] [INFO] [1789005234.163269226] [pure_pursuit_node]: Pure Pursuit: pose=(1.788, -1.742, -1.314) cte=-0.431 closest=246 target=284 path_dist=0.431 heading_err=-0.288 steer=-0.524 speed=1.207
[gpu_amcl_cpp_node-6] [INFO] [1789005234.739340078] [gpu_amcl_cpp]: AMCL odom delta: at_scan=(4.910, 0.981, 0.257) baseline=(4.910, 0.981, 0.257) delta=(0.000, 0.000, -0.000) moved=false scan_age=0.051s
[component_container-9] [INFO] [1789005235.189630266] [pure_pursuit_node]: Pure Pursuit: pose=(1.788, -1.742, -1.314) cte=-0.431 closest=246 target=284 path_dist=0.431 heading_err=-0.288 steer=-0.524 speed=1.207
[gpu_amcl_cpp_node-6] [INFO] [1789005235.763347654] [gpu_amcl_cpp]: AMCL odom delta: at_scan=(4.910, 0.981, 0.257) baseline=(4.910, 0.981, 0.257) delta=(0.000, 0.000, -0.000) moved=false scan_age=0.050s
[component_container-9] [INFO] [1789005236.211789638] [pure_pursuit_node]: Pure Pursuit: pose=(1.788, -1.742, -1.314) cte=-0.431 closest=246 target=284 path_dist=0.431 heading_err=-0.288 steer=-0.524 speed=1.207
[gpu_amcl_cpp_node-6] [INFO] [1789005236.786971690] [gpu_amcl_cpp]: AMCL odom delta: at_scan=(4.910, 0.981, 0.257) baseline=(4.910, 0.981, 0.257) delta=(0.000, 0.000, -0.000) moved=false scan_age=0.048s
[component_container-9] [INFO] [1789005237.239221143] [pure_pursuit_node]: Pure Pursuit: pose=(1.788, -1.742, -1.314) cte=-0.431 closest=246 target=284 path_dist=0.431 heading_err=-0.288 steer=-0.524 speed=1.207
[gpu_amcl_cpp_node-6] [INFO] [1789005237.790611477] [gpu_amcl_cpp]: AMCL odom delta: at_scan=(4.910, 0.981, 0.257) baseline=(4.910, 0.981, 0.257) delta=(0.000, 0.000, -0.000) moved=false scan_age=0.049s
[component_container-9] [INFO] [1789005238.260582959] [pure_pursuit_node]: Pure Pursuit: pose=(1.788, -1.742, -1.314) cte=-0.431 closest=246 target=284 path_dist=0.431 heading_err=-0.288 steer=-0.524 speed=1.207
[gpu_amcl_cpp_node-6] [INFO] [1789005238.315514613] [gpu_amcl_cpp]: Received LiDAR callback #489 (1081 ranges).
[gpu_amcl_cpp_node-6] [INFO] [1789005238.818130278] [gpu_amcl_cpp]: AMCL odom delta: at_scan=(4.910, 0.981, 0.257) baseline=(4.910, 0.981, 0.257) delta=(0.000, 0.000, -0.000) moved=false scan_age=0.052s
[component_container-9] [INFO] [1789005239.267723980] [pure_pursuit_node]: Pure Pursuit: pose=(1.788, -1.742, -1.314) cte=-0.431 closest=246 target=284 path_dist=0.431 heading_err=-0.288 steer=-0.524 speed=1.207
[gpu_amcl_cpp_node-6] [INFO] [1789005239.819896726] [gpu_amcl_cpp]: AMCL odom delta: at_scan=(4.910, 0.981, 0.257) baseline=(4.910, 0.981, 0.257) delta=(0.000, 0.000, -0.000) moved=false scan_age=0.053s
[component_container-9] [INFO] [1789005240.290748183] [pure_pursuit_node]: Pure Pursuit: pose=(1.788, -1.742, -1.314) cte=-0.431 closest=246 target=284 path_dist=0.431 heading_err=-0.288 steer=-0.524 speed=1.207
[gpu_amcl_cpp_node-6] [WARN] [1789005240.661699152] [gpu_amcl_cpp]: Queued LiDAR scan until source-time odometry arrives (queued=1).
[gpu_amcl_cpp_node-6] [INFO] [1789005240.868626799] [gpu_amcl_cpp]: AMCL odom delta: at_scan=(4.910, 0.981, 0.257) baseline=(4.910, 0.981, 0.257) delta=(0.000, 0.000, -0.000) moved=false scan_age=0.051s
[component_container-9] [INFO] [1789005241.292815528] [pure_pursuit_node]: Pure Pursuit: pose=(1.788, -1.742, -1.314) cte=-0.431 closest=246 target=284 path_dist=0.431 heading_err=-0.288 steer=-0.524 speed=1.207
[gpu_amcl_cpp_node-6] [INFO] [1789005241.891089238] [gpu_amcl_cpp]: AMCL odom delta: at_scan=(4.910, 0.981, 0.257) baseline=(4.910, 0.981, 0.257) delta=(0.000, 0.000, -0.000) moved=false scan_age=0.049s
[component_container-9] [INFO] [1789005242.314649527] [pure_pursuit_node]: Pure Pursuit: pose=(1.788, -1.742, -1.314) cte=-0.431 closest=246 target=284 path_dist=0.431 heading_err=-0.288 steer=-0.524 speed=1.207
[gpu_amcl_cpp_node-6] [INFO] [1789005242.911826666] [gpu_amcl_cpp]: AMCL odom delta: at_scan=(4.910, 0.981, 0.257) baseline=(4.910, 0.981, 0.257) delta=(0.000, 0.000, -0.000) moved=false scan_age=0.048s
[component_container-9] [INFO] [1789005243.362293130] [pure_pursuit_node]: Pure Pursuit: pose=(1.788, -1.742, -1.314) cte=-0.431 closest=246 target=284 path_dist=0.431 heading_err=-0.288 steer=-0.524 speed=1.207
[gpu_amcl_cpp_node-6] [INFO] [1789005243.363760940] [gpu_amcl_cpp]: Received LiDAR callback #583 (1081 ranges).
[gpu_amcl_cpp_node-6] [INFO] [1789005243.912076988] [gpu_amcl_cpp]: AMCL odom delta: at_scan=(4.910, 0.981, 0.257) baseline=(4.910, 0.981, 0.257) delta=(0.000, 0.000, -0.000) moved=false scan_age=0.048s
[component_container-9] [INFO] [1789005244.386232590] [pure_pursuit_node]: Pure Pursuit: pose=(1.788, -1.742, -1.314) cte=-0.431 closest=246 target=284 path_dist=0.431 heading_err=-0.288 steer=-0.524 speed=1.207
[gpu_amcl_cpp_node-6] [INFO] [1789005244.944307166] [gpu_amcl_cpp]: AMCL odom delta: at_scan=(4.910, 0.981, 0.257) baseline=(4.910, 0.981, 0.257) delta=(0.000, 0.000, -0.000) moved=false scan_age=0.051s
[component_container-9] [INFO] [1789005245.414577244] [pure_pursuit_node]: Pure Pursuit: pose=(1.788, -1.742, -1.314) cte=-0.431 closest=246 target=284 path_dist=0.431 heading_err=-0.288 steer=-0.524 speed=1.207
[gpu_amcl_cpp_node-6] [INFO] [1789005245.989362497] [gpu_amcl_cpp]: AMCL odom delta: at_scan=(4.910, 0.981, 0.257) baseline=(4.910, 0.981, 0.257) delta=(0.000, 0.000, -0.000) moved=false scan_age=0.050s
[component_container-9] [INFO] [1789005246.460258943] [pure_pursuit_node]: Pure Pursuit: pose=(1.788, -1.742, -1.314) cte=-0.431 closest=246 target=284 path_dist=0.431 heading_err=-0.288 steer=-0.524 speed=1.207
[gpu_amcl_cpp_node-6] [INFO] [1789005247.017679480] [gpu_amcl_cpp]: AMCL odom delta: at_scan=(4.910, 0.981, 0.257) baseline=(4.910, 0.981, 0.257) delta=(0.000, 0.000, -0.000) moved=false scan_age=0.050s
[component_container-9] [INFO] [1789005247.466076667] [pure_pursuit_node]: Pure Pursuit: pose=(1.788, -1.742, -1.314) cte=-0.431 closest=246 target=284 path_dist=0.431 heading_err=-0.288 steer=-0.524 speed=1.207
[gpu_amcl_cpp_node-6] [INFO] [1789005248.066005784] [gpu_amcl_cpp]: AMCL odom delta: at_scan=(4.910, 0.981, 0.257) baseline=(4.910, 0.981, 0.257) delta=(0.000, 0.000, -0.000) moved=false scan_age=0.049s
[gpu_amcl_cpp_node-6] [INFO] [1789005248.365731448] [gpu_amcl_cpp]: Received LiDAR callback #680 (1081 ranges).
[component_container-9] [INFO] [1789005248.514769430] [pure_pursuit_node]: Pure Pursuit: pose=(1.788, -1.742, -1.314) cte=-0.431 closest=246 target=284 path_dist=0.431 heading_err=-0.288 steer=-0.524 speed=1.207
[gpu_amcl_cpp_node-6] [INFO] [1789005249.067458563] [gpu_amcl_cpp]: AMCL odom delta: at_scan=(4.910, 0.981, 0.257) baseline=(4.910, 0.981, 0.257) delta=(0.000, 0.000, -0.000) moved=false scan_age=0.051s
[gpu_amcl_cpp_node-6] [WARN] [1789005249.167078185] [gpu_amcl_cpp]: Queued LiDAR scan until source-time odometry arrives (queued=1).
[component_container-9] [INFO] [1789005249.542663492] [pure_pursuit_node]: Pure Pursuit: pose=(1.788, -1.742, -1.314) cte=-0.431 closest=246 target=284 path_dist=0.431 heading_err=-0.288 steer=-0.524 speed=1.207
[component_container-9] [INFO] [1789005249.700897563] [rclcpp]: signal_handler(SIGINT/SIGTERM)
[WARNING] [launch]: user interrupted with ctrl-c (SIGINT)
[INFO] [actuator_interface-10]: sending signal 'SIGINT' to process[actuator_interface-10]
[INFO] [component_container-9]: sending signal 'SIGINT' to process[component_container-9]
[INFO] [calibration-8]: sending signal 'SIGINT' to process[calibration-8]
[INFO] [ground_truth_amcl_monitor-7]: sending signal 'SIGINT' to process[ground_truth_amcl_monitor-7]
[INFO] [gpu_amcl_cpp_node-6]: sending signal 'SIGINT' to process[gpu_amcl_cpp_node-6]
[INFO] [lifecycle_manager-5]: sending signal 'SIGINT' to process[lifecycle_manager-5]
[INFO] [map_server-4]: sending signal 'SIGINT' to process[map_server-4]
[INFO] [ekf_localization_node-3]: sending signal 'SIGINT' to process[ekf_localization_node-3]
[INFO] [sensor_odometry_node-2]: sending signal 'SIGINT' to process[sensor_odometry_node-2]
[INFO] [autodrive_bridge_40hz-1]: sending signal 'SIGINT' to process[autodrive_bridge_40hz-1]
[component_container-9] [INFO] [1789005249.813551771] [rclcpp]: signal_handler(SIGINT/SIGTERM)
[INFO] [component_container-9]: process has finished cleanly [pid 15081]
[gpu_amcl_cpp_node-6] [INFO] [1789005249.816210719] [rclcpp]: signal_handler(SIGINT/SIGTERM)
[lifecycle_manager-5] [INFO] [1789005249.817306319] [rclcpp]: signal_handler(SIGINT/SIGTERM)
[lifecycle_manager-5] [INFO] [1789005249.817427277] [lifecycle_manager_map]: Running Nav2 LifecycleManager rcl preshutdown (lifecycle_manager_map)
[lifecycle_manager-5] [INFO] [1789005249.817494162] [lifecycle_manager_map]: [34m[1mTerminating bond timer...[0m[0m
[map_server-4] [INFO] [1789005249.818793415] [rclcpp]: signal_handler(SIGINT/SIGTERM)
[map_server-4] [INFO] [1789005249.818895717] [map_server]: Running Nav2 LifecycleNode rcl preshutdown (map_server)
[map_server-4] [INFO] [1789005249.818965629] [map_server]: Deactivating
[map_server-4] [INFO] [1789005249.818982420] [map_server]: Destroying bond (map_server) to lifecycle manager.
[ekf_localization_node-3] [INFO] [1789005249.820205039] [rclcpp]: signal_handler(SIGINT/SIGTERM)
[sensor_odometry_node-2] [INFO] [1789005249.821533527] [rclcpp]: signal_handler(SIGINT/SIGTERM)
[autodrive_bridge_40hz-1] KeyboardInterrupt
[autodrive_bridge_40hz-1] 2026-09-10T01:54:09Z
[map_server-4] [INFO] [1789005249.829290801] [map_server]: Cleaning up
[map_server-4] [INFO] [1789005249.829428600] [map_server]: Destroying bond (map_server) to lifecycle manager.
[lifecycle_manager-5] [INFO] [1789005249.830342669] [lifecycle_manager_map]: Destroying lifecycle_manager_map
[map_server-4] [INFO] [1789005249.831121713] [map_server]: Destroying
[autodrive_bridge_40hz-1] Traceback (most recent call last):
[autodrive_bridge_40hz-1]   File "/workspace/install/lib/sdu_apex_autodrive/autodrive_bridge_40hz", line 33, in <module>
[autodrive_bridge_40hz-1]     sys.exit(load_entry_point('sdu-apex-autodrive', 'console_scripts', 'autodrive_bridge_40hz')())
[autodrive_bridge_40hz-1]   File "/workspace/build/sdu_apex_autodrive/sdu_apex_autodrive/bridge_40hz.py", line 443, in main
[autodrive_bridge_40hz-1]     official_bridge.main()
[autodrive_bridge_40hz-1]   File "/home/autodrive_devkit/install/autodrive_roboracer/lib/python3.10/site-packages/autodrive_roboracer/autodrive_bridge.py", line 442, in main
[autodrive_bridge_40hz-1]     pywsgi.WSGIServer(('', 4567), app, handler_class=WebSocketHandler).serve_forever() # Deploy as a gevent WSGI server
[autodrive_bridge_40hz-1]   File "/usr/local/lib/python3.10/dist-packages/gevent/baseserver.py", line 400, in serve_forever
[autodrive_bridge_40hz-1]     self._stop_event.wait()
[autodrive_bridge_40hz-1]   File "src/gevent/event.py", line 163, in gevent._gevent_cevent.Event.wait
[autodrive_bridge_40hz-1]   File "src/gevent/_abstract_linkable.py", line 521, in gevent._gevent_c_abstract_linkable.AbstractLinkable._wait
[autodrive_bridge_40hz-1]   File "src/gevent/_abstract_linkable.py", line 487, in gevent._gevent_c_abstract_linkable.AbstractLinkable._wait_core
[autodrive_bridge_40hz-1]   File "src/gevent/_abstract_linkable.py", line 490, in gevent._gevent_c_abstract_linkable.AbstractLinkable._wait_core
[autodrive_bridge_40hz-1]   File "src/gevent/_abstract_linkable.py", line 442, in gevent._gevent_c_abstract_linkable.AbstractLinkable._AbstractLinkable__wait_to_be_notified
[autodrive_bridge_40hz-1]   File "src/gevent/_abstract_linkable.py", line 451, in gevent._gevent_c_abstract_linkable.AbstractLinkable._switch_to_hub
[autodrive_bridge_40hz-1]   File "src/gevent/_greenlet_primitives.py", line 61, in gevent._gevent_c_greenlet_primitives.SwitchOutGreenletWithLoop.switch
[autodrive_bridge_40hz-1]   File "src/gevent/_greenlet_primitives.py", line 65, in gevent._gevent_c_greenlet_primitives.SwitchOutGreenletWithLoop.switch
[autodrive_bridge_40hz-1]   File "src/gevent/_gevent_c_greenlet_primitives.pxd", line 35, in gevent._gevent_c_greenlet_primitives._greenlet_switch
[autodrive_bridge_40hz-1]   File "/usr/local/lib/python3.10/dist-packages/socketio/client.py", line 25, in signal_handler
[autodrive_bridge_40hz-1]     return original_signal_handler(sig, frame)
[autodrive_bridge_40hz-1] KeyboardInterrupt
[INFO] [ekf_localization_node-3]: process has finished cleanly [pid 15069]
[INFO] [sensor_odometry_node-2]: process has finished cleanly [pid 15067]
[INFO] [lifecycle_manager-5]: process has finished cleanly [pid 15073]
[INFO] [map_server-4]: process has finished cleanly [pid 15071]
[ERROR] [autodrive_bridge_40hz-1]: process has died [pid 15065, exit code -2, cmd '/workspace/install/lib/sdu_apex_autodrive/autodrive_bridge_40hz --ros-args -r __node:=autodrive_bridge'].
[INFO] [actuator_interface-10]: process has finished cleanly [pid 15083]
[INFO] [ground_truth_amcl_monitor-7]: process has finished cleanly [pid 15077]
[INFO] [calibration-8]: process has finished cleanly [pid 15079]
[INFO] [gpu_amcl_cpp_node-6]: process has finished cleanly [pid 15075]
