[INFO] [launch]: All log files can be found below /root/.ros/log/2026-09-08-19-37-15-242358-ExternalDrive-32431
[INFO] [launch]: Default logging verbosity is set to INFO
[INFO] [autodrive_bridge_40hz-1]: process started with pid [32483]
[INFO] [sensor_odometry_node-2]: process started with pid [32485]
[INFO] [ekf_localization_node-3]: process started with pid [32487]
[INFO] [map_server-4]: process started with pid [32489]
[INFO] [lifecycle_manager-5]: process started with pid [32491]
[INFO] [gpu_amcl_cpp_node-6]: process started with pid [32493]
[sensor_odometry_node-2] [INFO] [1788896235.500598375] [sensor_odometry]: Deterministic odometry observer: exact timestamp packets, encoders + IMU only
[ekf_localization_node-3] [INFO] [1788896235.505410091] [ekf_localization]: Local odometry trust filter ready: /odom -> /ekf_odom and /ekf_pose in frame odom; reset events=/autodrive/reset_command
[lifecycle_manager-5] [INFO] [1788896235.507208763] [lifecycle_manager_map]: Creating
[lifecycle_manager-5] [INFO] [1788896235.514206519] [lifecycle_manager_map]: [34m[1mCreating and initializing lifecycle service clients[0m[0m
[lifecycle_manager-5] [INFO] [1788896235.520105930] [lifecycle_manager_map]: [34m[1mStarting managed nodes bringup...[0m[0m
[lifecycle_manager-5] [INFO] [1788896235.520170562] [lifecycle_manager_map]: [34m[1mConfiguring map_server[0m[0m
[map_server-4] [INFO] [1788896235.520814372] [map_server]: 
[map_server-4] 	map_server lifecycle node launched. 
[map_server-4] 	Waiting on external lifecycle transitions to activate
[map_server-4] 	See https://design.ros2.org/articles/node_lifecycle.html for more information.
[map_server-4] [INFO] [1788896235.520935901] [map_server]: Creating
[map_server-4] [INFO] [1788896235.662040247] [map_server]: Configuring
[map_server-4] [INFO] [1788896235.662153820] [map_io]: Loading yaml file: /workspace/src/f1tenth_planning/maps/autodrive_track_ftg_commit_20260908_lap01.yaml
[map_server-4] [INFO] [1788896235.662568099] [map_io]: resolution: 0.05
[map_server-4] [INFO] [1788896235.662586133] [map_io]: origin[0]: -6.82
[map_server-4] [INFO] [1788896235.662596683] [map_io]: origin[1]: -12.3
[map_server-4] [INFO] [1788896235.662605259] [map_io]: origin[2]: 0
[map_server-4] [INFO] [1788896235.662614156] [map_io]: free_thresh: 0.25
[map_server-4] [INFO] [1788896235.662622842] [map_io]: occupied_thresh: 0.65
[map_server-4] [INFO] [1788896235.662632881] [map_io]: mode: trinary
[map_server-4] [INFO] [1788896235.662643070] [map_io]: negate: 0
[map_server-4] [INFO] [1788896235.662979353] [map_io]: Loading image_file: /workspace/src/f1tenth_planning/maps/autodrive_track_ftg_commit_20260908_lap01.pgm
[map_server-4] [INFO] [1788896235.681715698] [map_io]: Read map /workspace/src/f1tenth_planning/maps/autodrive_track_ftg_commit_20260908_lap01.pgm: 175 X 438 map @ 0.05 m/cell
[lifecycle_manager-5] [INFO] [1788896235.690560147] [lifecycle_manager_map]: [34m[1mActivating map_server[0m[0m
[map_server-4] [INFO] [1788896235.690808063] [map_server]: Activating
[map_server-4] [INFO] [1788896235.691112435] [map_server]: Creating bond (map_server) to lifecycle manager.
[gpu_amcl_cpp_node-6] [INFO] [1788896235.709988113] [gpu_amcl_cpp]: [AMCL] Parameters: update_min_d=0.02000, update_min_a=0.03500, max_scan_age=0.2500, odom_history=1.000s, cloud_publish_rate=1.0 Hz, debug_pre_resample=false, slip_threshold=1.00 rad/s, initial_raceline_heading=true, local_correction_gate=0.04m/0.08rad gain=0.100 association=0.80m recenter_cloud=true
[gpu_amcl_cpp_node-6] [INFO] [1788896235.720381803] [gpu_amcl_cpp]: Particle cloud publishing scan-synchronized, max 1.0 Hz
[gpu_amcl_cpp_node-6] [INFO] [1788896235.720436506] [gpu_amcl_cpp]: GPU AMCL C++ node created — waiting for map...
[gpu_amcl_cpp_node-6] [INFO] [1788896235.731124040] [gpu_amcl_cpp]: Received first map (175x438 @ 0.050 m/cell) — initialising PF
[gpu_amcl_cpp_node-6] [INFO] [1788896235.738865153] [gpu_amcl_cpp]: Loaded 2647 global heading points from /workspace/src/f1tenth_planning/trajectories/autodrive_track_ftg_commit_20260908_lap01_mintime_raceline.csv
[gpu_amcl_cpp_node-6] [INFO] [1788896235.738953119] [gpu_amcl_cpp]: Initial local pose loaded from raceline start: x=-2.66 y=4.22 yaw=-2.984 rad
[gpu_amcl_cpp_node-6] [INFO] [1788896235.739001349] [gpu_amcl_cpp]: Initial local pose uses raceline heading: x=-2.66 y=4.22 yaw=-2.984 rad
[gpu_amcl_cpp_node-6] [INFO] [1788896235.739015516] [gpu_amcl_cpp]: Applied local AMCL startup heading offset: 0.000 rad -> yaw -2.984 rad
[gpu_amcl_cpp_node-6] [INFO] [1788896235.753914878] [gpu_amcl_cpp]: Particle filter initialised with 2500 particles (local)
[autodrive_bridge_40hz-1] /usr/local/lib/python3.10/dist-packages/numpy/core/getlimits.py:499: UserWarning: The value of the smallest subnormal for <class 'numpy.float64'> type is zero.
[autodrive_bridge_40hz-1]   setattr(self, word, getattr(machar, word).flat[0])
[autodrive_bridge_40hz-1] /usr/local/lib/python3.10/dist-packages/numpy/core/getlimits.py:89: UserWarning: The value of the smallest subnormal for <class 'numpy.float64'> type is zero.
[autodrive_bridge_40hz-1]   return self._float_to_str(self.smallest_subnormal)
[gpu_amcl_cpp_node-6] [INFO] [1788896235.754666842] [gpu_amcl_cpp]: Published initial pose: (-2.67, 4.21, -2.99)
[lifecycle_manager-5] [INFO] [1788896235.796561467] [lifecycle_manager_map]: Server map_server connected with bond.
[lifecycle_manager-5] [INFO] [1788896235.796628663] [lifecycle_manager_map]: [34m[1mManaged nodes are active[0m[0m
[lifecycle_manager-5] [INFO] [1788896235.796648721] [lifecycle_manager_map]: [34m[1mCreating bond timer...[0m[0m
[gpu_amcl_cpp_node-6] [INFO] [1788896236.519323291] [gpu_amcl_cpp]: Received first odometry sample at (0.00, 0.00, 0.00).
[gpu_amcl_cpp_node-6] [INFO] [1788896236.520509701] [gpu_amcl_cpp]: Received LiDAR callback #1 (1081 ranges).
[gpu_amcl_cpp_node-6] [INFO] [1788896236.520776373] [gpu_amcl_cpp]: Local AMCL lock anchored on first scan at (-2.666, 4.214, -2.986) with odom reference (0.000, 0.000, 0.000).
[gpu_amcl_cpp_node-6] [INFO] [1788896236.520793785] [gpu_amcl_cpp]: AMCL odom delta: at_scan=(0.000, 0.000, 0.000) baseline=(0.000, 0.000, 0.000) delta=(0.000, 0.000, 0.000) moved=false scan_age=0.060s
[gpu_amcl_cpp_node-6] [INFO] [1788896236.520805888] [gpu_amcl_cpp]: Starting AMCL scan update #1 (sampled from 1081 ranges).
[gpu_amcl_cpp_node-6] [INFO] [1788896236.524065086] [gpu_amcl_cpp]: AMCL scan update #1 completed; evaluating pose confidence.
[gpu_amcl_cpp_node-6] [INFO] [1788896236.526016585] [gpu_amcl_cpp]: AMCL local correction: odom_prediction=(-2.666, 4.214, -2.986) scan=(-2.635, 4.137, -2.963) correction=0.083 m/0.023 rad cluster_weight=0.815 publish=true
[gpu_amcl_cpp_node-6] [WARN] [1788896236.526062501] [gpu_amcl_cpp]: Rejected large local AMCL scan correction; restarting cloud at odometry prediction.
[gpu_amcl_cpp_node-6] [INFO] [1788896237.534581848] [gpu_amcl_cpp]: AMCL odom delta: at_scan=(0.000, 0.000, 0.000) baseline=(0.000, 0.000, 0.000) delta=(0.000, 0.000, 0.000) moved=false scan_age=0.048s
[gpu_amcl_cpp_node-6] [INFO] [1788896238.535457463] [gpu_amcl_cpp]: AMCL odom delta: at_scan=(0.000, 0.000, 0.000) baseline=(0.000, 0.000, 0.000) delta=(0.000, 0.000, 0.000) moved=false scan_age=0.049s
[gpu_amcl_cpp_node-6] [WARN] [1788896239.239338687] [gpu_amcl_cpp]: Queued LiDAR scan until source-time odometry arrives (queued=1).
[gpu_amcl_cpp_node-6] [INFO] [1788896239.541707591] [gpu_amcl_cpp]: AMCL odom delta: at_scan=(0.000, 0.000, 0.000) baseline=(0.000, 0.000, 0.000) delta=(0.000, 0.000, 0.000) moved=false scan_age=0.053s
[gpu_amcl_cpp_node-6] [INFO] [1788896240.560846219] [gpu_amcl_cpp]: AMCL odom delta: at_scan=(0.000, 0.000, 0.000) baseline=(0.000, 0.000, 0.000) delta=(0.000, 0.000, 0.000) moved=false scan_age=0.050s
[gpu_amcl_cpp_node-6] [INFO] [1788896241.560377471] [gpu_amcl_cpp]: Received LiDAR callback #102 (1081 ranges).
[gpu_amcl_cpp_node-6] [INFO] [1788896241.608664053] [gpu_amcl_cpp]: AMCL odom delta: at_scan=(0.000, 0.000, 0.000) baseline=(0.000, 0.000, 0.000) delta=(0.000, 0.000, 0.000) moved=false scan_age=0.048s
[gpu_amcl_cpp_node-6] [INFO] [1788896242.659676593] [gpu_amcl_cpp]: AMCL odom delta: at_scan=(0.000, 0.000, 0.000) baseline=(0.000, 0.000, 0.000) delta=(0.000, 0.000, 0.000) moved=false scan_age=0.049s
[gpu_amcl_cpp_node-6] [INFO] [1788896243.709051832] [gpu_amcl_cpp]: AMCL odom delta: at_scan=(0.000, 0.000, 0.000) baseline=(0.000, 0.000, 0.000) delta=(0.000, 0.000, 0.000) moved=false scan_age=0.048s
[gpu_amcl_cpp_node-6] [INFO] [1788896244.709354791] [gpu_amcl_cpp]: AMCL odom delta: at_scan=(0.000, 0.000, 0.000) baseline=(0.000, 0.000, 0.000) delta=(0.000, 0.000, 0.000) moved=false scan_age=0.048s
[gpu_amcl_cpp_node-6] [INFO] [1788896245.734505644] [gpu_amcl_cpp]: AMCL odom delta: at_scan=(0.000, 0.000, 0.000) baseline=(0.000, 0.000, 0.000) delta=(0.000, 0.000, 0.000) moved=false scan_age=0.048s
[gpu_amcl_cpp_node-6] [INFO] [1788896246.584818990] [gpu_amcl_cpp]: Received LiDAR callback #202 (1081 ranges).
[gpu_amcl_cpp_node-6] [INFO] [1788896246.783851052] [gpu_amcl_cpp]: AMCL odom delta: at_scan=(0.000, 0.000, 0.000) baseline=(0.000, 0.000, 0.000) delta=(0.000, 0.000, 0.000) moved=false scan_age=0.048s
[gpu_amcl_cpp_node-6] [WARN] [1788896247.336035048] [gpu_amcl_cpp]: Queued LiDAR scan until source-time odometry arrives (queued=1).
[gpu_amcl_cpp_node-6] [INFO] [1788896247.784170808] [gpu_amcl_cpp]: AMCL odom delta: at_scan=(0.000, 0.000, 0.000) baseline=(0.000, 0.000, 0.000) delta=(0.000, 0.000, 0.000) moved=false scan_age=0.049s
[gpu_amcl_cpp_node-6] [INFO] [1788896248.785405792] [gpu_amcl_cpp]: AMCL odom delta: at_scan=(0.000, 0.000, 0.000) baseline=(0.000, 0.000, 0.000) delta=(0.000, 0.000, 0.000) moved=false scan_age=0.049s
[gpu_amcl_cpp_node-6] [INFO] [1788896249.833421105] [gpu_amcl_cpp]: AMCL odom delta: at_scan=(0.000, 0.000, 0.000) baseline=(0.000, 0.000, 0.000) delta=(0.000, 0.000, 0.000) moved=false scan_age=0.048s
[gpu_amcl_cpp_node-6] [INFO] [1788896250.833774710] [gpu_amcl_cpp]: AMCL odom delta: at_scan=(0.000, 0.000, 0.000) baseline=(0.000, 0.000, 0.000) delta=(0.000, 0.000, 0.000) moved=false scan_age=0.048s
[gpu_amcl_cpp_node-6] [WARN] [1788896251.384714774] [gpu_amcl_cpp]: Queued LiDAR scan until source-time odometry arrives (queued=1).
[gpu_amcl_cpp_node-6] [INFO] [1788896251.634703856] [gpu_amcl_cpp]: Received LiDAR callback #305 (1081 ranges).
[gpu_amcl_cpp_node-6] [INFO] [1788896251.884669323] [gpu_amcl_cpp]: AMCL odom delta: at_scan=(0.000, 0.000, 0.000) baseline=(0.000, 0.000, 0.000) delta=(0.000, 0.000, 0.000) moved=false scan_age=0.049s
[gpu_amcl_cpp_node-6] [INFO] [1788896252.885558762] [gpu_amcl_cpp]: AMCL odom delta: at_scan=(0.000, 0.000, 0.000) baseline=(0.000, 0.000, 0.000) delta=(0.000, 0.000, 0.000) moved=false scan_age=0.049s
[gpu_amcl_cpp_node-6] [INFO] [1788896253.933509907] [gpu_amcl_cpp]: AMCL odom delta: at_scan=(0.000, 0.000, 0.000) baseline=(0.000, 0.000, 0.000) delta=(0.000, 0.000, 0.000) moved=false scan_age=0.048s
[gpu_amcl_cpp_node-6] [INFO] [1788896254.935286060] [gpu_amcl_cpp]: AMCL odom delta: at_scan=(0.000, 0.000, 0.000) baseline=(0.000, 0.000, 0.000) delta=(0.000, 0.000, 0.000) moved=false scan_age=0.049s
[gpu_amcl_cpp_node-6] [INFO] [1788896255.983241270] [gpu_amcl_cpp]: AMCL odom delta: at_scan=(0.000, 0.000, 0.000) baseline=(0.000, 0.000, 0.000) delta=(0.000, 0.000, 0.000) moved=false scan_age=0.047s
[gpu_amcl_cpp_node-6] [INFO] [1788896256.684348701] [gpu_amcl_cpp]: Received LiDAR callback #406 (1081 ranges).
[gpu_amcl_cpp_node-6] [WARN] [1788896256.884668600] [gpu_amcl_cpp]: Queued LiDAR scan until source-time odometry arrives (queued=1).
[gpu_amcl_cpp_node-6] [INFO] [1788896256.983609363] [gpu_amcl_cpp]: AMCL odom delta: at_scan=(0.000, 0.000, 0.000) baseline=(0.000, 0.000, 0.000) delta=(0.000, 0.000, 0.000) moved=false scan_age=0.048s
[gpu_amcl_cpp_node-6] [INFO] [1788896257.985739617] [gpu_amcl_cpp]: AMCL odom delta: at_scan=(0.000, 0.000, 0.000) baseline=(0.000, 0.000, 0.000) delta=(0.000, 0.000, 0.000) moved=false scan_age=0.049s
[gpu_amcl_cpp_node-6] [INFO] [1788896259.034231431] [gpu_amcl_cpp]: AMCL odom delta: at_scan=(0.000, 0.000, 0.000) baseline=(0.000, 0.000, 0.000) delta=(0.000, 0.000, 0.000) moved=false scan_age=0.048s
[gpu_amcl_cpp_node-6] [INFO] [1788896260.084402070] [gpu_amcl_cpp]: AMCL odom delta: at_scan=(0.000, 0.000, 0.000) baseline=(0.000, 0.000, 0.000) delta=(0.000, 0.000, 0.000) moved=false scan_age=0.048s
[gpu_amcl_cpp_node-6] [INFO] [1788896261.133403228] [gpu_amcl_cpp]: AMCL odom delta: at_scan=(0.000, 0.000, 0.000) baseline=(0.000, 0.000, 0.000) delta=(0.000, 0.000, 0.000) moved=false scan_age=0.048s
[gpu_amcl_cpp_node-6] [INFO] [1788896261.684565431] [gpu_amcl_cpp]: Received LiDAR callback #507 (1081 ranges).
[gpu_amcl_cpp_node-6] [INFO] [1788896262.134183418] [gpu_amcl_cpp]: AMCL odom delta: at_scan=(0.000, 0.000, 0.000) baseline=(0.000, 0.000, 0.000) delta=(0.000, 0.000, 0.000) moved=false scan_age=0.049s
[gpu_amcl_cpp_node-6] [INFO] [1788896263.184505226] [gpu_amcl_cpp]: AMCL odom delta: at_scan=(0.000, 0.000, 0.000) baseline=(0.000, 0.000, 0.000) delta=(0.000, 0.000, 0.000) moved=false scan_age=0.049s
[gpu_amcl_cpp_node-6] [INFO] [1788896264.233149839] [gpu_amcl_cpp]: AMCL odom delta: at_scan=(0.000, 0.000, 0.000) baseline=(0.000, 0.000, 0.000) delta=(0.000, 0.000, 0.000) moved=false scan_age=0.048s
[gpu_amcl_cpp_node-6] [INFO] [1788896265.237767829] [gpu_amcl_cpp]: AMCL odom delta: at_scan=(0.000, 0.000, 0.000) baseline=(0.000, 0.000, 0.000) delta=(0.000, 0.000, 0.000) moved=false scan_age=0.052s
[gpu_amcl_cpp_node-6] [INFO] [1788896266.284315898] [gpu_amcl_cpp]: AMCL odom delta: at_scan=(0.000, 0.000, 0.000) baseline=(0.000, 0.000, 0.000) delta=(0.000, 0.000, 0.000) moved=false scan_age=0.048s
[gpu_amcl_cpp_node-6] [INFO] [1788896266.733360954] [gpu_amcl_cpp]: Received LiDAR callback #607 (1081 ranges).
[gpu_amcl_cpp_node-6] [INFO] [1788896267.284718741] [gpu_amcl_cpp]: AMCL odom delta: at_scan=(0.000, 0.000, 0.000) baseline=(0.000, 0.000, 0.000) delta=(0.000, 0.000, 0.000) moved=false scan_age=0.049s
[gpu_amcl_cpp_node-6] [INFO] [1788896268.334208787] [gpu_amcl_cpp]: AMCL odom delta: at_scan=(0.000, 0.000, 0.000) baseline=(0.000, 0.000, 0.000) delta=(0.000, 0.000, 0.000) moved=false scan_age=0.048s
[gpu_amcl_cpp_node-6] [INFO] [1788896269.334429374] [gpu_amcl_cpp]: AMCL odom delta: at_scan=(0.000, 0.000, 0.000) baseline=(0.000, 0.000, 0.000) delta=(0.000, 0.000, 0.000) moved=false scan_age=0.049s
[gpu_amcl_cpp_node-6] [INFO] [1788896270.384456697] [gpu_amcl_cpp]: AMCL odom delta: at_scan=(0.000, 0.000, 0.000) baseline=(0.000, 0.000, 0.000) delta=(0.000, 0.000, 0.000) moved=false scan_age=0.049s
[gpu_amcl_cpp_node-6] [INFO] [1788896271.384687561] [gpu_amcl_cpp]: AMCL odom delta: at_scan=(0.000, 0.000, 0.000) baseline=(0.000, 0.000, 0.000) delta=(0.000, 0.000, 0.000) moved=false scan_age=0.049s
[gpu_amcl_cpp_node-6] [INFO] [1788896271.734415265] [gpu_amcl_cpp]: Received LiDAR callback #707 (1081 ranges).
[gpu_amcl_cpp_node-6] [INFO] [1788896272.384758402] [gpu_amcl_cpp]: AMCL odom delta: at_scan=(0.000, 0.000, 0.000) baseline=(0.000, 0.000, 0.000) delta=(0.000, 0.000, 0.000) moved=false scan_age=0.049s
[gpu_amcl_cpp_node-6] [INFO] [1788896273.433668951] [gpu_amcl_cpp]: AMCL odom delta: at_scan=(0.000, 0.000, 0.000) baseline=(0.000, 0.000, 0.000) delta=(0.000, 0.000, 0.000) moved=false scan_age=0.048s
[gpu_amcl_cpp_node-6] [INFO] [1788896274.434308518] [gpu_amcl_cpp]: AMCL odom delta: at_scan=(0.000, 0.000, 0.000) baseline=(0.000, 0.000, 0.000) delta=(0.000, 0.000, 0.000) moved=false scan_age=0.049s
[gpu_amcl_cpp_node-6] [INFO] [1788896275.458516002] [gpu_amcl_cpp]: AMCL odom delta: at_scan=(0.000, 0.000, 0.000) baseline=(0.000, 0.000, 0.000) delta=(0.000, 0.000, 0.000) moved=false scan_age=0.048s
[gpu_amcl_cpp_node-6] [INFO] [1788896276.459695402] [gpu_amcl_cpp]: AMCL odom delta: at_scan=(0.000, 0.000, 0.000) baseline=(0.000, 0.000, 0.000) delta=(0.000, 0.000, 0.000) moved=false scan_age=0.049s
[gpu_amcl_cpp_node-6] [INFO] [1788896276.758879842] [gpu_amcl_cpp]: Received LiDAR callback #807 (1081 ranges).
[gpu_amcl_cpp_node-6] [INFO] [1788896277.508892954] [gpu_amcl_cpp]: AMCL odom delta: at_scan=(0.000, 0.000, 0.000) baseline=(0.000, 0.000, 0.000) delta=(0.000, 0.000, 0.000) moved=false scan_age=0.048s
[gpu_amcl_cpp_node-6] [INFO] [1788896278.512339964] [gpu_amcl_cpp]: AMCL odom delta: at_scan=(0.000, 0.000, 0.000) baseline=(0.000, 0.000, 0.000) delta=(0.000, 0.000, 0.000) moved=false scan_age=0.052s
[gpu_amcl_cpp_node-6] [INFO] [1788896279.559771032] [gpu_amcl_cpp]: AMCL odom delta: at_scan=(0.000, 0.000, 0.000) baseline=(0.000, 0.000, 0.000) delta=(0.000, 0.000, 0.000) moved=false scan_age=0.048s
[gpu_amcl_cpp_node-6] [INFO] [1788896280.559908917] [gpu_amcl_cpp]: AMCL odom delta: at_scan=(0.000, 0.000, 0.000) baseline=(0.000, 0.000, 0.000) delta=(0.000, 0.000, 0.000) moved=false scan_age=0.049s
[gpu_amcl_cpp_node-6] [INFO] [1788896281.612910786] [gpu_amcl_cpp]: AMCL odom delta: at_scan=(0.000, 0.000, 0.000) baseline=(0.000, 0.000, 0.000) delta=(0.000, 0.000, 0.000) moved=false scan_age=0.052s
[gpu_amcl_cpp_node-6] [INFO] [1788896281.760472472] [gpu_amcl_cpp]: Received LiDAR callback #907 (1081 ranges).
[gpu_amcl_cpp_node-6] [INFO] [1788896282.659271557] [gpu_amcl_cpp]: AMCL odom delta: at_scan=(0.000, 0.000, 0.000) baseline=(0.000, 0.000, 0.000) delta=(0.000, 0.000, 0.000) moved=false scan_age=0.049s
[gpu_amcl_cpp_node-6] [INFO] [1788896283.708805052] [gpu_amcl_cpp]: AMCL odom delta: at_scan=(0.000, 0.000, 0.000) baseline=(0.000, 0.000, 0.000) delta=(0.000, 0.000, 0.000) moved=false scan_age=0.048s
[gpu_amcl_cpp_node-6] [INFO] [1788896284.759627298] [gpu_amcl_cpp]: AMCL odom delta: at_scan=(0.000, 0.000, 0.000) baseline=(0.000, 0.000, 0.000) delta=(0.000, 0.000, 0.000) moved=false scan_age=0.049s
[gpu_amcl_cpp_node-6] [INFO] [1788896285.814276928] [gpu_amcl_cpp]: AMCL odom delta: at_scan=(0.000, 0.000, 0.000) baseline=(0.000, 0.000, 0.000) delta=(0.000, 0.000, 0.000) moved=false scan_age=0.053s
[gpu_amcl_cpp_node-6] [INFO] [1788896286.808352427] [gpu_amcl_cpp]: Received LiDAR callback #1008 (1081 ranges).
[gpu_amcl_cpp_node-6] [INFO] [1788896286.860149436] [gpu_amcl_cpp]: AMCL odom delta: at_scan=(0.000, 0.000, 0.000) baseline=(0.000, 0.000, 0.000) delta=(0.000, 0.000, 0.000) moved=false scan_age=0.050s
[gpu_amcl_cpp_node-6] [INFO] [1788896287.909433074] [gpu_amcl_cpp]: AMCL odom delta: at_scan=(0.000, 0.000, 0.000) baseline=(0.000, 0.000, 0.000) delta=(0.000, 0.000, 0.000) moved=false scan_age=0.049s
[gpu_amcl_cpp_node-6] [INFO] [1788896288.961003922] [gpu_amcl_cpp]: AMCL odom delta: at_scan=(0.000, 0.000, 0.000) baseline=(0.000, 0.000, 0.000) delta=(0.000, 0.000, 0.000) moved=false scan_age=0.050s
[gpu_amcl_cpp_node-6] [INFO] [1788896290.008979348] [gpu_amcl_cpp]: AMCL odom delta: at_scan=(0.000, 0.000, 0.000) baseline=(0.000, 0.000, 0.000) delta=(0.000, 0.000, 0.000) moved=false scan_age=0.048s
[gpu_amcl_cpp_node-6] [INFO] [1788896291.059376475] [gpu_amcl_cpp]: AMCL odom delta: at_scan=(0.000, 0.000, 0.000) baseline=(0.000, 0.000, 0.000) delta=(0.000, 0.000, 0.000) moved=false scan_age=0.048s
[gpu_amcl_cpp_node-6] [INFO] [1788896291.808385374] [gpu_amcl_cpp]: Received LiDAR callback #1107 (1081 ranges).
[gpu_amcl_cpp_node-6] [INFO] [1788896292.060338865] [gpu_amcl_cpp]: AMCL odom delta: at_scan=(0.000, 0.000, 0.000) baseline=(0.000, 0.000, 0.000) delta=(0.000, 0.000, 0.000) moved=false scan_age=0.049s
[gpu_amcl_cpp_node-6] [INFO] [1788896293.108698869] [gpu_amcl_cpp]: AMCL odom delta: at_scan=(0.000, 0.000, 0.000) baseline=(0.000, 0.000, 0.000) delta=(0.000, 0.000, 0.000) moved=false scan_age=0.048s
[gpu_amcl_cpp_node-6] [INFO] [1788896294.109388923] [gpu_amcl_cpp]: AMCL odom delta: at_scan=(0.000, 0.000, 0.000) baseline=(0.000, 0.000, 0.000) delta=(0.000, 0.000, 0.000) moved=false scan_age=0.049s
[gpu_amcl_cpp_node-6] [INFO] [1788896295.158382496] [gpu_amcl_cpp]: AMCL odom delta: at_scan=(0.000, 0.000, 0.000) baseline=(0.000, 0.000, 0.000) delta=(0.000, 0.000, 0.000) moved=false scan_age=0.048s
[gpu_amcl_cpp_node-6] [INFO] [1788896296.209057068] [gpu_amcl_cpp]: AMCL odom delta: at_scan=(0.000, 0.000, 0.000) baseline=(0.000, 0.000, 0.000) delta=(0.000, 0.000, 0.000) moved=false scan_age=0.049s
[gpu_amcl_cpp_node-6] [INFO] [1788896296.809142458] [gpu_amcl_cpp]: Received LiDAR callback #1207 (1081 ranges).
[gpu_amcl_cpp_node-6] [INFO] [1788896297.258731588] [gpu_amcl_cpp]: AMCL odom delta: at_scan=(0.000, 0.000, 0.000) baseline=(0.000, 0.000, 0.000) delta=(0.000, 0.000, 0.000) moved=false scan_age=0.048s
[gpu_amcl_cpp_node-6] [INFO] [1788896298.309018688] [gpu_amcl_cpp]: AMCL odom delta: at_scan=(0.000, 0.000, 0.000) baseline=(0.000, 0.000, 0.000) delta=(0.000, 0.000, 0.000) moved=false scan_age=0.048s
[gpu_amcl_cpp_node-6] [WARN] [1788896299.241768879] [gpu_amcl_cpp]: Queued LiDAR scan until source-time odometry arrives (queued=1).
[gpu_amcl_cpp_node-6] [INFO] [1788896299.390666904] [gpu_amcl_cpp]: AMCL odom delta: at_scan=(0.000, 0.000, 0.000) baseline=(0.000, 0.000, 0.000) delta=(0.000, 0.000, 0.000) moved=false scan_age=0.080s
[gpu_amcl_cpp_node-6] [INFO] [1788896300.410433453] [gpu_amcl_cpp]: AMCL odom delta: at_scan=(0.000, 0.000, 0.000) baseline=(0.000, 0.000, 0.000) delta=(0.000, 0.000, 0.000) moved=false scan_age=0.050s
[gpu_amcl_cpp_node-6] [INFO] [1788896301.458364880] [gpu_amcl_cpp]: AMCL odom delta: at_scan=(0.000, 0.000, 0.000) baseline=(0.000, 0.000, 0.000) delta=(0.000, 0.000, 0.000) moved=false scan_age=0.047s
[gpu_amcl_cpp_node-6] [INFO] [1788896301.860254363] [gpu_amcl_cpp]: Received LiDAR callback #1308 (1081 ranges).
[gpu_amcl_cpp_node-6] [INFO] [1788896302.460014607] [gpu_amcl_cpp]: AMCL odom delta: at_scan=(0.000, 0.000, 0.000) baseline=(0.000, 0.000, 0.000) delta=(0.000, 0.000, 0.000) moved=false scan_age=0.049s
[gpu_amcl_cpp_node-6] [INFO] [1788896303.508074863] [gpu_amcl_cpp]: AMCL odom delta: at_scan=(0.000, 0.000, 0.000) baseline=(0.000, 0.000, 0.000) delta=(0.000, 0.000, 0.000) moved=false scan_age=0.047s
[gpu_amcl_cpp_node-6] [INFO] [1788896304.508125030] [gpu_amcl_cpp]: AMCL odom delta: at_scan=(0.000, 0.000, 0.000) baseline=(0.000, 0.000, 0.000) delta=(0.000, 0.000, 0.000) moved=false scan_age=0.047s
[gpu_amcl_cpp_node-6] [INFO] [1788896305.510779261] [gpu_amcl_cpp]: AMCL odom delta: at_scan=(0.000, 0.000, 0.000) baseline=(0.000, 0.000, 0.000) delta=(0.000, 0.000, 0.000) moved=false scan_age=0.050s
[gpu_amcl_cpp_node-6] [INFO] [1788896306.558644096] [gpu_amcl_cpp]: AMCL odom delta: at_scan=(0.000, 0.000, 0.000) baseline=(0.000, 0.000, 0.000) delta=(0.000, 0.000, 0.000) moved=false scan_age=0.047s
[gpu_amcl_cpp_node-6] [INFO] [1788896306.909716371] [gpu_amcl_cpp]: Received LiDAR callback #1409 (1081 ranges).
[gpu_amcl_cpp_node-6] [INFO] [1788896307.558686614] [gpu_amcl_cpp]: AMCL odom delta: at_scan=(0.000, 0.000, 0.000) baseline=(0.000, 0.000, 0.000) delta=(0.000, 0.000, 0.000) moved=false scan_age=0.047s
[gpu_amcl_cpp_node-6] [INFO] [1788896308.559252665] [gpu_amcl_cpp]: AMCL odom delta: at_scan=(0.000, 0.000, 0.000) baseline=(0.000, 0.000, 0.000) delta=(0.000, 0.000, 0.000) moved=false scan_age=0.048s
[gpu_amcl_cpp_node-6] [INFO] [1788896309.559584545] [gpu_amcl_cpp]: AMCL odom delta: at_scan=(0.000, 0.000, 0.000) baseline=(0.000, 0.000, 0.000) delta=(0.000, 0.000, 0.000) moved=false scan_age=0.049s
[gpu_amcl_cpp_node-6] [INFO] [1788896310.610472728] [gpu_amcl_cpp]: AMCL odom delta: at_scan=(0.000, 0.000, 0.000) baseline=(0.000, 0.000, 0.000) delta=(0.000, 0.000, 0.000) moved=false scan_age=0.049s
[gpu_amcl_cpp_node-6] [INFO] [1788896311.659670921] [gpu_amcl_cpp]: AMCL odom delta: at_scan=(0.000, 0.000, 0.000) baseline=(0.000, 0.000, 0.000) delta=(0.000, 0.000, 0.000) moved=false scan_age=0.049s
[gpu_amcl_cpp_node-6] [INFO] [1788896311.961082053] [gpu_amcl_cpp]: Received LiDAR callback #1510 (1081 ranges).
[gpu_amcl_cpp_node-6] [INFO] [1788896312.707972247] [gpu_amcl_cpp]: AMCL odom delta: at_scan=(0.000, 0.000, 0.000) baseline=(0.000, 0.000, 0.000) delta=(0.000, 0.000, 0.000) moved=false scan_age=0.047s
[gpu_amcl_cpp_node-6] [INFO] [1788896313.710938795] [gpu_amcl_cpp]: AMCL odom delta: at_scan=(0.000, 0.000, 0.000) baseline=(0.000, 0.000, 0.000) delta=(0.000, 0.000, 0.000) moved=false scan_age=0.050s
[gpu_amcl_cpp_node-6] [INFO] [1788896314.760754575] [gpu_amcl_cpp]: AMCL odom delta: at_scan=(0.000, 0.000, 0.000) baseline=(0.000, 0.000, 0.000) delta=(0.000, 0.000, 0.000) moved=false scan_age=0.050s
[gpu_amcl_cpp_node-6] [INFO] [1788896315.811773967] [gpu_amcl_cpp]: AMCL odom delta: at_scan=(0.000, 0.000, 0.000) baseline=(0.000, 0.000, 0.000) delta=(0.000, 0.000, 0.000) moved=false scan_age=0.051s
[gpu_amcl_cpp_node-6] [INFO] [1788896316.859754935] [gpu_amcl_cpp]: AMCL odom delta: at_scan=(0.000, 0.000, 0.000) baseline=(0.000, 0.000, 0.000) delta=(0.000, 0.000, 0.000) moved=false scan_age=0.049s
[gpu_amcl_cpp_node-6] [INFO] [1788896317.007220514] [gpu_amcl_cpp]: Received LiDAR callback #1610 (1081 ranges).
[gpu_amcl_cpp_node-6] [INFO] [1788896317.909720703] [gpu_amcl_cpp]: AMCL odom delta: at_scan=(0.000, 0.000, 0.000) baseline=(0.000, 0.000, 0.000) delta=(0.000, 0.000, 0.000) moved=false scan_age=0.048s
[gpu_amcl_cpp_node-6] [INFO] [1788896318.959543862] [gpu_amcl_cpp]: AMCL odom delta: at_scan=(0.000, 0.000, 0.000) baseline=(0.000, 0.000, 0.000) delta=(0.000, 0.000, 0.000) moved=false scan_age=0.049s
