[WARN] [1788896239.441391320] [ground_truth_amcl_monitor]: Ground-truth monitor is diagnostics-only; simulator IPS/odom are not controller inputs
[INFO] [1788896239.443471981] [ground_truth_amcl_monitor]: Ground-truth alignment initialized: map->world yaw=1.415, translation=(5.377, 5.137)
[INFO] [1788896239.444238903] [ground_truth_amcl_monitor]: AMCL vs GT: gt=(-2.666, 4.214) amcl=(-2.666, 4.214) error=0.000 m / 0.000 rad; current_map=(-2.666, 4.214, -2.986) error=0.000 m / 0.000 rad; odom=unavailable; ekf=unavailable; RMS=0.000 m / 0.000 rad max=0.000 m / 0.000 rad samples=1
[INFO] [1788896240.459020269] [ground_truth_amcl_monitor]: AMCL vs GT: gt=(-2.666, 4.214) amcl=(-2.666, 4.214) error=0.000 m / 0.000 rad; current_map=(-2.666, 4.214, -2.986) error=0.000 m / 0.000 rad; odom=unavailable; ekf=(-2.666, 4.214, -2.986) error=0.000 m / 0.000 rad; RMS=0.000 m / 0.000 rad max=0.000 m / 0.000 rad samples=40
[INFO] [1788896241.460134949] [ground_truth_amcl_monitor]: AMCL vs GT: gt=(-2.666, 4.214) amcl=(-2.666, 4.214) error=0.000 m / 0.000 rad; current_map=(-2.666, 4.214, -2.986) error=0.000 m / 0.000 rad; odom=unavailable; ekf=(-2.666, 4.214, -2.986) error=0.000 m / 0.000 rad; RMS=0.000 m / 0.000 rad max=0.000 m / 0.000 rad samples=80
[INFO] [1788896242.460684094] [ground_truth_amcl_monitor]: AMCL vs GT: gt=(-2.666, 4.213) amcl=(-2.666, 4.214) error=0.000 m / 0.000 rad; current_map=(-2.666, 4.214, -2.986) error=0.000 m / 0.000 rad; odom=unavailable; ekf=(-2.666, 4.214, -2.986) error=0.000 m / 0.000 rad; RMS=0.000 m / 0.000 rad max=0.000 m / 0.000 rad samples=120
[INFO] [1788896243.461617170] [ground_truth_amcl_monitor]: AMCL vs GT: gt=(-2.666, 4.213) amcl=(-2.666, 4.214) error=0.000 m / 0.000 rad; current_map=(-2.666, 4.214, -2.986) error=0.000 m / 0.000 rad; odom=unavailable; ekf=(-2.666, 4.214, -2.986) error=0.000 m / 0.000 rad; RMS=0.000 m / 0.000 rad max=0.000 m / 0.000 rad samples=161
[INFO] [1788896244.511037663] [ground_truth_amcl_monitor]: AMCL vs GT: gt=(-2.666, 4.213) amcl=(-2.666, 4.214) error=0.000 m / 0.000 rad; current_map=(-2.666, 4.214, -2.986) error=0.000 m / 0.000 rad; odom=unavailable; ekf=(-2.666, 4.214, -2.986) error=0.000 m / 0.000 rad; RMS=0.000 m / 0.000 rad max=0.000 m / 0.000 rad samples=202
[INFO] [1788896245.535552971] [ground_truth_amcl_monitor]: AMCL vs GT: gt=(-2.666, 4.213) amcl=(-2.666, 4.214) error=0.000 m / 0.000 rad; current_map=(-2.666, 4.214, -2.986) error=0.000 m / 0.000 rad; odom=unavailable; ekf=(-2.666, 4.214, -2.986) error=0.000 m / 0.000 rad; RMS=0.000 m / 0.000 rad max=0.000 m / 0.000 rad samples=242
[INFO] [1788896246.536047728] [ground_truth_amcl_monitor]: AMCL vs GT: gt=(-2.666, 4.213) amcl=(-2.666, 4.214) error=0.000 m / 0.000 rad; current_map=(-2.666, 4.214, -2.986) error=0.000 m / 0.000 rad; odom=unavailable; ekf=(-2.666, 4.214, -2.986) error=0.000 m / 0.000 rad; RMS=0.000 m / 0.000 rad max=0.000 m / 0.000 rad samples=283
[INFO] [1788896247.584138947] [ground_truth_amcl_monitor]: AMCL vs GT: gt=(-2.666, 4.213) amcl=(-2.666, 4.214) error=0.000 m / 0.000 rad; current_map=(-2.666, 4.214, -2.986) error=0.000 m / 0.000 rad; odom=unavailable; ekf=(-2.666, 4.214, -2.986) error=0.000 m / 0.000 rad; RMS=0.000 m / 0.000 rad max=0.000 m / 0.000 rad samples=324
[INFO] [1788896248.587417384] [ground_truth_amcl_monitor]: AMCL vs GT: gt=(-2.666, 4.213) amcl=(-2.666, 4.214) error=0.000 m / 0.000 rad; current_map=(-2.666, 4.214, -2.986) error=0.000 m / 0.000 rad; odom=unavailable; ekf=(-2.666, 4.214, -2.986) error=0.000 m / 0.000 rad; RMS=0.000 m / 0.000 rad max=0.000 m / 0.000 rad samples=364
[INFO] [1788896249.635317460] [ground_truth_amcl_monitor]: AMCL vs GT: gt=(-2.666, 4.213) amcl=(-2.666, 4.214) error=0.000 m / 0.000 rad; current_map=(-2.666, 4.214, -2.986) error=0.000 m / 0.000 rad; odom=unavailable; ekf=(-2.666, 4.214, -2.986) error=0.000 m / 0.000 rad; RMS=0.000 m / 0.000 rad max=0.000 m / 0.000 rad samples=406
[INFO] [1788896250.635726109] [ground_truth_amcl_monitor]: AMCL vs GT: gt=(-2.666, 4.213) amcl=(-2.666, 4.214) error=0.000 m / 0.000 rad; current_map=(-2.666, 4.214, -2.986) error=0.000 m / 0.000 rad; odom=unavailable; ekf=(-2.666, 4.214, -2.986) error=0.000 m / 0.000 rad; RMS=0.000 m / 0.000 rad max=0.000 m / 0.000 rad samples=446
[INFO] [1788896251.636005102] [ground_truth_amcl_monitor]: AMCL vs GT: gt=(-2.666, 4.213) amcl=(-2.666, 4.214) error=0.000 m / 0.000 rad; current_map=(-2.666, 4.214, -2.986) error=0.000 m / 0.000 rad; odom=unavailable; ekf=(-2.666, 4.214, -2.986) error=0.000 m / 0.000 rad; RMS=0.000 m / 0.000 rad max=0.000 m / 0.000 rad samples=486
[INFO] [1788896252.684363255] [ground_truth_amcl_monitor]: AMCL vs GT: gt=(-2.666, 4.213) amcl=(-2.666, 4.214) error=0.000 m / 0.000 rad; current_map=(-2.666, 4.214, -2.986) error=0.000 m / 0.000 rad; odom=unavailable; ekf=(-2.666, 4.214, -2.986) error=0.000 m / 0.000 rad; RMS=0.000 m / 0.000 rad max=0.000 m / 0.000 rad samples=528
[INFO] [1788896253.685765036] [ground_truth_amcl_monitor]: AMCL vs GT: gt=(-2.666, 4.213) amcl=(-2.666, 4.214) error=0.001 m / 0.000 rad; current_map=(-2.666, 4.214, -2.986) error=0.001 m / 0.000 rad; odom=unavailable; ekf=(-2.666, 4.214, -2.986) error=0.001 m / 0.000 rad; RMS=0.000 m / 0.000 rad max=0.001 m / 0.000 rad samples=568
[INFO] [1788896254.686060916] [ground_truth_amcl_monitor]: AMCL vs GT: gt=(-2.666, 4.213) amcl=(-2.666, 4.214) error=0.001 m / 0.000 rad; current_map=(-2.666, 4.214, -2.986) error=0.001 m / 0.000 rad; odom=unavailable; ekf=(-2.666, 4.214, -2.986) error=0.001 m / 0.000 rad; RMS=0.000 m / 0.000 rad max=0.001 m / 0.000 rad samples=609
[INFO] [1788896255.686107827] [ground_truth_amcl_monitor]: AMCL vs GT: gt=(-2.666, 4.213) amcl=(-2.666, 4.214) error=0.001 m / 0.000 rad; current_map=(-2.666, 4.214, -2.986) error=0.001 m / 0.000 rad; odom=unavailable; ekf=(-2.666, 4.214, -2.986) error=0.001 m / 0.000 rad; RMS=0.000 m / 0.000 rad max=0.001 m / 0.000 rad samples=648
[INFO] [1788896256.734375764] [ground_truth_amcl_monitor]: AMCL vs GT: gt=(-2.665, 4.213) amcl=(-2.666, 4.214) error=0.001 m / 0.000 rad; current_map=(-2.666, 4.214, -2.986) error=0.001 m / 0.000 rad; odom=unavailable; ekf=(-2.666, 4.214, -2.986) error=0.001 m / 0.000 rad; RMS=0.000 m / 0.000 rad max=0.001 m / 0.000 rad samples=690
[INFO] [1788896257.734458459] [ground_truth_amcl_monitor]: AMCL vs GT: gt=(-2.665, 4.213) amcl=(-2.666, 4.214) error=0.001 m / 0.000 rad; current_map=(-2.666, 4.214, -2.986) error=0.001 m / 0.000 rad; odom=unavailable; ekf=(-2.666, 4.214, -2.986) error=0.001 m / 0.000 rad; RMS=0.000 m / 0.000 rad max=0.001 m / 0.000 rad samples=730
[INFO] [1788896258.734596206] [ground_truth_amcl_monitor]: AMCL vs GT: gt=(-2.665, 4.213) amcl=(-2.666, 4.214) error=0.001 m / 0.000 rad; current_map=(-2.666, 4.214, -2.986) error=0.001 m / 0.000 rad; odom=unavailable; ekf=(-2.666, 4.214, -2.986) error=0.001 m / 0.000 rad; RMS=0.000 m / 0.000 rad max=0.001 m / 0.000 rad samples=770
[INFO] [1788896259.734621309] [ground_truth_amcl_monitor]: AMCL vs GT: gt=(-2.665, 4.213) amcl=(-2.666, 4.214) error=0.001 m / 0.000 rad; current_map=(-2.666, 4.214, -2.986) error=0.001 m / 0.000 rad; odom=unavailable; ekf=(-2.666, 4.214, -2.986) error=0.001 m / 0.000 rad; RMS=0.000 m / 0.000 rad max=0.001 m / 0.000 rad samples=811
[INFO] [1788896260.736423432] [ground_truth_amcl_monitor]: AMCL vs GT: gt=(-2.665, 4.213) amcl=(-2.666, 4.214) error=0.001 m / 0.000 rad; current_map=(-2.666, 4.214, -2.986) error=0.001 m / 0.000 rad; odom=unavailable; ekf=(-2.666, 4.214, -2.986) error=0.001 m / 0.000 rad; RMS=0.000 m / 0.000 rad max=0.001 m / 0.000 rad samples=850
[INFO] [1788896261.774814953] [ground_truth_amcl_monitor]: AMCL vs GT: gt=(-2.665, 4.213) amcl=(-2.666, 4.214) error=0.001 m / 0.000 rad; current_map=(-2.666, 4.214, -2.986) error=0.001 m / 0.000 rad; odom=unavailable; ekf=(-2.666, 4.214, -2.986) error=0.001 m / 0.000 rad; RMS=0.000 m / 0.000 rad max=0.001 m / 0.000 rad samples=890
[INFO] [1788896262.783824444] [ground_truth_amcl_monitor]: AMCL vs GT: gt=(-2.665, 4.213) amcl=(-2.666, 4.214) error=0.001 m / 0.000 rad; current_map=(-2.666, 4.214, -2.986) error=0.001 m / 0.000 rad; odom=unavailable; ekf=(-2.666, 4.214, -2.986) error=0.001 m / 0.000 rad; RMS=0.000 m / 0.000 rad max=0.001 m / 0.000 rad samples=930
[INFO] [1788896263.785243883] [ground_truth_amcl_monitor]: AMCL vs GT: gt=(-2.665, 4.213) amcl=(-2.666, 4.214) error=0.001 m / 0.000 rad; current_map=(-2.666, 4.214, -2.986) error=0.001 m / 0.000 rad; odom=unavailable; ekf=(-2.666, 4.214, -2.986) error=0.001 m / 0.000 rad; RMS=0.000 m / 0.000 rad max=0.001 m / 0.000 rad samples=970
[INFO] [1788896264.785740736] [ground_truth_amcl_monitor]: AMCL vs GT: gt=(-2.665, 4.213) amcl=(-2.666, 4.214) error=0.001 m / 0.000 rad; current_map=(-2.666, 4.214, -2.986) error=0.001 m / 0.000 rad; odom=unavailable; ekf=(-2.666, 4.214, -2.986) error=0.001 m / 0.000 rad; RMS=0.001 m / 0.000 rad max=0.001 m / 0.000 rad samples=1011
[INFO] [1788896265.786034917] [ground_truth_amcl_monitor]: AMCL vs GT: gt=(-2.665, 4.213) amcl=(-2.666, 4.214) error=0.001 m / 0.000 rad; current_map=(-2.666, 4.214, -2.986) error=0.001 m / 0.000 rad; odom=unavailable; ekf=(-2.666, 4.214, -2.986) error=0.001 m / 0.000 rad; RMS=0.001 m / 0.000 rad max=0.001 m / 0.000 rad samples=1051
[INFO] [1788896266.835855697] [ground_truth_amcl_monitor]: AMCL vs GT: gt=(-2.665, 4.213) amcl=(-2.666, 4.214) error=0.001 m / 0.000 rad; current_map=(-2.666, 4.214, -2.986) error=0.001 m / 0.000 rad; odom=unavailable; ekf=(-2.666, 4.214, -2.986) error=0.001 m / 0.000 rad; RMS=0.001 m / 0.000 rad max=0.001 m / 0.000 rad samples=1092
[INFO] [1788896267.884184641] [ground_truth_amcl_monitor]: AMCL vs GT: gt=(-2.665, 4.213) amcl=(-2.666, 4.214) error=0.001 m / 0.000 rad; current_map=(-2.666, 4.214, -2.986) error=0.001 m / 0.000 rad; odom=unavailable; ekf=(-2.666, 4.214, -2.986) error=0.001 m / 0.000 rad; RMS=0.001 m / 0.000 rad max=0.001 m / 0.000 rad samples=1134
[INFO] [1788896268.885108732] [ground_truth_amcl_monitor]: AMCL vs GT: gt=(-2.665, 4.212) amcl=(-2.666, 4.214) error=0.001 m / 0.000 rad; current_map=(-2.666, 4.214, -2.986) error=0.001 m / 0.000 rad; odom=unavailable; ekf=(-2.666, 4.214, -2.986) error=0.001 m / 0.000 rad; RMS=0.001 m / 0.000 rad max=0.001 m / 0.000 rad samples=1174
[INFO] [1788896269.885323767] [ground_truth_amcl_monitor]: AMCL vs GT: gt=(-2.665, 4.212) amcl=(-2.666, 4.214) error=0.001 m / 0.000 rad; current_map=(-2.666, 4.214, -2.986) error=0.001 m / 0.000 rad; odom=unavailable; ekf=(-2.666, 4.214, -2.986) error=0.001 m / 0.000 rad; RMS=0.001 m / 0.000 rad max=0.001 m / 0.000 rad samples=1215
[INFO] [1788896270.935797900] [ground_truth_amcl_monitor]: AMCL vs GT: gt=(-2.665, 4.212) amcl=(-2.666, 4.214) error=0.001 m / 0.000 rad; current_map=(-2.666, 4.214, -2.986) error=0.001 m / 0.000 rad; odom=unavailable; ekf=(-2.666, 4.214, -2.986) error=0.001 m / 0.000 rad; RMS=0.001 m / 0.000 rad max=0.001 m / 0.000 rad samples=1256
[INFO] [1788896271.936816614] [ground_truth_amcl_monitor]: AMCL vs GT: gt=(-2.665, 4.212) amcl=(-2.666, 4.214) error=0.001 m / 0.000 rad; current_map=(-2.666, 4.214, -2.986) error=0.001 m / 0.000 rad; odom=unavailable; ekf=(-2.666, 4.214, -2.986) error=0.001 m / 0.000 rad; RMS=0.001 m / 0.000 rad max=0.001 m / 0.000 rad samples=1297
[INFO] [1788896272.985178943] [ground_truth_amcl_monitor]: AMCL vs GT: gt=(-2.665, 4.212) amcl=(-2.666, 4.214) error=0.001 m / 0.000 rad; current_map=(-2.666, 4.214, -2.986) error=0.001 m / 0.000 rad; odom=unavailable; ekf=(-2.666, 4.214, -2.986) error=0.001 m / 0.000 rad; RMS=0.001 m / 0.000 rad max=0.001 m / 0.000 rad samples=1338
[INFO] [1788896273.985761884] [ground_truth_amcl_monitor]: AMCL vs GT: gt=(-2.665, 4.212) amcl=(-2.666, 4.214) error=0.001 m / 0.000 rad; current_map=(-2.666, 4.214, -2.986) error=0.001 m / 0.000 rad; odom=unavailable; ekf=(-2.666, 4.214, -2.986) error=0.001 m / 0.000 rad; RMS=0.001 m / 0.000 rad max=0.001 m / 0.000 rad samples=1379
[INFO] [1788896274.989286735] [ground_truth_amcl_monitor]: AMCL vs GT: gt=(-2.665, 4.212) amcl=(-2.666, 4.214) error=0.001 m / 0.000 rad; current_map=(-2.666, 4.214, -2.986) error=0.001 m / 0.000 rad; odom=unavailable; ekf=(-2.666, 4.214, -2.986) error=0.001 m / 0.000 rad; RMS=0.001 m / 0.000 rad max=0.001 m / 0.000 rad samples=1418
[INFO] [1788896276.010469893] [ground_truth_amcl_monitor]: AMCL vs GT: gt=(-2.665, 4.212) amcl=(-2.666, 4.214) error=0.001 m / 0.000 rad; current_map=(-2.666, 4.214, -2.986) error=0.001 m / 0.000 rad; odom=unavailable; ekf=(-2.666, 4.214, -2.986) error=0.001 m / 0.000 rad; RMS=0.001 m / 0.000 rad max=0.001 m / 0.000 rad samples=1458
[INFO] [1788896277.010485353] [ground_truth_amcl_monitor]: AMCL vs GT: gt=(-2.665, 4.212) amcl=(-2.666, 4.214) error=0.001 m / 0.000 rad; current_map=(-2.666, 4.214, -2.986) error=0.001 m / 0.000 rad; odom=unavailable; ekf=(-2.666, 4.214, -2.986) error=0.001 m / 0.000 rad; RMS=0.001 m / 0.000 rad max=0.001 m / 0.000 rad samples=1499
[INFO] [1788896278.059135896] [ground_truth_amcl_monitor]: AMCL vs GT: gt=(-2.665, 4.212) amcl=(-2.666, 4.214) error=0.001 m / 0.000 rad; current_map=(-2.666, 4.214, -2.986) error=0.001 m / 0.000 rad; odom=unavailable; ekf=(-2.666, 4.214, -2.986) error=0.001 m / 0.000 rad; RMS=0.001 m / 0.000 rad max=0.001 m / 0.000 rad samples=1540
[INFO] [1788896279.059481214] [ground_truth_amcl_monitor]: AMCL vs GT: gt=(-2.665, 4.212) amcl=(-2.666, 4.214) error=0.001 m / 0.000 rad; current_map=(-2.666, 4.214, -2.986) error=0.001 m / 0.000 rad; odom=unavailable; ekf=(-2.666, 4.214, -2.986) error=0.001 m / 0.000 rad; RMS=0.001 m / 0.000 rad max=0.001 m / 0.000 rad samples=1581
[INFO] [1788896280.059638256] [ground_truth_amcl_monitor]: AMCL vs GT: gt=(-2.665, 4.212) amcl=(-2.666, 4.214) error=0.001 m / 0.000 rad; current_map=(-2.666, 4.214, -2.986) error=0.001 m / 0.000 rad; odom=unavailable; ekf=(-2.666, 4.214, -2.986) error=0.001 m / 0.000 rad; RMS=0.001 m / 0.000 rad max=0.001 m / 0.000 rad samples=1620
[INFO] [1788896281.059828449] [ground_truth_amcl_monitor]: AMCL vs GT: gt=(-2.665, 4.212) amcl=(-2.666, 4.214) error=0.002 m / 0.000 rad; current_map=(-2.666, 4.214, -2.986) error=0.002 m / 0.000 rad; odom=unavailable; ekf=(-2.666, 4.214, -2.986) error=0.002 m / 0.000 rad; RMS=0.001 m / 0.000 rad max=0.002 m / 0.000 rad samples=1661
[INFO] [1788896282.060603710] [ground_truth_amcl_monitor]: AMCL vs GT: gt=(-2.665, 4.212) amcl=(-2.666, 4.214) error=0.002 m / 0.000 rad; current_map=(-2.666, 4.214, -2.986) error=0.002 m / 0.000 rad; odom=unavailable; ekf=(-2.666, 4.214, -2.986) error=0.002 m / 0.000 rad; RMS=0.001 m / 0.000 rad max=0.002 m / 0.000 rad samples=1701
[INFO] [1788896283.060783531] [ground_truth_amcl_monitor]: AMCL vs GT: gt=(-2.665, 4.212) amcl=(-2.666, 4.214) error=0.002 m / 0.000 rad; current_map=(-2.666, 4.214, -2.986) error=0.002 m / 0.000 rad; odom=unavailable; ekf=(-2.666, 4.214, -2.986) error=0.002 m / 0.000 rad; RMS=0.001 m / 0.000 rad max=0.002 m / 0.000 rad samples=1740
[INFO] [1788896284.060794733] [ground_truth_amcl_monitor]: AMCL vs GT: gt=(-2.665, 4.212) amcl=(-2.666, 4.214) error=0.002 m / 0.000 rad; current_map=(-2.666, 4.214, -2.986) error=0.002 m / 0.000 rad; odom=unavailable; ekf=(-2.666, 4.214, -2.986) error=0.002 m / 0.000 rad; RMS=0.001 m / 0.000 rad max=0.002 m / 0.000 rad samples=1781
[INFO] [1788896285.109197831] [ground_truth_amcl_monitor]: AMCL vs GT: gt=(-2.665, 4.212) amcl=(-2.666, 4.214) error=0.002 m / 0.000 rad; current_map=(-2.666, 4.214, -2.986) error=0.002 m / 0.000 rad; odom=unavailable; ekf=(-2.666, 4.214, -2.986) error=0.002 m / 0.000 rad; RMS=0.001 m / 0.000 rad max=0.002 m / 0.000 rad samples=1822
[INFO] [1788896286.109594825] [ground_truth_amcl_monitor]: AMCL vs GT: gt=(-2.665, 4.212) amcl=(-2.666, 4.214) error=0.002 m / 0.000 rad; current_map=(-2.666, 4.214, -2.986) error=0.002 m / 0.000 rad; odom=unavailable; ekf=(-2.666, 4.214, -2.986) error=0.002 m / 0.000 rad; RMS=0.001 m / 0.000 rad max=0.002 m / 0.000 rad samples=1862
[INFO] [1788896287.109614429] [ground_truth_amcl_monitor]: AMCL vs GT: gt=(-2.665, 4.212) amcl=(-2.666, 4.214) error=0.002 m / 0.000 rad; current_map=(-2.666, 4.214, -2.986) error=0.002 m / 0.000 rad; odom=unavailable; ekf=(-2.666, 4.214, -2.986) error=0.002 m / 0.000 rad; RMS=0.001 m / 0.000 rad max=0.002 m / 0.000 rad samples=1900
[INFO] [1788896288.110145202] [ground_truth_amcl_monitor]: AMCL vs GT: gt=(-2.665, 4.212) amcl=(-2.666, 4.214) error=0.002 m / 0.000 rad; current_map=(-2.666, 4.214, -2.986) error=0.002 m / 0.000 rad; odom=unavailable; ekf=(-2.666, 4.214, -2.986) error=0.002 m / 0.000 rad; RMS=0.001 m / 0.000 rad max=0.002 m / 0.000 rad samples=1941
[INFO] [1788896289.112240555] [ground_truth_amcl_monitor]: AMCL vs GT: gt=(-2.665, 4.212) amcl=(-2.666, 4.214) error=0.002 m / 0.000 rad; current_map=(-2.666, 4.214, -2.986) error=0.002 m / 0.000 rad; odom=unavailable; ekf=(-2.666, 4.214, -2.986) error=0.002 m / 0.000 rad; RMS=0.001 m / 0.000 rad max=0.002 m / 0.000 rad samples=1980
[INFO] [1788896290.160392303] [ground_truth_amcl_monitor]: AMCL vs GT: gt=(-2.665, 4.212) amcl=(-2.666, 4.214) error=0.002 m / 0.000 rad; current_map=(-2.666, 4.214, -2.986) error=0.002 m / 0.000 rad; odom=unavailable; ekf=(-2.666, 4.214, -2.986) error=0.002 m / 0.000 rad; RMS=0.001 m / 0.000 rad max=0.002 m / 0.000 rad samples=2022
[INFO] [1788896291.210502481] [ground_truth_amcl_monitor]: AMCL vs GT: gt=(-2.665, 4.212) amcl=(-2.666, 4.214) error=0.002 m / 0.000 rad; current_map=(-2.666, 4.214, -2.986) error=0.002 m / 0.000 rad; odom=unavailable; ekf=(-2.666, 4.214, -2.986) error=0.002 m / 0.000 rad; RMS=0.001 m / 0.000 rad max=0.002 m / 0.000 rad samples=2064
[INFO] [1788896292.211052324] [ground_truth_amcl_monitor]: AMCL vs GT: gt=(-2.665, 4.212) amcl=(-2.666, 4.214) error=0.002 m / 0.000 rad; current_map=(-2.666, 4.214, -2.986) error=0.002 m / 0.000 rad; odom=unavailable; ekf=(-2.666, 4.214, -2.986) error=0.002 m / 0.000 rad; RMS=0.001 m / 0.000 rad max=0.002 m / 0.000 rad samples=2105
[INFO] [1788896293.211443678] [ground_truth_amcl_monitor]: AMCL vs GT: gt=(-2.665, 4.212) amcl=(-2.666, 4.214) error=0.002 m / 0.000 rad; current_map=(-2.666, 4.214, -2.986) error=0.002 m / 0.000 rad; odom=unavailable; ekf=(-2.666, 4.214, -2.986) error=0.002 m / 0.000 rad; RMS=0.001 m / 0.000 rad max=0.002 m / 0.000 rad samples=2145
[INFO] [1788896294.258742155] [ground_truth_amcl_monitor]: AMCL vs GT: gt=(-2.665, 4.212) amcl=(-2.666, 4.214) error=0.002 m / 0.000 rad; current_map=(-2.666, 4.214, -2.986) error=0.002 m / 0.000 rad; odom=unavailable; ekf=(-2.666, 4.214, -2.986) error=0.002 m / 0.000 rad; RMS=0.001 m / 0.000 rad max=0.002 m / 0.000 rad samples=2186
[INFO] [1788896295.259088322] [ground_truth_amcl_monitor]: AMCL vs GT: gt=(-2.665, 4.212) amcl=(-2.666, 4.214) error=0.002 m / 0.000 rad; current_map=(-2.666, 4.214, -2.986) error=0.002 m / 0.000 rad; odom=unavailable; ekf=(-2.666, 4.214, -2.986) error=0.002 m / 0.000 rad; RMS=0.001 m / 0.000 rad max=0.002 m / 0.000 rad samples=2226
[INFO] [1788896296.259550394] [ground_truth_amcl_monitor]: AMCL vs GT: gt=(-2.665, 4.212) amcl=(-2.666, 4.214) error=0.002 m / 0.000 rad; current_map=(-2.666, 4.214, -2.986) error=0.002 m / 0.000 rad; odom=unavailable; ekf=(-2.666, 4.214, -2.986) error=0.002 m / 0.000 rad; RMS=0.001 m / 0.000 rad max=0.002 m / 0.000 rad samples=2266
[INFO] [1788896297.260520290] [ground_truth_amcl_monitor]: AMCL vs GT: gt=(-2.665, 4.211) amcl=(-2.666, 4.214) error=0.002 m / 0.000 rad; current_map=(-2.666, 4.214, -2.986) error=0.002 m / 0.000 rad; odom=unavailable; ekf=(-2.666, 4.214, -2.986) error=0.002 m / 0.000 rad; RMS=0.001 m / 0.000 rad max=0.002 m / 0.000 rad samples=2307
[INFO] [1788896298.309743300] [ground_truth_amcl_monitor]: AMCL vs GT: gt=(-2.665, 4.211) amcl=(-2.666, 4.214) error=0.002 m / 0.000 rad; current_map=(-2.666, 4.214, -2.986) error=0.002 m / 0.000 rad; odom=unavailable; ekf=(-2.666, 4.214, -2.986) error=0.002 m / 0.000 rad; RMS=0.001 m / 0.000 rad max=0.002 m / 0.000 rad samples=2348
[INFO] [1788896299.392481516] [ground_truth_amcl_monitor]: AMCL vs GT: gt=(-2.665, 4.211) amcl=(-2.666, 4.214) error=0.002 m / 0.000 rad; current_map=(-2.666, 4.214, -2.986) error=0.002 m / 0.000 rad; odom=unavailable; ekf=(-2.666, 4.214, -2.986) error=0.002 m / 0.000 rad; RMS=0.001 m / 0.000 rad max=0.002 m / 0.000 rad samples=2388
[INFO] [1788896300.410779985] [ground_truth_amcl_monitor]: AMCL vs GT: gt=(-2.665, 4.211) amcl=(-2.666, 4.214) error=0.002 m / 0.000 rad; current_map=(-2.666, 4.214, -2.986) error=0.002 m / 0.000 rad; odom=unavailable; ekf=(-2.666, 4.214, -2.986) error=0.002 m / 0.000 rad; RMS=0.001 m / 0.000 rad max=0.002 m / 0.000 rad samples=2428
[INFO] [1788896301.458855512] [ground_truth_amcl_monitor]: AMCL vs GT: gt=(-2.665, 4.211) amcl=(-2.666, 4.214) error=0.002 m / 0.000 rad; current_map=(-2.666, 4.214, -2.986) error=0.002 m / 0.000 rad; odom=unavailable; ekf=(-2.666, 4.214, -2.986) error=0.002 m / 0.000 rad; RMS=0.001 m / 0.000 rad max=0.002 m / 0.000 rad samples=2470
[INFO] [1788896302.460839097] [ground_truth_amcl_monitor]: AMCL vs GT: gt=(-2.665, 4.211) amcl=(-2.666, 4.214) error=0.002 m / 0.000 rad; current_map=(-2.666, 4.214, -2.986) error=0.002 m / 0.000 rad; odom=unavailable; ekf=(-2.666, 4.214, -2.986) error=0.002 m / 0.000 rad; RMS=0.001 m / 0.000 rad max=0.002 m / 0.000 rad samples=2510
[INFO] [1788896303.508803473] [ground_truth_amcl_monitor]: AMCL vs GT: gt=(-2.665, 4.211) amcl=(-2.666, 4.214) error=0.002 m / 0.000 rad; current_map=(-2.666, 4.214, -2.986) error=0.002 m / 0.000 rad; odom=unavailable; ekf=(-2.666, 4.214, -2.986) error=0.002 m / 0.000 rad; RMS=0.001 m / 0.000 rad max=0.002 m / 0.000 rad samples=2552
[INFO] [1788896304.508839363] [ground_truth_amcl_monitor]: AMCL vs GT: gt=(-2.665, 4.211) amcl=(-2.666, 4.214) error=0.002 m / 0.000 rad; current_map=(-2.666, 4.214, -2.986) error=0.002 m / 0.000 rad; odom=unavailable; ekf=(-2.666, 4.214, -2.986) error=0.002 m / 0.000 rad; RMS=0.001 m / 0.000 rad max=0.002 m / 0.000 rad samples=2592
[INFO] [1788896305.511718287] [ground_truth_amcl_monitor]: AMCL vs GT: gt=(-2.665, 4.211) amcl=(-2.666, 4.214) error=0.002 m / 0.000 rad; current_map=(-2.666, 4.214, -2.986) error=0.002 m / 0.000 rad; odom=unavailable; ekf=(-2.666, 4.214, -2.986) error=0.002 m / 0.000 rad; RMS=0.001 m / 0.000 rad max=0.002 m / 0.000 rad samples=2632
[INFO] [1788896306.558992140] [ground_truth_amcl_monitor]: AMCL vs GT: gt=(-2.665, 4.211) amcl=(-2.666, 4.214) error=0.002 m / 0.000 rad; current_map=(-2.666, 4.214, -2.986) error=0.002 m / 0.000 rad; odom=unavailable; ekf=(-2.666, 4.214, -2.986) error=0.002 m / 0.000 rad; RMS=0.001 m / 0.000 rad max=0.002 m / 0.000 rad samples=2674
[INFO] [1788896307.559230136] [ground_truth_amcl_monitor]: AMCL vs GT: gt=(-2.665, 4.211) amcl=(-2.666, 4.214) error=0.002 m / 0.000 rad; current_map=(-2.666, 4.214, -2.986) error=0.002 m / 0.000 rad; odom=unavailable; ekf=(-2.666, 4.214, -2.986) error=0.002 m / 0.000 rad; RMS=0.001 m / 0.000 rad max=0.002 m / 0.000 rad samples=2714
[INFO] [1788896308.560650082] [ground_truth_amcl_monitor]: AMCL vs GT: gt=(-2.665, 4.211) amcl=(-2.666, 4.214) error=0.003 m / 0.000 rad; current_map=(-2.666, 4.214, -2.986) error=0.003 m / 0.000 rad; odom=unavailable; ekf=(-2.666, 4.214, -2.986) error=0.003 m / 0.000 rad; RMS=0.001 m / 0.000 rad max=0.003 m / 0.000 rad samples=2754
[INFO] [1788896309.560809227] [ground_truth_amcl_monitor]: AMCL vs GT: gt=(-2.665, 4.211) amcl=(-2.666, 4.214) error=0.003 m / 0.000 rad; current_map=(-2.666, 4.214, -2.986) error=0.003 m / 0.000 rad; odom=unavailable; ekf=(-2.666, 4.214, -2.986) error=0.003 m / 0.000 rad; RMS=0.001 m / 0.000 rad max=0.003 m / 0.000 rad samples=2795
[INFO] [1788896310.610617009] [ground_truth_amcl_monitor]: AMCL vs GT: gt=(-2.665, 4.211) amcl=(-2.666, 4.214) error=0.003 m / 0.000 rad; current_map=(-2.666, 4.214, -2.986) error=0.003 m / 0.000 rad; odom=unavailable; ekf=(-2.666, 4.214, -2.986) error=0.003 m / 0.000 rad; RMS=0.001 m / 0.000 rad max=0.003 m / 0.000 rad samples=2836
[INFO] [1788896311.610942824] [ground_truth_amcl_monitor]: AMCL vs GT: gt=(-2.665, 4.211) amcl=(-2.666, 4.214) error=0.003 m / 0.000 rad; current_map=(-2.666, 4.214, -2.986) error=0.003 m / 0.000 rad; odom=unavailable; ekf=(-2.666, 4.214, -2.986) error=0.003 m / 0.000 rad; RMS=0.001 m / 0.000 rad max=0.003 m / 0.000 rad samples=2877
[INFO] [1788896312.660201100] [ground_truth_amcl_monitor]: AMCL vs GT: gt=(-2.665, 4.211) amcl=(-2.666, 4.214) error=0.003 m / 0.000 rad; current_map=(-2.666, 4.214, -2.986) error=0.003 m / 0.000 rad; odom=unavailable; ekf=(-2.666, 4.214, -2.986) error=0.003 m / 0.000 rad; RMS=0.002 m / 0.000 rad max=0.003 m / 0.000 rad samples=2916
[INFO] [1788896313.660836635] [ground_truth_amcl_monitor]: AMCL vs GT: gt=(-2.665, 4.211) amcl=(-2.666, 4.214) error=0.003 m / 0.000 rad; current_map=(-2.666, 4.214, -2.986) error=0.003 m / 0.000 rad; odom=unavailable; ekf=(-2.666, 4.214, -2.986) error=0.003 m / 0.000 rad; RMS=0.002 m / 0.000 rad max=0.003 m / 0.000 rad samples=2957
[INFO] [1788896314.661393280] [ground_truth_amcl_monitor]: AMCL vs GT: gt=(-2.665, 4.211) amcl=(-2.666, 4.214) error=0.003 m / 0.000 rad; current_map=(-2.666, 4.214, -2.986) error=0.003 m / 0.000 rad; odom=unavailable; ekf=(-2.666, 4.214, -2.986) error=0.003 m / 0.000 rad; RMS=0.002 m / 0.000 rad max=0.003 m / 0.000 rad samples=2996
[INFO] [1788896315.711104462] [ground_truth_amcl_monitor]: AMCL vs GT: gt=(-2.665, 4.211) amcl=(-2.666, 4.214) error=0.003 m / 0.000 rad; current_map=(-2.666, 4.214, -2.986) error=0.003 m / 0.000 rad; odom=unavailable; ekf=(-2.666, 4.214, -2.986) error=0.003 m / 0.000 rad; RMS=0.002 m / 0.000 rad max=0.003 m / 0.000 rad samples=3038
[INFO] [1788896316.711185541] [ground_truth_amcl_monitor]: AMCL vs GT: gt=(-2.665, 4.211) amcl=(-2.666, 4.214) error=0.003 m / 0.000 rad; current_map=(-2.666, 4.214, -2.986) error=0.003 m / 0.000 rad; odom=unavailable; ekf=(-2.666, 4.214, -2.986) error=0.003 m / 0.000 rad; RMS=0.002 m / 0.000 rad max=0.003 m / 0.000 rad samples=3079
[INFO] [1788896317.760104962] [ground_truth_amcl_monitor]: AMCL vs GT: gt=(-2.665, 4.211) amcl=(-2.666, 4.214) error=0.003 m / 0.000 rad; current_map=(-2.666, 4.214, -2.986) error=0.003 m / 0.000 rad; odom=unavailable; ekf=(-2.666, 4.214, -2.986) error=0.003 m / 0.000 rad; RMS=0.002 m / 0.000 rad max=0.003 m / 0.000 rad samples=3120
[INFO] [1788896318.760940416] [ground_truth_amcl_monitor]: AMCL vs GT: gt=(-2.665, 4.211) amcl=(-2.666, 4.214) error=0.003 m / 0.000 rad; current_map=(-2.666, 4.214, -2.986) error=0.003 m / 0.000 rad; odom=unavailable; ekf=(-2.666, 4.214, -2.986) error=0.003 m / 0.000 rad; RMS=0.002 m / 0.000 rad max=0.003 m / 0.000 rad samples=3161
Traceback (most recent call last):
  File "/workspace/install/lib/sdu_apex_autodrive/ground_truth_amcl_monitor", line 33, in <module>
    sys.exit(load_entry_point('sdu-apex-autodrive==0.3.0', 'console_scripts', 'ground_truth_amcl_monitor')())
  File "/workspace/install/lib/python3.10/site-packages/sdu_apex_autodrive/ground_truth_amcl_monitor.py", line 474, in main
    rclpy.spin(node)
  File "/opt/ros/humble/local/lib/python3.10/dist-packages/rclpy/__init__.py", line 229, in spin
    executor.spin_once()
  File "/opt/ros/humble/local/lib/python3.10/dist-packages/rclpy/executors.py", line 808, in spin_once
    self._spin_once_impl(timeout_sec)
  File "/opt/ros/humble/local/lib/python3.10/dist-packages/rclpy/executors.py", line 797, in _spin_once_impl
    handler, entity, node = self.wait_for_ready_callbacks(timeout_sec=timeout_sec)
  File "/opt/ros/humble/local/lib/python3.10/dist-packages/rclpy/executors.py", line 780, in wait_for_ready_callbacks
    return next(self._cb_iter)
  File "/opt/ros/humble/local/lib/python3.10/dist-packages/rclpy/executors.py", line 681, in _wait_for_ready_callbacks
    raise ExternalShutdownException()
rclpy.executors.ExternalShutdownException
