[INFO] [launch]: All log files can be found below /root/.ros/log/2026-09-15-12-43-04-179560-ExternalDrive-96
[INFO] [launch]: Default logging verbosity is set to INFO
[INFO] [autodrive_bridge_40hz-1]: process started with pid [97]
[INFO] [sensor_odometry_node-2]: process started with pid [99]
[INFO] [actuator_interface-3]: process started with pid [101]
[INFO] [calibration-4]: process started with pid [103]
[INFO] [model_id_timing_recorder-5]: process started with pid [105]
[sensor_odometry_node-2] [INFO] [1789476184.277798776] [sensor_odometry]: Deterministic odometry observer: exact timestamp packets, encoders + IMU only
[autodrive_bridge_40hz-1] /usr/local/lib/python3.10/dist-packages/numpy/core/getlimits.py:499: UserWarning: The value of the smallest subnormal for <class 'numpy.float64'> type is zero.
[autodrive_bridge_40hz-1]   setattr(self, word, getattr(machar, word).flat[0])
[autodrive_bridge_40hz-1] /usr/local/lib/python3.10/dist-packages/numpy/core/getlimits.py:89: UserWarning: The value of the smallest subnormal for <class 'numpy.float64'> type is zero.
[autodrive_bridge_40hz-1]   return self._float_to_str(self.smallest_subnormal)
[calibration-4] [INFO] [1789476184.665397158] [model_id_excitation]: Calibration mode=source_replay duration=0.000 s output=/workspace/src/sdu_apex_autodrive/artifacts/model_id_work/run_live/lateral_speed_bands_2_12_repeat_20260915/lateral_speed_bands_2_12_repeat_20260915/source_replay_20260915_124304.csv
[model_id_timing_recorder-5] [INFO] [1789476184.674401258] [model_id_timing_recorder]: Recording causal model-ID events to /workspace/src/sdu_apex_autodrive/artifacts/model_id_work/run_live/lateral_speed_bands_2_12_repeat_20260915/lateral_speed_bands_2_12_repeat_20260915
[actuator_interface-3] [INFO] [1789476184.687377038] [autodrive_actuator_interface]: Actuator interface ready; no arming state
[actuator_interface-3] [WARN] [1789476184.688561124] [autodrive_actuator_interface]: Neutral output: no command
[autodrive_bridge_40hz-1] [autodrive_bridge_40hz] camera decode/publication disabled
[autodrive_bridge_40hz-1] [autodrive_bridge_40hz] strict request pacing enabled at 40 Hz (2 bounded outstanding requests; missing/deadline data is a fatal fault)
[autodrive_bridge_40hz-1] Connected!
[autodrive_bridge_40hz-1] [autodrive_bridge_40hz] source 40 Hz contract established after 3 stable intervals
[calibration-4] [INFO] [1789476199.568203444] [model_id_excitation]: Using initial stationary ground-truth pose (0.806, 3.160) m as reset reference
[actuator_interface-3] [INFO] [1789476200.591819124] [autodrive_actuator_interface]: Collision baseline established at cumulative count 0
[calibration-4] [INFO] [1789476248.042192015] [model_id_excitation]: Finished (source-step replay completed); Data: /workspace/src/sdu_apex_autodrive/artifacts/model_id_work/run_live/lateral_speed_bands_2_12_repeat_20260915/lateral_speed_bands_2_12_repeat_20260915/source_replay_20260915_124304.csv
[INFO] [calibration-4]: process has finished cleanly [pid 103]
[INFO] [launch]: process[calibration-4] was required: shutting down launched system
[INFO] [model_id_timing_recorder-5]: sending signal 'SIGINT' to process[model_id_timing_recorder-5]
[INFO] [actuator_interface-3]: sending signal 'SIGINT' to process[actuator_interface-3]
[INFO] [sensor_odometry_node-2]: sending signal 'SIGINT' to process[sensor_odometry_node-2]
[INFO] [autodrive_bridge_40hz-1]: sending signal 'SIGINT' to process[autodrive_bridge_40hz-1]
[sensor_odometry_node-2] [INFO] [1789476248.053088539] [rclcpp]: signal_handler(SIGINT/SIGTERM)
[autodrive_bridge_40hz-1] KeyboardInterrupt
[autodrive_bridge_40hz-1] 2026-09-15T12:44:08Z
[autodrive_bridge_40hz-1] Traceback (most recent call last):
[autodrive_bridge_40hz-1]   File "/workspace/src/install/lib/sdu_apex_autodrive/autodrive_bridge_40hz", line 33, in <module>
[autodrive_bridge_40hz-1]     sys.exit(load_entry_point('sdu-apex-autodrive==0.3.0', 'console_scripts', 'autodrive_bridge_40hz')())
[autodrive_bridge_40hz-1]   File "/workspace/src/install/lib/python3.10/site-packages/sdu_apex_autodrive/bridge_40hz.py", line 1307, in main
[autodrive_bridge_40hz-1]     official_bridge.main()
[autodrive_bridge_40hz-1]   File "/home/autodrive_devkit/install/autodrive_roboracer/lib/python3.10/site-packages/autodrive_roboracer/autodrive_bridge.py", line 442, in main
[autodrive_bridge_40hz-1]     pywsgi.WSGIServer(('', 4567), app, handler_class=WebSocketHandler).serve_forever() # Deploy as a gevent WSGI server
[autodrive_bridge_40hz-1]   File "/usr/local/lib/python3.10/dist-packages/gevent/baseserver.py", line 400, in serve_forever
[autodrive_bridge_40hz-1]     self._stop_event.wait()
[autodrive_bridge_40hz-1]   File "src/gevent/event.py", line 163, in gevent._gevent_cevent.Event.wait
[autodrive_bridge_40hz-1]   File "src/gevent/_abstract_linkable.py", line 521, in gevent._gevent_c_abstract_linkable.AbstractLinkable._wait
[autodrive_bridge_40hz-1]   File "src/gevent/_abstract_linkable.py", line 487, in gevent._gevent_c_abstract_linkable.AbstractLinkable._wait_core
[autodrive_bridge_40hz-1]   File "src/gevent/_abstract_linkable.py", line 490, in gevent._gevent_c_abstract_linkable.AbstractLinkable._wait_core
[autodrive_bridge_40hz-1]   File "src/gevent/_abstract_linkable.py", line 442, in gevent._gevent_c_abstract_linkable.AbstractLinkable._AbstractLinkable__wait_to_be_notified
[autodrive_bridge_40hz-1]   File "src/gevent/_abstract_linkable.py", line 451, in gevent._gevent_c_abstract_linkable.AbstractLinkable._switch_to_hub
[autodrive_bridge_40hz-1]   File "src/gevent/_greenlet_primitives.py", line 61, in gevent._gevent_c_greenlet_primitives.SwitchOutGreenletWithLoop.switch
[autodrive_bridge_40hz-1]   File "src/gevent/_greenlet_primitives.py", line 65, in gevent._gevent_c_greenlet_primitives.SwitchOutGreenletWithLoop.switch
[autodrive_bridge_40hz-1]   File "src/gevent/_gevent_c_greenlet_primitives.pxd", line 35, in gevent._gevent_c_greenlet_primitives._greenlet_switch
[autodrive_bridge_40hz-1]   File "/usr/local/lib/python3.10/dist-packages/socketio/client.py", line 25, in signal_handler
[autodrive_bridge_40hz-1]     return original_signal_handler(sig, frame)
[autodrive_bridge_40hz-1] KeyboardInterrupt
[INFO] [sensor_odometry_node-2]: process has finished cleanly [pid 99]
[ERROR] [autodrive_bridge_40hz-1]: process has died [pid 97, exit code -2, cmd '/workspace/src/install/lib/sdu_apex_autodrive/autodrive_bridge_40hz --ros-args -r __node:=autodrive_bridge'].
[INFO] [actuator_interface-3]: process has finished cleanly [pid 101]
[INFO] [model_id_timing_recorder-5]: process has finished cleanly [pid 105]
