[INFO] [launch]: All log files can be found below /root/.ros/log/2026-09-08-16-33-36-810328-ExternalDrive-14991
[INFO] [launch]: Default logging verbosity is set to INFO
[INFO] [autodrive_bridge_40hz-1]: process started with pid [15042]
[INFO] [static_transform_publisher-2]: process started with pid [15044]
[INFO] [static_transform_publisher-3]: process started with pid [15046]
[INFO] [ground_truth_mapping_tf-4]: process started with pid [15048]
[INFO] [async_slam_toolbox_node-5]: process started with pid [15050]
[INFO] [component_container-6]: process started with pid [15052]
[INFO] [actuator_interface-7]: process started with pid [15054]
[INFO] [lap_map_saver-8]: process started with pid [15056]
[static_transform_publisher-2] [WARN] [1788885217.386549254] []: Old-style arguments are deprecated; see --help for new-style arguments
[static_transform_publisher-3] [WARN] [1788885217.391001826] []: Old-style arguments are deprecated; see --help for new-style arguments
[static_transform_publisher-2] [INFO] [1788885217.430343133] [mapping_base_to_lidar_tf]: Spinning until stopped - publishing transform
[static_transform_publisher-2] translation: ('0.273300', '0.000000', '0.096000')
[static_transform_publisher-2] rotation: ('0.000000', '0.000000', '0.000000', '1.000000')
[static_transform_publisher-2] from 'base_link' to 'lidar'
[static_transform_publisher-3] [INFO] [1788885217.443746344] [mapping_base_to_imu_tf]: Spinning until stopped - publishing transform
[static_transform_publisher-3] translation: ('0.080000', '0.000000', '0.055000')
[static_transform_publisher-3] rotation: ('0.000000', '0.000000', '0.000000', '1.000000')
[static_transform_publisher-3] from 'base_link' to 'imu'
[async_slam_toolbox_node-5] [INFO] [1788885217.502542043] [slam_toolbox]: Using solver plugin solver_plugins::CeresSolver
[async_slam_toolbox_node-5] [INFO] [1788885217.505392339] [slam_toolbox]: CeresSolver: Using SCHUR_JACOBI preconditioner.
[component_container-6] [INFO] [1788885217.620388663] [mapping_ftg_container]: Load Library: /workspace/install/lib/libftg_node_component.so
[component_container-6] [INFO] [1788885217.625092698] [mapping_ftg_container]: Found class: rclcpp_components::NodeFactoryTemplate<f1tenth_control::FTGNode>
[component_container-6] [INFO] [1788885217.626191436] [mapping_ftg_container]: Instantiate class: rclcpp_components::NodeFactoryTemplate<f1tenth_control::FTGNode>
[component_container-6] [INFO] [1788885217.679946156] [ftg_node]: FTG Node initialized
[component_container-6] [INFO] [1788885217.680031016] [ftg_node]:   Subscribing to: scan, odom
[component_container-6] [INFO] [1788885217.680052426] [ftg_node]:   Publishing to: drive
[INFO] [launch_ros.actions.load_composable_nodes]: Loaded node '/ftg_node' in container '/mapping_ftg_container'
[autodrive_bridge_40hz-1] /usr/local/lib/python3.10/dist-packages/numpy/core/getlimits.py:499: UserWarning: The value of the smallest subnormal for <class 'numpy.float64'> type is zero.
[autodrive_bridge_40hz-1]   setattr(self, word, getattr(machar, word).flat[0])
[autodrive_bridge_40hz-1] /usr/local/lib/python3.10/dist-packages/numpy/core/getlimits.py:89: UserWarning: The value of the smallest subnormal for <class 'numpy.float64'> type is zero.
[autodrive_bridge_40hz-1]   return self._float_to_str(self.smallest_subnormal)
[lap_map_saver-8] [INFO] [1788885217.823490440] [five_lap_map_saver]: Five-lap mapping armed: 5 laps -> /workspace/src/f1tenth_planning/maps/autodrive_track_gt_norestart_20260908.[yaml|pgm]
[actuator_interface-7] [INFO] [1788885217.861768867] [autodrive_actuator_interface]: Actuator interface ready; no arming state
[actuator_interface-7] [WARN] [1788885217.864053167] [autodrive_actuator_interface]: Neutral output: no command
[ground_truth_mapping_tf-4] [INFO] [1788885217.881992126] [ground_truth_mapping_tf]: Mapping-only ground truth TF: gt_odom -> base_link
[lap_map_saver-8] [INFO] [1788885219.553862943] [five_lap_map_saver]: Mapping start fixed at (0.80, 3.16) in odom
[component_container-6] [INFO] [1788885219.554097224] [ftg_node]: PERF: dist=0.0m, avg_spd=0.00m/s, laps=0
[async_slam_toolbox_node-5] Info: clipped range threshold to be within minimum and maximum range!
[async_slam_toolbox_node-5] Registering sensor: [Custom Described Lidar]
[lap_map_saver-8] [INFO] [1788885220.571442335] [five_lap_map_saver]: Mapping collision baseline established at cumulative count 0
[actuator_interface-7] [INFO] [1788885220.571739274] [autodrive_actuator_interface]: Collision baseline established at cumulative count 0
[component_container-6] [WARN] [1788885238.468331251] [ftg_node]: Emergency stop! Closest: 0.03m, stuck_count=0
[lap_map_saver-8] [WARN] [1788885238.519132715] [five_lap_map_saver]: Ignoring 1.64 m odometry/reset jump; re-arming lap gate
[actuator_interface-7] [ERROR] [1788885238.519618738] [autodrive_actuator_interface]: Collision count increased to 1; terminal stop latched, no simulator reset published
[lap_map_saver-8] [FATAL] [1788885238.520060869] [five_lap_map_saver]: Collision count increased to 1; aborting mapping run without reset or further lap capture
[actuator_interface-7] [WARN] [1788885238.522467211] [autodrive_actuator_interface]: Neutral output: external stop
[ERROR] [lap_map_saver-8]: process has died [pid 15056, exit code 2, cmd '/workspace/install/lib/sdu_apex_autodrive/lap_map_saver --ros-args -r __node:=five_lap_map_saver --params-file /workspace/install/share/sdu_apex_autodrive/config/five_lap_mapping.yaml'].
[INFO] [actuator_interface-7]: sending signal 'SIGINT' to process[actuator_interface-7]
[INFO] [component_container-6]: sending signal 'SIGINT' to process[component_container-6]
[INFO] [async_slam_toolbox_node-5]: sending signal 'SIGINT' to process[async_slam_toolbox_node-5]
[INFO] [ground_truth_mapping_tf-4]: sending signal 'SIGINT' to process[ground_truth_mapping_tf-4]
[INFO] [static_transform_publisher-3]: sending signal 'SIGINT' to process[static_transform_publisher-3]
[INFO] [static_transform_publisher-2]: sending signal 'SIGINT' to process[static_transform_publisher-2]
[INFO] [autodrive_bridge_40hz-1]: sending signal 'SIGINT' to process[autodrive_bridge_40hz-1]
[component_container-6] [INFO] [1788885238.697994745] [rclcpp]: signal_handler(SIGINT/SIGTERM)
[async_slam_toolbox_node-5] [INFO] [1788885238.699132543] [rclcpp]: signal_handler(SIGINT/SIGTERM)
[static_transform_publisher-3] [INFO] [1788885238.701423889] [rclcpp]: signal_handler(SIGINT/SIGTERM)
[static_transform_publisher-2] [INFO] [1788885238.702720355] [rclcpp]: signal_handler(SIGINT/SIGTERM)
[autodrive_bridge_40hz-1] KeyboardInterrupt
[autodrive_bridge_40hz-1] 2026-09-08T16:33:58Z
[autodrive_bridge_40hz-1] Traceback (most recent call last):
[autodrive_bridge_40hz-1]   File "src/gevent/greenlet.py", line 906, in gevent._gevent_cgreenlet.Greenlet.run
[autodrive_bridge_40hz-1]   File "/usr/local/lib/python3.10/dist-packages/socketio/server.py", line 640, in _handle_event_internal
[autodrive_bridge_40hz-1]     r = server._trigger_event(data[0], namespace, sid, *data[1:])
[autodrive_bridge_40hz-1]   File "/usr/local/lib/python3.10/dist-packages/socketio/server.py", line 669, in _trigger_event
[autodrive_bridge_40hz-1]     return self.handlers[namespace][event](*args)
[autodrive_bridge_40hz-1]   File "/workspace/build/sdu_apex_autodrive/sdu_apex_autodrive/bridge_40hz.py", line 368, in packet_handler
[autodrive_bridge_40hz-1]     result = original_handler(sid, data)
[autodrive_bridge_40hz-1]   File "/home/autodrive_devkit/install/autodrive_roboracer/lib/python3.10/site-packages/autodrive_roboracer/autodrive_bridge.py", line 345, in bridge
[autodrive_bridge_40hz-1]     publish_actuator_feedbacks(autodrive.throttle, autodrive.steering)
[autodrive_bridge_40hz-1]   File "/home/autodrive_devkit/install/autodrive_roboracer/lib/python3.10/site-packages/autodrive_roboracer/autodrive_bridge.py", line 241, in publish_actuator_feedbacks
[autodrive_bridge_40hz-1]     publishers['pub_throttle'].publish(create_float_msg(msg_float32, throttle))
[autodrive_bridge_40hz-1]   File "/opt/ros/humble/local/lib/python3.10/dist-packages/rclpy/publisher.py", line 70, in publish
[autodrive_bridge_40hz-1]     self.__publisher.publish(msg)
[autodrive_bridge_40hz-1] rclpy._rclpy_pybind11.RCLError: Failed to publish: publisher's context is invalid, at ./src/rcl/publisher.c:389
[autodrive_bridge_40hz-1] 2026-09-08T16:33:58Z <Thread at 0x7a2c13b815a0: <bound method Server._handle_event_internal of <socketio.server.Server object at 0x7a2c6fbc6ec0>>(<socketio.server.Server object at 0x7a2c6fbc6ec0>, '3d901a765b654d9a8420839a838c15ea', ['Bridge', {'V1 Throttle': '0.0000', 'V1 Steering', '/', None)> failed with RCLError
[autodrive_bridge_40hz-1] 
[autodrive_bridge_40hz-1] [autodrive_bridge_40hz] camera decode/publication disabled
[autodrive_bridge_40hz-1] [autodrive_bridge_40hz] bounded request pacing enabled at 40 Hz (max one outstanding request)
[autodrive_bridge_40hz-1] Connected!
[autodrive_bridge_40hz-1] Traceback (most recent call last):
[autodrive_bridge_40hz-1]   File "/workspace/install/lib/sdu_apex_autodrive/autodrive_bridge_40hz", line 33, in <module>
[autodrive_bridge_40hz-1]     sys.exit(load_entry_point('sdu-apex-autodrive', 'console_scripts', 'autodrive_bridge_40hz')())
[autodrive_bridge_40hz-1]   File "/workspace/build/sdu_apex_autodrive/sdu_apex_autodrive/bridge_40hz.py", line 443, in main
[autodrive_bridge_40hz-1]     official_bridge.main()
[autodrive_bridge_40hz-1]   File "/home/autodrive_devkit/install/autodrive_roboracer/lib/python3.10/site-packages/autodrive_roboracer/autodrive_bridge.py", line 442, in main
[autodrive_bridge_40hz-1]     pywsgi.WSGIServer(('', 4567), app, handler_class=WebSocketHandler).serve_forever() # Deploy as a gevent WSGI server
[autodrive_bridge_40hz-1]   File "/usr/local/lib/python3.10/dist-packages/gevent/baseserver.py", line 400, in serve_forever
[autodrive_bridge_40hz-1]     self._stop_event.wait()
[autodrive_bridge_40hz-1]   File "src/gevent/event.py", line 163, in gevent._gevent_cevent.Event.wait
[autodrive_bridge_40hz-1]   File "src/gevent/_abstract_linkable.py", line 521, in gevent._gevent_c_abstract_linkable.AbstractLinkable._wait
[autodrive_bridge_40hz-1]   File "src/gevent/_abstract_linkable.py", line 487, in gevent._gevent_c_abstract_linkable.AbstractLinkable._wait_core
[autodrive_bridge_40hz-1]   File "src/gevent/_abstract_linkable.py", line 490, in gevent._gevent_c_abstract_linkable.AbstractLinkable._wait_core
[autodrive_bridge_40hz-1]   File "src/gevent/_abstract_linkable.py", line 442, in gevent._gevent_c_abstract_linkable.AbstractLinkable._AbstractLinkable__wait_to_be_notified
[autodrive_bridge_40hz-1]   File "src/gevent/_abstract_linkable.py", line 451, in gevent._gevent_c_abstract_linkable.AbstractLinkable._switch_to_hub
[autodrive_bridge_40hz-1]   File "src/gevent/_greenlet_primitives.py", line 61, in gevent._gevent_c_greenlet_primitives.SwitchOutGreenletWithLoop.switch
[autodrive_bridge_40hz-1]   File "src/gevent/_greenlet_primitives.py", line 65, in gevent._gevent_c_greenlet_primitives.SwitchOutGreenletWithLoop.switch
[autodrive_bridge_40hz-1]   File "src/gevent/_gevent_c_greenlet_primitives.pxd", line 35, in gevent._gevent_c_greenlet_primitives._greenlet_switch
[autodrive_bridge_40hz-1]   File "/usr/local/lib/python3.10/dist-packages/socketio/client.py", line 25, in signal_handler
[autodrive_bridge_40hz-1]     return original_signal_handler(sig, frame)
[autodrive_bridge_40hz-1] KeyboardInterrupt
[INFO] [component_container-6]: process has finished cleanly [pid 15052]
[INFO] [static_transform_publisher-2]: process has finished cleanly [pid 15044]
[INFO] [static_transform_publisher-3]: process has finished cleanly [pid 15046]
[INFO] [async_slam_toolbox_node-5]: process has finished cleanly [pid 15050]
[ERROR] [autodrive_bridge_40hz-1]: process has died [pid 15042, exit code -2, cmd '/workspace/install/lib/sdu_apex_autodrive/autodrive_bridge_40hz --ros-args -r __node:=autodrive_bridge'].
[INFO] [ground_truth_mapping_tf-4]: process has finished cleanly [pid 15048]
[INFO] [actuator_interface-7]: process has finished cleanly [pid 15054]
