[INFO] [launch]: All log files can be found below /root/.ros/log/2026-09-09-21-21-38-848523-ExternalDrive-2128
[INFO] [launch]: Default logging verbosity is set to INFO
[INFO] [launch.user]: controller=pure_pursuit custom_amcl=True rviz=False
[INFO] [autodrive_bridge_40hz-1]: process started with pid [2176]
[INFO] [sensor_odometry_node-2]: process started with pid [2178]
[INFO] [ekf_localization_node-3]: process started with pid [2180]
[INFO] [map_server-4]: process started with pid [2182]
[INFO] [lifecycle_manager-5]: process started with pid [2184]
[INFO] [gpu_amcl_cpp_node-6]: process started with pid [2186]
[INFO] [ground_truth_amcl_monitor-7]: process started with pid [2188]
[INFO] [calibration-8]: process started with pid [2190]
[INFO] [component_container-9]: process started with pid [2192]
[INFO] [actuator_interface-10]: process started with pid [2194]
[lifecycle_manager-5] [INFO] [1788988899.185943433] [lifecycle_manager_map]: Creating
[ekf_localization_node-3] [INFO] [1788988899.194566380] [ekf_localization]: Local odometry trust filter ready: /odom -> /ekf_odom and /ekf_pose in frame odom; reset events=/autodrive/reset_command
[lifecycle_manager-5] [INFO] [1788988899.200441221] [lifecycle_manager_map]: [34m[1mCreating and initializing lifecycle service clients[0m[0m
[lifecycle_manager-5] [INFO] [1788988899.208925287] [lifecycle_manager_map]: [34m[1mStarting managed nodes bringup...[0m[0m
[lifecycle_manager-5] [INFO] [1788988899.209052816] [lifecycle_manager_map]: [34m[1mConfiguring map_server[0m[0m
[map_server-4] [INFO] [1788988899.227998664] [map_server]: 
[map_server-4] 	map_server lifecycle node launched. 
[map_server-4] 	Waiting on external lifecycle transitions to activate
[map_server-4] 	See https://design.ros2.org/articles/node_lifecycle.html for more information.
[map_server-4] [INFO] [1788988899.228254595] [map_server]: Creating
[sensor_odometry_node-2] [INFO] [1788988899.233813753] [sensor_odometry]: Deterministic odometry observer: exact timestamp packets, encoders + IMU only
[component_container-9] [INFO] [1788988899.353362359] [controller_container]: Load Library: /workspace/install/lib/libpure_pursuit_node.so
[component_container-9] [INFO] [1788988899.361072189] [controller_container]: Found class: rclcpp_components::NodeFactoryTemplate<f1tenth_control::PurePursuitNode>
[component_container-9] [INFO] [1788988899.365429478] [controller_container]: Instantiate class: rclcpp_components::NodeFactoryTemplate<f1tenth_control::PurePursuitNode>
[component_container-9] [INFO] [1788988899.432943317] [pure_pursuit_node]: Initializing Pure Pursuit Node
[component_container-9] [INFO] [1788988899.450448598] [pure_pursuit_node]: Loaded trajectory with 2586 waypoints (51.7 m)
[component_container-9] [INFO] [1788988899.464548107] [pure_pursuit_node]: Pure Pursuit Node initialized
[component_container-9] [INFO] [1788988899.464619141] [pure_pursuit_node]:   Trajectory: /workspace/src/f1tenth_planning/trajectories/autodrive_track_ftg_commit_20260909_025m_mintime_raceline.csv (2586 points)
[component_container-9] [INFO] [1788988899.464638216] [pure_pursuit_node]:   Lookahead: 0.75 - 1.10 m (gain: 0.05)
[component_container-9] [INFO] [1788988899.464673242] [pure_pursuit_node]:   Max speed cap: 4.00 m/s
[component_container-9] [INFO] [1788988899.464688791] [pure_pursuit_node]:   Lookahead adapt: cte_weight=1.00 cte_gain=0.042 curvature_gain=1.900
[component_container-9] [INFO] [1788988899.464707988] [pure_pursuit_node]:   Speed adapt: curvature_factor=0.102 floor_ratio=0.52
[component_container-9] [INFO] [1788988899.464725931] [pure_pursuit_node]:   Speed adapt (CTE): factor=1.500 floor_ratio=0.55
[component_container-9] [INFO] [1788988899.464742663] [pure_pursuit_node]:   Speed limits: max_lat_accel=6.50 min_reg_speed=0.00
[component_container-9] [INFO] [1788988899.464758933] [pure_pursuit_node]:   Yaw-rate damping: 0.000 s
[component_container-9] [INFO] [1788988899.464774613] [pure_pursuit_node]:   Target-heading turn-in gain: 0.000
[component_container-9] [INFO] [1788988899.464789912] [pure_pursuit_node]:   Command shaping: steer_rate=3.20 accel=3.00 decel=8.00
[component_container-9] [INFO] [1788988899.464808006] [pure_pursuit_node]:   Pose: /current_map_pose (map frame)
[component_container-9] [INFO] [1788988899.464823314] [pure_pursuit_node]:   Odom: /odom
[INFO] [launch_ros.actions.load_composable_nodes]: Loaded node '/pure_pursuit_node' in container '/controller_container'
[component_container-9] [INFO] [1788988899.464837451] [pure_pursuit_node]:   Control trigger: /odom (one command per odometry update; nominal 40.0 Hz)
[component_container-9] [INFO] [1788988899.464855014] [pure_pursuit_node]:   Steering feedback: /autodrive/roboracer_1/steering (lead gain 0.25)
[component_container-9] [INFO] [1788988899.464871435] [pure_pursuit_node]:   Startup path gate: distance <= 0.80 m, heading <= 0.75 rad
[component_container-9] [INFO] [1788988899.464887535] [pure_pursuit_node]:   Command: /cmd/speed
[gpu_amcl_cpp_node-6] [INFO] [1788988899.501032488] [gpu_amcl_cpp]: [AMCL] Parameters: update_min_d=0.02000, update_min_a=0.03500, max_scan_age=0.2500, odom_history=1.000s, cloud_publish_rate=1.0 Hz, debug_pre_resample=false, slip_threshold=1.00 rad/s, initial_raceline_heading=false, local_correction_gate=0.00m/0.00rad xy_gain=0.500 cross_track_only=false yaw_gain=0.000 association=0.80m recenter_cloud=true
[gpu_amcl_cpp_node-6] [INFO] [1788988899.536709371] [gpu_amcl_cpp]: Particle cloud publishing scan-synchronized, max 1.0 Hz
[gpu_amcl_cpp_node-6] [INFO] [1788988899.536786536] [gpu_amcl_cpp]: GPU AMCL C++ node created — waiting for map...
[autodrive_bridge_40hz-1] /usr/local/lib/python3.10/dist-packages/numpy/core/getlimits.py:499: UserWarning: The value of the smallest subnormal for <class 'numpy.float64'> type is zero.
[autodrive_bridge_40hz-1]   setattr(self, word, getattr(machar, word).flat[0])
[autodrive_bridge_40hz-1] /usr/local/lib/python3.10/dist-packages/numpy/core/getlimits.py:89: UserWarning: The value of the smallest subnormal for <class 'numpy.float64'> type is zero.
[autodrive_bridge_40hz-1]   return self._float_to_str(self.smallest_subnormal)
[ground_truth_amcl_monitor-7] [INFO] [1788988899.719806954] [ground_truth_amcl_monitor]: Absolute map scoring enabled from explicit map start: (0.8006, 3.1583, -1.5708)
[ground_truth_amcl_monitor-7] [WARN] [1788988899.736975972] [ground_truth_amcl_monitor]: Ground-truth monitor is diagnostics-only; simulator IPS/odom are not controller inputs
[calibration-8] [INFO] [1788988899.754400952] [allowed_telemetry_recorder]: Calibration mode=sensor_record duration=45.000 s output=/workspace/src/f1tenth_planning/analysis/amcl_tuning_campaign_20260909/acceptance_4mps_lookahead075_refined/telemetry/sensor_record_20260909_212139.csv
[actuator_interface-10] [INFO] [1788988899.808138799] [autodrive_actuator_interface]: Actuator interface ready; no arming state
[actuator_interface-10] [WARN] [1788988899.809832072] [autodrive_actuator_interface]: Neutral output: no command
[autodrive_bridge_40hz-1] [autodrive_bridge_40hz] camera decode/publication disabled
[autodrive_bridge_40hz-1] [autodrive_bridge_40hz] bounded request pacing enabled at 40 Hz (max one outstanding request)
[autodrive_bridge_40hz-1] Connected!
[component_container-9] [WARN] [1788988900.259622079] [pure_pursuit_node]: No pose received on /current_map_pose yet
[gpu_amcl_cpp_node-6] [INFO] [1788988900.260234570] [gpu_amcl_cpp]: Received first odometry sample at (0.00, 0.00, 0.00).
[gpu_amcl_cpp_node-6] [INFO] [1788988900.261661262] [gpu_amcl_cpp]: Received LiDAR callback #1 (1081 ranges).
[gpu_amcl_cpp_node-6] [WARN] [1788988900.261704833] [gpu_amcl_cpp]: Waiting for AMCL inputs: map=missing odom=ready.
[component_container-9] [WARN] [1788988901.285570634] [pure_pursuit_node]: No pose received on /current_map_pose yet
[actuator_interface-10] [INFO] [1788988901.683989470] [autodrive_actuator_interface]: Collision baseline established at cumulative count 0
[component_container-9] [WARN] [1788988902.288352245] [pure_pursuit_node]: No pose received on /current_map_pose yet
[gpu_amcl_cpp_node-6] [WARN] [1788988902.290075463] [gpu_amcl_cpp]: Waiting for AMCL inputs: map=missing odom=ready.
[component_container-9] [WARN] [1788988903.289111540] [pure_pursuit_node]: No pose received on /current_map_pose yet
[component_container-9] [WARN] [1788988904.307729627] [pure_pursuit_node]: No pose received on /current_map_pose yet
[gpu_amcl_cpp_node-6] [WARN] [1788988904.309599972] [gpu_amcl_cpp]: Waiting for AMCL inputs: map=missing odom=ready.
[gpu_amcl_cpp_node-6] [INFO] [1788988905.309244625] [gpu_amcl_cpp]: Received LiDAR callback #88 (1081 ranges).
[component_container-9] [WARN] [1788988905.362077772] [pure_pursuit_node]: No pose received on /current_map_pose yet
[gpu_amcl_cpp_node-6] [WARN] [1788988906.315550174] [gpu_amcl_cpp]: Waiting for AMCL inputs: map=missing odom=ready.
[component_container-9] [WARN] [1788988906.382272804] [pure_pursuit_node]: No pose received on /current_map_pose yet
[component_container-9] [WARN] [1788988907.389621118] [pure_pursuit_node]: No pose received on /current_map_pose yet
[gpu_amcl_cpp_node-6] [WARN] [1788988908.359567263] [gpu_amcl_cpp]: Waiting for AMCL inputs: map=missing odom=ready.
[component_container-9] [WARN] [1788988908.410926318] [pure_pursuit_node]: No pose received on /current_map_pose yet
[component_container-9] [WARN] [1788988909.457213296] [pure_pursuit_node]: No pose received on /current_map_pose yet
[gpu_amcl_cpp_node-6] [INFO] [1788988910.315824962] [gpu_amcl_cpp]: Received LiDAR callback #173 (1081 ranges).
[gpu_amcl_cpp_node-6] [WARN] [1788988910.386632197] [gpu_amcl_cpp]: Waiting for AMCL inputs: map=missing odom=ready.
[component_container-9] [WARN] [1788988910.491094314] [pure_pursuit_node]: No pose received on /current_map_pose yet
[component_container-9] [WARN] [1788988911.512144635] [pure_pursuit_node]: No pose received on /current_map_pose yet
[gpu_amcl_cpp_node-6] [WARN] [1788988912.390304292] [gpu_amcl_cpp]: Waiting for AMCL inputs: map=missing odom=ready.
[component_container-9] [WARN] [1788988912.564072231] [pure_pursuit_node]: No pose received on /current_map_pose yet
[component_container-9] [WARN] [1788988913.594069959] [pure_pursuit_node]: No pose received on /current_map_pose yet
[gpu_amcl_cpp_node-6] [WARN] [1788988914.440962446] [gpu_amcl_cpp]: Waiting for AMCL inputs: map=missing odom=ready.
[component_container-9] [WARN] [1788988914.612716840] [pure_pursuit_node]: No pose received on /current_map_pose yet
[gpu_amcl_cpp_node-6] [INFO] [1788988915.364277959] [gpu_amcl_cpp]: Received LiDAR callback #258 (1081 ranges).
[component_container-9] [WARN] [1788988915.665625509] [pure_pursuit_node]: No pose received on /current_map_pose yet
[gpu_amcl_cpp_node-6] [WARN] [1788988916.490494799] [gpu_amcl_cpp]: Waiting for AMCL inputs: map=missing odom=ready.
[component_container-9] [WARN] [1788988916.669295265] [pure_pursuit_node]: No pose received on /current_map_pose yet
[component_container-9] [WARN] [1788988917.693381146] [pure_pursuit_node]: No pose received on /current_map_pose yet
[gpu_amcl_cpp_node-6] [WARN] [1788988918.515707611] [gpu_amcl_cpp]: Waiting for AMCL inputs: map=missing odom=ready.
[component_container-9] [WARN] [1788988918.710424218] [pure_pursuit_node]: No pose received on /current_map_pose yet
[component_container-9] [WARN] [1788988919.740006291] [pure_pursuit_node]: No pose received on /current_map_pose yet
[gpu_amcl_cpp_node-6] [INFO] [1788988920.366324197] [gpu_amcl_cpp]: Received LiDAR callback #341 (1081 ranges).
[gpu_amcl_cpp_node-6] [WARN] [1788988920.543968376] [gpu_amcl_cpp]: Waiting for AMCL inputs: map=missing odom=ready.
[component_container-9] [WARN] [1788988920.785482321] [pure_pursuit_node]: No pose received on /current_map_pose yet
[component_container-9] [WARN] [1788988921.816403343] [pure_pursuit_node]: No pose received on /current_map_pose yet
[gpu_amcl_cpp_node-6] [WARN] [1788988922.589607878] [gpu_amcl_cpp]: Waiting for AMCL inputs: map=missing odom=ready.
[component_container-9] [WARN] [1788988922.834994178] [pure_pursuit_node]: No pose received on /current_map_pose yet
[component_container-9] [WARN] [1788988923.838956066] [pure_pursuit_node]: No pose received on /current_map_pose yet
[gpu_amcl_cpp_node-6] [WARN] [1788988924.612582237] [gpu_amcl_cpp]: Waiting for AMCL inputs: map=missing odom=ready.
[component_container-9] [WARN] [1788988924.911191712] [pure_pursuit_node]: No pose received on /current_map_pose yet
[gpu_amcl_cpp_node-6] [INFO] [1788988925.393107212] [gpu_amcl_cpp]: Received LiDAR callback #425 (1081 ranges).
[component_container-9] [WARN] [1788988925.940425958] [pure_pursuit_node]: No pose received on /current_map_pose yet
[gpu_amcl_cpp_node-6] [WARN] [1788988926.658745462] [gpu_amcl_cpp]: Waiting for AMCL inputs: map=missing odom=ready.
[component_container-9] [WARN] [1788988926.958187730] [pure_pursuit_node]: No pose received on /current_map_pose yet
[component_container-9] [WARN] [1788988927.961082607] [pure_pursuit_node]: No pose received on /current_map_pose yet
[gpu_amcl_cpp_node-6] [WARN] [1788988928.685405619] [gpu_amcl_cpp]: Waiting for AMCL inputs: map=missing odom=ready.
[component_container-9] [WARN] [1788988928.985639352] [pure_pursuit_node]: No pose received on /current_map_pose yet
[component_container-9] [WARN] [1788988930.009789308] [pure_pursuit_node]: No pose received on /current_map_pose yet
[gpu_amcl_cpp_node-6] [INFO] [1788988930.438085430] [gpu_amcl_cpp]: Received LiDAR callback #509 (1081 ranges).
[gpu_amcl_cpp_node-6] [WARN] [1788988930.687878476] [gpu_amcl_cpp]: Waiting for AMCL inputs: map=missing odom=ready.
[component_container-9] [WARN] [1788988931.033220970] [pure_pursuit_node]: No pose received on /current_map_pose yet
[component_container-9] [WARN] [1788988932.082630740] [pure_pursuit_node]: No pose received on /current_map_pose yet
[gpu_amcl_cpp_node-6] [WARN] [1788988932.710237480] [gpu_amcl_cpp]: Waiting for AMCL inputs: map=missing odom=ready.
[component_container-9] [WARN] [1788988933.111092989] [pure_pursuit_node]: No pose received on /current_map_pose yet
[component_container-9] [WARN] [1788988934.162466281] [pure_pursuit_node]: No pose received on /current_map_pose yet
[gpu_amcl_cpp_node-6] [WARN] [1788988934.761609795] [gpu_amcl_cpp]: Waiting for AMCL inputs: map=missing odom=ready.
[component_container-9] [WARN] [1788988935.181931023] [pure_pursuit_node]: No pose received on /current_map_pose yet
[gpu_amcl_cpp_node-6] [INFO] [1788988935.463029416] [gpu_amcl_cpp]: Received LiDAR callback #594 (1081 ranges).
[component_container-9] [WARN] [1788988936.237555477] [pure_pursuit_node]: No pose received on /current_map_pose yet
[gpu_amcl_cpp_node-6] [WARN] [1788988936.812684365] [gpu_amcl_cpp]: Waiting for AMCL inputs: map=missing odom=ready.
[component_container-9] [WARN] [1788988937.283791423] [pure_pursuit_node]: No pose received on /current_map_pose yet
