[INFO] [launch]: All log files can be found below /root/.ros/log/2026-09-09-19-45-18-344001-ExternalDrive-5679
[INFO] [launch]: Default logging verbosity is set to INFO
[INFO] [launch.user]: controller=pure_pursuit custom_amcl=True rviz=False
[INFO] [autodrive_bridge_40hz-1]: process started with pid [5708]
[INFO] [sensor_odometry_node-2]: process started with pid [5710]
[INFO] [ekf_localization_node-3]: process started with pid [5712]
[INFO] [map_server-4]: process started with pid [5714]
[INFO] [lifecycle_manager-5]: process started with pid [5716]
[INFO] [gpu_amcl_cpp_node-6]: process started with pid [5718]
[INFO] [ground_truth_amcl_monitor-7]: process started with pid [5720]
[INFO] [calibration-8]: process started with pid [5722]
[INFO] [component_container-9]: process started with pid [5724]
[INFO] [actuator_interface-10]: process started with pid [5726]
[sensor_odometry_node-2] [INFO] [1788983118.572660905] [sensor_odometry]: Deterministic odometry observer: exact timestamp packets, encoders + IMU only
[lifecycle_manager-5] [INFO] [1788983118.573987222] [lifecycle_manager_map]: Creating
[lifecycle_manager-5] [INFO] [1788983118.578458978] [lifecycle_manager_map]: [34m[1mCreating and initializing lifecycle service clients[0m[0m
[ekf_localization_node-3] [INFO] [1788983118.585454136] [ekf_localization]: Local odometry trust filter ready: /odom -> /ekf_odom and /ekf_pose in frame odom; reset events=/autodrive/reset_command
[map_server-4] [INFO] [1788983118.587663560] [map_server]: 
[map_server-4] 	map_server lifecycle node launched. 
[map_server-4] 	Waiting on external lifecycle transitions to activate
[map_server-4] 	See https://design.ros2.org/articles/node_lifecycle.html for more information.
[map_server-4] [INFO] [1788983118.587818119] [map_server]: Creating
[lifecycle_manager-5] [INFO] [1788983118.656445268] [lifecycle_manager_map]: [34m[1mStarting managed nodes bringup...[0m[0m
[lifecycle_manager-5] [INFO] [1788983118.656517103] [lifecycle_manager_map]: [34m[1mConfiguring map_server[0m[0m
[component_container-9] [INFO] [1788983118.773197237] [controller_container]: Load Library: /workspace/install/lib/libpure_pursuit_node.so
[component_container-9] [INFO] [1788983118.776589689] [controller_container]: Found class: rclcpp_components::NodeFactoryTemplate<f1tenth_control::PurePursuitNode>
[component_container-9] [INFO] [1788983118.776664459] [controller_container]: Instantiate class: rclcpp_components::NodeFactoryTemplate<f1tenth_control::PurePursuitNode>
[gpu_amcl_cpp_node-6] [INFO] [1788983118.787040628] [gpu_amcl_cpp]: [AMCL] Parameters: update_min_d=0.02000, update_min_a=0.03500, max_scan_age=0.2500, odom_history=1.000s, cloud_publish_rate=1.0 Hz, debug_pre_resample=false, slip_threshold=1.00 rad/s, initial_raceline_heading=false, local_correction_gate=0.00m/0.00rad xy_gain=0.250 cross_track_only=true yaw_gain=0.000 association=0.80m recenter_cloud=true
[component_container-9] [INFO] [1788983118.791622120] [pure_pursuit_node]: Initializing Pure Pursuit Node
[component_container-9] [INFO] [1788983118.804461959] [pure_pursuit_node]: Loaded trajectory with 2586 waypoints (51.7 m)
[gpu_amcl_cpp_node-6] [INFO] [1788983118.806177887] [gpu_amcl_cpp]: Particle cloud publishing scan-synchronized, max 1.0 Hz
[gpu_amcl_cpp_node-6] [INFO] [1788983118.806226448] [gpu_amcl_cpp]: GPU AMCL C++ node created — waiting for map...
[map_server-4] [INFO] [1788983118.810111073] [map_server]: Configuring
[map_server-4] [INFO] [1788983118.810275451] [map_io]: Loading yaml file: /workspace/src/f1tenth_planning/maps/autodrive_track_ftg_commit_20260909_025m.yaml
[map_server-4] [INFO] [1788983118.810890214] [map_io]: resolution: 0.025
[map_server-4] [INFO] [1788983118.810913868] [map_io]: origin[0]: -6.82
[map_server-4] [INFO] [1788983118.810926792] [map_io]: origin[1]: -12.3
[map_server-4] [INFO] [1788983118.810936270] [map_io]: origin[2]: 0
[map_server-4] [INFO] [1788983118.810945828] [map_io]: free_thresh: 0.25
[map_server-4] [INFO] [1788983118.810956157] [map_io]: occupied_thresh: 0.65
[map_server-4] [INFO] [1788983118.810967899] [map_io]: mode: trinary
[map_server-4] [INFO] [1788983118.810997685] [map_io]: negate: 0
[map_server-4] [INFO] [1788983118.811389360] [map_io]: Loading image_file: /workspace/src/f1tenth_planning/maps/autodrive_track_ftg_commit_20260909_025m.pgm
[component_container-9] [INFO] [1788983118.811528451] [pure_pursuit_node]: Pure Pursuit Node initialized
[component_container-9] [INFO] [1788983118.811572303] [pure_pursuit_node]:   Trajectory: /workspace/src/f1tenth_planning/trajectories/autodrive_track_ftg_commit_20260909_025m_mintime_raceline.csv (2586 points)
[component_container-9] [INFO] [1788983118.811582532] [pure_pursuit_node]:   Lookahead: 0.35 - 0.95 m (gain: 0.05)
[component_container-9] [INFO] [1788983118.811596588] [pure_pursuit_node]:   Max speed cap: 3.00 m/s
[component_container-9] [INFO] [1788983118.811606176] [pure_pursuit_node]:   Lookahead adapt: cte_weight=1.00 cte_gain=0.042 curvature_gain=1.900
[component_container-9] [INFO] [1788983118.811617778] [pure_pursuit_node]:   Speed adapt: curvature_factor=0.102 floor_ratio=0.52
[component_container-9] [INFO] [1788983118.811628759] [pure_pursuit_node]:   Speed adapt (CTE): factor=1.500 floor_ratio=0.55
[component_container-9] [INFO] [1788983118.811638848] [pure_pursuit_node]:   Speed limits: max_lat_accel=6.50 min_reg_speed=0.00
[component_container-9] [INFO] [1788983118.811655609] [pure_pursuit_node]:   Yaw-rate damping: 0.000 s
[component_container-9] [INFO] [1788983118.811665738] [pure_pursuit_node]:   Target-heading turn-in gain: 0.000
[component_container-9] [INFO] [1788983118.811675156] [pure_pursuit_node]:   Command shaping: steer_rate=3.20 accel=3.00 decel=8.00
[component_container-9] [INFO] [1788983118.811687248] [pure_pursuit_node]:   Pose: /current_map_pose (map frame)
[component_container-9] [INFO] [1788983118.811696826] [pure_pursuit_node]:   Odom: /odom
[component_container-9] [INFO] [1788983118.811705843] [pure_pursuit_node]:   Control trigger: /odom (one command per odometry update; nominal 40.0 Hz)
[component_container-9] [INFO] [1788983118.811716343] [pure_pursuit_node]:   Steering feedback: /autodrive/roboracer_1/steering (lead gain 0.25)
[component_container-9] [INFO] [1788983118.811726592] [pure_pursuit_node]:   Startup path gate: distance <= 0.80 m, heading <= 0.75 rad
[component_container-9] [INFO] [1788983118.811737332] [pure_pursuit_node]:   Command: /cmd/speed
[INFO] [launch_ros.actions.load_composable_nodes]: Loaded node '/pure_pursuit_node' in container '/controller_container'
[autodrive_bridge_40hz-1] /usr/local/lib/python3.10/dist-packages/numpy/core/getlimits.py:499: UserWarning: The value of the smallest subnormal for <class 'numpy.float64'> type is zero.
[autodrive_bridge_40hz-1]   setattr(self, word, getattr(machar, word).flat[0])
[autodrive_bridge_40hz-1] /usr/local/lib/python3.10/dist-packages/numpy/core/getlimits.py:89: UserWarning: The value of the smallest subnormal for <class 'numpy.float64'> type is zero.
[autodrive_bridge_40hz-1]   return self._float_to_str(self.smallest_subnormal)
[map_server-4] [INFO] [1788983118.845195207] [map_io]: Read map /workspace/src/f1tenth_planning/maps/autodrive_track_ftg_commit_20260909_025m.pgm: 349 X 877 map @ 0.025 m/cell
[lifecycle_manager-5] [INFO] [1788983118.851861959] [lifecycle_manager_map]: [34m[1mActivating map_server[0m[0m
[map_server-4] [INFO] [1788983118.852038160] [map_server]: Activating
[map_server-4] [INFO] [1788983118.852658754] [map_server]: Creating bond (map_server) to lifecycle manager.
[gpu_amcl_cpp_node-6] [INFO] [1788983118.853379135] [gpu_amcl_cpp]: Received first map (349x877 @ 0.025 m/cell) — initialising PF
[gpu_amcl_cpp_node-6] [INFO] [1788983118.868836943] [gpu_amcl_cpp]: Loaded 2587 global heading points from /workspace/src/f1tenth_planning/trajectories/autodrive_track_ftg_commit_20260909_025m_mintime_raceline.csv
[calibration-8] [INFO] [1788983118.873328075] [allowed_telemetry_recorder]: Calibration mode=sensor_record duration=120.000 s output=/workspace/src/f1tenth_planning/analysis/amcl_tuning_campaign_20260909/acceptance_3mps_cross_track_gain025/telemetry/sensor_record_20260909_194518.csv
[gpu_amcl_cpp_node-6] [INFO] [1788983118.884209111] [gpu_amcl_cpp]: Global AMCL startup prior centred at saved map start (0.801, 3.158, -1.571) with covariance (0.500, 0.500, 0.200).
[gpu_amcl_cpp_node-6] [INFO] [1788983118.884291916] [gpu_amcl_cpp]: Particle filter initialised with 2500 particles (global)
[gpu_amcl_cpp_node-6] [INFO] [1788983118.884357519] [gpu_amcl_cpp]: Global particle initialization active; waiting for scans before publishing pose
[actuator_interface-10] [INFO] [1788983118.896902595] [autodrive_actuator_interface]: Actuator interface ready; no arming state
[ground_truth_amcl_monitor-7] [INFO] [1788983118.899294942] [ground_truth_amcl_monitor]: Absolute map scoring enabled from explicit map start: (0.8006, 3.1583, -1.5708)
[actuator_interface-10] [WARN] [1788983118.900070817] [autodrive_actuator_interface]: Neutral output: no command
[ground_truth_amcl_monitor-7] [WARN] [1788983118.909119797] [ground_truth_amcl_monitor]: Ground-truth monitor is diagnostics-only; simulator IPS/odom are not controller inputs
[lifecycle_manager-5] [INFO] [1788983118.957336850] [lifecycle_manager_map]: Server map_server connected with bond.
[lifecycle_manager-5] [INFO] [1788983118.957416179] [lifecycle_manager_map]: [34m[1mManaged nodes are active[0m[0m
[lifecycle_manager-5] [INFO] [1788983118.957433461] [lifecycle_manager_map]: [34m[1mCreating bond timer...[0m[0m
[autodrive_bridge_40hz-1] [autodrive_bridge_40hz] camera decode/publication disabled
[autodrive_bridge_40hz-1] [autodrive_bridge_40hz] bounded request pacing enabled at 40 Hz (max one outstanding request)
[autodrive_bridge_40hz-1] Connected!
[autodrive_bridge_40hz-1] [autodrive_bridge_40hz] dropping incomplete startup packet (missing V1 LIDAR Range Array); requesting retry
[component_container-9] [WARN] [1788983133.682916495] [pure_pursuit_node]: No pose received on /current_map_pose yet
[gpu_amcl_cpp_node-6] [INFO] [1788983133.683220755] [gpu_amcl_cpp]: Received first odometry sample at (0.00, 0.00, 0.00).
[gpu_amcl_cpp_node-6] [INFO] [1788983133.684583831] [gpu_amcl_cpp]: Received LiDAR callback #1 (1081 ranges).
[gpu_amcl_cpp_node-6] [INFO] [1788983133.684645467] [gpu_amcl_cpp]: AMCL odom delta: at_scan=(0.000, 0.000, 0.000) baseline=(0.000, 0.000, 0.000) delta=(0.000, 0.000, 0.000) moved=false scan_age=0.064s
[gpu_amcl_cpp_node-6] [INFO] [1788983133.684674772] [gpu_amcl_cpp]: Starting AMCL scan update #1 (sampled from 1081 ranges).
[gpu_amcl_cpp_node-6] [INFO] [1788983133.688714348] [gpu_amcl_cpp]: AMCL scan update #1 completed; evaluating pose confidence.
[gpu_amcl_cpp_node-6] [INFO] [1788983133.689434408] [gpu_amcl_cpp]: Global AMCL refining: cluster_weight=0.609, covariance xy=0.030 (max 0.250), yaw=0.004 (max 0.120).
[gpu_amcl_cpp_node-6] [INFO] [1788983133.689464915] [gpu_amcl_cpp]: Global AMCL lock evidence: quality=false stable_scans=1/5 travel=0.000/0.750 m (min_weight=0.500).
[gpu_amcl_cpp_node-6] [INFO] [1788983133.900291208] [gpu_amcl_cpp]: Publishing provisional global AMCL pose for localization ramp; travel=0.000/0.750 m stable_scans=5/5.
[ground_truth_amcl_monitor-7] [INFO] [1788983133.901528258] [ground_truth_amcl_monitor]: Relative GT alignment initialized: yaw=-0.000, translation=(-0.000, -0.001)
[ground_truth_amcl_monitor-7] [INFO] [1788983133.902047041] [ground_truth_amcl_monitor]: AMCL vs GT: gt=(0.801, 3.157) amcl=(0.801, 3.158) error=0.001 m / 0.000 rad; current_map=unavailable; odom=(0.801, 3.157, -1.571) error=0.000 m / 0.000 rad; ekf=(0.801, 3.157, -1.571) error=0.000 m / 0.000 rad; RMS=0.001 m / 0.000 rad max=0.001 m / 0.000 rad samples=1
[component_container-9] [INFO] [1788983134.196564695] [pure_pursuit_node]: Aligned closed trajectory seam to startup pose at original waypoint 1090
[component_container-9] [INFO] [1788983134.196677757] [pure_pursuit_node]: Startup path gate passed: path_distance=0.166 m heading_error=0.301 rad
[component_container-9] [INFO] [1788983134.196731488] [pure_pursuit_node]: Pure Pursuit: pose=(0.801, 3.158, -1.571) cte=-0.166 closest=0 target=41 path_dist=0.166 heading_err=0.301 steer=0.003 speed=0.003
[gpu_amcl_cpp_node-6] [INFO] [1788983134.703083085] [gpu_amcl_cpp]: AMCL odom delta: at_scan=(0.149, 0.003, 0.038) baseline=(0.106, 0.002, 0.028) delta=(0.043, 0.001, 0.010) moved=true scan_age=0.052s
[actuator_interface-10] [INFO] [1788983134.704113808] [autodrive_actuator_interface]: Collision baseline established at cumulative count 0
[ground_truth_amcl_monitor-7] [INFO] [1788983134.924484601] [ground_truth_amcl_monitor]: AMCL vs GT: gt=(0.825, 2.657) amcl=(0.817, 2.796) error=0.140 m / 0.016 rad; current_map=(0.823, 2.722, -1.472) error=0.065 m / 0.000 rad; odom=(0.823, 2.721, -1.472) error=0.064 m / 0.000 rad; ekf=(0.823, 2.721, -1.472) error=0.064 m / 0.000 rad; RMS=0.052 m / 0.005 rad max=0.140 m / 0.016 rad samples=40
[gpu_amcl_cpp_node-6] [INFO] [1788983135.024357237] [gpu_amcl_cpp]: Global AMCL candidate rejected: start-anchor distance 0.816 m > 0.750 m.
[component_container-9] [INFO] [1788983135.222701202] [pure_pursuit_node]: Pure Pursuit: pose=(0.943, 1.998, -1.359) cte=0.010 closest=57 target=105 path_dist=0.010 heading_err=0.024 steer=0.005 speed=2.935
[gpu_amcl_cpp_node-6] [INFO] [1788983135.324761591] [gpu_amcl_cpp]: Global AMCL lock accepted at (0.970, 1.870, -1.356); continuing with local tracking.
[gpu_amcl_cpp_node-6] [INFO] [1788983135.374393348] [gpu_amcl_cpp]: AMCL local correction: odom_prediction=(0.998, 1.742, -1.353) scan=(0.992, 1.731, -1.365) correction=0.012 m/0.011 rad cluster_weight=0.928 publish=true
[gpu_amcl_cpp_node-6] [INFO] [1788983135.725454201] [gpu_amcl_cpp]: AMCL odom delta: at_scan=(2.415, 0.398, 0.167) baseline=(2.274, 0.374, 0.176) delta=(0.141, 0.024, -0.008) moved=true scan_age=0.051s
[ground_truth_amcl_monitor-7] [INFO] [1788983135.927168747] [ground_truth_amcl_monitor]: AMCL vs GT: gt=(1.299, 0.040) amcl=(1.262, 0.166) error=0.132 m / 0.000 rad; current_map=(1.264, 0.166, -1.442) error=0.132 m / 0.000 rad; odom=(1.284, 0.169, -1.442) error=0.130 m / 0.000 rad; ekf=(1.284, 0.169, -1.442) error=0.130 m / 0.000 rad; RMS=0.170 m / 0.016 rad max=0.626 m / 0.082 rad samples=73
[component_container-9] [INFO] [1788983136.271654811] [pure_pursuit_node]: Pure Pursuit: pose=(1.359, -0.987, -1.534) cte=0.002 closest=208 target=257 path_dist=0.002 heading_err=-0.014 steer=-0.032 speed=2.964
[gpu_amcl_cpp_node-6] [INFO] [1788983136.376279750] [gpu_amcl_cpp]: AMCL local correction: odom_prediction=(1.378, -1.141, -1.549) scan=(1.398, -1.129, -1.544) correction=0.023 m/0.005 rad cluster_weight=0.947 publish=true
[gpu_amcl_cpp_node-6] [INFO] [1788983136.776642902] [gpu_amcl_cpp]: AMCL odom delta: at_scan=(5.466, 0.542, -0.092) baseline=(5.325, 0.554, -0.081) delta=(0.141, -0.012, -0.012) moved=true scan_age=0.051s
[ground_truth_amcl_monitor-7] [INFO] [1788983136.972238042] [ground_truth_amcl_monitor]: AMCL vs GT: gt=(1.297, -2.991) amcl=(1.331, -2.655) error=0.338 m / 0.010 rad; current_map=(1.307, -2.856, -1.696) error=0.135 m / 0.000 rad; odom=(1.281, -2.853, -1.696) error=0.139 m / 0.000 rad; ekf=(1.281, -2.853, -1.696) error=0.139 m / 0.000 rad; RMS=0.189 m / 0.014 rad max=0.626 m / 0.082 rad samples=112
[component_container-9] [INFO] [1788983137.273134630] [pure_pursuit_node]: Pure Pursuit: pose=(1.172, -3.863, -1.727) cte=-0.010 closest=353 target=401 path_dist=0.010 heading_err=0.013 steer=-0.010 speed=2.944
[gpu_amcl_cpp_node-6] [INFO] [1788983137.376543639] [gpu_amcl_cpp]: AMCL local correction: odom_prediction=(1.148, -4.012, -1.732) scan=(1.149, -4.022, -1.729) correction=0.009 m/0.003 rad cluster_weight=0.941 publish=true
[gpu_amcl_cpp_node-6] [INFO] [1788983137.823401456] [gpu_amcl_cpp]: AMCL odom delta: at_scan=(8.482, 0.080, -0.194) baseline=(8.334, 0.108, -0.189) delta=(0.149, -0.029, -0.005) moved=true scan_age=0.051s
[ground_truth_amcl_monitor-7] [INFO] [1788983137.974692961] [ground_truth_amcl_monitor]: AMCL vs GT: gt=(0.806, -5.903) amcl=(0.855, -5.631) error=0.276 m / 0.003 rad; current_map=(0.825, -5.779, -1.776) error=0.125 m / 0.000 rad; odom=(0.788, -5.774, -1.776) error=0.130 m / 0.000 rad; ekf=(0.788, -5.774, -1.776) error=0.130 m / 0.000 rad; RMS=0.200 m / 0.012 rad max=0.626 m / 0.082 rad samples=150
[component_container-9] [INFO] [1788983138.297384373] [pure_pursuit_node]: Pure Pursuit: pose=(0.586, -6.877, -1.800) cte=-0.004 closest=506 target=555 path_dist=0.004 heading_err=0.001 steer=-0.008 speed=2.945
[gpu_amcl_cpp_node-6] [INFO] [1788983138.400336124] [gpu_amcl_cpp]: AMCL local correction: odom_prediction=(0.554, -7.025, -1.805) scan=(0.550, -7.051, -1.799) correction=0.027 m/0.005 rad cluster_weight=0.975 publish=true
[gpu_amcl_cpp_node-6] [INFO] [1788983138.726289643] [gpu_amcl_cpp]: Received LiDAR callback #98 (1081 ranges).
[gpu_amcl_cpp_node-6] [INFO] [1788983138.726361367] [gpu_amcl_cpp]: Starting AMCL scan update #98 (sampled from 1081 ranges).
[gpu_amcl_cpp_node-6] [INFO] [1788983138.727420574] [gpu_amcl_cpp]: AMCL scan update #98 completed; evaluating pose confidence.
[gpu_amcl_cpp_node-6] [INFO] [1788983138.849828252] [gpu_amcl_cpp]: AMCL odom delta: at_scan=(11.449, -0.628, -0.307) baseline=(11.305, -0.584, -0.292) delta=(0.144, -0.045, -0.015) moved=true scan_age=0.052s
[ground_truth_amcl_monitor-7] [INFO] [1788983138.975364287] [ground_truth_amcl_monitor]: AMCL vs GT: gt=(0.080, -8.737) amcl=(0.110, -8.633) error=0.109 m / 0.000 rad; current_map=(0.109, -8.632, -1.928) error=0.109 m / 0.000 rad; odom=(0.057, -8.624, -1.928) error=0.116 m / 0.000 rad; ekf=(0.057, -8.624, -1.928) error=0.116 m / 0.000 rad; RMS=0.202 m / 0.011 rad max=0.626 m / 0.082 rad samples=187
[component_container-9] [INFO] [1788983139.323892422] [pure_pursuit_node]: Pure Pursuit: pose=(-0.344, -9.408, -2.396) cte=0.075 closest=643 target=690 path_dist=0.075 heading_err=0.260 steer=-0.221 speed=2.327
[gpu_amcl_cpp_node-6] [INFO] [1788983139.449505431] [gpu_amcl_cpp]: AMCL local correction: odom_prediction=(-0.460, -9.538, -2.452) scan=(-0.528, -9.674, -2.419) correction=0.152 m/0.033 rad cluster_weight=0.995 publish=true
[gpu_amcl_cpp_node-6] [WARN] [1788983139.600436771] [gpu_amcl_cpp]: Queued LiDAR scan until source-time odometry arrives (queued=1).
[gpu_amcl_cpp_node-6] [INFO] [1788983139.873429931] [gpu_amcl_cpp]: AMCL odom delta: at_scan=(12.913, -1.859, -1.407) baseline=(12.897, -1.758, -1.407) delta=(0.017, -0.101, -0.001) moved=true scan_age=0.051s
[ground_truth_amcl_monitor-7] [INFO] [1788983139.976898752] [ground_truth_amcl_monitor]: AMCL vs GT: gt=(-1.483, -10.071) amcl=(-1.037, -9.863) error=0.493 m / 0.003 rad; current_map=(-1.136, -9.881, -2.962) error=0.395 m / 0.000 rad; odom=(-1.259, -9.791, -2.962) error=0.358 m / 0.000 rad; ekf=(-1.259, -9.791, -2.962) error=0.358 m / 0.000 rad; RMS=0.225 m / 0.021 rad max=0.626 m / 0.102 rad samples=224
[component_container-9] [INFO] [1788983140.357700872] [pure_pursuit_node]: Pure Pursuit: pose=(-1.973, -9.912, 2.517) cte=0.040 closest=742 target=788 path_dist=0.040 heading_err=0.112 steer=-0.111 speed=2.553
[gpu_amcl_cpp_node-6] [INFO] [1788983140.502505052] [gpu_amcl_cpp]: AMCL local correction: odom_prediction=(-2.198, -9.845, 2.391) scan=(-2.378, -9.862, 2.416) correction=0.181 m/0.026 rad cluster_weight=0.979 publish=true
[gpu_amcl_cpp_node-6] [INFO] [1788983140.881594170] [gpu_amcl_cpp]: AMCL odom delta: at_scan=(11.904, -3.625, -2.756) baseline=(12.024, -3.572, -2.692) delta=(-0.120, -0.053, -0.064) moved=true scan_age=0.056s
[ground_truth_amcl_monitor-7] [INFO] [1788983140.998811264] [ground_truth_amcl_monitor]: AMCL vs GT: gt=(-3.101, -8.750) amcl=(-2.941, -9.026) error=0.319 m / 0.044 rad; current_map=(-2.978, -8.904, 1.842) error=0.196 m / 0.000 rad; odom=(-2.923, -8.460, 1.842) error=0.341 m / 0.000 rad; ekf=(-2.923, -8.460, 1.842) error=0.341 m / 0.000 rad; RMS=0.245 m / 0.030 rad max=0.626 m / 0.169 rad samples=260
[component_container-9] [INFO] [1788983141.373077508] [pure_pursuit_node]: Pure Pursuit: pose=(-3.176, -7.874, 1.618) cte=-0.077 closest=863 target=910 path_dist=0.077 heading_err=0.102 steer=-0.045 speed=2.626
[gpu_amcl_cpp_node-6] [INFO] [1788983141.550322466] [gpu_amcl_cpp]: AMCL local correction: odom_prediction=(-3.208, -7.567, 1.574) scan=(-3.241, -7.475, 1.594) correction=0.098 m/0.020 rad cluster_weight=0.990 publish=true
[gpu_amcl_cpp_node-6] [INFO] [1788983141.926067814] [gpu_amcl_cpp]: AMCL odom delta: at_scan=(9.299, -3.831, 3.037) baseline=(9.435, -3.845, 3.052) delta=(-0.137, 0.013, -0.015) moved=true scan_age=0.052s
[ground_truth_amcl_monitor-7] [INFO] [1788983142.001523501] [ground_truth_amcl_monitor]: AMCL vs GT: gt=(-3.180, -6.189) amcl=(-3.193, -6.412) error=0.223 m / 0.000 rad; current_map=(-3.184, -6.413, 1.446) error=0.223 m / 0.000 rad; odom=(-3.010, -5.950, 1.446) error=0.294 m / 0.000 rad; ekf=(-3.010, -5.950, 1.446) error=0.294 m / 0.000 rad; RMS=0.247 m / 0.029 rad max=0.626 m / 0.169 rad samples=297
[component_container-9] [INFO] [1788983142.422454328] [pure_pursuit_node]: Pure Pursuit: pose=(-2.991, -5.174, 1.264) cte=-0.068 closest=998 target=1045 path_dist=0.068 heading_err=0.053 steer=-0.032 speed=2.654
[gpu_amcl_cpp_node-6] [INFO] [1788983142.577590424] [gpu_amcl_cpp]: AMCL local correction: odom_prediction=(-2.948, -4.919, 1.239) scan=(-2.955, -4.864, 1.214) correction=0.056 m/0.025 rad cluster_weight=0.950 publish=true
[gpu_amcl_cpp_node-6] [INFO] [1788983142.971979396] [gpu_amcl_cpp]: AMCL odom delta: at_scan=(6.698, -3.115, 2.791) baseline=(6.820, -3.160, 2.784) delta=(-0.122, 0.045, 0.007) moved=true scan_age=0.050s
[ground_truth_amcl_monitor-7] [INFO] [1788983143.023488374] [ground_truth_amcl_monitor]: AMCL vs GT: gt=(-2.400, -3.521) amcl=(-2.621, -3.977) error=0.507 m / 0.009 rad; current_map=(-2.577, -3.855, 1.229) error=0.378 m / 0.000 rad; odom=(-2.272, -3.418, 1.229) error=0.164 m / 0.000 rad; ekf=(-2.272, -3.418, 1.229) error=0.164 m / 0.000 rad; RMS=0.264 m / 0.028 rad max=0.626 m / 0.169 rad samples=334
[component_container-9] [INFO] [1788983143.424893424] [pure_pursuit_node]: Pure Pursuit: pose=(-2.172, -2.624, 1.319) cte=0.030 closest=1132 target=1180 path_dist=0.030 heading_err=-0.013 steer=0.017 speed=2.860
[gpu_amcl_cpp_node-6] [INFO] [1788983143.600714121] [gpu_amcl_cpp]: AMCL local correction: odom_prediction=(-2.065, -2.287, 1.339) scan=(-2.022, -2.200, 1.299) correction=0.097 m/0.039 rad cluster_weight=0.957 publish=true
[gpu_amcl_cpp_node-6] [INFO] [1788983143.773445125] [gpu_amcl_cpp]: Received LiDAR callback #194 (1081 ranges).
[gpu_amcl_cpp_node-6] [INFO] [1788983143.773503865] [gpu_amcl_cpp]: Starting AMCL scan update #194 (sampled from 1081 ranges).
[gpu_amcl_cpp_node-6] [INFO] [1788983143.774581365] [gpu_amcl_cpp]: AMCL scan update #194 completed; evaluating pose confidence.
[gpu_amcl_cpp_node-6] [INFO] [1788983143.978551834] [gpu_amcl_cpp]: AMCL odom delta: at_scan=(3.968, -2.384, 2.936) baseline=(4.103, -2.412, 2.933) delta=(-0.135, 0.028, 0.003) moved=true scan_age=0.053s
[ground_truth_amcl_monitor-7] [INFO] [1788983144.048948523] [ground_truth_amcl_monitor]: AMCL vs GT: gt=(-1.660, -0.678) amcl=(-1.805, -1.270) error=0.609 m / 0.003 rad; current_map=(-1.765, -1.077, 1.368) error=0.413 m / 0.000 rad; odom=(-1.544, -0.618, 1.368) error=0.131 m / 0.000 rad; ekf=(-1.544, -0.618, 1.368) error=0.131 m / 0.000 rad; RMS=0.293 m / 0.026 rad max=0.626 m / 0.169 rad samples=372
[component_container-9] [INFO] [1788983144.426543040] [pure_pursuit_node]: Pure Pursuit: pose=(-1.484, 0.106, 1.406) cte=0.051 closest=1272 target=1320 path_dist=0.051 heading_err=-0.035 steer=0.030 speed=2.738
[gpu_amcl_cpp_node-6] [WARN] [1788983144.550599872] [gpu_amcl_cpp]: Queued LiDAR scan until source-time odometry arrives (queued=1).
[gpu_amcl_cpp_node-6] [INFO] [1788983144.606090637] [gpu_amcl_cpp]: AMCL local correction: odom_prediction=(-1.399, 0.432, 1.438) scan=(-1.359, 0.468, 1.404) correction=0.054 m/0.034 rad cluster_weight=0.913 publish=true
[gpu_amcl_cpp_node-6] [INFO] [1788983145.024435326] [gpu_amcl_cpp]: AMCL odom delta: at_scan=(1.166, -1.963, 3.095) baseline=(1.297, -1.970, 3.081) delta=(-0.131, 0.007, 0.014) moved=true scan_age=0.050s
[ground_truth_amcl_monitor-7] [INFO] [1788983145.076442718] [ground_truth_amcl_monitor]: AMCL vs GT: gt=(-1.263, 2.154) amcl=(-1.259, 1.507) error=0.647 m / 0.014 rad; current_map=(-1.254, 1.635, 1.538) error=0.520 m / 0.000 rad; odom=(-1.158, 2.120, 1.538) error=0.111 m / 0.000 rad; ekf=(-1.158, 2.120, 1.538) error=0.111 m / 0.000 rad; RMS=0.322 m / 0.025 rad max=0.647 m / 0.169 rad samples=410
[component_container-9] [INFO] [1788983145.450457663] [pure_pursuit_node]: Pure Pursuit: pose=(-1.273, 2.526, 1.768) cte=0.008 closest=1394 target=1437 path_dist=0.008 heading_err=-0.085 steer=0.180 speed=2.039
[gpu_amcl_cpp_node-6] [INFO] [1788983145.625127523] [gpu_amcl_cpp]: AMCL local correction: odom_prediction=(-1.276, 2.602, 1.969) scan=(-1.272, 2.711, 1.898) correction=0.109 m/0.070 rad cluster_weight=0.833 publish=true
[gpu_amcl_cpp_node-6] [INFO] [1788983146.073307033] [gpu_amcl_cpp]: AMCL odom delta: at_scan=(-0.689, -2.455, -2.316) baseline=(-0.625, -2.391, -2.398) delta=(-0.064, -0.064, 0.083) moved=true scan_age=0.049s
[ground_truth_amcl_monitor-7] [INFO] [1788983146.077040735] [ground_truth_amcl_monitor]: AMCL vs GT: gt=(-1.807, 4.192) amcl=(-1.593, 3.406) error=0.815 m / 0.000 rad; current_map=(-1.607, 3.398, 2.397) error=0.819 m / 0.000 rad; odom=(-1.654, 3.847, 2.397) error=0.377 m / 0.000 rad; ekf=(-1.654, 3.847, 2.397) error=0.377 m / 0.000 rad; RMS=0.386 m / 0.027 rad max=0.964 m / 0.169 rad samples=449
[component_container-9] [INFO] [1788983146.475532262] [pure_pursuit_node]: Pure Pursuit: pose=(-2.014, 3.576, 2.939) cte=-0.231 closest=1467 target=1512 path_dist=0.231 heading_err=-0.234 steer=0.468 speed=1.461
[gpu_amcl_cpp_node-6] [INFO] [1788983146.655025748] [gpu_amcl_cpp]: AMCL local correction: odom_prediction=(-2.219, 3.577, 3.103) scan=(-2.454, 3.605, 3.098) correction=0.236 m/0.005 rad cluster_weight=0.798 publish=true
[gpu_amcl_cpp_node-6] [INFO] [1788983147.098143656] [gpu_amcl_cpp]: AMCL odom delta: at_scan=(-0.766, -3.405, -1.001) baseline=(-0.802, -3.342, -1.092) delta=(0.036, -0.063, 0.092) moved=true scan_age=0.051s
[ground_truth_amcl_monitor-7] [INFO] [1788983147.099511562] [ground_truth_amcl_monitor]: AMCL vs GT: gt=(-2.874, 4.330) amcl=(-2.505, 3.587) error=0.829 m / 0.092 rad; current_map=(-2.568, 3.551, -2.571) error=0.837 m / 0.000 rad; odom=(-2.604, 3.924, -2.571) error=0.488 m / 0.000 rad; ekf=(-2.604, 3.924, -2.571) error=0.488 m / 0.000 rad; RMS=0.443 m / 0.029 rad max=0.967 m / 0.169 rad samples=484
[component_container-9] [INFO] [1788983147.496321847] [pure_pursuit_node]: Pure Pursuit: pose=(-3.212, 3.139, -1.920) cte=0.144 closest=1545 target=1591 path_dist=0.144 heading_err=0.149 steer=0.253 speed=2.340
[gpu_amcl_cpp_node-6] [INFO] [1788983147.702043059] [gpu_amcl_cpp]: AMCL local correction: odom_prediction=(-3.327, 2.794, -1.665) scan=(-3.309, 2.852, -1.707) correction=0.061 m/0.043 rad cluster_weight=0.898 publish=true
[gpu_amcl_cpp_node-6] [INFO] [1788983148.098675741] [gpu_amcl_cpp]: AMCL odom delta: at_scan=(1.121, -3.929, 0.028) baseline=(1.000, -3.934, 0.051) delta=(0.122, 0.005, -0.023) moved=true scan_age=0.050s
[ground_truth_amcl_monitor-7] [INFO] [1788983148.102533095] [ground_truth_amcl_monitor]: AMCL vs GT: gt=(-3.377, 2.551) amcl=(-3.290, 1.815) error=0.741 m / 0.000 rad; current_map=(-3.288, 1.815, -1.543) error=0.741 m / 0.000 rad; odom=(-3.129, 2.037, -1.543) error=0.571 m / 0.000 rad; ekf=(-3.129, 2.037, -1.543) error=0.571 m / 0.000 rad; RMS=0.462 m / 0.031 rad max=0.967 m / 0.169 rad samples=521
[component_container-9] [INFO] [1788983148.521829110] [pure_pursuit_node]: Pure Pursuit: pose=(-3.494, 0.697, -2.067) cte=0.086 closest=1668 target=1714 path_dist=0.086 heading_err=0.226 steer=-0.097 speed=2.245
[ground_truth_amcl_monitor-7] [INFO] [1788983148.746593075] [ground_truth_amcl_monitor]: Ground-truth jump/reset detected; waiting for fresh AMCL alignment
[actuator_interface-10] [ERROR] [1788983148.747357779] [autodrive_actuator_interface]: Collision count increased to 1; terminal stop latched, no simulator reset published
[ground_truth_amcl_monitor-7] [INFO] [1788983148.748053414] [ground_truth_amcl_monitor]: Collision epoch changed; discarding localization comparison; waiting for fresh AMCL alignment
[gpu_amcl_cpp_node-6] [INFO] [1788983148.748815683] [gpu_amcl_cpp]: AMCL local correction: odom_prediction=(-3.632, 0.642, -2.155) scan=(-3.329, 0.695, -2.073) correction=0.308 m/0.082 rad cluster_weight=0.727 publish=true
[actuator_interface-10] [WARN] [1788983148.766449693] [autodrive_actuator_interface]: Neutral output: external stop
[gpu_amcl_cpp_node-6] [INFO] [1788983148.798668335] [gpu_amcl_cpp]: Received LiDAR callback #287 (1081 ranges).
[gpu_amcl_cpp_node-6] [INFO] [1788983148.798732606] [gpu_amcl_cpp]: Starting AMCL scan update #287 (sampled from 1081 ranges).
[gpu_amcl_cpp_node-6] [INFO] [1788983148.799537465] [gpu_amcl_cpp]: AMCL scan update #287 completed; evaluating pose confidence.
[gpu_amcl_cpp_node-6] [INFO] [1788983149.123841705] [gpu_amcl_cpp]: AMCL odom delta: at_scan=(2.602, -4.356, -0.564) baseline=(2.602, -4.356, -0.564) delta=(0.000, 0.000, 0.000) moved=false scan_age=0.050s
[component_container-9] [INFO] [1788983149.546959557] [pure_pursuit_node]: Pure Pursuit: pose=(-3.375, 0.160, -2.135) cte=-0.226 closest=1690 target=1731 path_dist=0.226 heading_err=0.066 steer=-0.524 speed=1.657
[gpu_amcl_cpp_node-6] [INFO] [1788983150.172983233] [gpu_amcl_cpp]: AMCL odom delta: at_scan=(2.602, -4.356, -0.564) baseline=(2.602, -4.356, -0.564) delta=(0.000, 0.000, -0.000) moved=false scan_age=0.049s
[component_container-9] [INFO] [1788983150.547565584] [pure_pursuit_node]: Pure Pursuit: pose=(-3.375, 0.160, -2.135) cte=-0.226 closest=1690 target=1731 path_dist=0.226 heading_err=0.066 steer=-0.524 speed=1.657
[gpu_amcl_cpp_node-6] [INFO] [1788983151.198492102] [gpu_amcl_cpp]: AMCL odom delta: at_scan=(2.602, -4.356, -0.564) baseline=(2.602, -4.356, -0.564) delta=(0.000, 0.000, -0.000) moved=false scan_age=0.049s
[component_container-9] [INFO] [1788983151.550984186] [pure_pursuit_node]: Pure Pursuit: pose=(-3.375, 0.160, -2.135) cte=-0.226 closest=1690 target=1731 path_dist=0.226 heading_err=0.066 steer=-0.524 speed=1.657
[gpu_amcl_cpp_node-6] [INFO] [1788983152.198732565] [gpu_amcl_cpp]: AMCL odom delta: at_scan=(2.602, -4.356, -0.564) baseline=(2.602, -4.356, -0.564) delta=(0.000, 0.000, -0.000) moved=false scan_age=0.050s
[gpu_amcl_cpp_node-6] [WARN] [1788983152.322638465] [gpu_amcl_cpp]: Queued LiDAR scan until source-time odometry arrives (queued=1).
[component_container-9] [INFO] [1788983152.596907942] [pure_pursuit_node]: Pure Pursuit: pose=(-3.375, 0.160, -2.135) cte=-0.226 closest=1690 target=1731 path_dist=0.226 heading_err=0.066 steer=-0.524 speed=1.657
[gpu_amcl_cpp_node-6] [INFO] [1788983153.247995124] [gpu_amcl_cpp]: AMCL odom delta: at_scan=(2.602, -4.356, -0.564) baseline=(2.602, -4.356, -0.564) delta=(0.000, 0.000, -0.000) moved=false scan_age=0.050s
[component_container-9] [INFO] [1788983153.621558204] [pure_pursuit_node]: Pure Pursuit: pose=(-3.375, 0.160, -2.135) cte=-0.226 closest=1690 target=1731 path_dist=0.226 heading_err=0.066 steer=-0.524 speed=1.657
[gpu_amcl_cpp_node-6] [INFO] [1788983153.825440760] [gpu_amcl_cpp]: Received LiDAR callback #382 (1081 ranges).
[gpu_amcl_cpp_node-6] [INFO] [1788983154.272877171] [gpu_amcl_cpp]: AMCL odom delta: at_scan=(2.602, -4.356, -0.564) baseline=(2.602, -4.356, -0.564) delta=(0.000, 0.000, -0.000) moved=false scan_age=0.050s
[component_container-9] [INFO] [1788983154.645980370] [pure_pursuit_node]: Pure Pursuit: pose=(-3.375, 0.160, -2.135) cte=-0.226 closest=1690 target=1731 path_dist=0.226 heading_err=0.066 steer=-0.524 speed=1.657
[gpu_amcl_cpp_node-6] [INFO] [1788983155.298068039] [gpu_amcl_cpp]: AMCL odom delta: at_scan=(2.602, -4.356, -0.564) baseline=(2.602, -4.356, -0.564) delta=(0.000, 0.000, -0.000) moved=false scan_age=0.050s
[component_container-9] [INFO] [1788983155.671395619] [pure_pursuit_node]: Pure Pursuit: pose=(-3.375, 0.160, -2.135) cte=-0.226 closest=1690 target=1731 path_dist=0.226 heading_err=0.066 steer=-0.524 speed=1.657
[gpu_amcl_cpp_node-6] [INFO] [1788983156.323116781] [gpu_amcl_cpp]: AMCL odom delta: at_scan=(2.602, -4.356, -0.564) baseline=(2.602, -4.356, -0.564) delta=(0.000, 0.000, -0.000) moved=false scan_age=0.052s
[component_container-9] [INFO] [1788983156.722614981] [pure_pursuit_node]: Pure Pursuit: pose=(-3.375, 0.160, -2.135) cte=-0.226 closest=1690 target=1731 path_dist=0.226 heading_err=0.066 steer=-0.524 speed=1.657
[gpu_amcl_cpp_node-6] [INFO] [1788983157.350285381] [gpu_amcl_cpp]: AMCL odom delta: at_scan=(2.602, -4.356, -0.564) baseline=(2.602, -4.356, -0.564) delta=(0.000, 0.000, -0.000) moved=false scan_age=0.050s
[component_container-9] [INFO] [1788983157.724001159] [pure_pursuit_node]: Pure Pursuit: pose=(-3.375, 0.160, -2.135) cte=-0.226 closest=1690 target=1731 path_dist=0.226 heading_err=0.066 steer=-0.524 speed=1.657
[gpu_amcl_cpp_node-6] [INFO] [1788983158.350498930] [gpu_amcl_cpp]: AMCL odom delta: at_scan=(2.602, -4.356, -0.564) baseline=(2.602, -4.356, -0.564) delta=(0.000, 0.000, -0.000) moved=false scan_age=0.051s
[component_container-9] [INFO] [1788983158.791095296] [pure_pursuit_node]: Pure Pursuit: pose=(-3.375, 0.160, -2.135) cte=-0.226 closest=1690 target=1731 path_dist=0.226 heading_err=0.066 steer=-0.524 speed=1.657
[gpu_amcl_cpp_node-6] [INFO] [1788983158.846264278] [gpu_amcl_cpp]: Received LiDAR callback #473 (1081 ranges).
[gpu_amcl_cpp_node-6] [INFO] [1788983159.374126581] [gpu_amcl_cpp]: AMCL odom delta: at_scan=(2.602, -4.356, -0.564) baseline=(2.602, -4.356, -0.564) delta=(0.000, 0.000, -0.000) moved=false scan_age=0.049s
[component_container-9] [INFO] [1788983159.819975588] [pure_pursuit_node]: Pure Pursuit: pose=(-3.375, 0.160, -2.135) cte=-0.226 closest=1690 target=1731 path_dist=0.226 heading_err=0.066 steer=-0.524 speed=1.657
[gpu_amcl_cpp_node-6] [WARN] [1788983159.924200439] [gpu_amcl_cpp]: Queued LiDAR scan until source-time odometry arrives (queued=1).
[gpu_amcl_cpp_node-6] [INFO] [1788983160.422618403] [gpu_amcl_cpp]: AMCL odom delta: at_scan=(2.602, -4.356, -0.564) baseline=(2.602, -4.356, -0.564) delta=(0.000, 0.000, -0.000) moved=false scan_age=0.049s
[component_container-9] [INFO] [1788983160.845338685] [pure_pursuit_node]: Pure Pursuit: pose=(-3.375, 0.160, -2.135) cte=-0.226 closest=1690 target=1731 path_dist=0.226 heading_err=0.066 steer=-0.524 speed=1.657
[gpu_amcl_cpp_node-6] [INFO] [1788983161.449565652] [gpu_amcl_cpp]: AMCL odom delta: at_scan=(2.602, -4.356, -0.564) baseline=(2.602, -4.356, -0.564) delta=(0.000, 0.000, -0.000) moved=false scan_age=0.052s
[component_container-9] [INFO] [1788983161.846221153] [pure_pursuit_node]: Pure Pursuit: pose=(-3.375, 0.160, -2.135) cte=-0.226 closest=1690 target=1731 path_dist=0.226 heading_err=0.066 steer=-0.524 speed=1.657
[gpu_amcl_cpp_node-6] [INFO] [1788983162.499445890] [gpu_amcl_cpp]: AMCL odom delta: at_scan=(2.602, -4.356, -0.564) baseline=(2.602, -4.356, -0.564) delta=(0.000, 0.000, -0.000) moved=false scan_age=0.051s
[component_container-9] [INFO] [1788983162.871820956] [pure_pursuit_node]: Pure Pursuit: pose=(-3.375, 0.160, -2.135) cte=-0.226 closest=1690 target=1731 path_dist=0.226 heading_err=0.066 steer=-0.524 speed=1.657
[gpu_amcl_cpp_node-6] [INFO] [1788983163.524357864] [gpu_amcl_cpp]: AMCL odom delta: at_scan=(2.602, -4.356, -0.564) baseline=(2.602, -4.356, -0.564) delta=(0.000, 0.000, -0.000) moved=false scan_age=0.050s
[gpu_amcl_cpp_node-6] [INFO] [1788983163.852915967] [gpu_amcl_cpp]: Received LiDAR callback #568 (1081 ranges).
[component_container-9] [INFO] [1788983163.923454404] [pure_pursuit_node]: Pure Pursuit: pose=(-3.375, 0.160, -2.135) cte=-0.226 closest=1690 target=1731 path_dist=0.226 heading_err=0.066 steer=-0.524 speed=1.657
[gpu_amcl_cpp_node-6] [WARN] [1788983164.150455018] [gpu_amcl_cpp]: Queued LiDAR scan until source-time odometry arrives (queued=1).
[gpu_amcl_cpp_node-6] [INFO] [1788983164.526099086] [gpu_amcl_cpp]: AMCL odom delta: at_scan=(2.602, -4.356, -0.564) baseline=(2.602, -4.356, -0.564) delta=(0.000, 0.000, -0.000) moved=false scan_age=0.051s
[component_container-9] [INFO] [1788983164.972721806] [pure_pursuit_node]: Pure Pursuit: pose=(-3.375, 0.160, -2.135) cte=-0.226 closest=1690 target=1731 path_dist=0.226 heading_err=0.066 steer=-0.524 speed=1.657
[gpu_amcl_cpp_node-6] [INFO] [1788983165.551412195] [gpu_amcl_cpp]: AMCL odom delta: at_scan=(2.602, -4.356, -0.564) baseline=(2.602, -4.356, -0.564) delta=(0.000, 0.000, -0.000) moved=false scan_age=0.052s
[component_container-9] [INFO] [1788983165.976230243] [pure_pursuit_node]: Pure Pursuit: pose=(-3.375, 0.160, -2.135) cte=-0.226 closest=1690 target=1731 path_dist=0.226 heading_err=0.066 steer=-0.524 speed=1.657
[gpu_amcl_cpp_node-6] [INFO] [1788983166.600098398] [gpu_amcl_cpp]: AMCL odom delta: at_scan=(2.602, -4.356, -0.564) baseline=(2.602, -4.356, -0.564) delta=(0.000, 0.000, -0.000) moved=false scan_age=0.051s
[component_container-9] [INFO] [1788983167.046465951] [pure_pursuit_node]: Pure Pursuit: pose=(-3.375, 0.160, -2.135) cte=-0.226 closest=1690 target=1731 path_dist=0.226 heading_err=0.066 steer=-0.524 speed=1.657
[gpu_amcl_cpp_node-6] [INFO] [1788983167.649789258] [gpu_amcl_cpp]: AMCL odom delta: at_scan=(2.602, -4.356, -0.564) baseline=(2.602, -4.356, -0.564) delta=(0.000, 0.000, -0.000) moved=false scan_age=0.050s
[component_container-9] [INFO] [1788983168.047005192] [pure_pursuit_node]: Pure Pursuit: pose=(-3.375, 0.160, -2.135) cte=-0.226 closest=1690 target=1731 path_dist=0.226 heading_err=0.066 steer=-0.524 speed=1.657
[gpu_amcl_cpp_node-6] [INFO] [1788983168.675539510] [gpu_amcl_cpp]: AMCL odom delta: at_scan=(2.602, -4.356, -0.564) baseline=(2.602, -4.356, -0.564) delta=(0.000, 0.000, -0.000) moved=false scan_age=0.051s
[gpu_amcl_cpp_node-6] [INFO] [1788983168.923486928] [gpu_amcl_cpp]: Received LiDAR callback #660 (1081 ranges).
[component_container-9] [INFO] [1788983169.077543785] [pure_pursuit_node]: Pure Pursuit: pose=(-3.375, 0.160, -2.135) cte=-0.226 closest=1690 target=1731 path_dist=0.226 heading_err=0.066 steer=-0.524 speed=1.657
[gpu_amcl_cpp_node-6] [INFO] [1788983169.677820339] [gpu_amcl_cpp]: AMCL odom delta: at_scan=(2.602, -4.356, -0.564) baseline=(2.602, -4.356, -0.564) delta=(0.000, 0.000, -0.000) moved=false scan_age=0.053s
[component_container-9] [INFO] [1788983170.121818059] [pure_pursuit_node]: Pure Pursuit: pose=(-3.375, 0.160, -2.135) cte=-0.226 closest=1690 target=1731 path_dist=0.226 heading_err=0.066 steer=-0.524 speed=1.657
