[INFO] [launch]: All log files can be found below /root/.ros/log/2026-09-08-19-40-10-331636-ExternalDrive-32845
[INFO] [launch]: Default logging verbosity is set to INFO
[INFO] [autodrive_bridge_40hz-1]: process started with pid [32897]
[INFO] [sensor_odometry_node-2]: process started with pid [32899]
[INFO] [ekf_localization_node-3]: process started with pid [32901]
[INFO] [map_server-4]: process started with pid [32903]
[INFO] [lifecycle_manager-5]: process started with pid [32905]
[INFO] [gpu_amcl_cpp_node-6]: process started with pid [32907]
[map_server-4] [INFO] [1788896410.568793487] [map_server]: 
[map_server-4] 	map_server lifecycle node launched. 
[map_server-4] 	Waiting on external lifecycle transitions to activate
[map_server-4] 	See https://design.ros2.org/articles/node_lifecycle.html for more information.
[map_server-4] [INFO] [1788896410.568979446] [map_server]: Creating
[autodrive_bridge_40hz-1] /usr/local/lib/python3.10/dist-packages/numpy/core/getlimits.py:499: UserWarning: The value of the smallest subnormal for <class 'numpy.float64'> type is zero.
[autodrive_bridge_40hz-1]   setattr(self, word, getattr(machar, word).flat[0])
[autodrive_bridge_40hz-1] /usr/local/lib/python3.10/dist-packages/numpy/core/getlimits.py:89: UserWarning: The value of the smallest subnormal for <class 'numpy.float64'> type is zero.
[autodrive_bridge_40hz-1]   return self._float_to_str(self.smallest_subnormal)
[lifecycle_manager-5] [INFO] [1788896410.893761065] [lifecycle_manager_map]: Creating
[lifecycle_manager-5] [INFO] [1788896410.897247268] [lifecycle_manager_map]: [34m[1mCreating and initializing lifecycle service clients[0m[0m
[sensor_odometry_node-2] [INFO] [1788896410.898862875] [sensor_odometry]: Deterministic odometry observer: exact timestamp packets, encoders + IMU only
[lifecycle_manager-5] [INFO] [1788896410.900211450] [lifecycle_manager_map]: [34m[1mStarting managed nodes bringup...[0m[0m
[lifecycle_manager-5] [INFO] [1788896410.900269980] [lifecycle_manager_map]: [34m[1mConfiguring map_server[0m[0m
[ekf_localization_node-3] [INFO] [1788896410.900332377] [ekf_localization]: Local odometry trust filter ready: /odom -> /ekf_odom and /ekf_pose in frame odom; reset events=/autodrive/reset_command
[map_server-4] [INFO] [1788896410.900598868] [map_server]: Configuring
[map_server-4] [INFO] [1788896410.900673368] [map_io]: Loading yaml file: /workspace/src/f1tenth_planning/maps/autodrive_track_ftg_commit_20260908_lap01.yaml
[map_server-4] [INFO] [1788896410.900990615] [map_io]: resolution: 0.05
[map_server-4] [INFO] [1788896410.901006014] [map_io]: origin[0]: -6.82
[map_server-4] [INFO] [1788896410.901013899] [map_io]: origin[1]: -12.3
[map_server-4] [INFO] [1788896410.901022685] [map_io]: origin[2]: 0
[map_server-4] [INFO] [1788896410.901039727] [map_io]: free_thresh: 0.25
[map_server-4] [INFO] [1788896410.901048323] [map_io]: occupied_thresh: 0.65
[map_server-4] [INFO] [1788896410.901057901] [map_io]: mode: trinary
[map_server-4] [INFO] [1788896410.901067109] [map_io]: negate: 0
[map_server-4] [INFO] [1788896410.901329011] [map_io]: Loading image_file: /workspace/src/f1tenth_planning/maps/autodrive_track_ftg_commit_20260908_lap01.pgm
[map_server-4] [INFO] [1788896410.909501173] [map_io]: Read map /workspace/src/f1tenth_planning/maps/autodrive_track_ftg_commit_20260908_lap01.pgm: 175 X 438 map @ 0.05 m/cell
[lifecycle_manager-5] [INFO] [1788896410.914353194] [lifecycle_manager_map]: [34m[1mActivating map_server[0m[0m
[map_server-4] [INFO] [1788896410.914512053] [map_server]: Activating
[map_server-4] [INFO] [1788896410.914781139] [map_server]: Creating bond (map_server) to lifecycle manager.
[lifecycle_manager-5] [INFO] [1788896411.018777606] [lifecycle_manager_map]: Server map_server connected with bond.
[lifecycle_manager-5] [INFO] [1788896411.018840674] [lifecycle_manager_map]: [34m[1mManaged nodes are active[0m[0m
[lifecycle_manager-5] [INFO] [1788896411.018854631] [lifecycle_manager_map]: [34m[1mCreating bond timer...[0m[0m
[gpu_amcl_cpp_node-6] [INFO] [1788896411.092378674] [gpu_amcl_cpp]: [AMCL] Parameters: update_min_d=0.02000, update_min_a=0.03500, max_scan_age=0.2500, odom_history=1.000s, cloud_publish_rate=1.0 Hz, debug_pre_resample=false, slip_threshold=1.00 rad/s, initial_raceline_heading=true, local_correction_gate=0.04m/0.08rad gain=0.100 association=0.80m recenter_cloud=true
[gpu_amcl_cpp_node-6] [INFO] [1788896411.104601771] [gpu_amcl_cpp]: Particle cloud publishing scan-synchronized, max 1.0 Hz
[gpu_amcl_cpp_node-6] [INFO] [1788896411.104645363] [gpu_amcl_cpp]: GPU AMCL C++ node created — waiting for map...
[gpu_amcl_cpp_node-6] [INFO] [1788896411.115258174] [gpu_amcl_cpp]: Received first map (175x438 @ 0.050 m/cell) — initialising PF
[gpu_amcl_cpp_node-6] [INFO] [1788896411.122157113] [gpu_amcl_cpp]: Loaded 2647 global heading points from /workspace/src/f1tenth_planning/trajectories/autodrive_track_ftg_commit_20260908_lap01_mintime_raceline.csv
[gpu_amcl_cpp_node-6] [INFO] [1788896411.122225641] [gpu_amcl_cpp]: Initial local pose loaded from raceline start: x=-2.66 y=4.22 yaw=-2.984 rad
[gpu_amcl_cpp_node-6] [INFO] [1788896411.122265937] [gpu_amcl_cpp]: Initial local pose uses raceline heading: x=-2.66 y=4.22 yaw=-2.984 rad
[gpu_amcl_cpp_node-6] [INFO] [1788896411.122277870] [gpu_amcl_cpp]: Applied local AMCL startup heading offset: 0.000 rad -> yaw -2.984 rad
[gpu_amcl_cpp_node-6] [INFO] [1788896411.138606816] [gpu_amcl_cpp]: Particle filter initialised with 2500 particles (local)
[gpu_amcl_cpp_node-6] [INFO] [1788896411.139363087] [gpu_amcl_cpp]: Published initial pose: (-2.67, 4.21, -2.99)
[gpu_amcl_cpp_node-6] [INFO] [1788896411.517305539] [gpu_amcl_cpp]: Received first odometry sample at (0.00, 0.00, 0.00).
[gpu_amcl_cpp_node-6] [INFO] [1788896411.581761415] [gpu_amcl_cpp]: Received LiDAR callback #1 (1081 ranges).
[gpu_amcl_cpp_node-6] [INFO] [1788896411.582330154] [gpu_amcl_cpp]: Local AMCL lock anchored on first scan at (-2.666, 4.214, -2.986) with odom reference (0.000, 0.000, 0.000).
[gpu_amcl_cpp_node-6] [INFO] [1788896411.582351194] [gpu_amcl_cpp]: AMCL odom delta: at_scan=(0.000, 0.000, 0.000) baseline=(0.000, 0.000, 0.000) delta=(0.000, 0.000, 0.000) moved=false scan_age=0.048s
[gpu_amcl_cpp_node-6] [INFO] [1788896411.582362114] [gpu_amcl_cpp]: Starting AMCL scan update #1 (sampled from 1081 ranges).
[gpu_amcl_cpp_node-6] [INFO] [1788896411.584832118] [gpu_amcl_cpp]: AMCL scan update #1 completed; evaluating pose confidence.
[gpu_amcl_cpp_node-6] [INFO] [1788896411.585700069] [gpu_amcl_cpp]: AMCL local correction: odom_prediction=(-2.666, 4.214, -2.986) scan=(-2.636, 4.137, -2.963) correction=0.082 m/0.022 rad cluster_weight=0.816 publish=true
[gpu_amcl_cpp_node-6] [WARN] [1788896411.585734624] [gpu_amcl_cpp]: Rejected large local AMCL scan correction; restarting cloud at odometry prediction.
[gpu_amcl_cpp_node-6] [INFO] [1788896412.633634197] [gpu_amcl_cpp]: AMCL odom delta: at_scan=(0.000, 0.000, 0.000) baseline=(0.000, 0.000, 0.000) delta=(0.000, 0.000, 0.000) moved=false scan_age=0.049s
[gpu_amcl_cpp_node-6] [INFO] [1788896413.681148856] [gpu_amcl_cpp]: AMCL odom delta: at_scan=(0.000, 0.000, 0.000) baseline=(0.000, 0.000, 0.000) delta=(0.000, 0.000, 0.000) moved=false scan_age=0.047s
[gpu_amcl_cpp_node-6] [INFO] [1788896414.683349981] [gpu_amcl_cpp]: AMCL odom delta: at_scan=(0.000, 0.000, 0.000) baseline=(0.000, 0.000, 0.000) delta=(0.000, 0.000, 0.000) moved=false scan_age=0.049s
[gpu_amcl_cpp_node-6] [INFO] [1788896415.736230764] [gpu_amcl_cpp]: AMCL odom delta: at_scan=(0.000, 0.000, 0.000) baseline=(0.000, 0.000, 0.000) delta=(0.000, 0.000, 0.000) moved=false scan_age=0.052s
[gpu_amcl_cpp_node-6] [INFO] [1788896416.582068890] [gpu_amcl_cpp]: Received LiDAR callback #101 (1081 ranges).
[gpu_amcl_cpp_node-6] [INFO] [1788896416.782122388] [gpu_amcl_cpp]: AMCL odom delta: at_scan=(0.000, 0.000, 0.000) baseline=(0.000, 0.000, 0.000) delta=(0.000, 0.000, 0.000) moved=false scan_age=0.049s
[gpu_amcl_cpp_node-6] [WARN] [1788896417.783152508] [gpu_amcl_cpp]: Queued LiDAR scan until source-time odometry arrives (queued=1).
[gpu_amcl_cpp_node-6] [INFO] [1788896417.786968953] [gpu_amcl_cpp]: AMCL odom delta: at_scan=(0.000, 0.000, 0.000) baseline=(0.000, 0.000, 0.000) delta=(0.000, 0.000, 0.000) moved=false scan_age=0.054s
[gpu_amcl_cpp_node-6] [INFO] [1788896418.808230293] [gpu_amcl_cpp]: AMCL odom delta: at_scan=(0.000, 0.000, 0.000) baseline=(0.000, 0.000, 0.000) delta=(0.000, 0.000, 0.000) moved=false scan_age=0.048s
[gpu_amcl_cpp_node-6] [INFO] [1788896419.857603989] [gpu_amcl_cpp]: AMCL odom delta: at_scan=(0.000, 0.000, 0.000) baseline=(0.000, 0.000, 0.000) delta=(0.000, 0.000, 0.000) moved=false scan_age=0.048s
[gpu_amcl_cpp_node-6] [INFO] [1788896420.057433425] [gpu_amcl_cpp]: Starting AMCL scan update #171 (sampled from 1081 ranges).
[gpu_amcl_cpp_node-6] [INFO] [1788896420.058828157] [gpu_amcl_cpp]: AMCL scan update #171 completed; evaluating pose confidence.
[gpu_amcl_cpp_node-6] [INFO] [1788896420.059783753] [gpu_amcl_cpp]: AMCL local correction: odom_prediction=(-2.708, 4.207, -2.973) scan=(-2.686, 4.126, -2.964) correction=0.084 m/0.009 rad cluster_weight=0.797 publish=true
[gpu_amcl_cpp_node-6] [WARN] [1788896420.059813098] [gpu_amcl_cpp]: Rejected large local AMCL scan correction; restarting cloud at odometry prediction.
[gpu_amcl_cpp_node-6] [INFO] [1788896420.857665976] [gpu_amcl_cpp]: AMCL odom delta: at_scan=(0.446, 0.048, 0.210) baseline=(0.417, 0.042, 0.201) delta=(0.029, 0.006, 0.009) moved=true scan_age=0.049s
[gpu_amcl_cpp_node-6] [INFO] [1788896421.160781963] [gpu_amcl_cpp]: AMCL local correction: odom_prediction=(-3.178, 4.065, -2.750) scan=(-3.193, 4.020, -2.751) correction=0.047 m/0.001 rad cluster_weight=0.768 publish=true
[gpu_amcl_cpp_node-6] [WARN] [1788896421.160856994] [gpu_amcl_cpp]: Rejected large local AMCL scan correction; restarting cloud at odometry prediction.
[gpu_amcl_cpp_node-6] [INFO] [1788896421.611145078] [gpu_amcl_cpp]: Received LiDAR callback #202 (1081 ranges).
[gpu_amcl_cpp_node-6] [INFO] [1788896421.858058674] [gpu_amcl_cpp]: AMCL odom delta: at_scan=(0.729, 0.120, 0.280) baseline=(0.700, 0.112, 0.274) delta=(0.029, 0.008, 0.006) moved=true scan_age=0.049s
[gpu_amcl_cpp_node-6] [INFO] [1788896422.161722710] [gpu_amcl_cpp]: AMCL local correction: odom_prediction=(-3.457, 3.936, -2.693) scan=(-3.509, 3.916, -2.695) correction=0.056 m/0.002 rad cluster_weight=0.752 publish=true
[gpu_amcl_cpp_node-6] [WARN] [1788896422.161783114] [gpu_amcl_cpp]: Rejected large local AMCL scan correction; restarting cloud at odometry prediction.
[gpu_amcl_cpp_node-6] [INFO] [1788896422.907493792] [gpu_amcl_cpp]: AMCL odom delta: at_scan=(1.050, 0.219, 0.318) baseline=(1.035, 0.214, 0.316) delta=(0.016, 0.005, 0.002) moved=false scan_age=0.048s
[gpu_amcl_cpp_node-6] [INFO] [1788896423.260433868] [gpu_amcl_cpp]: AMCL local correction: odom_prediction=(-3.776, 3.776, -2.666) scan=(-3.862, 3.765, -2.679) correction=0.087 m/0.012 rad cluster_weight=0.800 publish=true
[gpu_amcl_cpp_node-6] [WARN] [1788896423.260491687] [gpu_amcl_cpp]: Rejected large local AMCL scan correction; restarting cloud at odometry prediction.
[gpu_amcl_cpp_node-6] [INFO] [1788896423.957735545] [gpu_amcl_cpp]: AMCL odom delta: at_scan=(1.376, 0.327, 0.320) baseline=(1.345, 0.317, 0.320) delta=(0.031, 0.010, 0.000) moved=true scan_age=0.049s
[gpu_amcl_cpp_node-6] [INFO] [1788896424.360365038] [gpu_amcl_cpp]: AMCL local correction: odom_prediction=(-4.096, 3.611, -2.666) scan=(-4.156, 3.602, -2.682) correction=0.060 m/0.016 rad cluster_weight=0.819 publish=true
[gpu_amcl_cpp_node-6] [WARN] [1788896424.360422006] [gpu_amcl_cpp]: Rejected large local AMCL scan correction; restarting cloud at odometry prediction.
[gpu_amcl_cpp_node-6] [INFO] [1788896425.009310243] [gpu_amcl_cpp]: AMCL odom delta: at_scan=(1.656, 0.414, 0.217) baseline=(1.646, 0.412, 0.227) delta=(0.010, 0.002, -0.011) moved=false scan_age=0.050s
[gpu_amcl_cpp_node-6] [INFO] [1788896425.058631388] [gpu_amcl_cpp]: Starting AMCL scan update #271 (sampled from 1081 ranges).
[gpu_amcl_cpp_node-6] [INFO] [1788896425.059980133] [gpu_amcl_cpp]: AMCL scan update #271 completed; evaluating pose confidence.
[gpu_amcl_cpp_node-6] [INFO] [1788896425.360527269] [gpu_amcl_cpp]: AMCL local correction: odom_prediction=(-4.314, 3.517, -2.838) scan=(-4.320, 3.524, -2.832) correction=0.009 m/0.006 rad cluster_weight=0.823 publish=true
[gpu_amcl_cpp_node-6] [INFO] [1788896426.056526486] [gpu_amcl_cpp]: AMCL odom delta: at_scan=(1.872, 0.438, 0.020) baseline=(1.861, 0.438, 0.028) delta=(0.011, 0.000, -0.008) moved=false scan_age=0.048s
[gpu_amcl_cpp_node-6] [WARN] [1788896426.211715995] [gpu_amcl_cpp]: Rejected large local AMCL scan correction; restarting cloud at odometry prediction.
[gpu_amcl_cpp_node-6] [INFO] [1788896426.410842898] [gpu_amcl_cpp]: AMCL local correction: odom_prediction=(-4.523, 3.470, -3.013) scan=(-4.461, 3.463, -2.999) correction=0.062 m/0.014 rad cluster_weight=0.831 publish=true
[gpu_amcl_cpp_node-6] [INFO] [1788896426.657833387] [gpu_amcl_cpp]: Received LiDAR callback #303 (1081 ranges).
[gpu_amcl_cpp_node-6] [INFO] [1788896427.057155181] [gpu_amcl_cpp]: AMCL odom delta: at_scan=(2.104, 0.424, -0.136) baseline=(2.092, 0.426, -0.129) delta=(0.012, -0.002, -0.007) moved=false scan_age=0.048s
[gpu_amcl_cpp_node-6] [WARN] [1788896427.309545090] [gpu_amcl_cpp]: Rejected large local AMCL scan correction; restarting cloud at odometry prediction.
[gpu_amcl_cpp_node-6] [INFO] [1788896427.507772071] [gpu_amcl_cpp]: AMCL local correction: odom_prediction=(-4.790, 3.458, 3.115) scan=(-4.689, 3.465, 3.140) correction=0.102 m/0.025 rad cluster_weight=0.799 publish=true
[gpu_amcl_cpp_node-6] [INFO] [1788896428.106972873] [gpu_amcl_cpp]: AMCL odom delta: at_scan=(2.373, 0.369, -0.261) baseline=(2.346, 0.376, -0.250) delta=(0.026, -0.007, -0.011) moved=true scan_age=0.048s
[gpu_amcl_cpp_node-6] [WARN] [1788896428.410596691] [gpu_amcl_cpp]: Rejected large local AMCL scan correction; restarting cloud at odometry prediction.
[gpu_amcl_cpp_node-6] [INFO] [1788896428.509657247] [gpu_amcl_cpp]: AMCL local correction: odom_prediction=(-5.061, 3.480, 3.010) scan=(-4.961, 3.488, 3.032) correction=0.100 m/0.022 rad cluster_weight=0.753 publish=true
[gpu_amcl_cpp_node-6] [INFO] [1788896429.158723807] [gpu_amcl_cpp]: AMCL odom delta: at_scan=(2.656, 0.279, -0.343) baseline=(2.642, 0.284, -0.340) delta=(0.014, -0.005, -0.003) moved=false scan_age=0.050s
[gpu_amcl_cpp_node-6] [INFO] [1788896429.510462923] [gpu_amcl_cpp]: AMCL local correction: odom_prediction=(-5.334, 3.530, 2.944) scan=(-5.334, 3.522, 2.937) correction=0.008 m/0.007 rad cluster_weight=0.749 publish=true
[gpu_amcl_cpp_node-6] [INFO] [1788896430.113387984] [gpu_amcl_cpp]: Starting AMCL scan update #372 (sampled from 1081 ranges).
[gpu_amcl_cpp_node-6] [INFO] [1788896430.114483303] [gpu_amcl_cpp]: AMCL scan update #372 completed; evaluating pose confidence.
[gpu_amcl_cpp_node-6] [INFO] [1788896430.161504284] [gpu_amcl_cpp]: AMCL odom delta: at_scan=(2.951, 0.166, -0.385) baseline=(2.936, 0.172, -0.383) delta=(0.016, -0.006, -0.002) moved=false scan_age=0.048s
[gpu_amcl_cpp_node-6] [INFO] [1788896430.609982081] [gpu_amcl_cpp]: AMCL local correction: odom_prediction=(-5.691, 3.606, 2.895) scan=(-5.706, 3.586, 2.887) correction=0.025 m/0.009 rad cluster_weight=0.775 publish=true
[gpu_amcl_cpp_node-6] [INFO] [1788896431.208474218] [gpu_amcl_cpp]: AMCL odom delta: at_scan=(3.256, 0.037, -0.404) baseline=(3.236, 0.046, -0.404) delta=(0.020, -0.009, 0.000) moved=true scan_age=0.049s
[gpu_amcl_cpp_node-6] [INFO] [1788896431.659498041] [gpu_amcl_cpp]: Received LiDAR callback #403 (1081 ranges).
[gpu_amcl_cpp_node-6] [INFO] [1788896431.661005305] [gpu_amcl_cpp]: AMCL local correction: odom_prediction=(-5.984, 3.665, 2.949) scan=(-6.000, 3.660, 2.946) correction=0.017 m/0.003 rad cluster_weight=0.799 publish=true
[gpu_amcl_cpp_node-6] [INFO] [1788896432.209863058] [gpu_amcl_cpp]: AMCL odom delta: at_scan=(3.447, -0.029, -0.236) baseline=(3.428, -0.024, -0.254) delta=(0.019, -0.005, 0.019) moved=false scan_age=0.050s
[gpu_amcl_cpp_node-6] [INFO] [1788896432.760586888] [gpu_amcl_cpp]: AMCL local correction: odom_prediction=(-6.215, 3.675, -3.119) scan=(-6.224, 3.669, -3.119) correction=0.010 m/0.000 rad cluster_weight=0.809 publish=true
[gpu_amcl_cpp_node-6] [INFO] [1788896433.256758830] [gpu_amcl_cpp]: AMCL odom delta: at_scan=(3.667, -0.059, -0.048) baseline=(3.645, -0.058, -0.064) delta=(0.022, -0.001, 0.016) moved=true scan_age=0.048s
[gpu_amcl_cpp_node-6] [INFO] [1788896433.761117322] [gpu_amcl_cpp]: AMCL local correction: odom_prediction=(-6.431, 3.643, -2.957) scan=(-6.403, 3.638, -2.962) correction=0.028 m/0.006 rad cluster_weight=0.812 publish=true
[gpu_amcl_cpp_node-6] [WARN] [1788896434.160428263] [gpu_amcl_cpp]: Rejected large local AMCL scan correction; restarting cloud at odometry prediction.
[gpu_amcl_cpp_node-6] [INFO] [1788896434.257356540] [gpu_amcl_cpp]: AMCL odom delta: at_scan=(3.905, -0.052, 0.100) baseline=(3.881, -0.054, 0.088) delta=(0.025, 0.002, 0.013) moved=true scan_age=0.049s
[gpu_amcl_cpp_node-6] [INFO] [1788896434.859558939] [gpu_amcl_cpp]: AMCL local correction: odom_prediction=(-6.688, 3.570, -2.819) scan=(-6.622, 3.576, -2.829) correction=0.066 m/0.010 rad cluster_weight=0.803 publish=true
[gpu_amcl_cpp_node-6] [INFO] [1788896435.157709868] [gpu_amcl_cpp]: Starting AMCL scan update #473 (sampled from 1081 ranges).
[gpu_amcl_cpp_node-6] [INFO] [1788896435.158522536] [gpu_amcl_cpp]: AMCL scan update #473 completed; evaluating pose confidence.
[gpu_amcl_cpp_node-6] [INFO] [1788896435.257676246] [gpu_amcl_cpp]: AMCL odom delta: at_scan=(4.167, -0.009, 0.216) baseline=(4.141, -0.015, 0.206) delta=(0.027, 0.006, 0.010) moved=true scan_age=0.049s
[gpu_amcl_cpp_node-6] [WARN] [1788896435.260009783] [gpu_amcl_cpp]: Rejected large local AMCL scan correction; restarting cloud at odometry prediction.
[gpu_amcl_cpp_node-6] [INFO] [1788896435.863371731] [gpu_amcl_cpp]: AMCL local correction: odom_prediction=(-6.945, 3.469, -2.727) scan=(-6.890, 3.462, -2.734) correction=0.056 m/0.006 rad cluster_weight=0.766 publish=true
[gpu_amcl_cpp_node-6] [INFO] [1788896436.259063117] [gpu_amcl_cpp]: AMCL odom delta: at_scan=(4.444, 0.063, 0.288) baseline=(4.416, 0.055, 0.282) delta=(0.028, 0.008, 0.006) moved=true scan_age=0.049s
[gpu_amcl_cpp_node-6] [WARN] [1788896436.260842021] [gpu_amcl_cpp]: Rejected large local AMCL scan correction; restarting cloud at odometry prediction.
[gpu_amcl_cpp_node-6] [INFO] [1788896436.707715540] [gpu_amcl_cpp]: Received LiDAR callback #504 (1081 ranges).
[gpu_amcl_cpp_node-6] [INFO] [1788896436.959827223] [gpu_amcl_cpp]: AMCL local correction: odom_prediction=(-7.244, 3.318, -2.670) scan=(-7.212, 3.316, -2.659) correction=0.032 m/0.012 rad cluster_weight=0.774 publish=true
[gpu_amcl_cpp_node-6] [INFO] [1788896437.307768237] [gpu_amcl_cpp]: AMCL odom delta: at_scan=(4.777, 0.170, 0.317) baseline=(4.761, 0.165, 0.317) delta=(0.016, 0.005, 0.000) moved=false scan_age=0.048s
[gpu_amcl_cpp_node-6] [INFO] [1788896437.964774175] [gpu_amcl_cpp]: AMCL local correction: odom_prediction=(-7.516, 3.165, -2.659) scan=(-7.490, 3.170, -2.643) correction=0.026 m/0.016 rad cluster_weight=0.788 publish=true
[gpu_amcl_cpp_node-6] [INFO] [1788896438.361579844] [gpu_amcl_cpp]: AMCL odom delta: at_scan=(5.105, 0.276, 0.302) baseline=(5.074, 0.267, 0.306) delta=(0.031, 0.010, -0.003) moved=true scan_age=0.053s
[gpu_amcl_cpp_node-6] [INFO] [1788896439.059708695] [gpu_amcl_cpp]: AMCL local correction: odom_prediction=(-7.809, 3.008, -2.692) scan=(-7.808, 2.999, -2.697) correction=0.010 m/0.005 rad cluster_weight=0.780 publish=true
[gpu_amcl_cpp_node-6] [INFO] [1788896439.408946706] [gpu_amcl_cpp]: AMCL odom delta: at_scan=(5.421, 0.367, 0.248) baseline=(5.407, 0.363, 0.251) delta=(0.015, 0.004, -0.003) moved=false scan_age=0.050s
[gpu_amcl_cpp_node-6] [INFO] [1788896440.158949298] [gpu_amcl_cpp]: Starting AMCL scan update #572 (sampled from 1081 ranges).
[gpu_amcl_cpp_node-6] [INFO] [1788896440.159507337] [gpu_amcl_cpp]: AMCL scan update #572 completed; evaluating pose confidence.
[gpu_amcl_cpp_node-6] [INFO] [1788896440.159945060] [gpu_amcl_cpp]: AMCL local correction: odom_prediction=(-8.075, 2.896, -2.851) scan=(-8.073, 2.892, -2.850) correction=0.005 m/0.001 rad cluster_weight=0.771 publish=true
[gpu_amcl_cpp_node-6] [INFO] [1788896440.411615512] [gpu_amcl_cpp]: AMCL odom delta: at_scan=(5.639, 0.407, 0.045) baseline=(5.622, 0.406, 0.072) delta=(0.017, 0.001, -0.027) moved=false scan_age=0.050s
[gpu_amcl_cpp_node-6] [WARN] [1788896441.058167957] [gpu_amcl_cpp]: Queued LiDAR scan until source-time odometry arrives (queued=1).
[gpu_amcl_cpp_node-6] [INFO] [1788896441.233506510] [gpu_amcl_cpp]: AMCL local correction: odom_prediction=(-8.251, 2.869, -3.121) scan=(-8.239, 2.881, -3.130) correction=0.017 m/0.009 rad cluster_weight=0.789 publish=true
[gpu_amcl_cpp_node-6] [INFO] [1788896441.431552108] [gpu_amcl_cpp]: AMCL odom delta: at_scan=(5.813, 0.392, -0.196) baseline=(5.804, 0.393, -0.187) delta=(0.009, -0.002, -0.009) moved=false scan_age=0.048s
[gpu_amcl_cpp_node-6] [INFO] [1788896441.734488280] [gpu_amcl_cpp]: Received LiDAR callback #604 (1081 ranges).
[gpu_amcl_cpp_node-6] [INFO] [1788896442.233564898] [gpu_amcl_cpp]: AMCL local correction: odom_prediction=(-8.466, 2.882, 2.998) scan=(-8.451, 2.885, 2.984) correction=0.015 m/0.014 rad cluster_weight=0.784 publish=true
[gpu_amcl_cpp_node-6] [INFO] [1788896442.432876565] [gpu_amcl_cpp]: AMCL odom delta: at_scan=(6.033, 0.330, -0.353) baseline=(6.011, 0.337, -0.334) delta=(0.022, -0.008, -0.019) moved=true scan_age=0.049s
[gpu_amcl_cpp_node-6] [INFO] [1788896443.234789797] [gpu_amcl_cpp]: AMCL local correction: odom_prediction=(-8.685, 2.938, 2.832) scan=(-8.683, 2.930, 2.822) correction=0.008 m/0.010 rad cluster_weight=0.795 publish=true
[gpu_amcl_cpp_node-6] [INFO] [1788896443.432886140] [gpu_amcl_cpp]: AMCL odom delta: at_scan=(6.253, 0.229, -0.493) baseline=(6.229, 0.241, -0.481) delta=(0.024, -0.012, -0.012) moved=true scan_age=0.049s
[gpu_amcl_cpp_node-6] [INFO] [1788896444.235763012] [gpu_amcl_cpp]: AMCL local correction: odom_prediction=(-8.939, 3.039, 2.728) scan=(-8.931, 3.040, 2.723) correction=0.008 m/0.004 rad cluster_weight=0.780 publish=true
[gpu_amcl_cpp_node-6] [INFO] [1788896444.434229380] [gpu_amcl_cpp]: AMCL odom delta: at_scan=(6.499, 0.080, -0.579) baseline=(6.473, 0.097, -0.573) delta=(0.026, -0.017, -0.006) moved=true scan_age=0.050s
[gpu_amcl_cpp_node-6] [INFO] [1788896445.232570165] [gpu_amcl_cpp]: Starting AMCL scan update #674 (sampled from 1081 ranges).
[gpu_amcl_cpp_node-6] [INFO] [1788896445.233639034] [gpu_amcl_cpp]: AMCL scan update #674 completed; evaluating pose confidence.
[gpu_amcl_cpp_node-6] [INFO] [1788896445.334695701] [gpu_amcl_cpp]: AMCL local correction: odom_prediction=(-9.212, 3.155, 2.818) scan=(-9.213, 3.159, 2.826) correction=0.004 m/0.008 rad cluster_weight=0.785 publish=true
[gpu_amcl_cpp_node-6] [INFO] [1788896445.435518208] [gpu_amcl_cpp]: AMCL odom delta: at_scan=(6.729, -0.053, -0.460) baseline=(6.707, -0.042, -0.473) delta=(0.023, -0.011, 0.013) moved=true scan_age=0.051s
[gpu_amcl_cpp_node-6] [INFO] [1788896446.335490068] [gpu_amcl_cpp]: AMCL local correction: odom_prediction=(-9.460, 3.218, 2.940) scan=(-9.465, 3.203, 2.943) correction=0.016 m/0.003 rad cluster_weight=0.803 publish=true
[gpu_amcl_cpp_node-6] [INFO] [1788896446.481840518] [gpu_amcl_cpp]: AMCL odom delta: at_scan=(6.981, -0.158, -0.333) baseline=(6.968, -0.153, -0.339) delta=(0.013, -0.004, 0.006) moved=false scan_age=0.048s
[gpu_amcl_cpp_node-6] [INFO] [1788896446.781627368] [gpu_amcl_cpp]: Received LiDAR callback #705 (1081 ranges).
[gpu_amcl_cpp_node-6] [INFO] [1788896447.433685378] [gpu_amcl_cpp]: AMCL local correction: odom_prediction=(-9.755, 3.262, 3.045) scan=(-9.755, 3.260, 3.045) correction=0.002 m/0.000 rad cluster_weight=0.790 publish=true
[gpu_amcl_cpp_node-6] [INFO] [1788896447.482672494] [gpu_amcl_cpp]: AMCL odom delta: at_scan=(7.245, -0.235, -0.242) baseline=(7.231, -0.232, -0.246) delta=(0.014, -0.003, 0.004) moved=false scan_age=0.048s
[gpu_amcl_cpp_node-6] [INFO] [1788896448.535070173] [gpu_amcl_cpp]: AMCL odom delta: at_scan=(7.540, -0.295, -0.154) baseline=(7.512, -0.291, -0.166) delta=(0.028, -0.004, 0.012) moved=true scan_age=0.051s
[gpu_amcl_cpp_node-6] [INFO] [1788896448.537110508] [gpu_amcl_cpp]: AMCL local correction: odom_prediction=(-10.069, 3.281, 3.137) scan=(-10.073, 3.279, 3.128) correction=0.004 m/0.010 rad cluster_weight=0.803 publish=true
[gpu_amcl_cpp_node-6] [INFO] [1788896449.582817729] [gpu_amcl_cpp]: AMCL odom delta: at_scan=(7.828, -0.323, -0.046) baseline=(7.815, -0.323, -0.051) delta=(0.014, -0.001, 0.004) moved=false scan_age=0.049s
[gpu_amcl_cpp_node-6] [INFO] [1788896449.634705948] [gpu_amcl_cpp]: AMCL local correction: odom_prediction=(-10.372, 3.261, -3.034) scan=(-10.377, 3.258, -3.036) correction=0.006 m/0.002 rad cluster_weight=0.783 publish=true
[gpu_amcl_cpp_node-6] [INFO] [1788896450.233304543] [gpu_amcl_cpp]: Starting AMCL scan update #774 (sampled from 1081 ranges).
[gpu_amcl_cpp_node-6] [INFO] [1788896450.233830312] [gpu_amcl_cpp]: AMCL scan update #774 completed; evaluating pose confidence.
[gpu_amcl_cpp_node-6] [INFO] [1788896450.583511452] [gpu_amcl_cpp]: AMCL odom delta: at_scan=(8.117, -0.326, 0.024) baseline=(8.102, -0.326, 0.021) delta=(0.015, 0.000, 0.003) moved=false scan_age=0.049s
[gpu_amcl_cpp_node-6] [INFO] [1788896450.734730133] [gpu_amcl_cpp]: AMCL local correction: odom_prediction=(-10.690, 3.216, -2.963) scan=(-10.692, 3.209, -2.959) correction=0.007 m/0.005 rad cluster_weight=0.779 publish=true
[gpu_amcl_cpp_node-6] [WARN] [1788896451.283144110] [gpu_amcl_cpp]: Queued LiDAR scan until source-time odometry arrives (queued=1).
[gpu_amcl_cpp_node-6] [INFO] [1788896451.632301015] [gpu_amcl_cpp]: AMCL odom delta: at_scan=(8.436, -0.316, -0.001) baseline=(8.409, -0.316, 0.011) delta=(0.028, 0.000, -0.011) moved=true scan_age=0.048s
[gpu_amcl_cpp_node-6] [INFO] [1788896451.782947449] [gpu_amcl_cpp]: Received LiDAR callback #806 (1081 ranges).
[gpu_amcl_cpp_node-6] [INFO] [1788896451.835229118] [gpu_amcl_cpp]: AMCL local correction: odom_prediction=(-11.013, 3.158, -3.019) scan=(-11.015, 3.156, -3.024) correction=0.002 m/0.005 rad cluster_weight=0.790 publish=true
[gpu_amcl_cpp_node-6] [INFO] [1788896452.634197356] [gpu_amcl_cpp]: AMCL odom delta: at_scan=(8.728, -0.328, -0.049) baseline=(8.696, -0.327, -0.052) delta=(0.032, -0.002, 0.003) moved=true scan_age=0.050s
[gpu_amcl_cpp_node-6] [INFO] [1788896452.837852957] [gpu_amcl_cpp]: AMCL local correction: odom_prediction=(-11.308, 3.128, -3.039) scan=(-11.306, 3.125, -3.031) correction=0.004 m/0.009 rad cluster_weight=0.784 publish=true
[gpu_amcl_cpp_node-6] [INFO] [1788896453.682447793] [gpu_amcl_cpp]: AMCL odom delta: at_scan=(9.063, -0.340, -0.046) baseline=(9.048, -0.339, -0.040) delta=(0.014, -0.001, -0.006) moved=false scan_age=0.049s
[gpu_amcl_cpp_node-6] [INFO] [1788896453.934600118] [gpu_amcl_cpp]: AMCL local correction: odom_prediction=(-11.645, 3.089, -3.071) scan=(-11.655, 3.091, -3.078) correction=0.010 m/0.007 rad cluster_weight=0.789 publish=true
[gpu_amcl_cpp_node-6] [INFO] [1788896454.684472354] [gpu_amcl_cpp]: AMCL odom delta: at_scan=(9.357, -0.365, -0.086) baseline=(9.341, -0.363, -0.088) delta=(0.016, -0.001, 0.002) moved=false scan_age=0.051s
[gpu_amcl_cpp_node-6] [INFO] [1788896455.034726440] [gpu_amcl_cpp]: AMCL local correction: odom_prediction=(-11.987, 3.067, -3.072) scan=(-11.996, 3.070, -3.071) correction=0.010 m/0.000 rad cluster_weight=0.787 publish=true
[gpu_amcl_cpp_node-6] [INFO] [1788896455.234191082] [gpu_amcl_cpp]: AMCL scan update #875 completed; evaluating pose confidence.
[gpu_amcl_cpp_node-6] [INFO] [1788896455.333280299] [gpu_amcl_cpp]: Starting AMCL scan update #877 (sampled from 1081 ranges).
[gpu_amcl_cpp_node-6] [INFO] [1788896455.733454154] [gpu_amcl_cpp]: AMCL odom delta: at_scan=(9.698, -0.388, -0.055) baseline=(9.666, -0.387, -0.054) delta=(0.032, -0.002, -0.000) moved=true scan_age=0.050s
[gpu_amcl_cpp_node-6] [INFO] [1788896456.034736552] [gpu_amcl_cpp]: AMCL local correction: odom_prediction=(-12.303, 3.042, -3.084) scan=(-12.293, 3.038, -3.087) correction=0.010 m/0.003 rad cluster_weight=0.786 publish=true
[gpu_amcl_cpp_node-6] [INFO] [1788896456.781643923] [gpu_amcl_cpp]: AMCL odom delta: at_scan=(10.003, -0.420, -0.120) baseline=(9.987, -0.418, -0.122) delta=(0.016, -0.002, 0.002) moved=false scan_age=0.048s
[gpu_amcl_cpp_node-6] [INFO] [1788896456.832463974] [gpu_amcl_cpp]: Received LiDAR callback #907 (1081 ranges).
[gpu_amcl_cpp_node-6] [INFO] [1788896457.133561976] [gpu_amcl_cpp]: AMCL local correction: odom_prediction=(-12.632, 3.036, -3.105) scan=(-12.630, 3.048, -3.106) correction=0.012 m/0.001 rad cluster_weight=0.789 publish=true
[gpu_amcl_cpp_node-6] [INFO] [1788896457.781821850] [gpu_amcl_cpp]: AMCL odom delta: at_scan=(10.308, -0.452, -0.127) baseline=(10.295, -0.451, -0.121) delta=(0.014, -0.002, -0.005) moved=false scan_age=0.048s
[gpu_amcl_cpp_node-6] [INFO] [1788896458.135235133] [gpu_amcl_cpp]: AMCL local correction: odom_prediction=(-12.927, 3.034, 3.113) scan=(-12.927, 3.036, 3.116) correction=0.003 m/0.004 rad cluster_weight=0.777 publish=true
[gpu_amcl_cpp_node-6] [INFO] [1788896458.783853940] [gpu_amcl_cpp]: AMCL odom delta: at_scan=(10.587, -0.500, -0.173) baseline=(10.572, -0.498, -0.176) delta=(0.015, -0.003, 0.003) moved=false scan_age=0.049s
[gpu_amcl_cpp_node-6] [INFO] [1788896459.235695788] [gpu_amcl_cpp]: AMCL local correction: odom_prediction=(-13.240, 3.043, 3.135) scan=(-13.243, 3.046, 3.136) correction=0.005 m/0.001 rad cluster_weight=0.792 publish=true
[gpu_amcl_cpp_node-6] [INFO] [1788896459.830978104] [gpu_amcl_cpp]: AMCL odom delta: at_scan=(10.880, -0.549, -0.194) baseline=(10.853, -0.543, -0.186) delta=(0.027, -0.005, -0.008) moved=true scan_age=0.047s
[gpu_amcl_cpp_node-6] [INFO] [1788896460.333772030] [gpu_amcl_cpp]: Starting AMCL scan update #977 (sampled from 1081 ranges).
[gpu_amcl_cpp_node-6] [INFO] [1788896460.334833415] [gpu_amcl_cpp]: AMCL scan update #977 completed; evaluating pose confidence.
[gpu_amcl_cpp_node-6] [INFO] [1788896460.335285746] [gpu_amcl_cpp]: AMCL local correction: odom_prediction=(-13.543, 3.059, 3.046) scan=(-13.544, 3.057, 3.049) correction=0.002 m/0.003 rad cluster_weight=0.766 publish=true
[gpu_amcl_cpp_node-6] [INFO] [1788896460.831823261] [gpu_amcl_cpp]: AMCL odom delta: at_scan=(11.148, -0.613, -0.257) baseline=(11.121, -0.606, -0.268) delta=(0.027, -0.007, 0.010) moved=true scan_age=0.048s
[gpu_amcl_cpp_node-6] [INFO] [1788896461.435105113] [gpu_amcl_cpp]: AMCL local correction: odom_prediction=(-13.845, 3.085, 3.094) scan=(-13.849, 3.083, 3.094) correction=0.005 m/0.000 rad cluster_weight=0.781 publish=true
[gpu_amcl_cpp_node-6] [INFO] [1788896461.833618924] [gpu_amcl_cpp]: Received LiDAR callback #1007 (1081 ranges).
[gpu_amcl_cpp_node-6] [INFO] [1788896461.833678787] [gpu_amcl_cpp]: AMCL odom delta: at_scan=(11.417, -0.672, -0.222) baseline=(11.390, -0.666, -0.214) delta=(0.027, -0.006, -0.009) moved=true scan_age=0.049s
[gpu_amcl_cpp_node-6] [INFO] [1788896462.437183727] [gpu_amcl_cpp]: AMCL local correction: odom_prediction=(-14.135, 3.111, 3.010) scan=(-14.129, 3.107, 3.019) correction=0.007 m/0.010 rad cluster_weight=0.780 publish=true
[gpu_amcl_cpp_node-6] [INFO] [1788896462.883478015] [gpu_amcl_cpp]: AMCL odom delta: at_scan=(11.711, -0.752, -0.312) baseline=(11.697, -0.748, -0.308) delta=(0.013, -0.004, -0.004) moved=false scan_age=0.049s
[gpu_amcl_cpp_node-6] [INFO] [1788896463.534761569] [gpu_amcl_cpp]: AMCL local correction: odom_prediction=(-14.445, 3.166, 2.932) scan=(-14.446, 3.160, 2.934) correction=0.006 m/0.002 rad cluster_weight=0.785 publish=true
[gpu_amcl_cpp_node-6] [INFO] [1788896463.932385837] [gpu_amcl_cpp]: AMCL odom delta: at_scan=(12.007, -0.859, -0.371) baseline=(11.977, -0.847, -0.367) delta=(0.030, -0.012, -0.003) moved=true scan_age=0.049s
[gpu_amcl_cpp_node-6] [INFO] [1788896464.634705677] [gpu_amcl_cpp]: AMCL local correction: odom_prediction=(-14.786, 3.247, 2.891) scan=(-14.778, 3.253, 2.890) correction=0.010 m/0.000 rad cluster_weight=0.783 publish=true
[gpu_amcl_cpp_node-6] [INFO] [1788896464.984633697] [gpu_amcl_cpp]: AMCL odom delta: at_scan=(12.324, -0.988, -0.406) baseline=(12.309, -0.982, -0.404) delta=(0.015, -0.007, -0.002) moved=false scan_age=0.051s
[gpu_amcl_cpp_node-6] [INFO] [1788896465.432172102] [gpu_amcl_cpp]: Starting AMCL scan update #1078 (sampled from 1081 ranges).
[gpu_amcl_cpp_node-6] [INFO] [1788896465.432933523] [gpu_amcl_cpp]: AMCL scan update #1078 completed; evaluating pose confidence.
[gpu_amcl_cpp_node-6] [INFO] [1788896465.635261917] [gpu_amcl_cpp]: AMCL local correction: odom_prediction=(-15.095, 3.334, 2.848) scan=(-15.096, 3.338, 2.852) correction=0.004 m/0.004 rad cluster_weight=0.778 publish=true
[gpu_amcl_cpp_node-6] [INFO] [1788896466.033273593] [gpu_amcl_cpp]: AMCL odom delta: at_scan=(12.631, -1.129, -0.448) baseline=(12.601, -1.114, -0.445) delta=(0.030, -0.014, -0.003) moved=true scan_age=0.049s
[gpu_amcl_cpp_node-6] [INFO] [1788896466.734759073] [gpu_amcl_cpp]: AMCL local correction: odom_prediction=(-15.427, 3.442, 2.796) scan=(-15.432, 3.435, 2.798) correction=0.009 m/0.002 rad cluster_weight=0.794 publish=true
[gpu_amcl_cpp_node-6] [INFO] [1788896466.882076638] [gpu_amcl_cpp]: Received LiDAR callback #1107 (1081 ranges).
[gpu_amcl_cpp_node-6] [INFO] [1788896467.081637138] [gpu_amcl_cpp]: AMCL odom delta: at_scan=(12.914, -1.275, -0.524) baseline=(12.903, -1.269, -0.514) delta=(0.011, -0.006, -0.009) moved=false scan_age=0.048s
[gpu_amcl_cpp_node-6] [INFO] [1788896467.833798898] [gpu_amcl_cpp]: AMCL local correction: odom_prediction=(-15.662, 3.544, 2.606) scan=(-15.654, 3.549, 2.603) correction=0.010 m/0.003 rad cluster_weight=0.781 publish=true
[gpu_amcl_cpp_node-6] [INFO] [1788896468.083254901] [gpu_amcl_cpp]: AMCL odom delta: at_scan=(13.082, -1.395, -0.728) baseline=(13.067, -1.382, -0.708) delta=(0.015, -0.013, -0.021) moved=false scan_age=0.048s
[gpu_amcl_cpp_node-6] [INFO] [1788896468.885766867] [gpu_amcl_cpp]: AMCL local correction: odom_prediction=(-15.822, 3.666, 2.398) scan=(-15.818, 3.655, 2.395) correction=0.012 m/0.003 rad cluster_weight=0.783 publish=true
[gpu_amcl_cpp_node-6] [INFO] [1788896469.132409862] [gpu_amcl_cpp]: AMCL odom delta: at_scan=(13.219, -1.545, -0.931) baseline=(13.207, -1.530, -0.913) delta=(0.012, -0.016, -0.019) moved=false scan_age=0.049s
[gpu_amcl_cpp_node-6] [INFO] [1788896469.937097106] [gpu_amcl_cpp]: AMCL local correction: odom_prediction=(-15.960, 3.817, 2.196) scan=(-15.966, 3.812, 2.194) correction=0.008 m/0.002 rad cluster_weight=0.782 publish=true
[gpu_amcl_cpp_node-6] [INFO] [1788896470.133770619] [gpu_amcl_cpp]: AMCL odom delta: at_scan=(13.318, -1.709, -1.126) baseline=(13.314, -1.701, -1.116) delta=(0.004, -0.008, -0.010) moved=false scan_age=0.050s
[gpu_amcl_cpp_node-6] [INFO] [1788896470.531728842] [gpu_amcl_cpp]: Starting AMCL scan update #1180 (sampled from 1081 ranges).
[gpu_amcl_cpp_node-6] [INFO] [1788896470.533030229] [gpu_amcl_cpp]: AMCL scan update #1180 completed; evaluating pose confidence.
[gpu_amcl_cpp_node-6] [INFO] [1788896470.983844159] [gpu_amcl_cpp]: AMCL local correction: odom_prediction=(-16.056, 3.987, 1.980) scan=(-16.064, 3.986, 1.988) correction=0.008 m/0.008 rad cluster_weight=0.775 publish=true
[gpu_amcl_cpp_node-6] [INFO] [1788896471.182478538] [gpu_amcl_cpp]: AMCL odom delta: at_scan=(13.384, -1.897, -1.342) baseline=(13.381, -1.887, -1.332) delta=(0.002, -0.010, -0.011) moved=false scan_age=0.048s
[gpu_amcl_cpp_node-6] [INFO] [1788896471.883586134] [gpu_amcl_cpp]: Received LiDAR callback #1207 (1081 ranges).
[gpu_amcl_cpp_node-6] [INFO] [1788896472.036070190] [gpu_amcl_cpp]: AMCL local correction: odom_prediction=(-16.118, 4.182, 1.781) scan=(-16.132, 4.187, 1.780) correction=0.014 m/0.001 rad cluster_weight=0.786 publish=true
[gpu_amcl_cpp_node-6] [INFO] [1788896472.233864619] [gpu_amcl_cpp]: AMCL odom delta: at_scan=(13.410, -2.099, -1.538) baseline=(13.410, -2.089, -1.528) delta=(0.000, -0.010, -0.009) moved=false scan_age=0.050s
[gpu_amcl_cpp_node-6] [INFO] [1788896473.085792614] [gpu_amcl_cpp]: AMCL local correction: odom_prediction=(-16.146, 4.396, 1.587) scan=(-16.141, 4.398, 1.588) correction=0.005 m/0.002 rad cluster_weight=0.783 publish=true
[gpu_amcl_cpp_node-6] [INFO] [1788896473.283294974] [gpu_amcl_cpp]: AMCL odom delta: at_scan=(13.396, -2.320, -1.733) baseline=(13.399, -2.299, -1.714) delta=(-0.003, -0.022, -0.018) moved=true scan_age=0.050s
[gpu_amcl_cpp_node-6] [INFO] [1788896474.183707427] [gpu_amcl_cpp]: AMCL local correction: odom_prediction=(-16.124, 4.638, 1.385) scan=(-16.117, 4.635, 1.386) correction=0.007 m/0.001 rad cluster_weight=0.784 publish=true
[gpu_amcl_cpp_node-6] [INFO] [1788896474.284935974] [gpu_amcl_cpp]: AMCL odom delta: at_scan=(13.340, -2.534, -1.917) baseline=(13.347, -2.513, -1.900) delta=(-0.008, -0.021, -0.017) moved=true scan_age=0.049s
[gpu_amcl_cpp_node-6] [INFO] [1788896475.184805035] [gpu_amcl_cpp]: AMCL local correction: odom_prediction=(-16.067, 4.851, 1.222) scan=(-16.072, 4.854, 1.222) correction=0.006 m/0.000 rad cluster_weight=0.774 publish=true
[gpu_amcl_cpp_node-6] [INFO] [1788896475.332812626] [gpu_amcl_cpp]: AMCL odom delta: at_scan=(13.242, -2.747, -2.086) baseline=(13.248, -2.736, -2.079) delta=(-0.006, -0.010, -0.008) moved=false scan_age=0.049s
[gpu_amcl_cpp_node-6] [INFO] [1788896475.581475856] [gpu_amcl_cpp]: Starting AMCL scan update #1281 (sampled from 1081 ranges).
[gpu_amcl_cpp_node-6] [INFO] [1788896475.582517214] [gpu_amcl_cpp]: AMCL scan update #1281 completed; evaluating pose confidence.
[gpu_amcl_cpp_node-6] [INFO] [1788896476.284962752] [gpu_amcl_cpp]: AMCL local correction: odom_prediction=(-15.959, 5.099, 1.067) scan=(-15.954, 5.104, 1.070) correction=0.007 m/0.003 rad cluster_weight=0.782 publish=true
[gpu_amcl_cpp_node-6] [INFO] [1788896476.382912235] [gpu_amcl_cpp]: AMCL odom delta: at_scan=(13.098, -2.961, -2.231) baseline=(13.113, -2.941, -2.218) delta=(-0.015, -0.020, -0.013) moved=true scan_age=0.049s
[gpu_amcl_cpp_node-6] [INFO] [1788896476.934518810] [gpu_amcl_cpp]: Received LiDAR callback #1308 (1081 ranges).
[gpu_amcl_cpp_node-6] [INFO] [1788896477.384608285] [gpu_amcl_cpp]: AMCL local correction: odom_prediction=(-15.804, 5.343, 0.936) scan=(-15.818, 5.337, 0.931) correction=0.015 m/0.006 rad cluster_weight=0.796 publish=true
[gpu_amcl_cpp_node-6] [INFO] [1788896477.432936281] [gpu_amcl_cpp]: AMCL odom delta: at_scan=(12.914, -3.168, -2.355) baseline=(12.924, -3.158, -2.349) delta=(-0.010, -0.010, -0.006) moved=false scan_age=0.049s
[gpu_amcl_cpp_node-6] [INFO] [1788896478.386277364] [gpu_amcl_cpp]: AMCL local correction: odom_prediction=(-15.628, 5.555, 0.826) scan=(-15.639, 5.549, 0.841) correction=0.012 m/0.015 rad cluster_weight=0.778 publish=true
[gpu_amcl_cpp_node-6] [INFO] [1788896478.484120367] [gpu_amcl_cpp]: AMCL odom delta: at_scan=(12.698, -3.361, -2.466) baseline=(12.720, -3.343, -2.458) delta=(-0.021, -0.017, -0.008) moved=true scan_age=0.050s
[gpu_amcl_cpp_node-6] [INFO] [1788896479.484031770] [gpu_amcl_cpp]: AMCL local correction: odom_prediction=(-15.416, 5.767, 0.735) scan=(-15.422, 5.768, 0.739) correction=0.006 m/0.004 rad cluster_weight=0.782 publish=true
[gpu_amcl_cpp_node-6] [INFO] [1788896479.532783292] [gpu_amcl_cpp]: AMCL odom delta: at_scan=(12.464, -3.531, -2.555) baseline=(12.476, -3.524, -2.551) delta=(-0.011, -0.008, -0.004) moved=false scan_age=0.049s
[gpu_amcl_cpp_node-6] [INFO] [1788896480.486298330] [gpu_amcl_cpp]: AMCL local correction: odom_prediction=(-15.203, 5.947, 0.650) scan=(-15.195, 5.947, 0.652) correction=0.008 m/0.002 rad cluster_weight=0.788 publish=true
[gpu_amcl_cpp_node-6] [INFO] [1788896480.533359695] [gpu_amcl_cpp]: AMCL odom delta: at_scan=(12.228, -3.674, -2.641) baseline=(12.240, -3.668, -2.636) delta=(-0.012, -0.007, -0.004) moved=false scan_age=0.049s
[gpu_amcl_cpp_node-6] [INFO] [1788896480.582908535] [gpu_amcl_cpp]: Starting AMCL scan update #1381 (sampled from 1081 ranges).
[gpu_amcl_cpp_node-6] [INFO] [1788896480.583962286] [gpu_amcl_cpp]: AMCL scan update #1381 completed; evaluating pose confidence.
[gpu_amcl_cpp_node-6] [INFO] [1788896481.534562264] [gpu_amcl_cpp]: AMCL odom delta: at_scan=(11.966, -3.806, -2.706) baseline=(11.979, -3.800, -2.703) delta=(-0.014, -0.006, -0.003) moved=false scan_age=0.051s
[gpu_amcl_cpp_node-6] [INFO] [1788896481.585224086] [gpu_amcl_cpp]: AMCL local correction: odom_prediction=(-14.938, 6.133, 0.577) scan=(-14.940, 6.126, 0.579) correction=0.007 m/0.002 rad cluster_weight=0.785 publish=true
[gpu_amcl_cpp_node-6] [INFO] [1788896481.936157159] [gpu_amcl_cpp]: Received LiDAR callback #1408 (1081 ranges).
[gpu_amcl_cpp_node-6] [INFO] [1788896482.536624959] [gpu_amcl_cpp]: AMCL odom delta: at_scan=(11.675, -3.941, -2.695) baseline=(11.690, -3.934, -2.697) delta=(-0.015, -0.007, 0.002) moved=false scan_age=0.050s
[gpu_amcl_cpp_node-6] [INFO] [1788896482.588058602] [gpu_amcl_cpp]: AMCL local correction: odom_prediction=(-14.669, 6.307, 0.593) scan=(-14.656, 6.301, 0.598) correction=0.014 m/0.005 rad cluster_weight=0.777 publish=true
[gpu_amcl_cpp_node-6] [INFO] [1788896483.557617075] [gpu_amcl_cpp]: AMCL odom delta: at_scan=(11.374, -4.086, -2.690) baseline=(11.389, -4.079, -2.690) delta=(-0.015, -0.007, 0.000) moved=false scan_age=0.049s
[gpu_amcl_cpp_node-6] [INFO] [1788896483.610082899] [gpu_amcl_cpp]: AMCL local correction: odom_prediction=(-14.391, 6.492, 0.596) scan=(-14.395, 6.487, 0.599) correction=0.007 m/0.002 rad cluster_weight=0.785 publish=true
[gpu_amcl_cpp_node-6] [INFO] [1788896484.608142547] [gpu_amcl_cpp]: AMCL odom delta: at_scan=(11.064, -4.234, -2.707) baseline=(11.094, -4.220, -2.707) delta=(-0.030, -0.014, -0.000) moved=true scan_age=0.049s
[gpu_amcl_cpp_node-6] [INFO] [1788896484.709085536] [gpu_amcl_cpp]: AMCL local correction: odom_prediction=(-14.090, 6.694, 0.581) scan=(-14.085, 6.693, 0.579) correction=0.006 m/0.002 rad cluster_weight=0.789 publish=true
[gpu_amcl_cpp_node-6] [INFO] [1788896485.606910174] [gpu_amcl_cpp]: Starting AMCL scan update #1481 (sampled from 1081 ranges).
[gpu_amcl_cpp_node-6] [INFO] [1788896485.608320255] [gpu_amcl_cpp]: AMCL scan update #1481 completed; evaluating pose confidence.
[gpu_amcl_cpp_node-6] [INFO] [1788896485.656998489] [gpu_amcl_cpp]: AMCL odom delta: at_scan=(10.752, -4.376, -2.730) baseline=(10.767, -4.370, -2.729) delta=(-0.015, -0.007, -0.002) moved=false scan_age=0.048s
[gpu_amcl_cpp_node-6] [INFO] [1788896485.810173612] [gpu_amcl_cpp]: AMCL local correction: odom_prediction=(-13.787, 6.884, 0.553) scan=(-13.797, 6.882, 0.549) correction=0.010 m/0.004 rad cluster_weight=0.790 publish=true
[gpu_amcl_cpp_node-6] [INFO] [1788896486.681666683] [gpu_amcl_cpp]: AMCL odom delta: at_scan=(10.443, -4.506, -2.747) baseline=(10.458, -4.500, -2.747) delta=(-0.015, -0.006, 0.000) moved=false scan_age=0.048s
[gpu_amcl_cpp_node-6] [INFO] [1788896486.833115320] [gpu_amcl_cpp]: AMCL local correction: odom_prediction=(-13.500, 7.061, 0.543) scan=(-13.494, 7.060, 0.547) correction=0.006 m/0.005 rad cluster_weight=0.789 publish=true
[gpu_amcl_cpp_node-6] [INFO] [1788896486.982617609] [gpu_amcl_cpp]: Received LiDAR callback #1508 (1081 ranges).
[gpu_amcl_cpp_node-6] [INFO] [1788896487.681773125] [gpu_amcl_cpp]: AMCL odom delta: at_scan=(10.160, -4.621, -2.772) baseline=(10.175, -4.615, -2.771) delta=(-0.015, -0.006, -0.002) moved=false scan_age=0.048s
[gpu_amcl_cpp_node-6] [INFO] [1788896487.834802885] [gpu_amcl_cpp]: AMCL local correction: odom_prediction=(-13.234, 7.217, 0.514) scan=(-13.231, 7.218, 0.519) correction=0.003 m/0.005 rad cluster_weight=0.794 publish=true
[gpu_amcl_cpp_node-6] [INFO] [1788896488.684220988] [gpu_amcl_cpp]: AMCL odom delta: at_scan=(9.855, -4.733, -2.813) baseline=(9.869, -4.728, -2.810) delta=(-0.015, -0.005, -0.003) moved=false scan_age=0.050s
[gpu_amcl_cpp_node-6] [INFO] [1788896488.835130803] [gpu_amcl_cpp]: AMCL local correction: odom_prediction=(-12.953, 7.370, 0.474) scan=(-12.952, 7.370, 0.475) correction=0.001 m/0.001 rad cluster_weight=0.789 publish=true
[gpu_amcl_cpp_node-6] [INFO] [1788896489.731755772] [gpu_amcl_cpp]: AMCL odom delta: at_scan=(9.570, -4.818, -2.894) baseline=(9.595, -4.812, -2.887) delta=(-0.025, -0.006, -0.008) moved=true scan_age=0.048s
[gpu_amcl_cpp_node-6] [INFO] [1788896489.935012326] [gpu_amcl_cpp]: AMCL local correction: odom_prediction=(-12.676, 7.496, 0.388) scan=(-12.676, 7.483, 0.387) correction=0.013 m/0.001 rad cluster_weight=0.774 publish=true
[gpu_amcl_cpp_node-6] [INFO] [1788896490.633259463] [gpu_amcl_cpp]: Starting AMCL scan update #1580 (sampled from 1081 ranges).
[gpu_amcl_cpp_node-6] [INFO] [1788896490.634020744] [gpu_amcl_cpp]: AMCL scan update #1580 completed; evaluating pose confidence.
[gpu_amcl_cpp_node-6] [INFO] [1788896490.782223970] [gpu_amcl_cpp]: AMCL odom delta: at_scan=(9.322, -4.869, -2.992) baseline=(9.333, -4.867, -2.987) delta=(-0.011, -0.002, -0.005) moved=false scan_age=0.049s
[gpu_amcl_cpp_node-6] [INFO] [1788896490.935178368] [gpu_amcl_cpp]: AMCL local correction: odom_prediction=(-12.449, 7.577, 0.295) scan=(-12.453, 7.570, 0.294) correction=0.008 m/0.001 rad cluster_weight=0.792 publish=true
[gpu_amcl_cpp_node-6] [INFO] [1788896491.783425247] [gpu_amcl_cpp]: AMCL odom delta: at_scan=(9.148, -4.881, 3.107) baseline=(9.164, -4.882, 3.128) delta=(-0.016, 0.000, -0.021) moved=false scan_age=0.050s
[gpu_amcl_cpp_node-6] [INFO] [1788896491.984114754] [gpu_amcl_cpp]: AMCL local correction: odom_prediction=(-12.280, 7.610, 0.084) scan=(-12.270, 7.603, 0.096) correction=0.012 m/0.011 rad cluster_weight=0.779 publish=true
[gpu_amcl_cpp_node-6] [INFO] [1788896492.033110515] [gpu_amcl_cpp]: Received LiDAR callback #1608 (1081 ranges).
[gpu_amcl_cpp_node-6] [INFO] [1788896492.832516384] [gpu_amcl_cpp]: AMCL odom delta: at_scan=(8.976, -4.856, 2.893) baseline=(8.992, -4.860, 2.911) delta=(-0.016, 0.004, -0.018) moved=false scan_age=0.049s
[gpu_amcl_cpp_node-6] [INFO] [1788896493.033989304] [gpu_amcl_cpp]: AMCL local correction: odom_prediction=(-12.102, 7.605, -0.118) scan=(-12.095, 7.604, -0.118) correction=0.006 m/0.000 rad cluster_weight=0.791 publish=true
[gpu_amcl_cpp_node-6] [INFO] [1788896493.832913717] [gpu_amcl_cpp]: AMCL odom delta: at_scan=(8.799, -4.793, 2.710) baseline=(8.808, -4.797, 2.719) delta=(-0.010, 0.004, -0.009) moved=false scan_age=0.049s
[gpu_amcl_cpp_node-6] [INFO] [1788896494.084961445] [gpu_amcl_cpp]: AMCL local correction: odom_prediction=(-11.896, 7.560, -0.305) scan=(-11.894, 7.553, -0.299) correction=0.007 m/0.006 rad cluster_weight=0.806 publish=true
[gpu_amcl_cpp_node-6] [INFO] [1788896494.833237221] [gpu_amcl_cpp]: AMCL odom delta: at_scan=(8.630, -4.697, 2.516) baseline=(8.644, -4.707, 2.538) delta=(-0.014, 0.010, -0.022) moved=false scan_age=0.049s
[gpu_amcl_cpp_node-6] [INFO] [1788896495.184062817] [gpu_amcl_cpp]: AMCL local correction: odom_prediction=(-11.713, 7.480, -0.524) scan=(-11.709, 7.486, -0.519) correction=0.007 m/0.005 rad cluster_weight=0.783 publish=true
[gpu_amcl_cpp_node-6] [INFO] [1788896495.731972974] [gpu_amcl_cpp]: Starting AMCL scan update #1682 (sampled from 1081 ranges).
[gpu_amcl_cpp_node-6] [INFO] [1788896495.733579373] [gpu_amcl_cpp]: AMCL scan update #1682 completed; evaluating pose confidence.
[gpu_amcl_cpp_node-6] [INFO] [1788896495.833430809] [gpu_amcl_cpp]: AMCL odom delta: at_scan=(8.495, -4.576, 2.343) baseline=(8.513, -4.594, 2.343) delta=(-0.017, 0.018, 0.000) moved=true scan_age=0.050s
[gpu_amcl_cpp_node-6] [INFO] [1788896496.235064021] [gpu_amcl_cpp]: AMCL local correction: odom_prediction=(-11.512, 7.343, -0.608) scan=(-11.515, 7.341, -0.610) correction=0.003 m/0.002 rad cluster_weight=0.781 publish=true
[gpu_amcl_cpp_node-6] [INFO] [1788896496.881664300] [gpu_amcl_cpp]: AMCL odom delta: at_scan=(8.270, -4.354, 2.394) baseline=(8.281, -4.364, 2.391) delta=(-0.011, 0.010, 0.003) moved=false scan_age=0.048s
[gpu_amcl_cpp_node-6] [INFO] [1788896497.033485086] [gpu_amcl_cpp]: Received LiDAR callback #1708 (1081 ranges).
[gpu_amcl_cpp_node-6] [INFO] [1788896497.235109580] [gpu_amcl_cpp]: AMCL local correction: odom_prediction=(-11.254, 7.178, -0.540) scan=(-11.250, 7.164, -0.534) correction=0.015 m/0.005 rad cluster_weight=0.757 publish=true
[gpu_amcl_cpp_node-6] [INFO] [1788896497.933489291] [gpu_amcl_cpp]: AMCL odom delta: at_scan=(8.028, -4.144, 2.452) baseline=(8.053, -4.164, 2.449) delta=(-0.025, 0.021, 0.004) moved=true scan_age=0.049s
[gpu_amcl_cpp_node-6] [INFO] [1788896498.235561242] [gpu_amcl_cpp]: AMCL local correction: odom_prediction=(-10.980, 7.023, -0.486) scan=(-10.974, 7.014, -0.481) correction=0.011 m/0.005 rad cluster_weight=0.778 publish=true
[gpu_amcl_cpp_node-6] [INFO] [1788896498.982135536] [gpu_amcl_cpp]: AMCL odom delta: at_scan=(7.761, -3.931, 2.487) baseline=(7.773, -3.941, 2.486) delta=(-0.013, 0.010, 0.002) moved=false scan_age=0.049s
[gpu_amcl_cpp_node-6] [INFO] [1788896499.333946894] [gpu_amcl_cpp]: AMCL local correction: odom_prediction=(-10.655, 6.861, -0.440) scan=(-10.644, 6.871, -0.444) correction=0.014 m/0.004 rad cluster_weight=0.784 publish=true
[gpu_amcl_cpp_node-6] [INFO] [1788896499.984203574] [gpu_amcl_cpp]: AMCL odom delta: at_scan=(7.497, -3.736, 2.521) baseline=(7.511, -3.745, 2.519) delta=(-0.014, 0.010, 0.002) moved=false scan_age=0.049s
[gpu_amcl_cpp_node-6] [INFO] [1788896500.334094141] [gpu_amcl_cpp]: AMCL local correction: odom_prediction=(-10.352, 6.732, -0.400) scan=(-10.337, 6.723, -0.389) correction=0.017 m/0.011 rad cluster_weight=0.788 publish=true
[gpu_amcl_cpp_node-6] [INFO] [1788896500.732799708] [gpu_amcl_cpp]: Starting AMCL scan update #1782 (sampled from 1081 ranges).
[gpu_amcl_cpp_node-6] [INFO] [1788896500.733584202] [gpu_amcl_cpp]: AMCL scan update #1782 completed; evaluating pose confidence.
[gpu_amcl_cpp_node-6] [INFO] [1788896501.031997435] [gpu_amcl_cpp]: AMCL odom delta: at_scan=(7.214, -3.541, 2.556) baseline=(7.242, -3.559, 2.553) delta=(-0.027, 0.018, 0.003) moved=true scan_age=0.048s
[gpu_amcl_cpp_node-6] [INFO] [1788896501.334909433] [gpu_amcl_cpp]: AMCL local correction: odom_prediction=(-10.040, 6.612, -0.359) scan=(-10.029, 6.616, -0.349) correction=0.012 m/0.010 rad cluster_weight=0.780 publish=true
[gpu_amcl_cpp_node-6] [INFO] [1788896502.032744818] [gpu_amcl_cpp]: AMCL odom delta: at_scan=(6.939, -3.365, 2.590) baseline=(6.966, -3.382, 2.587) delta=(-0.028, 0.017, 0.003) moved=true scan_age=0.049s
[gpu_amcl_cpp_node-6] [INFO] [1788896502.083186927] [gpu_amcl_cpp]: Received LiDAR callback #1809 (1081 ranges).
[gpu_amcl_cpp_node-6] [INFO] [1788896502.335374997] [gpu_amcl_cpp]: AMCL local correction: odom_prediction=(-9.719, 6.504, -0.318) scan=(-9.712, 6.494, -0.307) correction=0.012 m/0.011 rad cluster_weight=0.787 publish=true
[gpu_amcl_cpp_node-6] [INFO] [1788896503.083861563] [gpu_amcl_cpp]: AMCL odom delta: at_scan=(6.642, -3.190, 2.626) baseline=(6.657, -3.198, 2.624) delta=(-0.014, 0.008, 0.002) moved=false scan_age=0.049s
[gpu_amcl_cpp_node-6] [INFO] [1788896503.336117300] [gpu_amcl_cpp]: AMCL local correction: odom_prediction=(-9.394, 6.407, -0.278) scan=(-9.387, 6.403, -0.277) correction=0.009 m/0.001 rad cluster_weight=0.776 publish=true
[gpu_amcl_cpp_node-6] [INFO] [1788896504.083914529] [gpu_amcl_cpp]: AMCL odom delta: at_scan=(6.355, -3.033, 2.659) baseline=(6.370, -3.041, 2.658) delta=(-0.015, 0.008, 0.002) moved=false scan_age=0.050s
[gpu_amcl_cpp_node-6] [INFO] [1788896504.435286189] [gpu_amcl_cpp]: AMCL local correction: odom_prediction=(-9.029, 6.314, -0.236) scan=(-9.010, 6.314, -0.230) correction=0.018 m/0.005 rad cluster_weight=0.801 publish=true
[gpu_amcl_cpp_node-6] [WARN] [1788896504.631986987] [gpu_amcl_cpp]: Queued LiDAR scan until source-time odometry arrives (queued=1).
[gpu_amcl_cpp_node-6] [INFO] [1788896505.132562602] [gpu_amcl_cpp]: AMCL odom delta: at_scan=(6.048, -2.879, 2.695) baseline=(6.077, -2.894, 2.691) delta=(-0.029, 0.014, 0.003) moved=true scan_age=0.049s
[gpu_amcl_cpp_node-6] [INFO] [1788896505.534011563] [gpu_amcl_cpp]: AMCL local correction: odom_prediction=(-8.657, 6.240, -0.191) scan=(-8.637, 6.247, -0.186) correction=0.021 m/0.006 rad cluster_weight=0.794 publish=true
[gpu_amcl_cpp_node-6] [INFO] [1788896505.832360253] [gpu_amcl_cpp]: Starting AMCL scan update #1885 (sampled from 1081 ranges).
[gpu_amcl_cpp_node-6] [INFO] [1788896505.833679683] [gpu_amcl_cpp]: AMCL scan update #1885 completed; evaluating pose confidence.
[gpu_amcl_cpp_node-6] [INFO] [1788896506.182797325] [gpu_amcl_cpp]: AMCL odom delta: at_scan=(5.735, -2.736, 2.730) baseline=(5.750, -2.743, 2.728) delta=(-0.015, 0.007, 0.002) moved=false scan_age=0.049s
[gpu_amcl_cpp_node-6] [INFO] [1788896506.634978911] [gpu_amcl_cpp]: AMCL local correction: odom_prediction=(-8.284, 6.183, -0.133) scan=(-8.258, 6.182, -0.128) correction=0.026 m/0.006 rad cluster_weight=0.784 publish=true
[gpu_amcl_cpp_node-6] [INFO] [1788896507.084423963] [gpu_amcl_cpp]: Received LiDAR callback #1910 (1081 ranges).
[gpu_amcl_cpp_node-6] [WARN] [1788896507.135619267] [gpu_amcl_cpp]: Rejected large local AMCL scan correction; restarting cloud at odometry prediction.
[gpu_amcl_cpp_node-6] [INFO] [1788896507.184721607] [gpu_amcl_cpp]: AMCL odom delta: at_scan=(5.452, -2.623, 2.792) baseline=(5.466, -2.628, 2.789) delta=(-0.014, 0.005, 0.003) moved=false scan_age=0.051s
[gpu_amcl_cpp_node-6] [INFO] [1788896507.735193843] [gpu_amcl_cpp]: AMCL local correction: odom_prediction=(-7.926, 6.152, -0.066) scan=(-7.881, 6.168, -0.060) correction=0.047 m/0.006 rad cluster_weight=0.768 publish=true
[gpu_amcl_cpp_node-6] [INFO] [1788896508.233446169] [gpu_amcl_cpp]: AMCL odom delta: at_scan=(5.136, -2.516, 2.834) baseline=(5.167, -2.526, 2.831) delta=(-0.031, 0.010, 0.003) moved=true scan_age=0.049s
[gpu_amcl_cpp_node-6] [WARN] [1788896508.434111849] [gpu_amcl_cpp]: Rejected large local AMCL scan correction; restarting cloud at odometry prediction.
[gpu_amcl_cpp_node-6] [INFO] [1788896508.835111886] [gpu_amcl_cpp]: AMCL local correction: odom_prediction=(-7.556, 6.135, -0.028) scan=(-7.501, 6.135, -0.019) correction=0.055 m/0.008 rad cluster_weight=0.792 publish=true
[gpu_amcl_cpp_node-6] [INFO] [1788896509.281916533] [gpu_amcl_cpp]: AMCL odom delta: at_scan=(4.806, -2.418, 2.870) baseline=(4.821, -2.422, 2.868) delta=(-0.015, 0.004, 0.001) moved=false scan_age=0.048s
[gpu_amcl_cpp_node-6] [WARN] [1788896509.434291760] [gpu_amcl_cpp]: Rejected large local AMCL scan correction; restarting cloud at odometry prediction.
[gpu_amcl_cpp_node-6] [INFO] [1788896509.934123033] [gpu_amcl_cpp]: AMCL local correction: odom_prediction=(-7.188, 6.134, 0.012) scan=(-7.157, 6.158, 0.023) correction=0.039 m/0.011 rad cluster_weight=0.787 publish=true
[gpu_amcl_cpp_node-6] [INFO] [1788896510.283004450] [gpu_amcl_cpp]: AMCL odom delta: at_scan=(4.489, -2.335, 2.904) baseline=(4.505, -2.339, 2.902) delta=(-0.016, 0.004, 0.002) moved=false scan_age=0.049s
[gpu_amcl_cpp_node-6] [WARN] [1788896510.634195869] [gpu_amcl_cpp]: Rejected large local AMCL scan correction; restarting cloud at odometry prediction.
[gpu_amcl_cpp_node-6] [INFO] [1788896510.932914071] [gpu_amcl_cpp]: Starting AMCL scan update #1987 (sampled from 1081 ranges).
[gpu_amcl_cpp_node-6] [INFO] [1788896510.933737609] [gpu_amcl_cpp]: AMCL scan update #1987 completed; evaluating pose confidence.
[gpu_amcl_cpp_node-6] [INFO] [1788896510.934993700] [gpu_amcl_cpp]: AMCL local correction: odom_prediction=(-6.841, 6.166, 0.060) scan=(-6.835, 6.187, 0.083) correction=0.022 m/0.024 rad cluster_weight=0.795 publish=true
[gpu_amcl_cpp_node-6] [INFO] [1788896511.283850130] [gpu_amcl_cpp]: AMCL odom delta: at_scan=(4.169, -2.263, 2.934) baseline=(4.185, -2.267, 2.934) delta=(-0.016, 0.003, 0.000) moved=false scan_age=0.050s
[gpu_amcl_cpp_node-6] [INFO] [1788896511.935062039] [gpu_amcl_cpp]: AMCL local correction: odom_prediction=(-6.529, 6.215, 0.101) scan=(-6.556, 6.234, 0.132) correction=0.033 m/0.031 rad cluster_weight=0.778 publish=true
[gpu_amcl_cpp_node-6] [WARN] [1788896512.035446215] [gpu_amcl_cpp]: Rejected large local AMCL scan correction; restarting cloud at odometry prediction.
[gpu_amcl_cpp_node-6] [INFO] [1788896512.134486715] [gpu_amcl_cpp]: Received LiDAR callback #2011 (1081 ranges).
[gpu_amcl_cpp_node-6] [INFO] [1788896512.284064542] [gpu_amcl_cpp]: AMCL odom delta: at_scan=(3.847, -2.198, 2.954) baseline=(3.863, -2.201, 2.952) delta=(-0.016, 0.003, 0.002) moved=false scan_age=0.050s
[gpu_amcl_cpp_node-6] [INFO] [1788896513.036400167] [gpu_amcl_cpp]: AMCL local correction: odom_prediction=(-6.181, 6.274, 0.162) scan=(-6.199, 6.277, 0.187) correction=0.019 m/0.025 rad cluster_weight=0.755 publish=true
[gpu_amcl_cpp_node-6] [INFO] [1788896513.332893627] [gpu_amcl_cpp]: AMCL odom delta: at_scan=(3.491, -2.136, 2.989) baseline=(3.523, -2.141, 2.986) delta=(-0.033, 0.005, 0.003) moved=true scan_age=0.049s
[gpu_amcl_cpp_node-6] [WARN] [1788896513.834908503] [gpu_amcl_cpp]: Rejected large local AMCL scan correction; restarting cloud at odometry prediction.
[gpu_amcl_cpp_node-6] [WARN] [1788896514.031553945] [gpu_amcl_cpp]: Queued LiDAR scan until source-time odometry arrives (queued=1).
[gpu_amcl_cpp_node-6] [INFO] [1788896514.135116526] [gpu_amcl_cpp]: AMCL local correction: odom_prediction=(-5.826, 6.337, 0.222) scan=(-5.782, 6.329, 0.238) correction=0.044 m/0.015 rad cluster_weight=0.763 publish=true
[gpu_amcl_cpp_node-6] [INFO] [1788896514.381865168] [gpu_amcl_cpp]: AMCL odom delta: at_scan=(3.157, -2.092, 3.037) baseline=(3.172, -2.094, 3.034) delta=(-0.015, 0.002, 0.003) moved=false scan_age=0.048s
[gpu_amcl_cpp_node-6] [WARN] [1788896514.934244756] [gpu_amcl_cpp]: Rejected large local AMCL scan correction; restarting cloud at odometry prediction.
[gpu_amcl_cpp_node-6] [INFO] [1788896515.135317210] [gpu_amcl_cpp]: AMCL local correction: odom_prediction=(-5.526, 6.410, 0.234) scan=(-5.488, 6.425, 0.322) correction=0.041 m/0.088 rad cluster_weight=0.798 publish=true
[gpu_amcl_cpp_node-6] [INFO] [1788896515.384078105] [gpu_amcl_cpp]: AMCL odom delta: at_scan=(2.869, -2.062, 3.026) baseline=(2.883, -2.063, 3.024) delta=(-0.015, 0.002, 0.002) moved=false scan_age=0.051s
[gpu_amcl_cpp_node-6] [INFO] [1788896516.031680376] [gpu_amcl_cpp]: Starting AMCL scan update #2089 (sampled from 1081 ranges).
[gpu_amcl_cpp_node-6] [INFO] [1788896516.032250237] [gpu_amcl_cpp]: AMCL scan update #2089 completed; evaluating pose confidence.
[gpu_amcl_cpp_node-6] [WARN] [1788896516.033232183] [gpu_amcl_cpp]: Rejected large local AMCL scan correction; restarting cloud at odometry prediction.
[gpu_amcl_cpp_node-6] [INFO] [1788896516.136511150] [gpu_amcl_cpp]: AMCL local correction: odom_prediction=(-5.245, 6.497, 0.326) scan=(-5.259, 6.524, 0.377) correction=0.031 m/0.051 rad cluster_weight=0.786 publish=true
[gpu_amcl_cpp_node-6] [INFO] [1788896516.385169482] [gpu_amcl_cpp]: AMCL odom delta: at_scan=(2.590, -2.041, 3.109) baseline=(2.604, -2.041, 3.104) delta=(-0.014, 0.000, 0.004) moved=false scan_age=0.050s
[gpu_amcl_cpp_node-6] [WARN] [1788896517.035173788] [gpu_amcl_cpp]: Rejected large local AMCL scan correction; restarting cloud at odometry prediction.
[gpu_amcl_cpp_node-6] [INFO] [1788896517.182950960] [gpu_amcl_cpp]: Received LiDAR callback #2112 (1081 ranges).
[gpu_amcl_cpp_node-6] [INFO] [1788896517.235245790] [gpu_amcl_cpp]: AMCL local correction: odom_prediction=(-4.959, 6.609, 0.327) scan=(-5.011, 6.658, 0.374) correction=0.071 m/0.047 rad cluster_weight=0.764 publish=true
[gpu_amcl_cpp_node-6] [INFO] [1788896517.432857598] [gpu_amcl_cpp]: AMCL odom delta: at_scan=(2.295, -2.029, 3.062) baseline=(2.322, -2.031, 3.070) delta=(-0.027, 0.002, -0.008) moved=true scan_age=0.049s
[gpu_amcl_cpp_node-6] [WARN] [1788896518.035400839] [gpu_amcl_cpp]: Rejected large local AMCL scan correction; restarting cloud at odometry prediction.
[gpu_amcl_cpp_node-6] [INFO] [1788896518.335257750] [gpu_amcl_cpp]: AMCL local correction: odom_prediction=(-4.674, 6.712, 0.400) scan=(-4.766, 6.785, 0.421) correction=0.117 m/0.021 rad cluster_weight=0.736 publish=true
[gpu_amcl_cpp_node-6] [INFO] [1788896518.432997434] [gpu_amcl_cpp]: AMCL odom delta: at_scan=(2.019, -2.021, -3.123) baseline=(2.047, -2.020, -3.131) delta=(-0.028, -0.000, 0.009) moved=true scan_age=0.049s
[gpu_amcl_cpp_node-6] [WARN] [1788896519.035552147] [gpu_amcl_cpp]: Rejected large local AMCL scan correction; restarting cloud at odometry prediction.
[gpu_amcl_cpp_node-6] [INFO] [1788896519.433832347] [gpu_amcl_cpp]: AMCL odom delta: at_scan=(1.745, -2.036, -3.080) baseline=(1.772, -2.035, -3.068) delta=(-0.028, -0.002, -0.012) moved=true scan_age=0.050s
[gpu_amcl_cpp_node-6] [INFO] [1788896519.435355881] [gpu_amcl_cpp]: AMCL local correction: odom_prediction=(-4.401, 6.842, 0.451) scan=(-4.517, 6.955, 0.451) correction=0.162 m/0.001 rad cluster_weight=0.684 publish=true
[gpu_amcl_cpp_node-6] [WARN] [1788896520.036656365] [gpu_amcl_cpp]: Rejected large local AMCL scan correction; restarting cloud at odometry prediction.
[gpu_amcl_cpp_node-6] [INFO] [1788896520.483305836] [gpu_amcl_cpp]: AMCL odom delta: at_scan=(1.449, -2.052, -3.058) baseline=(1.463, -2.050, -3.062) delta=(-0.014, -0.001, 0.004) moved=false scan_age=0.049s
[gpu_amcl_cpp_node-6] [INFO] [1788896520.534350546] [gpu_amcl_cpp]: AMCL local correction: odom_prediction=(-4.121, 6.974, 0.478) scan=(-4.192, 7.073, 0.478) correction=0.121 m/0.000 rad cluster_weight=0.674 publish=true
[gpu_amcl_cpp_node-6] [INFO] [1788896521.032879206] [gpu_amcl_cpp]: Starting AMCL scan update #2189 (sampled from 1081 ranges).
[gpu_amcl_cpp_node-6] [INFO] [1788896521.033400476] [gpu_amcl_cpp]: AMCL scan update #2189 completed; evaluating pose confidence.
[gpu_amcl_cpp_node-6] [WARN] [1788896521.135460952] [gpu_amcl_cpp]: Rejected large local AMCL scan correction; restarting cloud at odometry prediction.
[gpu_amcl_cpp_node-6] [INFO] [1788896521.533915991] [gpu_amcl_cpp]: AMCL odom delta: at_scan=(1.157, -2.089, -2.977) baseline=(1.186, -2.084, -2.983) delta=(-0.029, -0.005, 0.006) moved=true scan_age=0.050s
[gpu_amcl_cpp_node-6] [INFO] [1788896521.535199894] [gpu_amcl_cpp]: AMCL local correction: odom_prediction=(-3.877, 7.114, 0.555) scan=(-3.894, 7.192, 0.572) correction=0.079 m/0.017 rad cluster_weight=0.686 publish=true
[gpu_amcl_cpp_node-6] [INFO] [1788896522.183795759] [gpu_amcl_cpp]: Received LiDAR callback #2212 (1081 ranges).
[gpu_amcl_cpp_node-6] [WARN] [1788896522.235322686] [gpu_amcl_cpp]: Rejected large local AMCL scan correction; restarting cloud at odometry prediction.
[gpu_amcl_cpp_node-6] [INFO] [1788896522.583777758] [gpu_amcl_cpp]: AMCL odom delta: at_scan=(0.834, -2.152, -2.935) baseline=(0.850, -2.149, -2.935) delta=(-0.016, -0.003, 0.000) moved=false scan_age=0.050s
[gpu_amcl_cpp_node-6] [INFO] [1788896522.635453885] [gpu_amcl_cpp]: AMCL local correction: odom_prediction=(-3.589, 7.304, 0.596) scan=(-3.587, 7.359, 0.611) correction=0.055 m/0.014 rad cluster_weight=0.745 publish=true
[gpu_amcl_cpp_node-6] [WARN] [1788896523.334914411] [gpu_amcl_cpp]: Rejected large local AMCL scan correction; restarting cloud at odometry prediction.
[gpu_amcl_cpp_node-6] [INFO] [1788896523.633025379] [gpu_amcl_cpp]: AMCL odom delta: at_scan=(0.497, -2.223, -2.935) baseline=(0.529, -2.216, -2.935) delta=(-0.032, -0.007, 0.000) moved=true scan_age=0.049s
[gpu_amcl_cpp_node-6] [INFO] [1788896523.735152100] [gpu_amcl_cpp]: AMCL local correction: odom_prediction=(-3.291, 7.506, 0.596) scan=(-3.298, 7.558, 0.599) correction=0.053 m/0.003 rad cluster_weight=0.770 publish=true
[gpu_amcl_cpp_node-6] [INFO] [1788896524.633861239] [gpu_amcl_cpp]: AMCL odom delta: at_scan=(0.177, -2.292, -2.912) baseline=(0.209, -2.285, -2.915) delta=(-0.032, -0.007, 0.003) moved=true scan_age=0.050s
[gpu_amcl_cpp_node-6] [WARN] [1788896524.635675990] [gpu_amcl_cpp]: Rejected large local AMCL scan correction; restarting cloud at odometry prediction.
[gpu_amcl_cpp_node-6] [INFO] [1788896524.735297151] [gpu_amcl_cpp]: AMCL local correction: odom_prediction=(-3.021, 7.700, 0.622) scan=(-3.036, 7.728, 0.604) correction=0.032 m/0.018 rad cluster_weight=0.787 publish=true
[gpu_amcl_cpp_node-6] [INFO] [1788896525.682496688] [gpu_amcl_cpp]: AMCL odom delta: at_scan=(-0.119, -2.373, -2.831) baseline=(-0.106, -2.369, -2.835) delta=(-0.013, -0.004, 0.004) moved=false scan_age=0.049s
[gpu_amcl_cpp_node-6] [INFO] [1788896525.735644180] [gpu_amcl_cpp]: AMCL local correction: odom_prediction=(-2.806, 7.890, 0.672) scan=(-2.826, 7.884, 0.614) correction=0.021 m/0.058 rad cluster_weight=0.795 publish=true
[gpu_amcl_cpp_node-6] [WARN] [1788896525.934123097] [gpu_amcl_cpp]: Rejected large local AMCL scan correction; restarting cloud at odometry prediction.
[gpu_amcl_cpp_node-6] [INFO] [1788896526.033706526] [gpu_amcl_cpp]: Starting AMCL scan update #2289 (sampled from 1081 ranges).
[gpu_amcl_cpp_node-6] [INFO] [1788896526.034237404] [gpu_amcl_cpp]: AMCL scan update #2289 completed; evaluating pose confidence.
[gpu_amcl_cpp_node-6] [INFO] [1788896526.732349363] [gpu_amcl_cpp]: AMCL odom delta: at_scan=(-0.403, -2.475, -2.752) baseline=(-0.377, -2.465, -2.763) delta=(-0.026, -0.010, 0.011) moved=true scan_age=0.048s
[gpu_amcl_cpp_node-6] [INFO] [1788896526.835268904] [gpu_amcl_cpp]: AMCL local correction: odom_prediction=(-2.573, 8.084, 0.742) scan=(-2.602, 8.025, 0.742) correction=0.066 m/0.000 rad cluster_weight=0.800 publish=true
[gpu_amcl_cpp_node-6] [WARN] [1788896526.934188616] [gpu_amcl_cpp]: Rejected large local AMCL scan correction; restarting cloud at odometry prediction.
[gpu_amcl_cpp_node-6] [INFO] [1788896527.233036949] [gpu_amcl_cpp]: Received LiDAR callback #2313 (1081 ranges).
[gpu_amcl_cpp_node-6] [INFO] [1788896527.732892831] [gpu_amcl_cpp]: AMCL odom delta: at_scan=(-0.650, -2.593, -2.637) baseline=(-0.627, -2.581, -2.649) delta=(-0.023, -0.012, 0.012) moved=true scan_age=0.049s
[gpu_amcl_cpp_node-6] [INFO] [1788896527.984551710] [gpu_amcl_cpp]: AMCL local correction: odom_prediction=(-2.368, 8.297, 0.909) scan=(-2.378, 8.231, 0.933) correction=0.067 m/0.024 rad cluster_weight=0.772 publish=true
[gpu_amcl_cpp_node-6] [WARN] [1788896527.984610290] [gpu_amcl_cpp]: Rejected large local AMCL scan correction; restarting cloud at odometry prediction.
[gpu_amcl_cpp_node-6] [WARN] [1788896528.030821294] [gpu_amcl_cpp]: Queued LiDAR scan until source-time odometry arrives (queued=1).
[gpu_amcl_cpp_node-6] [INFO] [1788896528.783789116] [gpu_amcl_cpp]: AMCL odom delta: at_scan=(-0.796, -2.701, -2.357) baseline=(-0.790, -2.696, -2.370) delta=(-0.006, -0.006, 0.014) moved=false scan_age=0.050s
[gpu_amcl_cpp_node-6] [INFO] [1788896529.035296541] [gpu_amcl_cpp]: AMCL local correction: odom_prediction=(-2.285, 8.436, 1.213) scan=(-2.290, 8.424, 1.253) correction=0.014 m/0.041 rad cluster_weight=0.794 publish=true
[gpu_amcl_cpp_node-6] [INFO] [1788896529.833553794] [gpu_amcl_cpp]: AMCL odom delta: at_scan=(-0.897, -2.835, -2.072) baseline=(-0.893, -2.828, -2.086) delta=(-0.004, -0.007, 0.013) moved=false scan_age=0.050s
[gpu_amcl_cpp_node-6] [INFO] [1788896530.084685242] [gpu_amcl_cpp]: AMCL local correction: odom_prediction=(-2.254, 8.593, 1.527) scan=(-2.253, 8.569, 1.564) correction=0.023 m/0.037 rad cluster_weight=0.791 publish=true
[gpu_amcl_cpp_node-6] [INFO] [1788896530.880540159] [gpu_amcl_cpp]: AMCL odom delta: at_scan=(-0.956, -2.992, -1.788) baseline=(-0.954, -2.985, -1.801) delta=(-0.002, -0.008, 0.013) moved=false scan_age=0.047s
[gpu_amcl_cpp_node-6] [INFO] [1788896531.132577008] [gpu_amcl_cpp]: Starting AMCL scan update #2392 (sampled from 1081 ranges).
[gpu_amcl_cpp_node-6] [INFO] [1788896531.133393172] [gpu_amcl_cpp]: AMCL scan update #2392 completed; evaluating pose confidence.
[gpu_amcl_cpp_node-6] [INFO] [1788896531.134398902] [gpu_amcl_cpp]: AMCL local correction: odom_prediction=(-2.279, 8.744, 1.840) scan=(-2.294, 8.729, 1.871) correction=0.021 m/0.031 rad cluster_weight=0.792 publish=true
[gpu_amcl_cpp_node-6] [WARN] [1788896531.285128943] [gpu_amcl_cpp]: Rejected large local AMCL scan correction; restarting cloud at odometry prediction.
[gpu_amcl_cpp_node-6] [INFO] [1788896531.881879187] [gpu_amcl_cpp]: AMCL odom delta: at_scan=(-0.969, -3.152, -1.525) baseline=(-0.970, -3.128, -1.563) delta=(0.001, -0.024, 0.038) moved=true scan_age=0.048s
[gpu_amcl_cpp_node-6] [INFO] [1788896532.184346301] [gpu_amcl_cpp]: AMCL local correction: odom_prediction=(-2.353, 8.888, 2.105) scan=(-2.366, 8.868, 2.099) correction=0.024 m/0.006 rad cluster_weight=0.775 publish=true
[gpu_amcl_cpp_node-6] [INFO] [1788896532.234558807] [gpu_amcl_cpp]: Received LiDAR callback #2414 (1081 ranges).
[gpu_amcl_cpp_node-6] [INFO] [1788896532.882853861] [gpu_amcl_cpp]: AMCL odom delta: at_scan=(-0.942, -3.324, -1.320) baseline=(-0.947, -3.305, -1.338) delta=(0.005, -0.019, 0.018) moved=false scan_age=0.049s
[gpu_amcl_cpp_node-6] [INFO] [1788896533.234755137] [gpu_amcl_cpp]: AMCL local correction: odom_prediction=(-2.476, 9.035, 2.310) scan=(-2.484, 9.034, 2.336) correction=0.007 m/0.026 rad cluster_weight=0.776 publish=true
[gpu_amcl_cpp_node-6] [INFO] [1788896533.884826709] [gpu_amcl_cpp]: AMCL odom delta: at_scan=(-0.868, -3.535, -1.154) baseline=(-0.872, -3.524, -1.161) delta=(0.005, -0.011, 0.008) moved=false scan_age=0.049s
[gpu_amcl_cpp_node-6] [INFO] [1788896534.335119373] [gpu_amcl_cpp]: AMCL local correction: odom_prediction=(-2.679, 9.212, 2.509) scan=(-2.677, 9.216, 2.554) correction=0.005 m/0.045 rad cluster_weight=0.783 publish=true
[gpu_amcl_cpp_node-6] [INFO] [1788896534.931500432] [gpu_amcl_cpp]: AMCL odom delta: at_scan=(-0.765, -3.742, -1.135) baseline=(-0.773, -3.726, -1.125) delta=(0.007, -0.016, -0.011) moved=false scan_age=0.048s
[gpu_amcl_cpp_node-6] [INFO] [1788896535.466369546] [gpu_amcl_cpp]: AMCL local correction: odom_prediction=(-2.853, 9.327, 2.595) scan=(-2.854, 9.312, 2.635) correction=0.014 m/0.040 rad cluster_weight=0.777 publish=true
[gpu_amcl_cpp_node-6] [INFO] [1788896535.982631813] [gpu_amcl_cpp]: AMCL odom delta: at_scan=(-0.678, -3.893, -0.926) baseline=(-0.694, -3.870, -0.965) delta=(0.017, -0.023, 0.039) moved=true scan_age=0.048s
[gpu_amcl_cpp_node-6] [INFO] [1788896536.133028276] [gpu_amcl_cpp]: Starting AMCL scan update #2490 (sampled from 1081 ranges).
[gpu_amcl_cpp_node-6] [INFO] [1788896536.133864268] [gpu_amcl_cpp]: AMCL scan update #2490 completed; evaluating pose confidence.
[gpu_amcl_cpp_node-6] [INFO] [1788896536.559829793] [gpu_amcl_cpp]: AMCL local correction: odom_prediction=(-3.034, 9.396, 2.860) scan=(-3.037, 9.384, 2.889) correction=0.012 m/0.029 rad cluster_weight=0.759 publish=true
[gpu_amcl_cpp_node-6] [INFO] [1788896537.007614982] [gpu_amcl_cpp]: AMCL odom delta: at_scan=(-0.554, -4.026, -0.723) baseline=(-0.573, -4.009, -0.750) delta=(0.019, -0.017, 0.027) moved=true scan_age=0.049s
[gpu_amcl_cpp_node-6] [INFO] [1788896537.258191535] [gpu_amcl_cpp]: Received LiDAR callback #2512 (1081 ranges).
[gpu_amcl_cpp_node-6] [INFO] [1788896537.660637590] [gpu_amcl_cpp]: AMCL local correction: odom_prediction=(-3.236, 9.415, 3.069) scan=(-3.256, 9.385, 3.075) correction=0.036 m/0.006 rad cluster_weight=0.772 publish=true
[gpu_amcl_cpp_node-6] [WARN] [1788896537.963837189] [gpu_amcl_cpp]: Rejected large local AMCL scan correction; restarting cloud at odometry prediction.
[gpu_amcl_cpp_node-6] [INFO] [1788896538.010731527] [gpu_amcl_cpp]: AMCL odom delta: at_scan=(-0.406, -4.135, -0.549) baseline=(-0.414, -4.130, -0.559) delta=(0.009, -0.005, 0.010) moved=false scan_age=0.049s
[gpu_amcl_cpp_node-6] [INFO] [1788896538.710482741] [gpu_amcl_cpp]: AMCL local correction: odom_prediction=(-3.446, 9.405, -3.031) scan=(-3.494, 9.348, -3.040) correction=0.074 m/0.009 rad cluster_weight=0.795 publish=true
[gpu_amcl_cpp_node-6] [WARN] [1788896539.008674606] [gpu_amcl_cpp]: Rejected large local AMCL scan correction; restarting cloud at odometry prediction.
[gpu_amcl_cpp_node-6] [INFO] [1788896539.058572831] [gpu_amcl_cpp]: AMCL odom delta: at_scan=(-0.222, -4.226, -0.373) baseline=(-0.231, -4.222, -0.382) delta=(0.009, -0.004, 0.009) moved=false scan_age=0.050s
[gpu_amcl_cpp_node-6] [WARN] [1788896539.360725552] [gpu_amcl_cpp]: Queued LiDAR scan until source-time odometry arrives (queued=1).
[gpu_amcl_cpp_node-6] [INFO] [1788896539.762320436] [gpu_amcl_cpp]: AMCL local correction: odom_prediction=(-3.659, 9.362, -2.858) scan=(-3.726, 9.306, -2.864) correction=0.087 m/0.006 rad cluster_weight=0.802 publish=true
[gpu_amcl_cpp_node-6] [INFO] [1788896540.058982676] [gpu_amcl_cpp]: AMCL odom delta: at_scan=(-0.004, -4.290, -0.212) baseline=(-0.031, -4.284, -0.227) delta=(0.027, -0.006, 0.015) moved=true scan_age=0.050s
[gpu_amcl_cpp_node-6] [WARN] [1788896540.060660971] [gpu_amcl_cpp]: Rejected large local AMCL scan correction; restarting cloud at odometry prediction.
[gpu_amcl_cpp_node-6] [INFO] [1788896540.860382970] [gpu_amcl_cpp]: AMCL local correction: odom_prediction=(-3.923, 9.261, -2.697) scan=(-4.003, 9.222, -2.697) correction=0.089 m/0.000 rad cluster_weight=0.806 publish=true
[gpu_amcl_cpp_node-6] [INFO] [1788896541.060910965] [gpu_amcl_cpp]: AMCL odom delta: at_scan=(0.249, -4.326, -0.073) baseline=(0.223, -4.324, -0.085) delta=(0.026, -0.002, 0.011) moved=true scan_age=0.050s
[gpu_amcl_cpp_node-6] [WARN] [1788896541.062234052] [gpu_amcl_cpp]: Rejected large local AMCL scan correction; restarting cloud at odometry prediction.
[gpu_amcl_cpp_node-6] [INFO] [1788896541.160651699] [gpu_amcl_cpp]: Starting AMCL scan update #2592 (sampled from 1081 ranges).
[gpu_amcl_cpp_node-6] [INFO] [1788896541.161515693] [gpu_amcl_cpp]: AMCL scan update #2592 completed; evaluating pose confidence.
[gpu_amcl_cpp_node-6] [INFO] [1788896541.860388674] [gpu_amcl_cpp]: AMCL local correction: odom_prediction=(-4.131, 9.143, -2.538) scan=(-4.233, 9.119, -2.528) correction=0.105 m/0.010 rad cluster_weight=0.851 publish=true
[gpu_amcl_cpp_node-6] [INFO] [1788896542.109954706] [gpu_amcl_cpp]: AMCL odom delta: at_scan=(0.492, -4.323, 0.102) baseline=(0.481, -4.324, 0.094) delta=(0.011, 0.001, 0.008) moved=false scan_age=0.050s
[gpu_amcl_cpp_node-6] [WARN] [1788896542.160592000] [gpu_amcl_cpp]: Rejected large local AMCL scan correction; restarting cloud at odometry prediction.
[gpu_amcl_cpp_node-6] [INFO] [1788896542.307716882] [gpu_amcl_cpp]: Received LiDAR callback #2615 (1081 ranges).
[gpu_amcl_cpp_node-6] [INFO] [1788896542.862684552] [gpu_amcl_cpp]: AMCL local correction: odom_prediction=(-4.317, 8.990, -2.403) scan=(-4.426, 8.984, -2.400) correction=0.109 m/0.003 rad cluster_weight=0.885 publish=true
[gpu_amcl_cpp_node-6] [INFO] [1788896543.111486308] [gpu_amcl_cpp]: AMCL odom delta: at_scan=(0.743, -4.280, 0.182) baseline=(0.729, -4.283, 0.186) delta=(0.014, 0.003, -0.004) moved=false scan_age=0.050s
[gpu_amcl_cpp_node-6] [WARN] [1788896543.162654178] [gpu_amcl_cpp]: Rejected large local AMCL scan correction; restarting cloud at odometry prediction.
[gpu_amcl_cpp_node-6] [INFO] [1788896543.864730149] [gpu_amcl_cpp]: AMCL local correction: odom_prediction=(-4.529, 8.812, -2.482) scan=(-4.618, 8.831, -2.480) correction=0.092 m/0.002 rad cluster_weight=0.914 publish=true
[gpu_amcl_cpp_node-6] [INFO] [1788896544.161541118] [gpu_amcl_cpp]: AMCL odom delta: at_scan=(1.030, -4.241, 0.092) baseline=(1.003, -4.243, 0.101) delta=(0.028, 0.003, -0.009) moved=true scan_age=0.050s
[gpu_amcl_cpp_node-6] [WARN] [1788896544.163888540] [gpu_amcl_cpp]: Rejected large local AMCL scan correction; restarting cloud at odometry prediction.
[gpu_amcl_cpp_node-6] [INFO] [1788896544.884507565] [gpu_amcl_cpp]: AMCL local correction: odom_prediction=(-4.768, 8.640, -2.553) scan=(-4.843, 8.684, -2.540) correction=0.086 m/0.013 rad cluster_weight=0.903 publish=true
[gpu_amcl_cpp_node-6] [INFO] [1788896545.182842859] [gpu_amcl_cpp]: AMCL odom delta: at_scan=(1.332, -4.223, 0.028) baseline=(1.302, -4.224, 0.034) delta=(0.030, 0.001, -0.006) moved=true scan_age=0.049s
[gpu_amcl_cpp_node-6] [WARN] [1788896545.185447756] [gpu_amcl_cpp]: Rejected large local AMCL scan correction; restarting cloud at odometry prediction.
[gpu_amcl_cpp_node-6] [INFO] [1788896545.885584129] [gpu_amcl_cpp]: AMCL local correction: odom_prediction=(-5.030, 8.476, -2.602) scan=(-5.075, 8.536, -2.565) correction=0.075 m/0.037 rad cluster_weight=0.918 publish=true
[gpu_amcl_cpp_node-6] [INFO] [1788896546.184590975] [gpu_amcl_cpp]: AMCL odom delta: at_scan=(1.649, -4.221, -0.005) baseline=(1.616, -4.221, -0.005) delta=(0.033, -0.000, 0.000) moved=true scan_age=0.051s
[gpu_amcl_cpp_node-6] [INFO] [1788896546.184649725] [gpu_amcl_cpp]: Starting AMCL scan update #2692 (sampled from 1081 ranges).
[gpu_amcl_cpp_node-6] [INFO] [1788896546.185102797] [gpu_amcl_cpp]: AMCL scan update #2692 completed; evaluating pose confidence.
[gpu_amcl_cpp_node-6] [WARN] [1788896546.185561609] [gpu_amcl_cpp]: Rejected large local AMCL scan correction; restarting cloud at odometry prediction.
[gpu_amcl_cpp_node-6] [INFO] [1788896546.987627640] [gpu_amcl_cpp]: AMCL local correction: odom_prediction=(-5.340, 8.291, -2.604) scan=(-5.361, 8.322, -2.555) correction=0.037 m/0.049 rad cluster_weight=0.889 publish=true
[gpu_amcl_cpp_node-6] [INFO] [1788896547.233607460] [gpu_amcl_cpp]: AMCL odom delta: at_scan=(1.993, -4.223, -0.005) baseline=(1.977, -4.223, -0.005) delta=(0.016, -0.000, 0.000) moved=false scan_age=0.050s
[gpu_amcl_cpp_node-6] [INFO] [1788896547.332519055] [gpu_amcl_cpp]: Received LiDAR callback #2715 (1081 ranges).
[gpu_amcl_cpp_node-6] [INFO] [1788896548.084273624] [gpu_amcl_cpp]: AMCL local correction: odom_prediction=(-5.646, 8.104, -2.552) scan=(-5.643, 8.084, -2.510) correction=0.021 m/0.042 rad cluster_weight=0.887 publish=true
[gpu_amcl_cpp_node-6] [INFO] [1788896548.282784827] [gpu_amcl_cpp]: AMCL odom delta: at_scan=(2.338, -4.225, -0.016) baseline=(2.305, -4.224, -0.013) delta=(0.033, -0.000, -0.003) moved=true scan_age=0.049s
[gpu_amcl_cpp_node-6] [INFO] [1788896549.084983205] [gpu_amcl_cpp]: AMCL local correction: odom_prediction=(-5.908, 7.904, -2.568) scan=(-5.893, 7.877, -2.556) correction=0.031 m/0.012 rad cluster_weight=0.868 publish=true
[gpu_amcl_cpp_node-6] [INFO] [1788896549.284608442] [gpu_amcl_cpp]: AMCL odom delta: at_scan=(2.659, -4.236, -0.062) baseline=(2.629, -4.234, -0.054) delta=(0.030, -0.002, -0.008) moved=true scan_age=0.050s
[gpu_amcl_cpp_node-6] [INFO] [1788896550.085444719] [gpu_amcl_cpp]: AMCL local correction: odom_prediction=(-6.140, 7.732, -2.599) scan=(-6.116, 7.711, -2.626) correction=0.032 m/0.027 rad cluster_weight=0.803 publish=true
[gpu_amcl_cpp_node-6] [INFO] [1788896550.332781409] [gpu_amcl_cpp]: AMCL odom delta: at_scan=(2.961, -4.260, -0.076) baseline=(2.947, -4.259, -0.071) delta=(0.014, -0.001, -0.005) moved=false scan_age=0.049s
[gpu_amcl_cpp_node-6] [WARN] [1788896550.385577000] [gpu_amcl_cpp]: Rejected large local AMCL scan correction; restarting cloud at odometry prediction.
[gpu_amcl_cpp_node-6] [INFO] [1788896551.085684095] [gpu_amcl_cpp]: AMCL local correction: odom_prediction=(-6.365, 7.593, -2.706) scan=(-6.329, 7.557, -2.735) correction=0.052 m/0.029 rad cluster_weight=0.783 publish=true
[gpu_amcl_cpp_node-6] [INFO] [1788896551.282772122] [gpu_amcl_cpp]: Starting AMCL scan update #2794 (sampled from 1081 ranges).
[gpu_amcl_cpp_node-6] [INFO] [1788896551.283831243] [gpu_amcl_cpp]: AMCL scan update #2794 completed; evaluating pose confidence.
[gpu_amcl_cpp_node-6] [INFO] [1788896551.333176297] [gpu_amcl_cpp]: AMCL odom delta: at_scan=(3.219, -4.295, -0.200) baseline=(3.206, -4.293, -0.194) delta=(0.013, -0.003, -0.006) moved=false scan_age=0.049s
[gpu_amcl_cpp_node-6] [INFO] [1788896552.085696312] [gpu_amcl_cpp]: AMCL local correction: odom_prediction=(-6.604, 7.485, -2.835) scan=(-6.588, 7.465, -2.851) correction=0.026 m/0.016 rad cluster_weight=0.781 publish=true
[gpu_amcl_cpp_node-6] [INFO] [1788896552.333061496] [gpu_amcl_cpp]: Received LiDAR callback #2815 (1081 ranges).
[gpu_amcl_cpp_node-6] [INFO] [1788896552.383415957] [gpu_amcl_cpp]: AMCL odom delta: at_scan=(3.496, -4.369, -0.319) baseline=(3.470, -4.360, -0.308) delta=(0.026, -0.009, -0.011) moved=true scan_age=0.049s
[gpu_amcl_cpp_node-6] [INFO] [1788896553.185504987] [gpu_amcl_cpp]: AMCL local correction: odom_prediction=(-6.884, 7.396, -2.945) scan=(-6.874, 7.381, -2.943) correction=0.018 m/0.002 rad cluster_weight=0.797 publish=true
[gpu_amcl_cpp_node-6] [INFO] [1788896553.434028647] [gpu_amcl_cpp]: AMCL odom delta: at_scan=(3.775, -4.475, -0.398) baseline=(3.761, -4.469, -0.395) delta=(0.014, -0.006, -0.003) moved=false scan_age=0.050s
[gpu_amcl_cpp_node-6] [INFO] [1788896554.186675600] [gpu_amcl_cpp]: AMCL local correction: odom_prediction=(-7.157, 7.345, -3.039) scan=(-7.142, 7.343, -3.032) correction=0.015 m/0.007 rad cluster_weight=0.767 publish=true
[gpu_amcl_cpp_node-6] [INFO] [1788896554.434622316] [gpu_amcl_cpp]: AMCL odom delta: at_scan=(4.026, -4.597, -0.505) baseline=(4.014, -4.590, -0.500) delta=(0.012, -0.006, -0.004) moved=false scan_age=0.049s
[gpu_amcl_cpp_node-6] [INFO] [1788896555.186972540] [gpu_amcl_cpp]: AMCL local correction: odom_prediction=(-7.416, 7.320, -3.108) scan=(-7.394, 7.301, -3.074) correction=0.029 m/0.034 rad cluster_weight=0.788 publish=true
[gpu_amcl_cpp_node-6] [INFO] [1788896555.483593058] [gpu_amcl_cpp]: AMCL odom delta: at_scan=(4.273, -4.748, -0.593) baseline=(4.249, -4.732, -0.585) delta=(0.023, -0.016, -0.007) moved=true scan_age=0.050s
[gpu_amcl_cpp_node-6] [INFO] [1788896556.191488290] [gpu_amcl_cpp]: AMCL local correction: odom_prediction=(-7.640, 7.316, 3.042) scan=(-7.621, 7.316, 3.069) correction=0.019 m/0.027 rad cluster_weight=0.790 publish=true
[gpu_amcl_cpp_node-6] [INFO] [1788896556.307585337] [gpu_amcl_cpp]: Starting AMCL scan update #2894 (sampled from 1081 ranges).
[gpu_amcl_cpp_node-6] [INFO] [1788896556.308658364] [gpu_amcl_cpp]: AMCL scan update #2894 completed; evaluating pose confidence.
[gpu_amcl_cpp_node-6] [INFO] [1788896556.507600366] [gpu_amcl_cpp]: AMCL odom delta: at_scan=(4.439, -4.879, -0.812) baseline=(4.433, -4.873, -0.799) delta=(0.006, -0.006, -0.013) moved=false scan_age=0.049s
[gpu_amcl_cpp_node-6] [INFO] [1788896557.210325679] [gpu_amcl_cpp]: AMCL local correction: odom_prediction=(-7.793, 7.353, 2.771) scan=(-7.791, 7.350, 2.764) correction=0.003 m/0.007 rad cluster_weight=0.781 publish=true
[gpu_amcl_cpp_node-6] [INFO] [1788896557.361856311] [gpu_amcl_cpp]: Received LiDAR callback #2915 (1081 ranges).
[gpu_amcl_cpp_node-6] [INFO] [1788896557.508478236] [gpu_amcl_cpp]: AMCL odom delta: at_scan=(4.532, -5.009, -1.083) baseline=(4.521, -4.988, -1.043) delta=(0.012, -0.021, -0.041) moved=true scan_age=0.049s
[gpu_amcl_cpp_node-6] [WARN] [1788896557.907645390] [gpu_amcl_cpp]: Queued LiDAR scan until source-time odometry arrives (queued=1).
[gpu_amcl_cpp_node-6] [INFO] [1788896558.261662156] [gpu_amcl_cpp]: AMCL local correction: odom_prediction=(-7.938, 7.433, 2.481) scan=(-7.934, 7.428, 2.465) correction=0.007 m/0.015 rad cluster_weight=0.794 publish=true
[gpu_amcl_cpp_node-6] [INFO] [1788896558.508572553] [gpu_amcl_cpp]: AMCL odom delta: at_scan=(4.588, -5.159, -1.354) baseline=(4.584, -5.144, -1.328) delta=(0.004, -0.015, -0.026) moved=false scan_age=0.050s
[gpu_amcl_cpp_node-6] [INFO] [1788896559.310551151] [gpu_amcl_cpp]: AMCL local correction: odom_prediction=(-8.051, 7.553, 2.178) scan=(-8.037, 7.537, 2.140) correction=0.020 m/0.038 rad cluster_weight=0.792 publish=true
[gpu_amcl_cpp_node-6] [INFO] [1788896559.558608473] [gpu_amcl_cpp]: AMCL odom delta: at_scan=(4.600, -5.326, -1.639) baseline=(4.601, -5.311, -1.611) delta=(-0.001, -0.016, -0.027) moved=false scan_age=0.049s
[gpu_amcl_cpp_node-6] [INFO] [1788896560.360549651] [gpu_amcl_cpp]: AMCL local correction: odom_prediction=(-8.120, 7.695, 1.874) scan=(-8.114, 7.677, 1.841) correction=0.019 m/0.033 rad cluster_weight=0.802 publish=true
[gpu_amcl_cpp_node-6] [INFO] [1788896560.606690841] [gpu_amcl_cpp]: AMCL odom delta: at_scan=(4.565, -5.492, -1.906) baseline=(4.571, -5.476, -1.884) delta=(-0.005, -0.015, -0.021) moved=false scan_age=0.048s
[gpu_amcl_cpp_node-6] [INFO] [1788896561.409251703] [gpu_amcl_cpp]: Starting AMCL scan update #2998 (sampled from 1081 ranges).
[gpu_amcl_cpp_node-6] [INFO] [1788896561.410121237] [gpu_amcl_cpp]: AMCL scan update #2998 completed; evaluating pose confidence.
[gpu_amcl_cpp_node-6] [INFO] [1788896561.410835029] [gpu_amcl_cpp]: AMCL local correction: odom_prediction=(-8.146, 7.864, 1.643) scan=(-8.141, 7.854, 1.607) correction=0.011 m/0.036 rad cluster_weight=0.779 publish=true
[gpu_amcl_cpp_node-6] [INFO] [1788896561.611248726] [gpu_amcl_cpp]: AMCL odom delta: at_scan=(4.492, -5.650, -2.092) baseline=(4.496, -5.642, -2.084) delta=(-0.005, -0.008, -0.008) moved=false scan_age=0.052s
[gpu_amcl_cpp_node-6] [INFO] [1788896562.410614089] [gpu_amcl_cpp]: Received LiDAR callback #3018 (1081 ranges).
[gpu_amcl_cpp_node-6] [INFO] [1788896562.412164654] [gpu_amcl_cpp]: AMCL local correction: odom_prediction=(-8.142, 8.062, 1.456) scan=(-8.144, 8.060, 1.425) correction=0.003 m/0.030 rad cluster_weight=0.795 publish=true
[gpu_amcl_cpp_node-6] [INFO] [1788896562.659835059] [gpu_amcl_cpp]: AMCL odom delta: at_scan=(4.363, -5.836, -2.252) baseline=(4.370, -5.827, -2.245) delta=(-0.007, -0.009, -0.007) moved=false scan_age=0.051s
[gpu_amcl_cpp_node-6] [INFO] [1788896563.460454820] [gpu_amcl_cpp]: AMCL local correction: odom_prediction=(-8.099, 8.306, 1.307) scan=(-8.111, 8.306, 1.284) correction=0.012 m/0.023 rad cluster_weight=0.806 publish=true
[gpu_amcl_cpp_node-6] [INFO] [1788896563.708118402] [gpu_amcl_cpp]: AMCL odom delta: at_scan=(4.189, -6.025, -2.367) baseline=(4.198, -6.017, -2.362) delta=(-0.009, -0.009, -0.005) moved=false scan_age=0.049s
[gpu_amcl_cpp_node-6] [INFO] [1788896564.560568738] [gpu_amcl_cpp]: AMCL local correction: odom_prediction=(-8.029, 8.548, 1.182) scan=(-8.043, 8.549, 1.167) correction=0.013 m/0.014 rad cluster_weight=0.819 publish=true
