[INFO] [launch]: All log files can be found below /root/.ros/log/2026-09-09-20-14-27-470188-ExternalDrive-8268
[INFO] [launch]: Default logging verbosity is set to INFO
[INFO] [launch.user]: controller=pure_pursuit custom_amcl=True rviz=False
[INFO] [autodrive_bridge_40hz-1]: process started with pid [8297]
[INFO] [sensor_odometry_node-2]: process started with pid [8299]
[INFO] [ekf_localization_node-3]: process started with pid [8301]
[INFO] [map_server-4]: process started with pid [8303]
[INFO] [lifecycle_manager-5]: process started with pid [8305]
[INFO] [gpu_amcl_cpp_node-6]: process started with pid [8307]
[INFO] [ground_truth_amcl_monitor-7]: process started with pid [8309]
[INFO] [calibration-8]: process started with pid [8311]
[INFO] [component_container-9]: process started with pid [8313]
[INFO] [actuator_interface-10]: process started with pid [8315]
[lifecycle_manager-5] [INFO] [1788984867.757557039] [lifecycle_manager_map]: Creating
[lifecycle_manager-5] [INFO] [1788984867.763169565] [lifecycle_manager_map]: [34m[1mCreating and initializing lifecycle service clients[0m[0m
[sensor_odometry_node-2] [INFO] [1788984867.784550797] [sensor_odometry]: Deterministic odometry observer: exact timestamp packets, encoders + IMU only
[lifecycle_manager-5] [INFO] [1788984867.789213322] [lifecycle_manager_map]: [34m[1mStarting managed nodes bringup...[0m[0m
[lifecycle_manager-5] [INFO] [1788984867.789436701] [lifecycle_manager_map]: [34m[1mConfiguring map_server[0m[0m
[ekf_localization_node-3] [INFO] [1788984867.795353658] [ekf_localization]: Local odometry trust filter ready: /odom -> /ekf_odom and /ekf_pose in frame odom; reset events=/autodrive/reset_command
[map_server-4] [INFO] [1788984867.796057428] [map_server]: 
[map_server-4] 	map_server lifecycle node launched. 
[map_server-4] 	Waiting on external lifecycle transitions to activate
[map_server-4] 	See https://design.ros2.org/articles/node_lifecycle.html for more information.
[map_server-4] [INFO] [1788984867.796197410] [map_server]: Creating
[map_server-4] [INFO] [1788984867.796619983] [map_server]: Configuring
[map_server-4] [INFO] [1788984867.796700514] [map_io]: Loading yaml file: /workspace/src/f1tenth_planning/maps/autodrive_track_ftg_commit_20260909_025m.yaml
[map_server-4] [INFO] [1788984867.797225940] [map_io]: resolution: 0.025
[map_server-4] [INFO] [1788984867.797270443] [map_io]: origin[0]: -6.82
[map_server-4] [INFO] [1788984867.797278147] [map_io]: origin[1]: -12.3
[map_server-4] [INFO] [1788984867.797284159] [map_io]: origin[2]: 0
[map_server-4] [INFO] [1788984867.797290300] [map_io]: free_thresh: 0.25
[map_server-4] [INFO] [1788984867.797299137] [map_io]: occupied_thresh: 0.65
[map_server-4] [INFO] [1788984867.797310137] [map_io]: mode: trinary
[map_server-4] [INFO] [1788984867.797321940] [map_io]: negate: 0
[map_server-4] [INFO] [1788984867.797683658] [map_io]: Loading image_file: /workspace/src/f1tenth_planning/maps/autodrive_track_ftg_commit_20260909_025m.pgm
[map_server-4] [INFO] [1788984867.869010103] [map_io]: Read map /workspace/src/f1tenth_planning/maps/autodrive_track_ftg_commit_20260909_025m.pgm: 349 X 877 map @ 0.025 m/cell
[lifecycle_manager-5] [INFO] [1788984867.893166540] [lifecycle_manager_map]: [34m[1mActivating map_server[0m[0m
[map_server-4] [INFO] [1788984867.898101395] [map_server]: Activating
[map_server-4] [INFO] [1788984867.898909882] [map_server]: Creating bond (map_server) to lifecycle manager.
[component_container-9] [INFO] [1788984867.970281773] [controller_container]: Load Library: /workspace/install/lib/libpure_pursuit_node.so
[component_container-9] [INFO] [1788984867.996189333] [controller_container]: Found class: rclcpp_components::NodeFactoryTemplate<f1tenth_control::PurePursuitNode>
[component_container-9] [INFO] [1788984867.996269253] [controller_container]: Instantiate class: rclcpp_components::NodeFactoryTemplate<f1tenth_control::PurePursuitNode>
[gpu_amcl_cpp_node-6] [INFO] [1788984868.017976165] [gpu_amcl_cpp]: [AMCL] Parameters: update_min_d=0.02000, update_min_a=0.03500, max_scan_age=0.2500, odom_history=1.000s, cloud_publish_rate=1.0 Hz, debug_pre_resample=false, slip_threshold=1.00 rad/s, initial_raceline_heading=false, local_correction_gate=0.00m/0.00rad xy_gain=0.250 cross_track_only=false yaw_gain=0.000 association=0.80m recenter_cloud=true
[component_container-9] [INFO] [1788984868.030225880] [pure_pursuit_node]: Initializing Pure Pursuit Node
[gpu_amcl_cpp_node-6] [INFO] [1788984868.047134623] [gpu_amcl_cpp]: Particle cloud publishing scan-synchronized, max 1.0 Hz
[gpu_amcl_cpp_node-6] [INFO] [1788984868.047467608] [gpu_amcl_cpp]: GPU AMCL C++ node created — waiting for map...
[component_container-9] [INFO] [1788984868.053467842] [pure_pursuit_node]: Loaded trajectory with 2586 waypoints (51.7 m)
[gpu_amcl_cpp_node-6] [INFO] [1788984868.059240358] [gpu_amcl_cpp]: Received first map (349x877 @ 0.025 m/cell) — initialising PF
[component_container-9] [INFO] [1788984868.061848159] [pure_pursuit_node]: Pure Pursuit Node initialized
[component_container-9] [INFO] [1788984868.061900217] [pure_pursuit_node]:   Trajectory: /workspace/src/f1tenth_planning/trajectories/autodrive_track_ftg_commit_20260909_025m_mintime_raceline.csv (2586 points)
[component_container-9] [INFO] [1788984868.061925033] [pure_pursuit_node]:   Lookahead: 0.35 - 0.95 m (gain: 0.05)
[component_container-9] [INFO] [1788984868.061940583] [pure_pursuit_node]:   Max speed cap: 3.00 m/s
[component_container-9] [INFO] [1788984868.061949149] [pure_pursuit_node]:   Lookahead adapt: cte_weight=1.00 cte_gain=0.042 curvature_gain=1.900
[component_container-9] [INFO] [1788984868.061958606] [pure_pursuit_node]:   Speed adapt: curvature_factor=0.102 floor_ratio=0.52
[component_container-9] [INFO] [1788984868.061968174] [pure_pursuit_node]:   Speed adapt (CTE): factor=1.500 floor_ratio=0.55
[component_container-9] [INFO] [1788984868.061976320] [pure_pursuit_node]:   Speed limits: max_lat_accel=6.50 min_reg_speed=0.00
[component_container-9] [INFO] [1788984868.061984385] [pure_pursuit_node]:   Yaw-rate damping: 0.000 s
[component_container-9] [INFO] [1788984868.061991819] [pure_pursuit_node]:   Target-heading turn-in gain: 0.000
[component_container-9] [INFO] [1788984868.061999283] [pure_pursuit_node]:   Command shaping: steer_rate=3.20 accel=3.00 decel=8.00
[component_container-9] [INFO] [1788984868.062008019] [pure_pursuit_node]:   Pose: /current_map_pose (map frame)
[component_container-9] [INFO] [1788984868.062015122] [pure_pursuit_node]:   Odom: /odom
[component_container-9] [INFO] [1788984868.062022135] [pure_pursuit_node]:   Control trigger: /odom (one command per odometry update; nominal 40.0 Hz)
[component_container-9] [INFO] [1788984868.062030872] [pure_pursuit_node]:   Steering feedback: /autodrive/roboracer_1/steering (lead gain 0.25)
[component_container-9] [INFO] [1788984868.062038727] [pure_pursuit_node]:   Startup path gate: distance <= 0.80 m, heading <= 0.75 rad
[component_container-9] [INFO] [1788984868.062046812] [pure_pursuit_node]:   Command: /cmd/speed
[INFO] [launch_ros.actions.load_composable_nodes]: Loaded node '/pure_pursuit_node' in container '/controller_container'
[gpu_amcl_cpp_node-6] [INFO] [1788984868.079350105] [gpu_amcl_cpp]: Loaded 2587 global heading points from /workspace/src/f1tenth_planning/trajectories/autodrive_track_ftg_commit_20260909_025m_mintime_raceline.csv
[lifecycle_manager-5] [INFO] [1788984868.098718511] [lifecycle_manager_map]: Server map_server connected with bond.
[lifecycle_manager-5] [INFO] [1788984868.098800284] [lifecycle_manager_map]: [34m[1mManaged nodes are active[0m[0m
[lifecycle_manager-5] [INFO] [1788984868.098818699] [lifecycle_manager_map]: [34m[1mCreating bond timer...[0m[0m
[gpu_amcl_cpp_node-6] [INFO] [1788984868.100066129] [gpu_amcl_cpp]: Global AMCL startup prior centred at saved map start (0.801, 3.158, -1.571) with covariance (0.500, 0.500, 0.200).
[gpu_amcl_cpp_node-6] [INFO] [1788984868.100144265] [gpu_amcl_cpp]: Particle filter initialised with 2500 particles (global)
[gpu_amcl_cpp_node-6] [INFO] [1788984868.100211131] [gpu_amcl_cpp]: Global particle initialization active; waiting for scans before publishing pose
[autodrive_bridge_40hz-1] /usr/local/lib/python3.10/dist-packages/numpy/core/getlimits.py:499: UserWarning: The value of the smallest subnormal for <class 'numpy.float64'> type is zero.
[autodrive_bridge_40hz-1]   setattr(self, word, getattr(machar, word).flat[0])
[autodrive_bridge_40hz-1] /usr/local/lib/python3.10/dist-packages/numpy/core/getlimits.py:89: UserWarning: The value of the smallest subnormal for <class 'numpy.float64'> type is zero.
[autodrive_bridge_40hz-1]   return self._float_to_str(self.smallest_subnormal)
[ground_truth_amcl_monitor-7] [INFO] [1788984868.167294037] [ground_truth_amcl_monitor]: Absolute map scoring enabled from explicit map start: (0.8006, 3.1583, -1.5708)
[ground_truth_amcl_monitor-7] [WARN] [1788984868.185939698] [ground_truth_amcl_monitor]: Ground-truth monitor is diagnostics-only; simulator IPS/odom are not controller inputs
[actuator_interface-10] [INFO] [1788984868.252046694] [autodrive_actuator_interface]: Actuator interface ready; no arming state
[actuator_interface-10] [WARN] [1788984868.255238210] [autodrive_actuator_interface]: Neutral output: no command
[calibration-8] [INFO] [1788984868.262695737] [allowed_telemetry_recorder]: Calibration mode=sensor_record duration=240.000 s output=/workspace/src/f1tenth_planning/analysis/amcl_tuning_campaign_20260909/acceptance_3mps_gain025_fullxy_bag/telemetry/sensor_record_20260909_201428.csv
[autodrive_bridge_40hz-1] [autodrive_bridge_40hz] camera decode/publication disabled
[autodrive_bridge_40hz-1] [autodrive_bridge_40hz] bounded request pacing enabled at 40 Hz (max one outstanding request)
[autodrive_bridge_40hz-1] Connected!
[component_container-9] [WARN] [1788984868.625266263] [pure_pursuit_node]: No pose received on /current_map_pose yet
[gpu_amcl_cpp_node-6] [INFO] [1788984868.625493439] [gpu_amcl_cpp]: Received first odometry sample at (0.00, 0.00, 0.00).
[gpu_amcl_cpp_node-6] [INFO] [1788984868.627599199] [gpu_amcl_cpp]: Received LiDAR callback #1 (1081 ranges).
[gpu_amcl_cpp_node-6] [INFO] [1788984868.627672266] [gpu_amcl_cpp]: AMCL odom delta: at_scan=(0.000, 0.000, 0.000) baseline=(0.000, 0.000, 0.000) delta=(0.000, 0.000, 0.000) moved=false scan_age=0.074s
[gpu_amcl_cpp_node-6] [INFO] [1788984868.627699036] [gpu_amcl_cpp]: Starting AMCL scan update #1 (sampled from 1081 ranges).
[gpu_amcl_cpp_node-6] [INFO] [1788984868.632378122] [gpu_amcl_cpp]: AMCL scan update #1 completed; evaluating pose confidence.
[gpu_amcl_cpp_node-6] [INFO] [1788984868.633107399] [gpu_amcl_cpp]: Global AMCL refining: cluster_weight=0.612, covariance xy=0.030 (max 0.250), yaw=0.004 (max 0.120).
[gpu_amcl_cpp_node-6] [INFO] [1788984868.633150631] [gpu_amcl_cpp]: Global AMCL lock evidence: quality=false stable_scans=1/5 travel=0.000/0.750 m (min_weight=0.500).
[gpu_amcl_cpp_node-6] [INFO] [1788984868.860109241] [gpu_amcl_cpp]: Publishing provisional global AMCL pose for localization ramp; travel=0.000/0.750 m stable_scans=5/5.
[ground_truth_amcl_monitor-7] [INFO] [1788984868.861039746] [ground_truth_amcl_monitor]: Relative GT alignment initialized: yaw=-0.000, translation=(-0.000, 0.000)
[ground_truth_amcl_monitor-7] [INFO] [1788984868.861790013] [ground_truth_amcl_monitor]: AMCL vs GT: gt=(0.801, 3.158) amcl=(0.801, 3.158) error=0.000 m / 0.000 rad; current_map=unavailable; odom=(0.801, 3.158, -1.571) error=0.000 m / 0.000 rad; ekf=(0.801, 3.158, -1.571) error=0.000 m / 0.000 rad; RMS=0.000 m / 0.000 rad max=0.000 m / 0.000 rad samples=1
[component_container-9] [INFO] [1788984869.180801573] [pure_pursuit_node]: Aligned closed trajectory seam to startup pose at original waypoint 1090
[component_container-9] [INFO] [1788984869.180896000] [pure_pursuit_node]: Startup path gate passed: path_distance=0.166 m heading_error=0.302 rad
[component_container-9] [INFO] [1788984869.180915115] [pure_pursuit_node]: Pure Pursuit: pose=(0.801, 3.158, -1.571) cte=-0.166 closest=0 target=18 path_dist=0.166 heading_err=0.302 steer=-0.003 speed=0.003
[gpu_amcl_cpp_node-6] [INFO] [1788984869.684286049] [gpu_amcl_cpp]: AMCL odom delta: at_scan=(0.132, -0.008, -0.094) baseline=(0.080, -0.003, -0.078) delta=(0.051, -0.004, -0.017) moved=true scan_age=0.055s
[actuator_interface-10] [INFO] [1788984869.685276466] [autodrive_actuator_interface]: Collision baseline established at cumulative count 0
[ground_truth_amcl_monitor-7] [INFO] [1788984869.908590631] [ground_truth_amcl_monitor]: AMCL vs GT: gt=(0.770, 2.682) amcl=(0.777, 2.828) error=0.146 m / 0.069 rad; current_map=(0.776, 2.752, -1.547) error=0.071 m / 0.000 rad; odom=(0.776, 2.752, -1.547) error=0.071 m / 0.000 rad; ekf=(0.776, 2.752, -1.547) error=0.071 m / 0.000 rad; RMS=0.052 m / 0.015 rad max=0.146 m / 0.069 rad samples=38
[gpu_amcl_cpp_node-6] [INFO] [1788984870.112385327] [gpu_amcl_cpp]: Global AMCL lock accepted at (0.852, 2.372, -1.265); continuing with local tracking.
[gpu_amcl_cpp_node-6] [INFO] [1788984870.182988225] [gpu_amcl_cpp]: AMCL local correction: odom_prediction=(0.903, 2.208, -1.275) scan=(0.896, 2.212, -1.285) correction=0.009 m/0.011 rad cluster_weight=0.901 publish=true
[component_container-9] [INFO] [1788984870.231250303] [pure_pursuit_node]: Pure Pursuit: pose=(0.968, 1.961, -1.349) cte=-0.006 closest=59 target=84 path_dist=0.006 heading_err=0.011 steer=-0.022 speed=2.953
[gpu_amcl_cpp_node-6] [WARN] [1788984870.534368494] [gpu_amcl_cpp]: No local AMCL cluster near odometry prediction; using causal odometry pose.
[gpu_amcl_cpp_node-6] [INFO] [1788984870.706100294] [gpu_amcl_cpp]: AMCL odom delta: at_scan=(2.392, 0.426, 0.229) baseline=(2.190, 0.374, 0.276) delta=(0.203, 0.052, -0.047) moved=true scan_age=0.052s
[ground_truth_amcl_monitor-7] [INFO] [1788984870.932214852] [ground_truth_amcl_monitor]: AMCL vs GT: gt=(1.280, 0.045) amcl=(1.256, 0.285) error=0.242 m / 0.004 rad; current_map=(1.258, 0.125, -1.554) error=0.084 m / 0.000 rad; odom=(1.282, 0.257, -1.558) error=0.212 m / 0.004 rad; ekf=(1.282, 0.257, -1.558) error=0.212 m / 0.004 rad; RMS=0.122 m / 0.028 rad max=0.297 m / 0.097 rad samples=74
[gpu_amcl_cpp_node-6] [INFO] [1788984871.208105296] [gpu_amcl_cpp]: AMCL local correction: odom_prediction=(1.369, -0.671, -1.396) scan=(1.376, -0.766, -1.390) correction=0.096 m/0.006 rad cluster_weight=0.932 publish=true
[component_container-9] [INFO] [1788984871.256943925] [pure_pursuit_node]: Pure Pursuit: pose=(1.392, -0.944, -1.576) cte=-0.032 closest=206 target=232 path_dist=0.032 heading_err=0.031 steer=-0.071 speed=2.839
[gpu_amcl_cpp_node-6] [INFO] [1788984871.708030237] [gpu_amcl_cpp]: AMCL odom delta: at_scan=(5.259, 0.580, 0.119) baseline=(5.115, 0.564, 0.097) delta=(0.144, 0.016, 0.022) moved=true scan_age=0.049s
[ground_truth_amcl_monitor-7] [INFO] [1788984871.933711351] [ground_truth_amcl_monitor]: AMCL vs GT: gt=(1.375, -2.693) amcl=(1.396, -2.459) error=0.235 m / 0.097 rad; current_map=(1.390, -2.497, -1.774) error=0.197 m / 0.000 rad; odom=(1.389, -2.443, -1.774) error=0.251 m / 0.000 rad; ekf=(1.389, -2.443, -1.774) error=0.251 m / 0.000 rad; RMS=0.129 m / 0.037 rad max=0.297 m / 0.116 rad samples=110
[gpu_amcl_cpp_node-6] [INFO] [1788984872.211241661] [gpu_amcl_cpp]: AMCL local correction: odom_prediction=(1.187, -3.192, -1.771) scan=(1.175, -3.241, -1.768) correction=0.050 m/0.002 rad cluster_weight=0.942 publish=true
[component_container-9] [INFO] [1788984872.280280697] [pure_pursuit_node]: Pure Pursuit: pose=(1.154, -3.488, -1.593) cte=0.058 closest=334 target=359 path_dist=0.058 heading_err=-0.106 steer=0.010 speed=2.748
[gpu_amcl_cpp_node-6] [WARN] [1788984872.332991418] [gpu_amcl_cpp]: No local AMCL cluster near odometry prediction; using causal odometry pose.
[gpu_amcl_cpp_node-6] [INFO] [1788984872.708252647] [gpu_amcl_cpp]: AMCL odom delta: at_scan=(7.516, 0.315, -0.285) baseline=(7.396, 0.345, -0.211) delta=(0.119, -0.030, -0.074) moved=true scan_age=0.051s
[ground_truth_amcl_monitor-7] [INFO] [1788984872.934315037] [ground_truth_amcl_monitor]: AMCL vs GT: gt=(0.895, -5.283) amcl=(0.918, -5.117) error=0.167 m / 0.000 rad; current_map=(0.920, -5.110, -1.780) error=0.175 m / 0.000 rad; odom=(0.933, -4.936, -1.780) error=0.349 m / 0.000 rad; ekf=(0.933, -4.936, -1.780) error=0.349 m / 0.000 rad; RMS=0.175 m / 0.040 rad max=0.410 m / 0.116 rad samples=147
[gpu_amcl_cpp_node-6] [INFO] [1788984873.261955230] [gpu_amcl_cpp]: AMCL local correction: odom_prediction=(0.798, -6.092, -1.853) scan=(0.803, -6.144, -1.839) correction=0.052 m/0.014 rad cluster_weight=0.960 publish=true
[component_container-9] [INFO] [1788984873.330269166] [pure_pursuit_node]: Pure Pursuit: pose=(0.679, -6.421, -1.982) cte=0.006 closest=483 target=509 path_dist=0.006 heading_err=0.193 steer=0.254 speed=2.849
[gpu_amcl_cpp_node-6] [INFO] [1788984873.658503544] [gpu_amcl_cpp]: Received LiDAR callback #91 (1081 ranges).
[gpu_amcl_cpp_node-6] [INFO] [1788984873.658565780] [gpu_amcl_cpp]: Starting AMCL scan update #91 (sampled from 1081 ranges).
[gpu_amcl_cpp_node-6] [INFO] [1788984873.659056451] [gpu_amcl_cpp]: AMCL scan update #91 completed; evaluating pose confidence.
[gpu_amcl_cpp_node-6] [INFO] [1788984873.709650783] [gpu_amcl_cpp]: AMCL odom delta: at_scan=(10.248, -0.281, -0.060) baseline=(10.106, -0.273, -0.055) delta=(0.142, -0.008, -0.005) moved=true scan_age=0.051s
[ground_truth_amcl_monitor-7] [INFO] [1788984873.960079332] [ground_truth_amcl_monitor]: AMCL vs GT: gt=(0.339, -8.043) amcl=(0.411, -7.834) error=0.221 m / 0.073 rad; current_map=(0.371, -7.926, -2.012) error=0.121 m / 0.000 rad; odom=(0.397, -7.615, -2.012) error=0.432 m / 0.000 rad; ekf=(0.397, -7.615, -2.012) error=0.432 m / 0.000 rad; RMS=0.181 m / 0.043 rad max=0.410 m / 0.132 rad samples=182
[gpu_amcl_cpp_node-6] [INFO] [1788984874.264155280] [gpu_amcl_cpp]: AMCL local correction: odom_prediction=(0.014, -8.655, -1.894) scan=(-0.006, -8.713, -1.890) correction=0.061 m/0.004 rad cluster_weight=0.981 publish=true
[component_container-9] [INFO] [1788984874.330894312] [pure_pursuit_node]: Pure Pursuit: pose=(-0.049, -8.947, -1.672) cte=0.028 closest=615 target=639 path_dist=0.028 heading_err=-0.316 steer=-0.274 speed=2.234
[gpu_amcl_cpp_node-6] [INFO] [1788984874.736159625] [gpu_amcl_cpp]: AMCL odom delta: at_scan=(12.122, -0.897, -0.677) baseline=(12.072, -0.861, -0.555) delta=(0.050, -0.035, -0.122) moved=true scan_age=0.053s
[ground_truth_amcl_monitor-7] [INFO] [1788984874.982653465] [ground_truth_amcl_monitor]: AMCL vs GT: gt=(-0.661, -9.992) amcl=(-0.536, -9.856) error=0.184 m / 0.009 rad; current_map=(-0.649, -9.923, -2.615) error=0.070 m / 0.000 rad; odom=(-0.541, -9.293, -2.615) error=0.709 m / 0.000 rad; ekf=(-0.541, -9.293, -2.615) error=0.709 m / 0.000 rad; RMS=0.182 m / 0.049 rad max=0.410 m / 0.182 rad samples=216
[gpu_amcl_cpp_node-6] [INFO] [1788984875.285610024] [gpu_amcl_cpp]: AMCL local correction: odom_prediction=(-1.122, -10.196, -2.954) scan=(-1.224, -10.240, -2.942) correction=0.112 m/0.012 rad cluster_weight=0.999 publish=true
[component_container-9] [INFO] [1788984875.354959031] [pure_pursuit_node]: Pure Pursuit: pose=(-1.212, -10.199, 3.031) cte=-0.104 closest=702 target=722 path_dist=0.104 heading_err=0.245 steer=-0.257 speed=2.208
[gpu_amcl_cpp_node-6] [INFO] [1788984875.757016558] [gpu_amcl_cpp]: AMCL odom delta: at_scan=(12.385, -2.644, -2.140) baseline=(12.472, -2.490, -2.039) delta=(-0.088, -0.153, -0.101) moved=true scan_age=0.053s
[ground_truth_amcl_monitor-7] [INFO] [1788984876.007818999] [ground_truth_amcl_monitor]: AMCL vs GT: gt=(-2.517, -9.567) amcl=(-2.486, -9.593) error=0.040 m / 0.079 rad; current_map=(-2.557, -9.493, 2.152) error=0.085 m / 0.000 rad; odom=(-2.287, -8.785, 2.152) error=0.815 m / 0.000 rad; ekf=(-2.287, -8.785, 2.152) error=0.815 m / 0.000 rad; RMS=0.173 m / 0.051 rad max=0.410 m / 0.182 rad samples=254
[gpu_amcl_cpp_node-6] [INFO] [1788984876.337925228] [gpu_amcl_cpp]: AMCL local correction: odom_prediction=(-2.831, -8.736, 1.874) scan=(-2.814, -8.732, 1.877) correction=0.017 m/0.004 rad cluster_weight=0.963 publish=true
[component_container-9] [INFO] [1788984876.405044784] [pure_pursuit_node]: Pure Pursuit: pose=(-2.960, -8.433, 2.071) cte=0.015 closest=834 target=859 path_dist=0.015 heading_err=-0.205 steer=-0.271 speed=2.568
[gpu_amcl_cpp_node-6] [INFO] [1788984876.782809459] [gpu_amcl_cpp]: AMCL odom delta: at_scan=(10.320, -3.704, -3.120) baseline=(10.394, -3.699, -3.017) delta=(-0.074, -0.005, -0.103) moved=true scan_age=0.051s
[ground_truth_amcl_monitor-7] [INFO] [1788984877.008113327] [ground_truth_amcl_monitor]: AMCL vs GT: gt=(-3.108, -7.176) amcl=(-3.110, -7.333) error=0.158 m / 0.054 rad; current_map=(-3.094, -7.199, 1.478) error=0.028 m / 0.000 rad; odom=(-2.859, -6.706, 1.424) error=0.531 m / 0.054 rad; ekf=(-2.859, -6.706, 1.424) error=0.531 m / 0.054 rad; RMS=0.165 m / 0.051 rad max=0.410 m / 0.182 rad samples=290
[gpu_amcl_cpp_node-6] [INFO] [1788984877.386979437] [gpu_amcl_cpp]: AMCL local correction: odom_prediction=(-3.183, -6.260, 1.613) scan=(-3.198, -6.208, 1.613) correction=0.053 m/0.000 rad cluster_weight=0.978 publish=true
[component_container-9] [INFO] [1788984877.455174530] [pure_pursuit_node]: Pure Pursuit: pose=(-3.179, -6.170, 1.423) cte=-0.068 closest=948 target=968 path_dist=0.068 heading_err=0.035 steer=-0.267 speed=2.575
[gpu_amcl_cpp_node-6] [INFO] [1788984877.833583684] [gpu_amcl_cpp]: AMCL odom delta: at_scan=(8.119, -3.487, 2.837) baseline=(8.247, -3.533, 2.760) delta=(-0.129, 0.046, 0.076) moved=true scan_age=0.051s
[ground_truth_amcl_monitor-7] [INFO] [1788984878.009597125] [ground_truth_amcl_monitor]: AMCL vs GT: gt=(-2.866, -4.845) amcl=(-2.898, -5.030) error=0.188 m / 0.006 rad; current_map=(-2.883, -4.883, 1.468) error=0.042 m / 0.000 rad; odom=(-2.602, -4.461, 1.468) error=0.466 m / 0.000 rad; ekf=(-2.602, -4.461, 1.468) error=0.466 m / 0.000 rad; RMS=0.163 m / 0.051 rad max=0.410 m / 0.182 rad samples=326
[gpu_amcl_cpp_node-6] [INFO] [1788984878.387122802] [gpu_amcl_cpp]: AMCL local correction: odom_prediction=(-2.654, -4.216, 1.053) scan=(-2.654, -4.183, 1.019) correction=0.033 m/0.034 rad cluster_weight=0.927 publish=true
[component_container-9] [INFO] [1788984878.455914805] [pure_pursuit_node]: Pure Pursuit: pose=(-2.524, -3.927, 1.244) cte=0.037 closest=1064 target=1089 path_dist=0.037 heading_err=0.052 steer=0.173 speed=2.840
[gpu_amcl_cpp_node-6] [INFO] [1788984878.683104490] [gpu_amcl_cpp]: Received LiDAR callback #180 (1081 ranges).
[gpu_amcl_cpp_node-6] [INFO] [1788984878.683160755] [gpu_amcl_cpp]: Starting AMCL scan update #180 (sampled from 1081 ranges).
[gpu_amcl_cpp_node-6] [INFO] [1788984878.683705387] [gpu_amcl_cpp]: AMCL scan update #180 completed; evaluating pose confidence.
[gpu_amcl_cpp_node-6] [INFO] [1788984878.857687679] [gpu_amcl_cpp]: AMCL odom delta: at_scan=(5.830, -2.854, 2.889) baseline=(5.974, -2.885, 2.972) delta=(-0.144, 0.031, -0.083) moved=true scan_age=0.051s
[ground_truth_amcl_monitor-7] [INFO] [1788984879.033825373] [ground_truth_amcl_monitor]: AMCL vs GT: gt=(-2.059, -2.305) amcl=(-2.178, -2.581) error=0.300 m / 0.001 rad; current_map=(-2.118, -2.442, 1.165) error=0.149 m / 0.000 rad; odom=(-1.878, -2.211, 1.165) error=0.204 m / 0.000 rad; ekf=(-1.878, -2.211, 1.165) error=0.204 m / 0.000 rad; RMS=0.178 m / 0.051 rad max=0.430 m / 0.182 rad samples=362
[gpu_amcl_cpp_node-6] [INFO] [1788984879.438030869] [gpu_amcl_cpp]: AMCL local correction: odom_prediction=(-1.850, -1.289, 1.381) scan=(-1.841, -1.250, 1.364) correction=0.039 m/0.017 rad cluster_weight=0.942 publish=true
[component_container-9] [INFO] [1788984879.506705181] [pure_pursuit_node]: Pure Pursuit: pose=(-1.758, -0.956, 1.217) cte=0.015 closest=1218 target=1243 path_dist=0.015 heading_err=0.119 steer=0.200 speed=2.925
[gpu_amcl_cpp_node-6] [INFO] [1788984879.858833204] [gpu_amcl_cpp]: AMCL odom delta: at_scan=(3.106, -2.200, 3.132) baseline=(3.249, -2.204, 3.096) delta=(-0.142, 0.004, 0.035) moved=true scan_age=0.051s
[ground_truth_amcl_monitor-7] [INFO] [1788984880.035186332] [ground_truth_amcl_monitor]: AMCL vs GT: gt=(-1.537, 0.433) amcl=(-1.533, 0.339) error=0.094 m / 0.000 rad; current_map=(-1.535, 0.337, 1.333) error=0.095 m / 0.000 rad; odom=(-1.370, 0.424, 1.333) error=0.168 m / 0.000 rad; ekf=(-1.370, 0.424, 1.333) error=0.168 m / 0.000 rad; RMS=0.176 m / 0.051 rad max=0.430 m / 0.182 rad samples=399
[gpu_amcl_cpp_node-6] [INFO] [1788984880.484290168] [gpu_amcl_cpp]: AMCL local correction: odom_prediction=(-1.272, 1.499, 1.589) scan=(-1.260, 1.560, 1.569) correction=0.062 m/0.020 rad cluster_weight=0.941 publish=true
[component_container-9] [INFO] [1788984880.533121493] [pure_pursuit_node]: Pure Pursuit: pose=(-1.285, 1.781, 1.650) cte=-0.009 closest=1357 target=1382 path_dist=0.009 heading_err=-0.152 steer=-0.166 speed=2.856
[gpu_amcl_cpp_node-6] [INFO] [1788984880.883119571] [gpu_amcl_cpp]: AMCL odom delta: at_scan=(0.608, -1.920, 3.116) baseline=(0.706, -1.926, 3.035) delta=(-0.098, 0.006, 0.080) moved=true scan_age=0.050s
[ground_truth_amcl_monitor-7] [INFO] [1788984881.058660206] [ground_truth_amcl_monitor]: AMCL vs GT: gt=(-1.266, 3.075) amcl=(-1.224, 2.828) error=0.251 m / 0.077 rad; current_map=(-1.224, 2.828, 1.830) error=0.251 m / 0.000 rad; odom=(-1.124, 2.630, 1.830) error=0.467 m / 0.000 rad; ekf=(-1.124, 2.630, 1.830) error=0.467 m / 0.000 rad; RMS=0.181 m / 0.051 rad max=0.430 m / 0.182 rad samples=434
[gpu_amcl_cpp_node-6] [INFO] [1788984881.532070099] [gpu_amcl_cpp]: AMCL local correction: odom_prediction=(-1.704, 3.698, 2.261) scan=(-1.755, 3.796, 2.250) correction=0.110 m/0.011 rad cluster_weight=0.981 publish=true
[component_container-9] [INFO] [1788984881.581203672] [pure_pursuit_node]: Pure Pursuit: pose=(-1.719, 3.715, 2.370) cte=0.051 closest=1457 target=1476 path_dist=0.051 heading_err=0.032 steer=0.524 speed=1.680
[gpu_amcl_cpp_node-6] [INFO] [1788984881.909869089] [gpu_amcl_cpp]: AMCL odom delta: at_scan=(-0.293, -2.793, -1.640) baseline=(-0.280, -2.701, -1.778) delta=(-0.013, -0.092, 0.138) moved=true scan_age=0.051s
[ground_truth_amcl_monitor-7] [INFO] [1788984882.083148233] [ground_truth_amcl_monitor]: AMCL vs GT: gt=(-2.400, 4.013) amcl=(-2.380, 4.045) error=0.038 m / 0.084 rad; current_map=(-2.411, 4.037, -2.851) error=0.026 m / 0.000 rad; odom=(-2.198, 3.432, -2.851) error=0.615 m / 0.000 rad; ekf=(-2.198, 3.432, -2.851) error=0.615 m / 0.000 rad; RMS=0.179 m / 0.053 rad max=0.430 m / 0.185 rad samples=472
[gpu_amcl_cpp_node-6] [INFO] [1788984882.534301653] [gpu_amcl_cpp]: AMCL local correction: odom_prediction=(-2.850, 3.615, -2.120) scan=(-2.848, 3.575, -2.105) correction=0.040 m/0.014 rad cluster_weight=0.963 publish=true
[component_container-9] [INFO] [1788984882.581941954] [pure_pursuit_node]: Pure Pursuit: pose=(-2.941, 3.452, -2.037) cte=-0.010 closest=1527 target=1550 path_dist=0.010 heading_err=-0.056 steer=0.203 speed=2.228
[gpu_amcl_cpp_node-6] [INFO] [1788984882.981200383] [gpu_amcl_cpp]: AMCL odom delta: at_scan=(1.057, -3.716, -0.066) baseline=(0.882, -3.701, -0.109) delta=(0.175, -0.015, 0.044) moved=true scan_age=0.052s
[ground_truth_amcl_monitor-7] [INFO] [1788984883.083893278] [ground_truth_amcl_monitor]: AMCL vs GT: gt=(-3.160, 2.371) amcl=(-3.139, 2.495) error=0.126 m / 0.041 rad; current_map=(-3.152, 2.353, -1.681) error=0.020 m / 0.000 rad; odom=(-2.937, 1.827, -1.681) error=0.588 m / 0.000 rad; ekf=(-2.937, 1.827, -1.681) error=0.588 m / 0.000 rad; RMS=0.173 m / 0.053 rad max=0.430 m / 0.185 rad samples=508
[gpu_amcl_cpp_node-6] [INFO] [1788984883.536907679] [gpu_amcl_cpp]: AMCL local correction: odom_prediction=(-3.317, 1.105, -1.547) scan=(-3.316, 1.111, -1.538) correction=0.007 m/0.009 rad cluster_weight=0.972 publish=true
[component_container-9] [INFO] [1788984883.605982031] [pure_pursuit_node]: Pure Pursuit: pose=(-3.334, 0.919, -1.771) cte=-0.022 closest=1655 target=1678 path_dist=0.022 heading_err=0.021 steer=-0.161 speed=2.734
[gpu_amcl_cpp_node-6] [INFO] [1788984883.731440295] [gpu_amcl_cpp]: Received LiDAR callback #270 (1081 ranges).
[gpu_amcl_cpp_node-6] [INFO] [1788984883.731505276] [gpu_amcl_cpp]: Starting AMCL scan update #270 (sampled from 1081 ranges).
[gpu_amcl_cpp_node-6] [INFO] [1788984883.732140628] [gpu_amcl_cpp]: AMCL scan update #270 completed; evaluating pose confidence.
[gpu_amcl_cpp_node-6] [INFO] [1788984884.032004107] [gpu_amcl_cpp]: AMCL odom delta: at_scan=(3.392, -4.137, -0.223) baseline=(3.197, -4.085, -0.296) delta=(0.196, -0.052, 0.073) moved=true scan_age=0.053s
[ground_truth_amcl_monitor-7] [INFO] [1788984884.084724567] [ground_truth_amcl_monitor]: AMCL vs GT: gt=(-3.627, -0.071) amcl=(-3.612, 0.009) error=0.082 m / 0.000 rad; current_map=(-3.612, 0.023, -1.776) error=0.095 m / 0.000 rad; odom=(-3.366, -0.369, -1.776) error=0.396 m / 0.000 rad; ekf=(-3.366, -0.369, -1.776) error=0.396 m / 0.000 rad; RMS=0.173 m / 0.053 rad max=0.430 m / 0.185 rad samples=543
[gpu_amcl_cpp_node-6] [INFO] [1788984884.560290965] [gpu_amcl_cpp]: AMCL local correction: odom_prediction=(-3.895, -0.534, -2.537) scan=(-3.915, -0.626, -2.527) correction=0.095 m/0.010 rad cluster_weight=0.983 publish=true
[component_container-9] [INFO] [1788984884.630931114] [pure_pursuit_node]: Pure Pursuit: pose=(-4.055, -0.615, -2.812) cte=-0.301 closest=1734 target=1756 path_dist=0.301 heading_err=0.099 steer=-0.524 speed=1.382
[gpu_amcl_cpp_node-6] [INFO] [1788984885.081001964] [gpu_amcl_cpp]: AMCL odom delta: at_scan=(3.910, -5.121, -1.972) baseline=(3.947, -5.021, -1.874) delta=(-0.037, -0.100, -0.098) moved=true scan_age=0.052s
[ground_truth_amcl_monitor-7] [INFO] [1788984885.133044803] [ground_truth_amcl_monitor]: AMCL vs GT: gt=(-4.628, -0.684) amcl=(-4.582, -0.696) error=0.048 m / 0.057 rad; current_map=(-4.653, -0.663, 2.683) error=0.032 m / 0.000 rad; odom=(-4.391, -0.719, 2.683) error=0.239 m / 0.000 rad; ekf=(-4.391, -0.719, 2.683) error=0.239 m / 0.000 rad; RMS=0.173 m / 0.055 rad max=0.430 m / 0.185 rad samples=578
[gpu_amcl_cpp_node-6] [WARN] [1788984885.255987809] [gpu_amcl_cpp]: Queued LiDAR scan until source-time odometry arrives (queued=1).
[gpu_amcl_cpp_node-6] [INFO] [1788984885.582892184] [gpu_amcl_cpp]: AMCL local correction: odom_prediction=(-5.268, -0.233, 2.401) scan=(-5.270, -0.229, 2.398) correction=0.005 m/0.002 rad cluster_weight=0.968 publish=true
[component_container-9] [INFO] [1788984885.631933694] [pure_pursuit_node]: Pure Pursuit: pose=(-5.404, -0.088, 2.250) cte=0.005 closest=1803 target=1827 path_dist=0.005 heading_err=-0.012 steer=-0.178 speed=2.616
[gpu_amcl_cpp_node-6] [INFO] [1788984886.106722725] [gpu_amcl_cpp]: AMCL odom delta: at_scan=(2.301, -6.421, -2.824) baseline=(2.435, -6.376, -2.811) delta=(-0.135, -0.045, -0.013) moved=true scan_age=0.050s
[ground_truth_amcl_monitor-7] [INFO] [1788984886.158419474] [ground_truth_amcl_monitor]: AMCL vs GT: gt=(-5.926, 1.064) amcl=(-5.873, 0.934) error=0.141 m / 0.031 rad; current_map=(-5.914, 1.067, 1.857) error=0.012 m / 0.000 rad; odom=(-5.662, 0.991, 1.857) error=0.274 m / 0.000 rad; ekf=(-5.662, 0.991, 1.857) error=0.274 m / 0.000 rad; RMS=0.169 m / 0.054 rad max=0.430 m / 0.185 rad samples=614
[gpu_amcl_cpp_node-6] [INFO] [1788984886.608322931] [gpu_amcl_cpp]: AMCL local correction: odom_prediction=(-6.141, 2.334, 1.874) scan=(-6.146, 2.355, 1.864) correction=0.021 m/0.011 rad cluster_weight=0.942 publish=true
[component_container-9] [INFO] [1788984886.657238244] [pure_pursuit_node]: Pure Pursuit: pose=(-6.192, 2.525, 1.791) cte=-0.054 closest=1941 target=1964 path_dist=0.054 heading_err=-0.147 steer=-0.426 speed=2.268
[gpu_amcl_cpp_node-6] [INFO] [1788984887.131840445] [gpu_amcl_cpp]: AMCL odom delta: at_scan=(0.096, -6.637, 2.939) baseline=(0.282, -6.679, 2.901) delta=(-0.186, 0.042, 0.038) moved=true scan_age=0.053s
[ground_truth_amcl_monitor-7] [INFO] [1788984887.182808438] [ground_truth_amcl_monitor]: AMCL vs GT: gt=(-6.124, 3.566) amcl=(-6.115, 3.261) error=0.305 m / 0.048 rad; current_map=(-6.092, 3.390, 1.416) error=0.179 m / 0.000 rad; odom=(-5.813, 3.192, 1.416) error=0.487 m / 0.000 rad; ekf=(-5.813, 3.192, 1.416) error=0.487 m / 0.000 rad; RMS=0.171 m / 0.053 rad max=0.430 m / 0.185 rad samples=650
[gpu_amcl_cpp_node-6] [INFO] [1788984887.638087787] [gpu_amcl_cpp]: AMCL local correction: odom_prediction=(-6.137, 4.542, 1.486) scan=(-6.141, 4.592, 1.504) correction=0.051 m/0.017 rad cluster_weight=0.969 publish=true
[component_container-9] [INFO] [1788984887.707507788] [pure_pursuit_node]: Pure Pursuit: pose=(-6.108, 4.690, 1.276) cte=-0.081 closest=2048 target=2070 path_dist=0.081 heading_err=0.101 steer=-0.192 speed=2.569
[gpu_amcl_cpp_node-6] [INFO] [1788984888.156213048] [gpu_amcl_cpp]: AMCL odom delta: at_scan=(-1.984, -6.200, 2.781) baseline=(-1.823, -6.270, 2.687) delta=(-0.161, 0.070, 0.094) moved=true scan_age=0.052s
[ground_truth_amcl_monitor-7] [INFO] [1788984888.208756556] [ground_truth_amcl_monitor]: AMCL vs GT: gt=(-5.665, 5.756) amcl=(-5.675, 5.614) error=0.142 m / 0.073 rad; current_map=(-5.633, 5.738, 1.283) error=0.037 m / 0.000 rad; odom=(-5.358, 5.266, 1.283) error=0.578 m / 0.000 rad; ekf=(-5.358, 5.266, 1.283) error=0.578 m / 0.000 rad; RMS=0.171 m / 0.053 rad max=0.430 m / 0.185 rad samples=688
[gpu_amcl_cpp_node-6] [INFO] [1788984888.683505592] [gpu_amcl_cpp]: AMCL local correction: odom_prediction=(-5.406, 6.519, 0.806) scan=(-5.364, 6.630, 0.835) correction=0.119 m/0.029 rad cluster_weight=0.991 publish=true
[component_container-9] [INFO] [1788984888.730879434] [pure_pursuit_node]: Pure Pursuit: pose=(-5.250, 6.647, 0.569) cte=-0.028 closest=2155 target=2178 path_dist=0.028 heading_err=0.378 steer=0.175 speed=2.664
[gpu_amcl_cpp_node-6] [INFO] [1788984888.732107908] [gpu_amcl_cpp]: Received LiDAR callback #359 (1081 ranges).
[gpu_amcl_cpp_node-6] [INFO] [1788984888.732157271] [gpu_amcl_cpp]: Starting AMCL scan update #359 (sampled from 1081 ranges).
[gpu_amcl_cpp_node-6] [INFO] [1788984888.732762917] [gpu_amcl_cpp]: AMCL scan update #359 completed; evaluating pose confidence.
[gpu_amcl_cpp_node-6] [INFO] [1788984889.181872114] [gpu_amcl_cpp]: AMCL odom delta: at_scan=(-3.571, -5.045, 2.298) baseline=(-3.447, -5.170, 2.394) delta=(-0.123, 0.126, -0.097) moved=true scan_age=0.053s
[ground_truth_amcl_monitor-7] [INFO] [1788984889.234069493] [ground_truth_amcl_monitor]: AMCL vs GT: gt=(-4.354, 7.552) amcl=(-4.458, 7.429) error=0.161 m / 0.086 rad; current_map=(-4.383, 7.490, 0.640) error=0.068 m / 0.000 rad; odom=(-4.169, 6.790, 0.640) error=0.784 m / 0.000 rad; ekf=(-4.169, 6.790, 0.640) error=0.784 m / 0.000 rad; RMS=0.171 m / 0.054 rad max=0.430 m / 0.195 rad samples=724
[gpu_amcl_cpp_node-6] [INFO] [1788984889.709383800] [gpu_amcl_cpp]: AMCL local correction: odom_prediction=(-3.741, 7.632, -0.257) scan=(-3.716, 7.667, -0.241) correction=0.043 m/0.016 rad cluster_weight=0.976 publish=true
[component_container-9] [INFO] [1788984889.757676816] [pure_pursuit_node]: Pure Pursuit: pose=(-3.507, 7.573, -0.241) cte=0.011 closest=2256 target=2281 path_dist=0.011 heading_err=0.334 steer=0.426 speed=2.422
[gpu_amcl_cpp_node-6] [INFO] [1788984890.208939032] [gpu_amcl_cpp]: AMCL odom delta: at_scan=(-3.548, -3.259, 1.447) baseline=(-3.556, -3.352, 1.535) delta=(0.007, 0.093, -0.088) moved=true scan_age=0.053s
[ground_truth_amcl_monitor-7] [INFO] [1788984890.259858404] [ground_truth_amcl_monitor]: AMCL vs GT: gt=(-2.368, 7.548) amcl=(-2.492, 7.560) error=0.124 m / 0.094 rad; current_map=(-2.453, 7.553, -0.218) error=0.085 m / 0.000 rad; odom=(-2.419, 6.700, -0.218) error=0.850 m / 0.000 rad; ekf=(-2.419, 6.700, -0.218) error=0.850 m / 0.000 rad; RMS=0.169 m / 0.055 rad max=0.430 m / 0.195 rad samples=760
[gpu_amcl_cpp_node-6] [INFO] [1788984890.760955488] [gpu_amcl_cpp]: AMCL local correction: odom_prediction=(-1.704, 6.982, -0.699) scan=(-1.677, 6.986, -0.694) correction=0.027 m/0.005 rad cluster_weight=0.976 publish=true
[component_container-9] [INFO] [1788984890.829750997] [pure_pursuit_node]: Pure Pursuit: pose=(-1.485, 6.832, -0.501) cte=0.052 closest=2368 target=2392 path_dist=0.052 heading_err=-0.205 steer=-0.153 speed=2.705
[gpu_amcl_cpp_node-6] [INFO] [1788984891.208966245] [gpu_amcl_cpp]: AMCL odom delta: at_scan=(-2.567, -1.900, 0.768) baseline=(-2.587, -1.923, 0.885) delta=(0.021, 0.022, -0.117) moved=true scan_age=0.051s
[ground_truth_amcl_monitor-7] [INFO] [1788984891.282097086] [ground_truth_amcl_monitor]: AMCL vs GT: gt=(-0.733, 6.382) amcl=(-0.917, 6.559) error=0.255 m / 0.169 rad; current_map=(-0.883, 6.517, -0.972) error=0.202 m / 0.000 rad; odom=(-1.066, 5.683, -0.972) error=0.774 m / 0.000 rad; ekf=(-1.066, 5.683, -0.972) error=0.774 m / 0.000 rad; RMS=0.169 m / 0.055 rad max=0.430 m / 0.195 rad samples=796
[gpu_amcl_cpp_node-6] [INFO] [1788984891.784029026] [gpu_amcl_cpp]: AMCL local correction: odom_prediction=(-0.456, 5.523, -1.006) scan=(-0.431, 5.492, -0.999) correction=0.040 m/0.007 rad cluster_weight=0.954 publish=true
[component_container-9] [INFO] [1788984891.831723139] [pure_pursuit_node]: Pure Pursuit: pose=(-0.366, 5.409, -0.794) cte=0.048 closest=2460 target=2482 path_dist=0.048 heading_err=-0.270 steer=-0.096 speed=2.764
[gpu_amcl_cpp_node-6] [INFO] [1788984892.230894556] [gpu_amcl_cpp]: AMCL odom delta: at_scan=(-1.039, -1.028, 0.500) baseline=(-1.055, -1.038, 0.602) delta=(0.016, 0.010, -0.102) moved=true scan_age=0.052s
[ground_truth_amcl_monitor-7] [INFO] [1788984892.282447647] [ground_truth_amcl_monitor]: AMCL vs GT: gt=(0.276, 4.637) amcl=(0.156, 4.885) error=0.275 m / 0.096 rad; current_map=(0.167, 4.862, -1.167) error=0.250 m / 0.000 rad; odom=(-0.217, 4.175, -1.167) error=0.675 m / 0.000 rad; ekf=(-0.217, 4.175, -1.167) error=0.675 m / 0.000 rad; RMS=0.169 m / 0.056 rad max=0.430 m / 0.195 rad samples=832
[gpu_amcl_cpp_node-6] [INFO] [1788984892.831977880] [gpu_amcl_cpp]: AMCL local correction: odom_prediction=(0.279, 3.801, -1.349) scan=(0.288, 3.768, -1.351) correction=0.035 m/0.003 rad cluster_weight=0.939 publish=true
[component_container-9] [INFO] [1788984892.881461319] [pure_pursuit_node]: Pure Pursuit: pose=(0.307, 3.719, -1.139) cte=0.124 closest=2551 target=2572 path_dist=0.124 heading_err=-0.084 steer=0.325 speed=2.171
[gpu_amcl_cpp_node-6] [INFO] [1788984893.232255021] [gpu_amcl_cpp]: AMCL odom delta: at_scan=(0.542, -0.580, 0.654) baseline=(0.465, -0.644, 0.716) delta=(0.078, 0.063, -0.063) moved=true scan_age=0.050s
[ground_truth_amcl_monitor-7] [INFO] [1788984893.284103265] [ground_truth_amcl_monitor]: AMCL vs GT: gt=(0.766, 2.988) amcl=(0.711, 3.183) error=0.203 m / 0.105 rad; current_map=(0.756, 3.117, -1.022) error=0.129 m / 0.000 rad; odom=(0.220, 2.616, -0.917) error=0.661 m / 0.105 rad; ekf=(0.220, 2.616, -0.917) error=0.661 m / 0.105 rad; RMS=0.172 m / 0.056 rad max=0.430 m / 0.195 rad samples=870
[gpu_amcl_cpp_node-6] [INFO] [1788984893.758003451] [gpu_amcl_cpp]: Received LiDAR callback #450 (1081 ranges).
[gpu_amcl_cpp_node-6] [INFO] [1788984893.758055338] [gpu_amcl_cpp]: Starting AMCL scan update #450 (sampled from 1081 ranges).
[gpu_amcl_cpp_node-6] [INFO] [1788984893.758987687] [gpu_amcl_cpp]: AMCL scan update #450 completed; evaluating pose confidence.
[component_container-9] [INFO] [1788984893.897451343] [pure_pursuit_node]: Pure Pursuit: pose=(0.797, 2.144, -1.307) cte=0.117 closest=49 target=68 path_dist=0.117 heading_err=-0.018 steer=0.417 speed=2.181
[gpu_amcl_cpp_node-6] [INFO] [1788984893.900689086] [gpu_amcl_cpp]: AMCL local correction: odom_prediction=(0.789, 2.184, -1.337) scan=(0.786, 2.192, -1.378) correction=0.008 m/0.041 rad cluster_weight=0.913 publish=true
[gpu_amcl_cpp_node-6] [WARN] [1788984894.209843391] [gpu_amcl_cpp]: No local AMCL cluster near odometry prediction; using causal odometry pose.
[gpu_amcl_cpp_node-6] [INFO] [1788984894.261759593] [gpu_amcl_cpp]: AMCL odom delta: at_scan=(1.962, -0.252, 0.653) baseline=(1.852, -0.335, 0.641) delta=(0.110, 0.083, 0.012) moved=true scan_age=0.053s
[ground_truth_amcl_monitor-7] [INFO] [1788984894.331918660] [ground_truth_amcl_monitor]: AMCL vs GT: gt=(1.151, 1.395) amcl=(1.072, 1.732) error=0.346 m / 0.050 rad; current_map=(1.174, 1.591, -0.968) error=0.197 m / 0.000 rad; odom=(0.651, 1.056, -0.968) error=0.604 m / 0.000 rad; ekf=(0.651, 1.056, -0.968) error=0.604 m / 0.000 rad; RMS=0.175 m / 0.057 rad max=0.430 m / 0.195 rad samples=906
[component_container-9] [INFO] [1788984894.932017107] [pure_pursuit_node]: Pure Pursuit: pose=(1.163, 0.853, -1.918) cte=0.022 closest=116 target=139 path_dist=0.022 heading_err=0.510 steer=0.493 speed=1.679
[gpu_amcl_cpp_node-6] [INFO] [1788984894.934347178] [gpu_amcl_cpp]: AMCL local correction: odom_prediction=(1.197, 0.943, -1.953) scan=(1.199, 0.970, -1.940) correction=0.026 m/0.012 rad cluster_weight=0.938 publish=true
[gpu_amcl_cpp_node-6] [WARN] [1788984895.237997290] [gpu_amcl_cpp]: No local AMCL cluster near odometry prediction; using causal odometry pose.
[gpu_amcl_cpp_node-6] [INFO] [1788984895.306184619] [gpu_amcl_cpp]: AMCL odom delta: at_scan=(3.111, -0.205, 0.221) baseline=(3.034, -0.215, 0.054) delta=(0.077, 0.011, 0.168) moved=true scan_age=0.053s
[ground_truth_amcl_monitor-7] [INFO] [1788984895.360396416] [ground_truth_amcl_monitor]: AMCL vs GT: gt=(1.173, -0.014) amcl=(1.128, 0.637) error=0.653 m / 0.129 rad; current_map=(1.154, 0.552, -1.221) error=0.566 m / 0.000 rad; odom=(0.621, -0.038, -1.221) error=0.552 m / 0.000 rad; ekf=(0.621, -0.038, -1.221) error=0.552 m / 0.000 rad; RMS=0.193 m / 0.057 rad max=0.658 m / 0.195 rad samples=942
[component_container-9] [INFO] [1788984895.983095172] [pure_pursuit_node]: Pure Pursuit: pose=(1.449, -0.326, -1.899) cte=-0.120 closest=176 target=198 path_dist=0.120 heading_err=0.404 steer=-0.034 speed=2.238
[gpu_amcl_cpp_node-6] [INFO] [1788984895.986794360] [gpu_amcl_cpp]: AMCL local correction: odom_prediction=(1.470, -0.252, -1.770) scan=(1.513, -0.373, -1.759) correction=0.129 m/0.011 rad cluster_weight=0.939 publish=true
[gpu_amcl_cpp_node-6] [INFO] [1788984896.331398204] [gpu_amcl_cpp]: AMCL odom delta: at_scan=(4.627, -0.095, -0.241) baseline=(4.554, -0.073, -0.341) delta=(0.073, -0.022, 0.100) moved=true scan_age=0.049s
[ground_truth_amcl_monitor-7] [INFO] [1788984896.383483052] [ground_truth_amcl_monitor]: AMCL vs GT: gt=(1.250, -1.553) amcl=(1.272, -0.994) error=0.559 m / 0.113 rad; current_map=(1.267, -1.025, -1.698) error=0.529 m / 0.000 rad; odom=(0.700, -1.499, -1.699) error=0.552 m / 0.000 rad; ekf=(0.700, -1.499, -1.699) error=0.552 m / 0.000 rad; RMS=0.222 m / 0.058 rad max=0.709 m / 0.195 rad samples=978
[gpu_amcl_cpp_node-6] [WARN] [1788984896.383698686] [gpu_amcl_cpp]: No local AMCL cluster near odometry prediction; using causal odometry pose.
[component_container-9] [INFO] [1788984897.031969795] [pure_pursuit_node]: Pure Pursuit: pose=(1.566, -2.032, -1.610) cte=-0.220 closest=260 target=279 path_dist=0.220 heading_err=-0.009 steer=-0.524 speed=1.613
[gpu_amcl_cpp_node-6] [INFO] [1788984897.034600919] [gpu_amcl_cpp]: AMCL local correction: odom_prediction=(1.566, -2.008, -1.517) scan=(1.590, -2.069, -1.503) correction=0.065 m/0.014 rad cluster_weight=0.936 publish=true
[gpu_amcl_cpp_node-6] [INFO] [1788984897.381899928] [gpu_amcl_cpp]: AMCL odom delta: at_scan=(6.020, 0.034, -0.600) baseline=(5.901, 0.109, -0.530) delta=(0.120, -0.076, -0.069) moved=true scan_age=0.053s
[ground_truth_amcl_monitor-7] [INFO] [1788984897.384653352] [ground_truth_amcl_monitor]: AMCL vs GT: gt=(1.398, -2.977) amcl=(1.419, -2.588) error=0.389 m / 0.000 rad; current_map=(1.417, -2.574, -2.170) error=0.403 m / 0.000 rad; odom=(0.834, -2.862, -2.170) error=0.576 m / 0.000 rad; ekf=(0.834, -2.862, -2.170) error=0.576 m / 0.000 rad; RMS=0.238 m / 0.058 rad max=0.709 m / 0.195 rad samples=1013
[gpu_amcl_cpp_node-6] [WARN] [1788984897.535969434] [gpu_amcl_cpp]: No local AMCL cluster near odometry prediction; using causal odometry pose.
[component_container-9] [INFO] [1788984898.055766653] [pure_pursuit_node]: Pure Pursuit: pose=(1.224, -3.800, -1.268) cte=-0.053 closest=349 target=374 path_dist=0.053 heading_err=-0.443 steer=-0.462 speed=1.702
[gpu_amcl_cpp_node-6] [INFO] [1788984898.057894764] [gpu_amcl_cpp]: AMCL local correction: odom_prediction=(1.187, -3.696, -1.272) scan=(1.165, -3.733, -1.271) correction=0.043 m/0.000 rad cluster_weight=0.913 publish=true
[gpu_amcl_cpp_node-6] [INFO] [1788984898.408862354] [gpu_amcl_cpp]: AMCL odom delta: at_scan=(7.372, -0.132, -0.276) baseline=(7.321, -0.121, -0.149) delta=(0.051, -0.011, -0.127) moved=true scan_age=0.051s
[ground_truth_amcl_monitor-7] [INFO] [1788984898.410084075] [ground_truth_amcl_monitor]: AMCL vs GT: gt=(1.203, -4.500) amcl=(1.247, -4.038) error=0.465 m / 0.127 rad; current_map=(1.236, -4.089, -1.847) error=0.413 m / 0.000 rad; odom=(0.668, -4.214, -1.847) error=0.607 m / 0.000 rad; ekf=(0.668, -4.214, -1.847) error=0.607 m / 0.000 rad; RMS=0.245 m / 0.059 rad max=0.709 m / 0.195 rad samples=1048
[gpu_amcl_cpp_node-6] [INFO] [1788984898.781988373] [gpu_amcl_cpp]: Received LiDAR callback #536 (1081 ranges).
[gpu_amcl_cpp_node-6] [INFO] [1788984898.782044007] [gpu_amcl_cpp]: Starting AMCL scan update #536 (sampled from 1081 ranges).
[gpu_amcl_cpp_node-6] [INFO] [1788984898.782675401] [gpu_amcl_cpp]: AMCL scan update #536 completed; evaluating pose confidence.
[component_container-9] [INFO] [1788984899.104789575] [pure_pursuit_node]: Pure Pursuit: pose=(0.781, -5.111, -1.442) cte=0.170 closest=418 target=440 path_dist=0.170 heading_err=-0.314 steer=0.199 speed=2.067
[gpu_amcl_cpp_node-6] [INFO] [1788984899.107018746] [gpu_amcl_cpp]: AMCL local correction: odom_prediction=(0.772, -5.048, -1.566) scan=(0.760, -5.102, -1.555) correction=0.055 m/0.011 rad cluster_weight=0.922 publish=true
[gpu_amcl_cpp_node-6] [INFO] [1788984899.431982233] [gpu_amcl_cpp]: AMCL odom delta: at_scan=(8.764, -0.409, 0.295) baseline=(8.694, -0.432, 0.354) delta=(0.070, 0.024, -0.059) moved=true scan_age=0.050s
[ground_truth_amcl_monitor-7] [INFO] [1788984899.432722722] [ground_truth_amcl_monitor]: AMCL vs GT: gt=(0.898, -5.952) amcl=(0.893, -5.630) error=0.321 m / 0.059 rad; current_map=(0.916, -5.701, -1.276) error=0.252 m / 0.000 rad; odom=(0.392, -5.606, -1.276) error=0.613 m / 0.000 rad; ekf=(0.392, -5.606, -1.276) error=0.613 m / 0.000 rad; RMS=0.251 m / 0.059 rad max=0.709 m / 0.195 rad samples=1084
[component_container-9] [INFO] [1788984900.130644374] [pure_pursuit_node]: Pure Pursuit: pose=(0.461, -6.886, -1.939) cte=0.115 closest=508 target=531 path_dist=0.115 heading_err=0.139 steer=0.492 speed=1.983
[gpu_amcl_cpp_node-6] [INFO] [1788984900.133075724] [gpu_amcl_cpp]: AMCL local correction: odom_prediction=(0.498, -6.815, -2.010) scan=(0.500, -6.869, -2.004) correction=0.055 m/0.007 rad cluster_weight=0.956 publish=true
[gpu_amcl_cpp_node-6] [INFO] [1788984900.457594638] [gpu_amcl_cpp]: AMCL odom delta: at_scan=(10.177, -0.896, 0.175) baseline=(10.054, -0.914, 0.118) delta=(0.123, 0.018, 0.057) moved=true scan_age=0.052s
[ground_truth_amcl_monitor-7] [INFO] [1788984900.458583542] [ground_truth_amcl_monitor]: AMCL vs GT: gt=(0.431, -7.532) amcl=(0.430, -7.315) error=0.217 m / 0.057 rad; current_map=(0.448, -7.438, -1.396) error=0.095 m / 0.000 rad; odom=(-0.095, -7.019, -1.396) error=0.735 m / 0.000 rad; ekf=(-0.095, -7.019, -1.396) error=0.735 m / 0.000 rad; RMS=0.251 m / 0.060 rad max=0.709 m / 0.195 rad samples=1122
[component_container-9] [INFO] [1788984901.157062931] [pure_pursuit_node]: Pure Pursuit: pose=(0.017, -8.574, -2.238) cte=0.105 closest=596 target=618 path_dist=0.105 heading_err=0.324 steer=0.524 speed=1.660
[gpu_amcl_cpp_node-6] [INFO] [1788984901.159520450] [gpu_amcl_cpp]: AMCL local correction: odom_prediction=(0.061, -8.526, -2.331) scan=(0.035, -8.566, -2.317) correction=0.048 m/0.015 rad cluster_weight=0.980 publish=true
[gpu_amcl_cpp_node-6] [INFO] [1788984901.507070931] [gpu_amcl_cpp]: AMCL odom delta: at_scan=(11.334, -1.363, -0.119) baseline=(11.201, -1.336, -0.287) delta=(0.133, -0.027, 0.168) moved=true scan_age=0.053s
[ground_truth_amcl_monitor-7] [INFO] [1788984901.507920695] [ground_truth_amcl_monitor]: AMCL vs GT: gt=(-0.147, -8.968) amcl=(-0.078, -8.760) error=0.219 m / 0.168 rad; current_map=(-0.105, -8.894, -1.690) error=0.086 m / 0.000 rad; odom=(-0.563, -8.176, -1.690) error=0.895 m / 0.000 rad; ekf=(-0.563, -8.176, -1.690) error=0.895 m / 0.000 rad; RMS=0.249 m / 0.060 rad max=0.709 m / 0.195 rad samples=1160
[component_container-9] [INFO] [1788984902.205961391] [pure_pursuit_node]: Pure Pursuit: pose=(-0.393, -9.900, -2.559) cte=-0.193 closest=663 target=684 path_dist=0.193 heading_err=0.207 steer=-0.454 speed=2.015
[gpu_amcl_cpp_node-6] [INFO] [1788984902.208222181] [gpu_amcl_cpp]: AMCL local correction: odom_prediction=(-0.333, -9.860, -2.442) scan=(-0.325, -9.871, -2.432) correction=0.013 m/0.011 rad cluster_weight=0.997 publish=true
[gpu_amcl_cpp_node-6] [INFO] [1788984902.533945805] [gpu_amcl_cpp]: AMCL odom delta: at_scan=(12.327, -2.146, -1.510) baseline=(12.319, -2.043, -1.478) delta=(0.008, -0.103, -0.031) moved=true scan_age=0.051s
[ground_truth_amcl_monitor-7] [INFO] [1788984902.534274030] [ground_truth_amcl_monitor]: AMCL vs GT: gt=(-0.873, -10.064) amcl=(-0.774, -10.038) error=0.102 m / 0.031 rad; current_map=(-0.877, -10.046, -3.080) error=0.018 m / 0.000 rad; odom=(-1.243, -9.161, -3.049) error=0.976 m / 0.031 rad; ekf=(-1.243, -9.161, -3.049) error=0.976 m / 0.031 rad; RMS=0.246 m / 0.061 rad max=0.709 m / 0.195 rad samples=1196
[component_container-9] [INFO] [1788984903.207730197] [pure_pursuit_node]: Pure Pursuit: pose=(-2.287, -9.802, 2.575) cte=-0.061 closest=758 target=782 path_dist=0.061 heading_err=-0.196 steer=-0.524 speed=1.900
[gpu_amcl_cpp_node-6] [INFO] [1788984903.210342596] [gpu_amcl_cpp]: AMCL local correction: odom_prediction=(-2.196, -9.867, 2.615) scan=(-2.245, -9.853, 2.619) correction=0.051 m/0.004 rad cluster_weight=0.977 publish=true
[ground_truth_amcl_monitor-7] [INFO] [1788984903.535290085] [ground_truth_amcl_monitor]: AMCL vs GT: gt=(-2.742, -9.467) amcl=(-2.643, -9.551) error=0.130 m / 0.000 rad; current_map=(-2.623, -9.566, 2.192) error=0.155 m / 0.000 rad; odom=(-2.887, -8.720, 2.192) error=0.760 m / 0.000 rad; ekf=(-2.887, -8.720, 2.192) error=0.760 m / 0.000 rad; RMS=0.243 m / 0.060 rad max=0.709 m / 0.195 rad samples=1231
[gpu_amcl_cpp_node-6] [INFO] [1788984903.582279636] [gpu_amcl_cpp]: AMCL odom delta: at_scan=(11.858, -3.701, -2.619) baseline=(11.879, -3.688, -2.520) delta=(-0.020, -0.013, -0.098) moved=true scan_age=0.049s
[gpu_amcl_cpp_node-6] [INFO] [1788984903.831488322] [gpu_amcl_cpp]: Received LiDAR callback #626 (1081 ranges).
[gpu_amcl_cpp_node-6] [INFO] [1788984903.831533026] [gpu_amcl_cpp]: Starting AMCL scan update #626 (sampled from 1081 ranges).
[gpu_amcl_cpp_node-6] [INFO] [1788984903.832173186] [gpu_amcl_cpp]: AMCL scan update #626 completed; evaluating pose confidence.
[component_container-9] [INFO] [1788984904.255688114] [pure_pursuit_node]: Pure Pursuit: pose=(-3.009, -8.171, 2.250) cte=0.035 closest=847 target=871 path_dist=0.035 heading_err=-0.455 steer=-0.187 speed=2.192
[gpu_amcl_cpp_node-6] [INFO] [1788984904.258563657] [gpu_amcl_cpp]: AMCL local correction: odom_prediction=(-2.953, -8.243, 2.140) scan=(-2.956, -8.224, 2.148) correction=0.019 m/0.008 rad cluster_weight=0.979 publish=true
[ground_truth_amcl_monitor-7] [INFO] [1788984904.558675124] [ground_truth_amcl_monitor]: AMCL vs GT: gt=(-3.314, -7.730) amcl=(-3.260, -7.811) error=0.097 m / 0.124 rad; current_map=(-3.271, -7.783, 1.895) error=0.068 m / 0.000 rad; odom=(-3.392, -7.123, 2.019) error=0.612 m / 0.124 rad; ekf=(-3.392, -7.123, 2.019) error=0.612 m / 0.124 rad; RMS=0.241 m / 0.061 rad max=0.709 m / 0.195 rad samples=1268
[gpu_amcl_cpp_node-6] [INFO] [1788984904.609418396] [gpu_amcl_cpp]: AMCL odom delta: at_scan=(10.228, -4.210, -2.937) baseline=(10.254, -4.203, -2.818) delta=(-0.026, -0.007, -0.120) moved=true scan_age=0.051s
[component_container-9] [INFO] [1788984905.280533242] [pure_pursuit_node]: Pure Pursuit: pose=(-3.029, -6.368, 1.665) cte=0.101 closest=939 target=962 path_dist=0.101 heading_err=-0.183 steer=0.047 speed=2.563
[gpu_amcl_cpp_node-6] [INFO] [1788984905.282700527] [gpu_amcl_cpp]: AMCL local correction: odom_prediction=(-3.026, -6.468, 1.581) scan=(-3.022, -6.480, 1.575) correction=0.012 m/0.007 rad cluster_weight=0.982 publish=true
[ground_truth_amcl_monitor-7] [INFO] [1788984905.582752612] [ground_truth_amcl_monitor]: AMCL vs GT: gt=(-3.153, -5.818) amcl=(-3.119, -5.904) error=0.092 m / 0.078 rad; current_map=(-3.127, -5.821, 1.632) error=0.026 m / 0.000 rad; odom=(-3.216, -5.221, 1.632) error=0.600 m / 0.000 rad; ekf=(-3.216, -5.221, 1.632) error=0.600 m / 0.000 rad; RMS=0.237 m / 0.061 rad max=0.709 m / 0.195 rad samples=1306
[gpu_amcl_cpp_node-6] [INFO] [1788984905.634365105] [gpu_amcl_cpp]: AMCL odom delta: at_scan=(8.311, -4.018, 3.114) baseline=(8.379, -4.016, -3.081) delta=(-0.068, -0.001, -0.088) moved=true scan_age=0.052s
[component_container-9] [INFO] [1788984906.280730181] [pure_pursuit_node]: Pure Pursuit: pose=(-2.664, -4.350, 1.531) cte=0.018 closest=1042 target=1067 path_dist=0.018 heading_err=-0.244 steer=-0.240 speed=2.786
[gpu_amcl_cpp_node-6] [INFO] [1788984906.283053809] [gpu_amcl_cpp]: AMCL local correction: odom_prediction=(-2.671, -4.464, 1.445) scan=(-2.652, -4.431, 1.431) correction=0.038 m/0.014 rad cluster_weight=0.913 publish=true
[ground_truth_amcl_monitor-7] [INFO] [1788984906.609794321] [ground_truth_amcl_monitor]: AMCL vs GT: gt=(-2.493, -3.573) amcl=(-2.553, -3.725) error=0.163 m / 0.074 rad; current_map=(-2.504, -3.601, 1.158) error=0.030 m / 0.000 rad; odom=(-2.572, -3.125, 1.158) error=0.455 m / 0.000 rad; ekf=(-2.572, -3.125, 1.158) error=0.455 m / 0.000 rad; RMS=0.235 m / 0.061 rad max=0.709 m / 0.195 rad samples=1344
[gpu_amcl_cpp_node-6] [INFO] [1788984906.685089662] [gpu_amcl_cpp]: AMCL odom delta: at_scan=(6.106, -3.292, 2.698) baseline=(6.283, -3.372, 2.729) delta=(-0.177, 0.081, -0.030) moved=true scan_age=0.056s
[component_container-9] [INFO] [1788984907.281825807] [pure_pursuit_node]: Pure Pursuit: pose=(-1.910, -1.622, 1.143) cte=0.028 closest=1183 target=1209 path_dist=0.028 heading_err=0.175 steer=0.303 speed=2.595
[gpu_amcl_cpp_node-6] [INFO] [1788984907.284420383] [gpu_amcl_cpp]: AMCL local correction: odom_prediction=(-1.966, -1.751, 1.144) scan=(-1.953, -1.729, 1.134) correction=0.026 m/0.010 rad cluster_weight=0.958 publish=true
[ground_truth_amcl_monitor-7] [INFO] [1788984907.633574983] [ground_truth_amcl_monitor]: AMCL vs GT: gt=(-1.762, -0.866) amcl=(-1.793, -1.125) error=0.261 m / 0.017 rad; current_map=(-1.782, -0.985, 1.483) error=0.120 m / 0.000 rad; odom=(-1.897, -0.622, 1.483) error=0.279 m / 0.000 rad; ekf=(-1.897, -0.622, 1.483) error=0.279 m / 0.000 rad; RMS=0.233 m / 0.061 rad max=0.709 m / 0.195 rad samples=1380
[gpu_amcl_cpp_node-6] [INFO] [1788984907.733102383] [gpu_amcl_cpp]: AMCL odom delta: at_scan=(3.496, -2.653, 2.903) baseline=(3.642, -2.681, 2.994) delta=(-0.146, 0.029, -0.091) moved=true scan_age=0.050s
[gpu_amcl_cpp_node-6] [WARN] [1788984908.007734663] [gpu_amcl_cpp]: No local AMCL cluster near odometry prediction; using causal odometry pose.
[component_container-9] [INFO] [1788984908.306689791] [pure_pursuit_node]: Pure Pursuit: pose=(-1.322, 1.130, 1.295) cte=0.031 closest=1324 target=1350 path_dist=0.031 heading_err=0.128 steer=0.265 speed=2.787
[gpu_amcl_cpp_node-6] [INFO] [1788984908.309305578] [gpu_amcl_cpp]: AMCL local correction: odom_prediction=(-1.358, 0.998, 1.312) scan=(-1.352, 1.019, 1.301) correction=0.022 m/0.011 rad cluster_weight=0.933 publish=true
[ground_truth_amcl_monitor-7] [INFO] [1788984908.657664777] [ground_truth_amcl_monitor]: AMCL vs GT: gt=(-1.295, 2.016) amcl=(-1.267, 1.888) error=0.131 m / 0.007 rad; current_map=(-1.279, 2.028, 1.654) error=0.020 m / 0.000 rad; odom=(-1.412, 2.145, 1.661) error=0.174 m / 0.007 rad; ekf=(-1.412, 2.145, 1.661) error=0.174 m / 0.007 rad; RMS=0.231 m / 0.060 rad max=0.709 m / 0.195 rad samples=1416
[gpu_amcl_cpp_node-6] [INFO] [1788984908.759074226] [gpu_amcl_cpp]: AMCL odom delta: at_scan=(0.593, -2.232, 3.114) baseline=(0.735, -2.232, -3.115) delta=(-0.142, 0.000, -0.054) moved=true scan_age=0.050s
[gpu_amcl_cpp_node-6] [INFO] [1788984908.831755945] [gpu_amcl_cpp]: Received LiDAR callback #717 (1081 ranges).
[gpu_amcl_cpp_node-6] [INFO] [1788984908.831812221] [gpu_amcl_cpp]: Starting AMCL scan update #717 (sampled from 1081 ranges).
[gpu_amcl_cpp_node-6] [INFO] [1788984908.832396316] [gpu_amcl_cpp]: AMCL scan update #717 completed; evaluating pose confidence.
[component_container-9] [INFO] [1788984909.333380263] [pure_pursuit_node]: Pure Pursuit: pose=(-1.655, 3.577, 2.305) cte=0.006 closest=1450 target=1475 path_dist=0.006 heading_err=-0.070 steer=0.264 speed=1.962
[gpu_amcl_cpp_node-6] [INFO] [1788984909.337143781] [gpu_amcl_cpp]: AMCL local correction: odom_prediction=(-1.581, 3.501, 2.275) scan=(-1.589, 3.547, 2.261) correction=0.047 m/0.014 rad cluster_weight=0.977 publish=true
[ground_truth_amcl_monitor-7] [INFO] [1788984909.683258371] [ground_truth_amcl_monitor]: AMCL vs GT: gt=(-1.964, 3.911) amcl=(-1.850, 3.828) error=0.141 m / 0.108 rad; current_map=(-1.889, 3.851, 2.645) error=0.096 m / 0.000 rad; odom=(-1.948, 3.879, 2.645) error=0.035 m / 0.000 rad; ekf=(-1.948, 3.879, 2.645) error=0.035 m / 0.000 rad; RMS=0.229 m / 0.060 rad max=0.709 m / 0.195 rad samples=1452
[gpu_amcl_cpp_node-6] [INFO] [1788984909.782779278] [gpu_amcl_cpp]: AMCL odom delta: at_scan=(-0.783, -2.913, -1.804) baseline=(-0.756, -2.825, -1.934) delta=(-0.027, -0.089, 0.130) moved=true scan_age=0.049s
[component_container-9] [INFO] [1788984910.383067987] [pure_pursuit_node]: Pure Pursuit: pose=(-2.858, 3.596, -2.197) cte=0.006 closest=1518 target=1541 path_dist=0.006 heading_err=-0.081 steer=0.278 speed=2.128
[gpu_amcl_cpp_node-6] [INFO] [1788984910.386311661] [gpu_amcl_cpp]: AMCL local correction: odom_prediction=(-2.807, 3.657, -2.233) scan=(-2.807, 3.641, -2.224) correction=0.016 m/0.009 rad cluster_weight=0.974 publish=true
[ground_truth_amcl_monitor-7] [INFO] [1788984910.709069744] [ground_truth_amcl_monitor]: AMCL vs GT: gt=(-3.107, 3.044) amcl=(-3.077, 3.137) error=0.097 m / 0.106 rad; current_map=(-3.105, 3.014, -1.745) error=0.030 m / 0.000 rad; odom=(-3.111, 3.040, -1.745) error=0.006 m / 0.000 rad; ekf=(-3.111, 3.040, -1.745) error=0.006 m / 0.000 rad; RMS=0.227 m / 0.061 rad max=0.709 m / 0.195 rad samples=1490
[gpu_amcl_cpp_node-6] [INFO] [1788984910.833433145] [gpu_amcl_cpp]: AMCL odom delta: at_scan=(0.419, -3.942, -0.048) baseline=(0.243, -3.929, -0.100) delta=(0.176, -0.013, 0.052) moved=true scan_age=0.054s
[component_container-9] [INFO] [1788984911.405660894] [pure_pursuit_node]: Pure Pursuit: pose=(-3.321, 0.961, -1.590) cte=-0.027 closest=1653 target=1679 path_dist=0.027 heading_err=-0.159 steer=-0.445 speed=2.363
[gpu_amcl_cpp_node-6] [INFO] [1788984911.408657164] [gpu_amcl_cpp]: AMCL local correction: odom_prediction=(-3.317, 1.104, -1.550) scan=(-3.315, 1.123, -1.542) correction=0.019 m/0.009 rad cluster_weight=0.968 publish=true
[ground_truth_amcl_monitor-7] [INFO] [1788984911.757105250] [ground_truth_amcl_monitor]: AMCL vs GT: gt=(-3.482, 0.397) amcl=(-3.373, 0.692) error=0.314 m / 0.063 rad; current_map=(-3.435, 0.566, -2.060) error=0.175 m / 0.000 rad; odom=(-3.432, 0.648, -2.060) error=0.256 m / 0.000 rad; ekf=(-3.432, 0.648, -2.060) error=0.256 m / 0.000 rad; RMS=0.225 m / 0.060 rad max=0.709 m / 0.195 rad samples=1526
[gpu_amcl_cpp_node-6] [INFO] [1788984911.859490901] [gpu_amcl_cpp]: AMCL odom delta: at_scan=(2.752, -4.361, -0.460) baseline=(2.626, -4.295, -0.499) delta=(0.125, -0.065, 0.039) moved=true scan_age=0.051s
[component_container-9] [INFO] [1788984912.408430642] [pure_pursuit_node]: Pure Pursuit: pose=(-4.281, -0.475, -3.059) cte=-0.087 closest=1741 target=1764 path_dist=0.087 heading_err=0.254 steer=-0.082 speed=1.775
[gpu_amcl_cpp_node-6] [INFO] [1788984912.413047531] [gpu_amcl_cpp]: AMCL local correction: odom_prediction=(-4.201, -0.483, -2.956) scan=(-4.235, -0.566, -2.946) correction=0.089 m/0.010 rad cluster_weight=0.983 publish=true
[ground_truth_amcl_monitor-7] [INFO] [1788984912.759161520] [ground_truth_amcl_monitor]: AMCL vs GT: gt=(-4.856, -0.609) amcl=(-4.760, -0.581) error=0.099 m / 0.087 rad; current_map=(-4.849, -0.569, 2.965) error=0.040 m / 0.000 rad; odom=(-4.684, -0.159, 2.965) error=0.481 m / 0.000 rad; ekf=(-4.684, -0.159, 2.965) error=0.481 m / 0.000 rad; RMS=0.224 m / 0.060 rad max=0.709 m / 0.195 rad samples=1562
[gpu_amcl_cpp_node-6] [INFO] [1788984912.881591675] [gpu_amcl_cpp]: AMCL odom delta: at_scan=(3.253, -5.700, -1.971) baseline=(3.296, -5.579, -1.848) delta=(-0.043, -0.121, -0.123) moved=true scan_age=0.053s
[component_container-9] [INFO] [1788984913.479993346] [pure_pursuit_node]: Pure Pursuit: pose=(-5.715, 0.471, 1.615) cte=-0.000 closest=1835 target=1860 path_dist=0.000 heading_err=0.321 steer=0.296 speed=2.394
[gpu_amcl_cpp_node-6] [INFO] [1788984913.482294973] [gpu_amcl_cpp]: AMCL local correction: odom_prediction=(-5.701, 0.346, 1.702) scan=(-5.695, 0.311, 1.698) correction=0.036 m/0.004 rad cluster_weight=0.953 publish=true
[ground_truth_amcl_monitor-7] [INFO] [1788984913.759499357] [ground_truth_amcl_monitor]: AMCL vs GT: gt=(-5.783, 0.929) amcl=(-5.744, 0.823) error=0.113 m / 0.115 rad; current_map=(-5.757, 0.862, 1.936) error=0.072 m / 0.000 rad; odom=(-5.636, 1.324, 1.936) error=0.421 m / 0.000 rad; ekf=(-5.636, 1.324, 1.936) error=0.421 m / 0.000 rad; RMS=0.222 m / 0.061 rad max=0.709 m / 0.195 rad samples=1596
[gpu_amcl_cpp_node-6] [INFO] [1788984913.882031424] [gpu_amcl_cpp]: Received LiDAR callback #806 (1081 ranges).
[gpu_amcl_cpp_node-6] [INFO] [1788984913.882101105] [gpu_amcl_cpp]: AMCL odom delta: at_scan=(1.693, -6.511, -2.601) baseline=(1.800, -6.452, -2.683) delta=(-0.107, -0.058, 0.082) moved=true scan_age=0.053s
[gpu_amcl_cpp_node-6] [INFO] [1788984913.882135409] [gpu_amcl_cpp]: Starting AMCL scan update #806 (sampled from 1081 ranges).
[gpu_amcl_cpp_node-6] [INFO] [1788984913.882747116] [gpu_amcl_cpp]: AMCL scan update #806 completed; evaluating pose confidence.
[actuator_interface-10] [ERROR] [1788984914.107719827] [autodrive_actuator_interface]: Collision count increased to 1; terminal stop latched, no simulator reset published
[ground_truth_amcl_monitor-7] [INFO] [1788984914.107927586] [ground_truth_amcl_monitor]: Collision epoch changed; discarding localization comparison; waiting for fresh AMCL alignment
[gpu_amcl_cpp_node-6] [WARN] [1788984914.108014520] [gpu_amcl_cpp]: No local AMCL cluster near odometry prediction; using causal odometry pose.
[actuator_interface-10] [WARN] [1788984914.113825448] [autodrive_actuator_interface]: Neutral output: external stop
[component_container-9] [INFO] [1788984914.481454310] [pure_pursuit_node]: Pure Pursuit: pose=(-6.230, 1.773, 1.964) cte=-0.178 closest=1904 target=1923 path_dist=0.178 heading_err=-0.235 steer=-0.524 speed=1.396
[gpu_amcl_cpp_node-6] [INFO] [1788984914.905956721] [gpu_amcl_cpp]: AMCL odom delta: at_scan=(0.959, -6.878, -2.748) baseline=(0.959, -6.878, -2.749) delta=(0.000, 0.000, 0.000) moved=false scan_age=0.052s
[component_container-9] [INFO] [1788984915.530596694] [pure_pursuit_node]: Pure Pursuit: pose=(-6.230, 1.773, 1.964) cte=-0.178 closest=1904 target=1923 path_dist=0.178 heading_err=-0.234 steer=-0.524 speed=1.396
[gpu_amcl_cpp_node-6] [INFO] [1788984915.931549056] [gpu_amcl_cpp]: AMCL odom delta: at_scan=(0.959, -6.878, -2.748) baseline=(0.959, -6.878, -2.749) delta=(0.000, 0.000, 0.000) moved=false scan_age=0.053s
[gpu_amcl_cpp_node-6] [WARN] [1788984916.507674838] [gpu_amcl_cpp]: Queued LiDAR scan until source-time odometry arrives (queued=1).
[component_container-9] [INFO] [1788984916.557420038] [pure_pursuit_node]: Pure Pursuit: pose=(-6.230, 1.773, 1.964) cte=-0.178 closest=1904 target=1923 path_dist=0.178 heading_err=-0.234 steer=-0.524 speed=1.396
[gpu_amcl_cpp_node-6] [INFO] [1788984916.934096760] [gpu_amcl_cpp]: AMCL odom delta: at_scan=(0.959, -6.878, -2.748) baseline=(0.959, -6.878, -2.749) delta=(0.000, 0.000, 0.000) moved=false scan_age=0.051s
[component_container-9] [INFO] [1788984917.582945909] [pure_pursuit_node]: Pure Pursuit: pose=(-6.230, 1.773, 1.964) cte=-0.178 closest=1904 target=1923 path_dist=0.178 heading_err=-0.234 steer=-0.524 speed=1.396
[gpu_amcl_cpp_node-6] [INFO] [1788984917.957213973] [gpu_amcl_cpp]: AMCL odom delta: at_scan=(0.959, -6.878, -2.748) baseline=(0.959, -6.878, -2.749) delta=(0.000, 0.000, 0.000) moved=false scan_age=0.049s
[component_container-9] [INFO] [1788984918.607894177] [pure_pursuit_node]: Pure Pursuit: pose=(-6.230, 1.773, 1.964) cte=-0.178 closest=1904 target=1923 path_dist=0.178 heading_err=-0.234 steer=-0.524 speed=1.396
[gpu_amcl_cpp_node-6] [INFO] [1788984918.907700133] [gpu_amcl_cpp]: Received LiDAR callback #898 (1081 ranges).
[gpu_amcl_cpp_node-6] [INFO] [1788984918.958982476] [gpu_amcl_cpp]: AMCL odom delta: at_scan=(0.959, -6.878, -2.748) baseline=(0.959, -6.878, -2.749) delta=(0.000, 0.000, 0.000) moved=false scan_age=0.051s
[component_container-9] [INFO] [1788984919.631807144] [pure_pursuit_node]: Pure Pursuit: pose=(-6.230, 1.773, 1.964) cte=-0.178 closest=1904 target=1923 path_dist=0.178 heading_err=-0.234 steer=-0.524 speed=1.396
[gpu_amcl_cpp_node-6] [INFO] [1788984920.007030640] [gpu_amcl_cpp]: AMCL odom delta: at_scan=(0.959, -6.878, -2.748) baseline=(0.959, -6.878, -2.749) delta=(0.000, 0.000, 0.000) moved=false scan_age=0.050s
[component_container-9] [INFO] [1788984920.656582779] [pure_pursuit_node]: Pure Pursuit: pose=(-6.230, 1.773, 1.964) cte=-0.178 closest=1904 target=1923 path_dist=0.178 heading_err=-0.234 steer=-0.524 speed=1.396
[gpu_amcl_cpp_node-6] [INFO] [1788984921.033827557] [gpu_amcl_cpp]: AMCL odom delta: at_scan=(0.959, -6.878, -2.748) baseline=(0.959, -6.878, -2.749) delta=(0.000, 0.000, 0.000) moved=false scan_age=0.051s
[component_container-9] [INFO] [1788984921.704605576] [pure_pursuit_node]: Pure Pursuit: pose=(-6.230, 1.773, 1.964) cte=-0.178 closest=1904 target=1923 path_dist=0.178 heading_err=-0.234 steer=-0.524 speed=1.396
[gpu_amcl_cpp_node-6] [INFO] [1788984922.082112216] [gpu_amcl_cpp]: AMCL odom delta: at_scan=(0.959, -6.878, -2.748) baseline=(0.959, -6.878, -2.749) delta=(0.000, 0.000, 0.000) moved=false scan_age=0.050s
[component_container-9] [INFO] [1788984922.708424718] [pure_pursuit_node]: Pure Pursuit: pose=(-6.230, 1.773, 1.964) cte=-0.178 closest=1904 target=1923 path_dist=0.178 heading_err=-0.234 steer=-0.524 speed=1.396
[gpu_amcl_cpp_node-6] [INFO] [1788984923.107022224] [gpu_amcl_cpp]: AMCL odom delta: at_scan=(0.959, -6.878, -2.748) baseline=(0.959, -6.878, -2.749) delta=(0.000, 0.000, 0.000) moved=false scan_age=0.050s
[component_container-9] [INFO] [1788984923.730869152] [pure_pursuit_node]: Pure Pursuit: pose=(-6.230, 1.773, 1.964) cte=-0.178 closest=1904 target=1923 path_dist=0.178 heading_err=-0.234 steer=-0.524 speed=1.396
[gpu_amcl_cpp_node-6] [INFO] [1788984923.956725842] [gpu_amcl_cpp]: Received LiDAR callback #989 (1081 ranges).
[gpu_amcl_cpp_node-6] [INFO] [1788984924.136082748] [gpu_amcl_cpp]: AMCL odom delta: at_scan=(0.959, -6.878, -2.748) baseline=(0.959, -6.878, -2.749) delta=(0.000, 0.000, 0.000) moved=false scan_age=0.055s
[component_container-9] [INFO] [1788984924.731168432] [pure_pursuit_node]: Pure Pursuit: pose=(-6.230, 1.773, 1.964) cte=-0.178 closest=1904 target=1923 path_dist=0.178 heading_err=-0.234 steer=-0.524 speed=1.396
[gpu_amcl_cpp_node-6] [INFO] [1788984925.183759308] [gpu_amcl_cpp]: AMCL odom delta: at_scan=(0.959, -6.878, -2.748) baseline=(0.959, -6.878, -2.749) delta=(0.000, 0.000, 0.000) moved=false scan_age=0.051s
[component_container-9] [INFO] [1788984925.754965545] [pure_pursuit_node]: Pure Pursuit: pose=(-6.230, 1.773, 1.964) cte=-0.178 closest=1904 target=1923 path_dist=0.178 heading_err=-0.234 steer=-0.524 speed=1.396
[gpu_amcl_cpp_node-6] [INFO] [1788984926.206062268] [gpu_amcl_cpp]: AMCL odom delta: at_scan=(0.959, -6.878, -2.748) baseline=(0.959, -6.878, -2.749) delta=(0.000, 0.000, 0.000) moved=false scan_age=0.053s
[component_container-9] [INFO] [1788984926.781288545] [pure_pursuit_node]: Pure Pursuit: pose=(-6.230, 1.773, 1.964) cte=-0.178 closest=1904 target=1923 path_dist=0.178 heading_err=-0.234 steer=-0.524 speed=1.396
[gpu_amcl_cpp_node-6] [INFO] [1788984927.208153721] [gpu_amcl_cpp]: AMCL odom delta: at_scan=(0.959, -6.878, -2.748) baseline=(0.959, -6.878, -2.749) delta=(0.000, 0.000, 0.000) moved=false scan_age=0.050s
[component_container-9] [INFO] [1788984927.781318331] [pure_pursuit_node]: Pure Pursuit: pose=(-6.230, 1.773, 1.964) cte=-0.178 closest=1904 target=1923 path_dist=0.178 heading_err=-0.234 steer=-0.524 speed=1.396
[gpu_amcl_cpp_node-6] [INFO] [1788984928.257502077] [gpu_amcl_cpp]: AMCL odom delta: at_scan=(0.959, -6.878, -2.748) baseline=(0.959, -6.878, -2.749) delta=(0.000, 0.000, 0.000) moved=false scan_age=0.053s
[component_container-9] [INFO] [1788984928.806831884] [pure_pursuit_node]: Pure Pursuit: pose=(-6.230, 1.773, 1.964) cte=-0.178 closest=1904 target=1923 path_dist=0.178 heading_err=-0.234 steer=-0.524 speed=1.396
[gpu_amcl_cpp_node-6] [INFO] [1788984928.983407655] [gpu_amcl_cpp]: Received LiDAR callback #1078 (1081 ranges).
[gpu_amcl_cpp_node-6] [INFO] [1788984929.305902106] [gpu_amcl_cpp]: AMCL odom delta: at_scan=(0.959, -6.878, -2.748) baseline=(0.959, -6.878, -2.749) delta=(0.000, 0.000, 0.000) moved=false scan_age=0.052s
[component_container-9] [INFO] [1788984929.806880256] [pure_pursuit_node]: Pure Pursuit: pose=(-6.230, 1.773, 1.964) cte=-0.178 closest=1904 target=1923 path_dist=0.178 heading_err=-0.234 steer=-0.524 speed=1.396
