[INFO] [launch]: All log files can be found below /root/.ros/log/2026-09-09-18-40-53-726980-ExternalDrive-578
[INFO] [launch]: Default logging verbosity is set to INFO
[INFO] [launch.user]: controller=pure_pursuit custom_amcl=True rviz=False
[INFO] [autodrive_bridge_40hz-1]: process started with pid [632]
[INFO] [sensor_odometry_node-2]: process started with pid [634]
[INFO] [ekf_localization_node-3]: process started with pid [636]
[INFO] [map_server-4]: process started with pid [638]
[INFO] [lifecycle_manager-5]: process started with pid [640]
[INFO] [gpu_amcl_cpp_node-6]: process started with pid [642]
[INFO] [ground_truth_amcl_monitor-7]: process started with pid [644]
[INFO] [calibration-8]: process started with pid [646]
[INFO] [component_container-9]: process started with pid [648]
[INFO] [actuator_interface-10]: process started with pid [650]
[ekf_localization_node-3] [INFO] [1788979254.040537090] [ekf_localization]: Local odometry trust filter ready: /odom -> /ekf_odom and /ekf_pose in frame odom; reset events=/autodrive/reset_command
[sensor_odometry_node-2] [INFO] [1788979254.053288314] [sensor_odometry]: Deterministic odometry observer: exact timestamp packets, encoders + IMU only
[lifecycle_manager-5] [INFO] [1788979254.054755335] [lifecycle_manager_map]: Creating
[lifecycle_manager-5] [INFO] [1788979254.058645331] [lifecycle_manager_map]: [34m[1mCreating and initializing lifecycle service clients[0m[0m
[map_server-4] [INFO] [1788979254.069113663] [map_server]: 
[map_server-4] 	map_server lifecycle node launched. 
[map_server-4] 	Waiting on external lifecycle transitions to activate
[map_server-4] 	See https://design.ros2.org/articles/node_lifecycle.html for more information.
[map_server-4] [INFO] [1788979254.069235241] [map_server]: Creating
[lifecycle_manager-5] [INFO] [1788979254.142252329] [lifecycle_manager_map]: [34m[1mStarting managed nodes bringup...[0m[0m
[lifecycle_manager-5] [INFO] [1788979254.142346536] [lifecycle_manager_map]: [34m[1mConfiguring map_server[0m[0m
[component_container-9] [INFO] [1788979254.253100416] [controller_container]: Load Library: /workspace/install/lib/libpure_pursuit_node.so
[component_container-9] [INFO] [1788979254.257382747] [controller_container]: Found class: rclcpp_components::NodeFactoryTemplate<f1tenth_control::PurePursuitNode>
[component_container-9] [INFO] [1788979254.257457507] [controller_container]: Instantiate class: rclcpp_components::NodeFactoryTemplate<f1tenth_control::PurePursuitNode>
[component_container-9] [INFO] [1788979254.266668532] [pure_pursuit_node]: Initializing Pure Pursuit Node
[component_container-9] [INFO] [1788979254.277310239] [pure_pursuit_node]: Loaded trajectory with 2586 waypoints (51.7 m)
[component_container-9] [INFO] [1788979254.292501289] [pure_pursuit_node]: Pure Pursuit Node initialized
[component_container-9] [INFO] [1788979254.292551894] [pure_pursuit_node]:   Trajectory: /workspace/src/f1tenth_planning/trajectories/autodrive_track_ftg_commit_20260909_025m_mintime_raceline.csv (2586 points)
[component_container-9] [INFO] [1788979254.292565189] [pure_pursuit_node]:   Lookahead: 0.35 - 0.95 m (gain: 0.05)
[component_container-9] [INFO] [1788979254.292584144] [pure_pursuit_node]:   Max speed cap: 2.00 m/s
[component_container-9] [INFO] [1788979254.292595746] [pure_pursuit_node]:   Lookahead adapt: cte_weight=1.00 cte_gain=0.042 curvature_gain=1.900
[component_container-9] [INFO] [1788979254.292609843] [pure_pursuit_node]:   Speed adapt: curvature_factor=0.102 floor_ratio=0.52
[component_container-9] [INFO] [1788979254.292622937] [pure_pursuit_node]:   Speed adapt (CTE): factor=1.500 floor_ratio=0.55
[component_container-9] [INFO] [1788979254.292634709] [pure_pursuit_node]:   Speed limits: max_lat_accel=6.50 min_reg_speed=0.00
[component_container-9] [INFO] [1788979254.292646511] [pure_pursuit_node]:   Yaw-rate damping: 0.000 s
[component_container-9] [INFO] [1788979254.292657983] [pure_pursuit_node]:   Target-heading turn-in gain: 0.000
[component_container-9] [INFO] [1788979254.292669114] [pure_pursuit_node]:   Command shaping: steer_rate=3.20 accel=3.00 decel=8.00
[component_container-9] [INFO] [1788979254.292682569] [pure_pursuit_node]:   Pose: /current_map_pose (map frame)
[component_container-9] [INFO] [1788979254.292693339] [pure_pursuit_node]:   Odom: /odom
[component_container-9] [INFO] [1788979254.292711022] [pure_pursuit_node]:   Control trigger: /odom (one command per odometry update; nominal 40.0 Hz)
[component_container-9] [INFO] [1788979254.292724137] [pure_pursuit_node]:   Steering feedback: /autodrive/roboracer_1/steering (lead gain 0.25)
[component_container-9] [INFO] [1788979254.292735789] [pure_pursuit_node]:   Startup path gate: distance <= 0.80 m, heading <= 0.75 rad
[component_container-9] [INFO] [1788979254.292747711] [pure_pursuit_node]:   Command: /cmd/speed
[INFO] [launch_ros.actions.load_composable_nodes]: Loaded node '/pure_pursuit_node' in container '/controller_container'
[map_server-4] [INFO] [1788979254.297703565] [map_server]: Configuring
[map_server-4] [INFO] [1788979254.297808542] [map_io]: Loading yaml file: /workspace/src/f1tenth_planning/maps/autodrive_track_ftg_commit_20260909_025m.yaml
[map_server-4] [INFO] [1788979254.301650688] [map_io]: resolution: 0.025
[map_server-4] [INFO] [1788979254.301680314] [map_io]: origin[0]: -6.82
[map_server-4] [INFO] [1788979254.301691344] [map_io]: origin[1]: -12.3
[map_server-4] [INFO] [1788979254.301700632] [map_io]: origin[2]: 0
[map_server-4] [INFO] [1788979254.301709739] [map_io]: free_thresh: 0.25
[map_server-4] [INFO] [1788979254.301718585] [map_io]: occupied_thresh: 0.65
[map_server-4] [INFO] [1788979254.301728244] [map_io]: mode: trinary
[map_server-4] [INFO] [1788979254.301737521] [map_io]: negate: 0
[map_server-4] [INFO] [1788979254.308981817] [map_io]: Loading image_file: /workspace/src/f1tenth_planning/maps/autodrive_track_ftg_commit_20260909_025m.pgm
[gpu_amcl_cpp_node-6] [INFO] [1788979254.360347700] [gpu_amcl_cpp]: [AMCL] Parameters: update_min_d=0.02000, update_min_a=0.03500, max_scan_age=0.2500, odom_history=1.000s, cloud_publish_rate=1.0 Hz, debug_pre_resample=false, slip_threshold=1.00 rad/s, initial_raceline_heading=false, local_correction_gate=0.30m/0.20rad xy_gain=0.750 cross_track_only=false yaw_gain=0.000 association=0.80m recenter_cloud=true
[map_server-4] [INFO] [1788979254.362527528] [map_io]: Read map /workspace/src/f1tenth_planning/maps/autodrive_track_ftg_commit_20260909_025m.pgm: 349 X 877 map @ 0.025 m/cell
[lifecycle_manager-5] [INFO] [1788979254.367718373] [lifecycle_manager_map]: [34m[1mActivating map_server[0m[0m
[map_server-4] [INFO] [1788979254.367931553] [map_server]: Activating
[map_server-4] [INFO] [1788979254.368690155] [map_server]: Creating bond (map_server) to lifecycle manager.
[gpu_amcl_cpp_node-6] [INFO] [1788979254.370625204] [gpu_amcl_cpp]: Particle cloud publishing scan-synchronized, max 1.0 Hz
[gpu_amcl_cpp_node-6] [INFO] [1788979254.370674276] [gpu_amcl_cpp]: GPU AMCL C++ node created — waiting for map...
[gpu_amcl_cpp_node-6] [INFO] [1788979254.381695516] [gpu_amcl_cpp]: Received first map (349x877 @ 0.025 m/cell) — initialising PF
[gpu_amcl_cpp_node-6] [INFO] [1788979254.396658187] [gpu_amcl_cpp]: Loaded 2587 global heading points from /workspace/src/f1tenth_planning/trajectories/autodrive_track_ftg_commit_20260909_025m_mintime_raceline.csv
[ground_truth_amcl_monitor-7] [INFO] [1788979254.471977182] [ground_truth_amcl_monitor]: Absolute map scoring enabled from explicit map start: (0.8006, 3.1583, -1.5708)
[lifecycle_manager-5] [INFO] [1788979254.473232687] [lifecycle_manager_map]: Server map_server connected with bond.
[lifecycle_manager-5] [INFO] [1788979254.473285896] [lifecycle_manager_map]: [34m[1mManaged nodes are active[0m[0m
[lifecycle_manager-5] [INFO] [1788979254.473304171] [lifecycle_manager_map]: [34m[1mCreating bond timer...[0m[0m
[autodrive_bridge_40hz-1] /usr/local/lib/python3.10/dist-packages/numpy/core/getlimits.py:499: UserWarning: The value of the smallest subnormal for <class 'numpy.float64'> type is zero.
[autodrive_bridge_40hz-1]   setattr(self, word, getattr(machar, word).flat[0])
[autodrive_bridge_40hz-1] /usr/local/lib/python3.10/dist-packages/numpy/core/getlimits.py:89: UserWarning: The value of the smallest subnormal for <class 'numpy.float64'> type is zero.
[autodrive_bridge_40hz-1]   return self._float_to_str(self.smallest_subnormal)
[ground_truth_amcl_monitor-7] [WARN] [1788979254.485018470] [ground_truth_amcl_monitor]: Ground-truth monitor is diagnostics-only; simulator IPS/odom are not controller inputs
[calibration-8] [INFO] [1788979254.498080617] [allowed_telemetry_recorder]: Calibration mode=sensor_record duration=180.000 s output=/workspace/src/f1tenth_planning/analysis/amcl_tuning_campaign_20260909/turn_entry_fix_2mps/telemetry/sensor_record_20260909_184054.csv
[actuator_interface-10] [INFO] [1788979254.526133979] [autodrive_actuator_interface]: Actuator interface ready; no arming state
[actuator_interface-10] [WARN] [1788979254.527358495] [autodrive_actuator_interface]: Neutral output: no command
[autodrive_bridge_40hz-1] [autodrive_bridge_40hz] camera decode/publication disabled
[autodrive_bridge_40hz-1] [autodrive_bridge_40hz] bounded request pacing enabled at 40 Hz (max one outstanding request)
[gpu_amcl_cpp_node-6] [INFO] [1788979255.714148747] [gpu_amcl_cpp]: Global AMCL startup prior centred at saved map start (0.801, 3.158, -1.571) with covariance (0.500, 0.500, 0.200).
[gpu_amcl_cpp_node-6] [INFO] [1788979255.714211915] [gpu_amcl_cpp]: Particle filter initialised with 2500 particles (global)
[gpu_amcl_cpp_node-6] [INFO] [1788979255.714279913] [gpu_amcl_cpp]: Global particle initialization active; waiting for scans before publishing pose
[autodrive_bridge_40hz-1] Connected!
[autodrive_bridge_40hz-1] [autodrive_bridge_40hz] dropping incomplete startup packet (missing V1 LIDAR Range Array); requesting retry
[component_container-9] [WARN] [1788979267.275609263] [pure_pursuit_node]: No pose received on /current_map_pose yet
[gpu_amcl_cpp_node-6] [INFO] [1788979267.275884519] [gpu_amcl_cpp]: Received first odometry sample at (0.00, 0.00, 0.00).
[gpu_amcl_cpp_node-6] [INFO] [1788979267.276749411] [gpu_amcl_cpp]: Received LiDAR callback #1 (1081 ranges).
[gpu_amcl_cpp_node-6] [INFO] [1788979267.276784056] [gpu_amcl_cpp]: AMCL odom delta: at_scan=(0.000, 0.000, 0.000) baseline=(0.000, 0.000, 0.000) delta=(0.000, 0.000, 0.000) moved=false scan_age=0.063s
[gpu_amcl_cpp_node-6] [INFO] [1788979267.276805867] [gpu_amcl_cpp]: Starting AMCL scan update #1 (sampled from 1081 ranges).
[gpu_amcl_cpp_node-6] [INFO] [1788979268.049530984] [gpu_amcl_cpp]: AMCL scan update #1 completed; evaluating pose confidence.
[gpu_amcl_cpp_node-6] [INFO] [1788979268.050664169] [gpu_amcl_cpp]: Global AMCL refining: cluster_weight=0.609, covariance xy=0.030 (max 0.250), yaw=0.004 (max 0.120).
[gpu_amcl_cpp_node-6] [INFO] [1788979268.050691280] [gpu_amcl_cpp]: Global AMCL lock evidence: quality=false stable_scans=1/5 travel=0.000/0.750 m (min_weight=0.500).
[gpu_amcl_cpp_node-6] [WARN] [1788979268.050903568] [gpu_amcl_cpp]: Discarding stale LiDAR scan (age 0.587 s > 0.250 s).
[gpu_amcl_cpp_node-6] [INFO] [1788979268.068113234] [gpu_amcl_cpp]: Publishing provisional global AMCL pose for localization ramp; travel=0.000/0.750 m stable_scans=5/5.
[ground_truth_amcl_monitor-7] [INFO] [1788979268.069004475] [ground_truth_amcl_monitor]: Relative GT alignment initialized: yaw=0.000, translation=(0.000, -0.001)
[ground_truth_amcl_monitor-7] [INFO] [1788979268.069563143] [ground_truth_amcl_monitor]: AMCL vs GT: gt=(0.801, 3.157) amcl=(0.801, 3.158) error=0.001 m / 0.000 rad; current_map=unavailable; odom=(0.801, 3.157, -1.571) error=0.000 m / 0.000 rad; ekf=(0.801, 3.157, -1.571) error=0.000 m / 0.000 rad; RMS=0.001 m / 0.000 rad max=0.001 m / 0.000 rad samples=1
[component_container-9] [WARN] [1788979268.288846242] [pure_pursuit_node]: No pose received on /current_map_pose yet
[gpu_amcl_cpp_node-6] [INFO] [1788979268.290182828] [gpu_amcl_cpp]: AMCL odom delta: at_scan=(0.000, 0.000, 0.000) baseline=(0.000, 0.000, 0.000) delta=(0.000, 0.000, 0.000) moved=false scan_age=0.050s
[actuator_interface-10] [INFO] [1788979268.290892229] [autodrive_actuator_interface]: Collision baseline established at cumulative count 0
[component_container-9] [INFO] [1788979268.389089500] [pure_pursuit_node]: Aligned closed trajectory seam to startup pose at original waypoint 1090
[component_container-9] [INFO] [1788979268.389195720] [pure_pursuit_node]: Startup path gate passed: path_distance=0.166 m heading_error=0.301 rad
[component_container-9] [INFO] [1788979268.389222029] [pure_pursuit_node]: Pure Pursuit: pose=(0.801, 3.158, -1.571) cte=-0.166 closest=0 target=18 path_dist=0.166 heading_err=0.301 steer=-0.003 speed=0.003
[ground_truth_amcl_monitor-7] [INFO] [1788979269.114809503] [ground_truth_amcl_monitor]: AMCL vs GT: gt=(0.799, 3.074) amcl=(0.800, 3.102) error=0.028 m / 0.025 rad; current_map=(0.798, 3.071, -1.626) error=0.003 m / 0.000 rad; odom=(0.800, 3.101, -1.601) error=0.027 m / 0.025 rad; ekf=(0.800, 3.101, -1.601) error=0.027 m / 0.025 rad; RMS=0.008 m / 0.005 rad max=0.028 m / 0.025 rad samples=38
[gpu_amcl_cpp_node-6] [INFO] [1788979269.338251772] [gpu_amcl_cpp]: AMCL odom delta: at_scan=(0.353, -0.043, -0.229) baseline=(0.279, -0.027, -0.189) delta=(0.073, -0.016, -0.040) moved=true scan_age=0.050s
[gpu_amcl_cpp_node-6] [INFO] [1788979269.339812980] [gpu_amcl_cpp]: Global AMCL candidate rejected: heading error 0.481 rad > 0.450 rad.
[component_container-9] [INFO] [1788979269.438423377] [pure_pursuit_node]: Pure Pursuit: pose=(0.687, 2.574, -1.933) cte=0.111 closest=26 target=49 path_dist=0.111 heading_err=0.644 steer=0.524 speed=1.361
[gpu_amcl_cpp_node-6] [INFO] [1788979269.492899322] [gpu_amcl_cpp]: Global AMCL candidate rejected: start-anchor distance 0.759 m > 0.750 m.
[gpu_amcl_cpp_node-6] [INFO] [1788979269.942027238] [gpu_amcl_cpp]: Global AMCL lock accepted at (0.548, 2.067, -1.356); continuing with local tracking.
[ground_truth_amcl_monitor-7] [INFO] [1788979270.144563249] [ground_truth_amcl_monitor]: AMCL vs GT: gt=(0.560, 1.952) amcl=(0.548, 2.067) error=0.115 m / 0.026 rad; current_map=(0.548, 2.067, -1.356) error=0.115 m / 0.026 rad; odom=(0.548, 2.066, -1.330) error=0.114 m / 0.000 rad; ekf=(0.548, 2.066, -1.330) error=0.114 m / 0.000 rad; RMS=0.088 m / 0.043 rad max=0.403 m / 0.202 rad samples=58
[gpu_amcl_cpp_node-6] [INFO] [1788979270.319899789] [gpu_amcl_cpp]: AMCL local correction: odom_prediction=(0.551, 2.054, -1.319) scan=(0.552, 2.044, -1.326) correction=0.010 m/0.007 rad cluster_weight=0.904 publish=true
[gpu_amcl_cpp_node-6] [INFO] [1788979270.388997667] [gpu_amcl_cpp]: AMCL odom delta: at_scan=(1.164, -0.232, 0.307) baseline=(1.104, -0.249, 0.252) delta=(0.060, 0.017, 0.055) moved=true scan_age=0.050s
[component_container-9] [INFO] [1788979270.438824113] [pure_pursuit_node]: Pure Pursuit: pose=(0.619, 1.863, -1.112) cte=0.357 closest=60 target=81 path_dist=0.357 heading_err=-0.227 steer=0.521 speed=1.295
[gpu_amcl_cpp_node-6] [WARN] [1788979270.891868544] [gpu_amcl_cpp]: Clamped accumulated local AMCL correction from 0.135 to 0.120 m.
[ground_truth_amcl_monitor-7] [INFO] [1788979271.164601313] [ground_truth_amcl_monitor]: AMCL vs GT: gt=(1.302, 1.465) amcl=(1.221, 1.450) error=0.082 m / 0.055 rad; current_map=(1.295, 1.435, -0.229) error=0.031 m / 0.000 rad; odom=(1.341, 1.434, -0.174) error=0.050 m / 0.055 rad; ekf=(1.341, 1.434, -0.174) error=0.050 m / 0.055 rad; RMS=0.087 m / 0.050 rad max=0.403 m / 0.202 rad samples=94
[ground_truth_amcl_monitor-7] [INFO] [1788979271.264333193] [ground_truth_amcl_monitor]: Ground-truth jump/reset detected; waiting for fresh AMCL alignment
[actuator_interface-10] [ERROR] [1788979271.265458804] [autodrive_actuator_interface]: Collision count increased to 1; terminal stop latched, no simulator reset published
[ground_truth_amcl_monitor-7] [INFO] [1788979271.265747265] [ground_truth_amcl_monitor]: Collision epoch changed; discarding localization comparison; waiting for fresh AMCL alignment
[actuator_interface-10] [WARN] [1788979271.271932034] [autodrive_actuator_interface]: Neutral output: external stop
[gpu_amcl_cpp_node-6] [INFO] [1788979271.369007061] [gpu_amcl_cpp]: AMCL local correction: odom_prediction=(1.570, 1.390, -0.379) scan=(1.538, 1.391, -0.378) correction=0.033 m/0.001 rad cluster_weight=0.786 publish=true
[gpu_amcl_cpp_node-6] [INFO] [1788979271.419938309] [gpu_amcl_cpp]: AMCL odom delta: at_scan=(1.844, 0.932, 1.117) baseline=(1.820, 0.878, 1.192) delta=(0.024, 0.054, -0.075) moved=true scan_age=0.052s
[component_container-9] [INFO] [1788979271.487857937] [pure_pursuit_node]: Pure Pursuit: pose=(1.738, 1.286, -0.660) cte=-0.619 closest=100 target=132 path_dist=0.619 heading_err=-0.726 steer=-0.524 speed=1.092
[gpu_amcl_cpp_node-6] [INFO] [1788979272.289438912] [gpu_amcl_cpp]: Received LiDAR callback #89 (1081 ranges).
[gpu_amcl_cpp_node-6] [INFO] [1788979272.440677348] [gpu_amcl_cpp]: AMCL odom delta: at_scan=(2.183, 1.258, 0.443) baseline=(2.183, 1.257, 0.443) delta=(0.000, 0.000, 0.000) moved=false scan_age=0.051s
[component_container-9] [INFO] [1788979272.493158162] [pure_pursuit_node]: Pure Pursuit: pose=(1.945, 1.016, -1.128) cte=-0.776 closest=114 target=133 path_dist=0.776 heading_err=-0.277 steer=-0.524 speed=1.092
[gpu_amcl_cpp_node-6] [INFO] [1788979273.489713768] [gpu_amcl_cpp]: AMCL odom delta: at_scan=(2.183, 1.258, 0.443) baseline=(2.183, 1.257, 0.443) delta=(0.000, 0.000, 0.000) moved=false scan_age=0.050s
[component_container-9] [INFO] [1788979273.539672211] [pure_pursuit_node]: Pure Pursuit: pose=(1.945, 1.016, -1.128) cte=-0.776 closest=114 target=133 path_dist=0.776 heading_err=-0.277 steer=-0.524 speed=1.092
[gpu_amcl_cpp_node-6] [INFO] [1788979274.521092933] [gpu_amcl_cpp]: AMCL odom delta: at_scan=(2.183, 1.258, 0.443) baseline=(2.183, 1.257, 0.443) delta=(0.000, 0.000, 0.000) moved=false scan_age=0.052s
[component_container-9] [INFO] [1788979274.586752272] [pure_pursuit_node]: Pure Pursuit: pose=(1.945, 1.016, -1.128) cte=-0.776 closest=114 target=133 path_dist=0.776 heading_err=-0.277 steer=-0.524 speed=1.092
[gpu_amcl_cpp_node-6] [INFO] [1788979275.569008721] [gpu_amcl_cpp]: AMCL odom delta: at_scan=(2.183, 1.258, 0.443) baseline=(2.183, 1.257, 0.443) delta=(0.000, 0.000, 0.000) moved=false scan_age=0.053s
[component_container-9] [INFO] [1788979275.636850363] [pure_pursuit_node]: Pure Pursuit: pose=(1.945, 1.016, -1.128) cte=-0.776 closest=114 target=133 path_dist=0.776 heading_err=-0.277 steer=-0.524 speed=1.092
[gpu_amcl_cpp_node-6] [INFO] [1788979276.615290485] [gpu_amcl_cpp]: AMCL odom delta: at_scan=(2.183, 1.258, 0.443) baseline=(2.183, 1.257, 0.443) delta=(0.000, 0.000, 0.000) moved=false scan_age=0.051s
[component_container-9] [INFO] [1788979276.664513890] [pure_pursuit_node]: Pure Pursuit: pose=(1.945, 1.016, -1.128) cte=-0.776 closest=114 target=133 path_dist=0.776 heading_err=-0.277 steer=-0.524 speed=1.092
[gpu_amcl_cpp_node-6] [INFO] [1788979277.337857776] [gpu_amcl_cpp]: Received LiDAR callback #182 (1081 ranges).
[gpu_amcl_cpp_node-6] [INFO] [1788979277.640942259] [gpu_amcl_cpp]: AMCL odom delta: at_scan=(2.183, 1.258, 0.443) baseline=(2.183, 1.257, 0.443) delta=(0.000, 0.000, 0.000) moved=false scan_age=0.051s
[component_container-9] [INFO] [1788979277.693704120] [pure_pursuit_node]: Pure Pursuit: pose=(1.945, 1.016, -1.128) cte=-0.776 closest=114 target=133 path_dist=0.776 heading_err=-0.277 steer=-0.524 speed=1.092
[gpu_amcl_cpp_node-6] [INFO] [1788979278.690717706] [gpu_amcl_cpp]: AMCL odom delta: at_scan=(2.183, 1.258, 0.443) baseline=(2.183, 1.257, 0.443) delta=(0.000, 0.000, 0.000) moved=false scan_age=0.052s
[component_container-9] [INFO] [1788979278.742611469] [pure_pursuit_node]: Pure Pursuit: pose=(1.945, 1.016, -1.128) cte=-0.776 closest=114 target=133 path_dist=0.776 heading_err=-0.277 steer=-0.524 speed=1.092
[gpu_amcl_cpp_node-6] [INFO] [1788979279.694624179] [gpu_amcl_cpp]: AMCL odom delta: at_scan=(2.183, 1.258, 0.443) baseline=(2.183, 1.257, 0.443) delta=(0.000, 0.000, 0.000) moved=false scan_age=0.053s
[component_container-9] [INFO] [1788979279.764113280] [pure_pursuit_node]: Pure Pursuit: pose=(1.945, 1.016, -1.128) cte=-0.776 closest=114 target=133 path_dist=0.776 heading_err=-0.277 steer=-0.524 speed=1.092
[gpu_amcl_cpp_node-6] [INFO] [1788979280.739059070] [gpu_amcl_cpp]: AMCL odom delta: at_scan=(2.183, 1.258, 0.443) baseline=(2.183, 1.257, 0.443) delta=(0.000, 0.000, 0.000) moved=false scan_age=0.050s
[component_container-9] [INFO] [1788979280.788759650] [pure_pursuit_node]: Pure Pursuit: pose=(1.945, 1.016, -1.128) cte=-0.776 closest=114 target=133 path_dist=0.776 heading_err=-0.277 steer=-0.524 speed=1.092
[gpu_amcl_cpp_node-6] [INFO] [1788979281.789818112] [gpu_amcl_cpp]: AMCL odom delta: at_scan=(2.183, 1.258, 0.443) baseline=(2.183, 1.257, 0.443) delta=(0.000, 0.000, 0.000) moved=false scan_age=0.051s
[component_container-9] [INFO] [1788979281.839774782] [pure_pursuit_node]: Pure Pursuit: pose=(1.945, 1.016, -1.128) cte=-0.776 closest=114 target=133 path_dist=0.776 heading_err=-0.277 steer=-0.524 speed=1.092
[gpu_amcl_cpp_node-6] [INFO] [1788979282.339908857] [gpu_amcl_cpp]: Received LiDAR callback #273 (1081 ranges).
[gpu_amcl_cpp_node-6] [INFO] [1788979282.815461642] [gpu_amcl_cpp]: AMCL odom delta: at_scan=(2.183, 1.258, 0.443) baseline=(2.183, 1.257, 0.443) delta=(0.000, 0.000, 0.000) moved=false scan_age=0.050s
[component_container-9] [INFO] [1788979282.864831652] [pure_pursuit_node]: Pure Pursuit: pose=(1.945, 1.016, -1.128) cte=-0.776 closest=114 target=133 path_dist=0.776 heading_err=-0.277 steer=-0.524 speed=1.092
[gpu_amcl_cpp_node-6] [INFO] [1788979283.845330757] [gpu_amcl_cpp]: AMCL odom delta: at_scan=(2.183, 1.258, 0.443) baseline=(2.183, 1.257, 0.443) delta=(0.000, 0.000, 0.000) moved=false scan_age=0.054s
[component_container-9] [INFO] [1788979283.915779378] [pure_pursuit_node]: Pure Pursuit: pose=(1.945, 1.016, -1.128) cte=-0.776 closest=114 target=133 path_dist=0.776 heading_err=-0.277 steer=-0.524 speed=1.092
[gpu_amcl_cpp_node-6] [INFO] [1788979284.894791444] [gpu_amcl_cpp]: AMCL odom delta: at_scan=(2.183, 1.258, 0.443) baseline=(2.183, 1.257, 0.443) delta=(0.000, 0.000, 0.000) moved=false scan_age=0.054s
[component_container-9] [INFO] [1788979284.964117510] [pure_pursuit_node]: Pure Pursuit: pose=(1.945, 1.016, -1.128) cte=-0.776 closest=114 target=133 path_dist=0.776 heading_err=-0.277 steer=-0.524 speed=1.092
[gpu_amcl_cpp_node-6] [INFO] [1788979285.941246024] [gpu_amcl_cpp]: AMCL odom delta: at_scan=(2.183, 1.258, 0.443) baseline=(2.183, 1.257, 0.443) delta=(0.000, 0.000, 0.000) moved=false scan_age=0.051s
[component_container-9] [INFO] [1788979285.992894287] [pure_pursuit_node]: Pure Pursuit: pose=(1.945, 1.016, -1.128) cte=-0.776 closest=114 target=133 path_dist=0.776 heading_err=-0.277 steer=-0.524 speed=1.092
[gpu_amcl_cpp_node-6] [INFO] [1788979286.941348295] [gpu_amcl_cpp]: AMCL odom delta: at_scan=(2.183, 1.258, 0.443) baseline=(2.183, 1.257, 0.443) delta=(0.000, 0.000, 0.000) moved=false scan_age=0.051s
[component_container-9] [INFO] [1788979287.063314904] [pure_pursuit_node]: Pure Pursuit: pose=(1.945, 1.016, -1.128) cte=-0.776 closest=114 target=133 path_dist=0.776 heading_err=-0.277 steer=-0.524 speed=1.092
[gpu_amcl_cpp_node-6] [INFO] [1788979287.391884002] [gpu_amcl_cpp]: Received LiDAR callback #363 (1081 ranges).
[gpu_amcl_cpp_node-6] [INFO] [1788979287.966366312] [gpu_amcl_cpp]: AMCL odom delta: at_scan=(2.183, 1.258, 0.443) baseline=(2.183, 1.257, 0.443) delta=(0.000, 0.000, 0.000) moved=false scan_age=0.052s
[component_container-9] [INFO] [1788979288.090235410] [pure_pursuit_node]: Pure Pursuit: pose=(1.945, 1.016, -1.128) cte=-0.776 closest=114 target=133 path_dist=0.776 heading_err=-0.277 steer=-0.524 speed=1.092
[gpu_amcl_cpp_node-6] [INFO] [1788979289.016408101] [gpu_amcl_cpp]: AMCL odom delta: at_scan=(2.183, 1.258, 0.443) baseline=(2.183, 1.257, 0.443) delta=(0.000, 0.000, 0.000) moved=false scan_age=0.052s
[component_container-9] [INFO] [1788979289.137697501] [pure_pursuit_node]: Pure Pursuit: pose=(1.945, 1.016, -1.128) cte=-0.776 closest=114 target=133 path_dist=0.776 heading_err=-0.277 steer=-0.524 speed=1.092
[gpu_amcl_cpp_node-6] [INFO] [1788979290.064750272] [gpu_amcl_cpp]: AMCL odom delta: at_scan=(2.183, 1.258, 0.443) baseline=(2.183, 1.257, 0.443) delta=(0.000, 0.000, 0.000) moved=false scan_age=0.050s
[component_container-9] [INFO] [1788979290.167550757] [pure_pursuit_node]: Pure Pursuit: pose=(1.945, 1.016, -1.128) cte=-0.776 closest=114 target=133 path_dist=0.776 heading_err=-0.277 steer=-0.524 speed=1.092
[gpu_amcl_cpp_node-6] [INFO] [1788979291.094588260] [gpu_amcl_cpp]: AMCL odom delta: at_scan=(2.183, 1.258, 0.443) baseline=(2.183, 1.257, 0.443) delta=(0.000, 0.000, 0.000) moved=false scan_age=0.053s
[component_container-9] [INFO] [1788979291.214979566] [pure_pursuit_node]: Pure Pursuit: pose=(1.945, 1.016, -1.128) cte=-0.776 closest=114 target=133 path_dist=0.776 heading_err=-0.277 steer=-0.524 speed=1.092
