[INFO] [launch]: All log files can be found below /root/.ros/log/2026-09-09-20-02-02-747470-ExternalDrive-7080
[INFO] [launch]: Default logging verbosity is set to INFO
[INFO] [launch.user]: controller=pure_pursuit custom_amcl=True rviz=False
[INFO] [autodrive_bridge_40hz-1]: process started with pid [7109]
[INFO] [sensor_odometry_node-2]: process started with pid [7111]
[INFO] [ekf_localization_node-3]: process started with pid [7113]
[INFO] [map_server-4]: process started with pid [7115]
[INFO] [lifecycle_manager-5]: process started with pid [7117]
[INFO] [gpu_amcl_cpp_node-6]: process started with pid [7119]
[INFO] [ground_truth_amcl_monitor-7]: process started with pid [7121]
[INFO] [calibration-8]: process started with pid [7123]
[INFO] [component_container-9]: process started with pid [7125]
[INFO] [actuator_interface-10]: process started with pid [7127]
[ekf_localization_node-3] [INFO] [1788984123.289580291] [ekf_localization]: Local odometry trust filter ready: /odom -> /ekf_odom and /ekf_pose in frame odom; reset events=/autodrive/reset_command
[lifecycle_manager-5] [INFO] [1788984123.294724975] [lifecycle_manager_map]: Creating
[sensor_odometry_node-2] [INFO] [1788984123.296530009] [sensor_odometry]: Deterministic odometry observer: exact timestamp packets, encoders + IMU only
[lifecycle_manager-5] [INFO] [1788984123.302003309] [lifecycle_manager_map]: [34m[1mCreating and initializing lifecycle service clients[0m[0m
[map_server-4] [INFO] [1788984123.307854689] [map_server]: 
[map_server-4] 	map_server lifecycle node launched. 
[map_server-4] 	Waiting on external lifecycle transitions to activate
[map_server-4] 	See https://design.ros2.org/articles/node_lifecycle.html for more information.
[map_server-4] [INFO] [1788984123.308065224] [map_server]: Creating
[lifecycle_manager-5] [INFO] [1788984123.378138938] [lifecycle_manager_map]: [34m[1mStarting managed nodes bringup...[0m[0m
[lifecycle_manager-5] [INFO] [1788984123.378224117] [lifecycle_manager_map]: [34m[1mConfiguring map_server[0m[0m
[component_container-9] [INFO] [1788984123.497041980] [controller_container]: Load Library: /workspace/install/lib/libpure_pursuit_node.so
[component_container-9] [INFO] [1788984123.500746645] [controller_container]: Found class: rclcpp_components::NodeFactoryTemplate<f1tenth_control::PurePursuitNode>
[component_container-9] [INFO] [1788984123.500869435] [controller_container]: Instantiate class: rclcpp_components::NodeFactoryTemplate<f1tenth_control::PurePursuitNode>
[gpu_amcl_cpp_node-6] [INFO] [1788984123.509082011] [gpu_amcl_cpp]: [AMCL] Parameters: update_min_d=0.02000, update_min_a=0.03500, max_scan_age=0.2500, odom_history=1.000s, cloud_publish_rate=1.0 Hz, debug_pre_resample=false, slip_threshold=1.00 rad/s, initial_raceline_heading=false, local_correction_gate=0.00m/0.00rad xy_gain=0.250 cross_track_only=false yaw_gain=0.000 association=0.80m recenter_cloud=true
[component_container-9] [INFO] [1788984123.511558895] [pure_pursuit_node]: Initializing Pure Pursuit Node
[component_container-9] [INFO] [1788984123.525904508] [pure_pursuit_node]: Loaded trajectory with 2586 waypoints (51.7 m)
[component_container-9] [INFO] [1788984123.535095007] [pure_pursuit_node]: Pure Pursuit Node initialized
[component_container-9] [INFO] [1788984123.535150110] [pure_pursuit_node]:   Trajectory: /workspace/src/f1tenth_planning/trajectories/autodrive_track_ftg_commit_20260909_025m_mintime_raceline.csv (2586 points)
[component_container-9] [INFO] [1788984123.535168424] [pure_pursuit_node]:   Lookahead: 0.35 - 0.95 m (gain: 0.05)
[component_container-9] [INFO] [1788984123.535181318] [pure_pursuit_node]:   Max speed cap: 1.00 m/s
[component_container-9] [INFO] [1788984123.535187650] [pure_pursuit_node]:   Lookahead adapt: cte_weight=1.00 cte_gain=0.042 curvature_gain=1.900
[component_container-9] [INFO] [1788984123.535195224] [pure_pursuit_node]:   Speed adapt: curvature_factor=0.102 floor_ratio=0.52
[component_container-9] [INFO] [1788984123.535202057] [pure_pursuit_node]:   Speed adapt (CTE): factor=1.500 floor_ratio=0.55
[component_container-9] [INFO] [1788984123.535208439] [pure_pursuit_node]:   Speed limits: max_lat_accel=6.50 min_reg_speed=0.00
[component_container-9] [INFO] [1788984123.535214911] [pure_pursuit_node]:   Yaw-rate damping: 0.000 s
[component_container-9] [INFO] [1788984123.535221023] [pure_pursuit_node]:   Target-heading turn-in gain: 0.000
[INFO] [launch_ros.actions.load_composable_nodes]: Loaded node '/pure_pursuit_node' in container '/controller_container'
[component_container-9] [INFO] [1788984123.535226974] [pure_pursuit_node]:   Command shaping: steer_rate=3.20 accel=3.00 decel=8.00
[component_container-9] [INFO] [1788984123.535234448] [pure_pursuit_node]:   Pose: /current_map_pose (map frame)
[component_container-9] [INFO] [1788984123.535240389] [pure_pursuit_node]:   Odom: /odom
[component_container-9] [INFO] [1788984123.535245849] [pure_pursuit_node]:   Control trigger: /odom (one command per odometry update; nominal 40.0 Hz)
[component_container-9] [INFO] [1788984123.535252983] [pure_pursuit_node]:   Steering feedback: /autodrive/roboracer_1/steering (lead gain 0.25)
[component_container-9] [INFO] [1788984123.535259285] [pure_pursuit_node]:   Startup path gate: distance <= 0.80 m, heading <= 0.75 rad
[component_container-9] [INFO] [1788984123.535266057] [pure_pursuit_node]:   Command: /cmd/speed
[autodrive_bridge_40hz-1] /usr/local/lib/python3.10/dist-packages/numpy/core/getlimits.py:499: UserWarning: The value of the smallest subnormal for <class 'numpy.float64'> type is zero.
[autodrive_bridge_40hz-1]   setattr(self, word, getattr(machar, word).flat[0])
[autodrive_bridge_40hz-1] /usr/local/lib/python3.10/dist-packages/numpy/core/getlimits.py:89: UserWarning: The value of the smallest subnormal for <class 'numpy.float64'> type is zero.
[autodrive_bridge_40hz-1]   return self._float_to_str(self.smallest_subnormal)
[gpu_amcl_cpp_node-6] [INFO] [1788984123.535773388] [gpu_amcl_cpp]: Particle cloud publishing scan-synchronized, max 1.0 Hz
[gpu_amcl_cpp_node-6] [INFO] [1788984123.535816189] [gpu_amcl_cpp]: GPU AMCL C++ node created — waiting for map...
[map_server-4] [INFO] [1788984123.536800865] [map_server]: Configuring
[map_server-4] [INFO] [1788984123.536885453] [map_io]: Loading yaml file: /workspace/src/f1tenth_planning/maps/autodrive_track_ftg_commit_20260909_025m.yaml
[map_server-4] [INFO] [1788984123.537207246] [map_io]: resolution: 0.025
[map_server-4] [INFO] [1788984123.537223958] [map_io]: origin[0]: -6.82
[map_server-4] [INFO] [1788984123.537233596] [map_io]: origin[1]: -12.3
[map_server-4] [INFO] [1788984123.537241340] [map_io]: origin[2]: 0
[map_server-4] [INFO] [1788984123.537249275] [map_io]: free_thresh: 0.25
[map_server-4] [INFO] [1788984123.537256739] [map_io]: occupied_thresh: 0.65
[map_server-4] [INFO] [1788984123.537262099] [map_io]: mode: trinary
[map_server-4] [INFO] [1788984123.537271116] [map_io]: negate: 0
[map_server-4] [INFO] [1788984123.537597879] [map_io]: Loading image_file: /workspace/src/f1tenth_planning/maps/autodrive_track_ftg_commit_20260909_025m.pgm
[map_server-4] [INFO] [1788984123.570059824] [map_io]: Read map /workspace/src/f1tenth_planning/maps/autodrive_track_ftg_commit_20260909_025m.pgm: 349 X 877 map @ 0.025 m/cell
[lifecycle_manager-5] [INFO] [1788984123.575598387] [lifecycle_manager_map]: [34m[1mActivating map_server[0m[0m
[map_server-4] [INFO] [1788984123.575757585] [map_server]: Activating
[map_server-4] [INFO] [1788984123.576355787] [map_server]: Creating bond (map_server) to lifecycle manager.
[gpu_amcl_cpp_node-6] [INFO] [1788984123.576957575] [gpu_amcl_cpp]: Received first map (349x877 @ 0.025 m/cell) — initialising PF
[ground_truth_amcl_monitor-7] [INFO] [1788984123.580546513] [ground_truth_amcl_monitor]: Absolute map scoring enabled from explicit map start: (0.8006, 3.1583, -1.5708)
[ground_truth_amcl_monitor-7] [WARN] [1788984123.590248621] [ground_truth_amcl_monitor]: Ground-truth monitor is diagnostics-only; simulator IPS/odom are not controller inputs
[gpu_amcl_cpp_node-6] [INFO] [1788984123.592405935] [gpu_amcl_cpp]: Loaded 2587 global heading points from /workspace/src/f1tenth_planning/trajectories/autodrive_track_ftg_commit_20260909_025m_mintime_raceline.csv
[calibration-8] [INFO] [1788984123.597046615] [allowed_telemetry_recorder]: Calibration mode=sensor_record duration=180.000 s output=/workspace/src/f1tenth_planning/analysis/amcl_tuning_campaign_20260909/acceptance_3mps_full_xy_gain025_cloud001_slowlap/telemetry/sensor_record_20260909_200203.csv
[gpu_amcl_cpp_node-6] [INFO] [1788984123.608800650] [gpu_amcl_cpp]: Global AMCL startup prior centred at saved map start (0.801, 3.158, -1.571) with covariance (0.500, 0.500, 0.200).
[gpu_amcl_cpp_node-6] [INFO] [1788984123.608892442] [gpu_amcl_cpp]: Particle filter initialised with 2500 particles (global)
[gpu_amcl_cpp_node-6] [INFO] [1788984123.608938969] [gpu_amcl_cpp]: Global particle initialization active; waiting for scans before publishing pose
[actuator_interface-10] [INFO] [1788984123.623951091] [autodrive_actuator_interface]: Actuator interface ready; no arming state
[actuator_interface-10] [WARN] [1788984123.626498247] [autodrive_actuator_interface]: Neutral output: no command
[lifecycle_manager-5] [INFO] [1788984123.680943863] [lifecycle_manager_map]: Server map_server connected with bond.
[lifecycle_manager-5] [INFO] [1788984123.681012362] [lifecycle_manager_map]: [34m[1mManaged nodes are active[0m[0m
[lifecycle_manager-5] [INFO] [1788984123.681025787] [lifecycle_manager_map]: [34m[1mCreating bond timer...[0m[0m
[autodrive_bridge_40hz-1] [autodrive_bridge_40hz] camera decode/publication disabled
[autodrive_bridge_40hz-1] [autodrive_bridge_40hz] bounded request pacing enabled at 40 Hz (max one outstanding request)
[autodrive_bridge_40hz-1] Connected!
[autodrive_bridge_40hz-1] [autodrive_bridge_40hz] dropping incomplete startup packet (missing V1 LIDAR Range Array); requesting retry
[component_container-9] [WARN] [1788984137.419455769] [pure_pursuit_node]: No pose received on /current_map_pose yet
[gpu_amcl_cpp_node-6] [INFO] [1788984137.419683526] [gpu_amcl_cpp]: Received first odometry sample at (0.00, 0.00, 0.00).
[gpu_amcl_cpp_node-6] [INFO] [1788984137.420704069] [gpu_amcl_cpp]: Received LiDAR callback #1 (1081 ranges).
[gpu_amcl_cpp_node-6] [INFO] [1788984137.420758581] [gpu_amcl_cpp]: AMCL odom delta: at_scan=(0.000, 0.000, 0.000) baseline=(0.000, 0.000, 0.000) delta=(0.000, 0.000, 0.000) moved=false scan_age=0.064s
[gpu_amcl_cpp_node-6] [INFO] [1788984137.420782917] [gpu_amcl_cpp]: Starting AMCL scan update #1 (sampled from 1081 ranges).
[gpu_amcl_cpp_node-6] [INFO] [1788984137.423488269] [gpu_amcl_cpp]: AMCL scan update #1 completed; evaluating pose confidence.
[gpu_amcl_cpp_node-6] [INFO] [1788984137.424953676] [gpu_amcl_cpp]: Global AMCL refining: cluster_weight=0.610, covariance xy=0.030 (max 0.250), yaw=0.004 (max 0.120).
[gpu_amcl_cpp_node-6] [INFO] [1788984137.425007006] [gpu_amcl_cpp]: Global AMCL lock evidence: quality=false stable_scans=1/5 travel=0.000/0.750 m (min_weight=0.500).
[gpu_amcl_cpp_node-6] [INFO] [1788984137.632211450] [gpu_amcl_cpp]: Publishing provisional global AMCL pose for localization ramp; travel=0.000/0.750 m stable_scans=5/5.
[ground_truth_amcl_monitor-7] [INFO] [1788984137.633080900] [ground_truth_amcl_monitor]: Relative GT alignment initialized: yaw=-0.000, translation=(-0.000, -0.001)
[ground_truth_amcl_monitor-7] [INFO] [1788984137.633597869] [ground_truth_amcl_monitor]: AMCL vs GT: gt=(0.801, 3.158) amcl=(0.801, 3.158) error=0.001 m / 0.000 rad; current_map=unavailable; odom=(0.801, 3.158, -1.571) error=0.000 m / 0.000 rad; ekf=(0.801, 3.158, -1.571) error=0.000 m / 0.000 rad; RMS=0.001 m / 0.000 rad max=0.001 m / 0.000 rad samples=1
[component_container-9] [INFO] [1788984137.934779140] [pure_pursuit_node]: Aligned closed trajectory seam to startup pose at original waypoint 1090
[component_container-9] [INFO] [1788984137.934880370] [pure_pursuit_node]: Startup path gate passed: path_distance=0.166 m heading_error=0.301 rad
[component_container-9] [INFO] [1788984137.934897492] [pure_pursuit_node]: Pure Pursuit: pose=(0.801, 3.158, -1.571) cte=-0.166 closest=0 target=41 path_dist=0.166 heading_err=0.301 steer=0.003 speed=0.003
[gpu_amcl_cpp_node-6] [INFO] [1788984138.462172430] [gpu_amcl_cpp]: AMCL odom delta: at_scan=(0.157, 0.003, 0.039) baseline=(0.119, 0.002, 0.031) delta=(0.038, 0.001, 0.008) moved=true scan_age=0.052s
[actuator_interface-10] [INFO] [1788984138.463046648] [autodrive_actuator_interface]: Collision baseline established at cumulative count 0
[ground_truth_amcl_monitor-7] [INFO] [1788984138.635199983] [ground_truth_amcl_monitor]: AMCL vs GT: gt=(0.812, 2.817) amcl=(0.811, 2.871) error=0.054 m / 0.000 rad; current_map=(0.811, 2.871, -1.503) error=0.054 m / 0.000 rad; odom=(0.811, 2.870, -1.503) error=0.053 m / 0.000 rad; ekf=(0.811, 2.870, -1.503) error=0.053 m / 0.000 rad; RMS=0.040 m / 0.004 rad max=0.101 m / 0.012 rad samples=39
[gpu_amcl_cpp_node-6] [WARN] [1788984138.886075407] [gpu_amcl_cpp]: Queued LiDAR scan until source-time odometry arrives (queued=1).
[component_container-9] [INFO] [1788984138.954775228] [pure_pursuit_node]: Pure Pursuit: pose=(0.842, 2.565, -1.438) cte=-0.035 closest=29 target=72 path_dist=0.035 heading_err=0.145 steer=0.055 speed=0.940
[gpu_amcl_cpp_node-6] [INFO] [1788984139.008178943] [gpu_amcl_cpp]: Global AMCL candidate rejected: start-anchor distance 0.766 m > 0.750 m.
[gpu_amcl_cpp_node-6] [INFO] [1788984139.408160806] [gpu_amcl_cpp]: Global AMCL lock accepted at (0.902, 2.198, -1.385); continuing with local tracking.
[gpu_amcl_cpp_node-6] [INFO] [1788984139.459035771] [gpu_amcl_cpp]: AMCL local correction: odom_prediction=(0.910, 2.152, -1.380) scan=(0.913, 2.151, -1.390) correction=0.003 m/0.011 rad cluster_weight=1.000 publish=true
[gpu_amcl_cpp_node-6] [INFO] [1788984139.508100413] [gpu_amcl_cpp]: AMCL odom delta: at_scan=(1.055, 0.119, 0.196) baseline=(1.006, 0.110, 0.191) delta=(0.048, 0.009, 0.005) moved=true scan_age=0.050s
[ground_truth_amcl_monitor-7] [INFO] [1788984139.660781503] [ground_truth_amcl_monitor]: AMCL vs GT: gt=(0.957, 1.865) amcl=(0.941, 2.007) error=0.142 m / 0.003 rad; current_map=(0.951, 1.958, -1.365) error=0.093 m / 0.000 rad; odom=(0.950, 1.957, -1.365) error=0.092 m / 0.000 rad; ekf=(0.939, 2.005, -1.368) error=0.141 m / 0.003 rad; RMS=0.091 m / 0.008 rad max=0.307 m / 0.039 rad samples=66
[component_container-9] [INFO] [1788984139.960284339] [pure_pursuit_node]: Pure Pursuit: pose=(1.019, 1.626, -1.358) cte=0.019 closest=76 target=120 path_dist=0.019 heading_err=-0.000 steer=-0.003 speed=0.966
[gpu_amcl_cpp_node-6] [INFO] [1788984140.486224065] [gpu_amcl_cpp]: AMCL local correction: odom_prediction=(1.103, 1.199, -1.369) scan=(1.098, 1.206, -1.373) correction=0.009 m/0.004 rad cluster_weight=1.000 publish=true
[gpu_amcl_cpp_node-6] [INFO] [1788984140.535194971] [gpu_amcl_cpp]: AMCL odom delta: at_scan=(2.013, 0.322, 0.199) baseline=(1.966, 0.312, 0.201) delta=(0.047, 0.009, -0.002) moved=true scan_age=0.050s
[ground_truth_amcl_monitor-7] [INFO] [1788984140.684650435] [ground_truth_amcl_monitor]: AMCL vs GT: gt=(1.160, 0.898) amcl=(1.127, 1.063) error=0.168 m / 0.002 rad; current_map=(1.135, 1.018, -1.379) error=0.123 m / 0.000 rad; odom=(1.140, 1.052, -1.376) error=0.155 m / 0.002 rad; ekf=(1.140, 1.052, -1.376) error=0.155 m / 0.002 rad; RMS=0.108 m / 0.007 rad max=0.307 m / 0.039 rad samples=106
[component_container-9] [INFO] [1788984140.984231798] [pure_pursuit_node]: Pure Pursuit: pose=(1.192, 0.704, -1.397) cte=0.017 closest=123 target=167 path_dist=0.017 heading_err=-0.021 steer=-0.024 speed=0.967
[gpu_amcl_cpp_node-6] [INFO] [1788984141.489209950] [gpu_amcl_cpp]: AMCL local correction: odom_prediction=(1.254, 0.294, -1.429) scan=(1.253, 0.296, -1.419) correction=0.003 m/0.010 rad cluster_weight=0.999 publish=true
[gpu_amcl_cpp_node-6] [INFO] [1788984141.536599811] [gpu_amcl_cpp]: AMCL odom delta: at_scan=(2.939, 0.482, 0.138) baseline=(2.889, 0.475, 0.142) delta=(0.050, 0.007, -0.004) moved=true scan_age=0.050s
[ground_truth_amcl_monitor-7] [INFO] [1788984141.707859201] [ground_truth_amcl_monitor]: AMCL vs GT: gt=(1.318, -0.074) amcl=(1.276, 0.132) error=0.210 m / 0.004 rad; current_map=(1.282, 0.086, -1.446) error=0.164 m / 0.000 rad; odom=(1.303, 0.058, -1.446) error=0.132 m / 0.000 rad; ekf=(1.303, 0.058, -1.446) error=0.132 m / 0.000 rad; RMS=0.128 m / 0.006 rad max=0.307 m / 0.039 rad samples=146
[component_container-9] [INFO] [1788984142.006223323] [pure_pursuit_node]: Pure Pursuit: pose=(1.322, -0.259, -1.478) cte=0.002 closest=172 target=215 path_dist=0.002 heading_err=-0.012 steer=-0.034 speed=0.989
[gpu_amcl_cpp_node-6] [INFO] [1788984142.457745642] [gpu_amcl_cpp]: Received LiDAR callback #100 (1081 ranges).
[gpu_amcl_cpp_node-6] [INFO] [1788984142.457805374] [gpu_amcl_cpp]: Starting AMCL scan update #100 (sampled from 1081 ranges).
[gpu_amcl_cpp_node-6] [INFO] [1788984142.458447638] [gpu_amcl_cpp]: AMCL scan update #100 completed; evaluating pose confidence.
[gpu_amcl_cpp_node-6] [INFO] [1788984142.509323305] [gpu_amcl_cpp]: AMCL local correction: odom_prediction=(1.367, -0.753, -1.524) scan=(1.373, -0.758, -1.518) correction=0.007 m/0.006 rad cluster_weight=1.000 publish=true
[gpu_amcl_cpp_node-6] [INFO] [1788984142.558238747] [gpu_amcl_cpp]: AMCL odom delta: at_scan=(3.915, 0.572, 0.041) baseline=(3.867, 0.570, 0.047) delta=(0.048, 0.002, -0.006) moved=true scan_age=0.050s
[ground_truth_amcl_monitor-7] [INFO] [1788984142.710947850] [ground_truth_amcl_monitor]: AMCL vs GT: gt=(1.393, -1.052) amcl=(1.380, -0.907) error=0.145 m / 0.005 rad; current_map=(1.381, -0.955, -1.547) error=0.098 m / 0.000 rad; odom=(1.377, -0.905, -1.547) error=0.148 m / 0.000 rad; ekf=(1.377, -0.905, -1.547) error=0.148 m / 0.000 rad; RMS=0.135 m / 0.005 rad max=0.307 m / 0.039 rad samples=186
[component_container-9] [INFO] [1788984143.032507438] [pure_pursuit_node]: Pure Pursuit: pose=(1.391, -1.313, -1.587) cte=-0.026 closest=225 target=268 path_dist=0.026 heading_err=0.013 steer=-0.035 speed=0.955
[gpu_amcl_cpp_node-6] [INFO] [1788984143.559021365] [gpu_amcl_cpp]: AMCL local correction: odom_prediction=(1.383, -1.761, -1.628) scan=(1.380, -1.772, -1.626) correction=0.012 m/0.002 rad cluster_weight=1.000 publish=true
[gpu_amcl_cpp_node-6] [INFO] [1788984143.608189400] [gpu_amcl_cpp]: AMCL odom delta: at_scan=(4.899, 0.559, -0.061) baseline=(4.850, 0.562, -0.058) delta=(0.048, -0.003, -0.004) moved=true scan_age=0.050s
[ground_truth_amcl_monitor-7] [INFO] [1788984143.711331812] [ground_truth_amcl_monitor]: AMCL vs GT: gt=(1.367, -2.005) amcl=(1.373, -1.912) error=0.093 m / 0.000 rad; current_map=(1.372, -1.912, -1.638) error=0.093 m / 0.000 rad; odom=(1.353, -1.836, -1.638) error=0.170 m / 0.000 rad; ekf=(1.353, -1.836, -1.638) error=0.170 m / 0.000 rad; RMS=0.133 m / 0.005 rad max=0.307 m / 0.039 rad samples=225
[component_container-9] [INFO] [1788984144.056462870] [pure_pursuit_node]: Pure Pursuit: pose=(1.345, -2.288, -1.658) cte=-0.014 closest=274 target=317 path_dist=0.014 heading_err=0.023 steer=-0.014 speed=0.973
[gpu_amcl_cpp_node-6] [INFO] [1788984144.608408805] [gpu_amcl_cpp]: AMCL local correction: odom_prediction=(1.300, -2.789, -1.677) scan=(1.301, -2.795, -1.676) correction=0.006 m/0.002 rad cluster_weight=0.999 publish=true
[gpu_amcl_cpp_node-6] [INFO] [1788984144.657954439] [gpu_amcl_cpp]: AMCL odom delta: at_scan=(5.891, 0.472, -0.109) baseline=(5.843, 0.477, -0.107) delta=(0.048, -0.005, -0.002) moved=true scan_age=0.050s
[ground_truth_amcl_monitor-7] [INFO] [1788984144.760229093] [ground_truth_amcl_monitor]: AMCL vs GT: gt=(1.274, -3.021) amcl=(1.289, -2.891) error=0.131 m / 0.002 rad; current_map=(1.284, -2.940, -1.683) error=0.082 m / 0.000 rad; odom=(1.261, -2.831, -1.683) error=0.191 m / 0.000 rad; ekf=(1.261, -2.831, -1.683) error=0.191 m / 0.000 rad; RMS=0.131 m / 0.005 rad max=0.307 m / 0.039 rad samples=266
[component_container-9] [INFO] [1788984145.059409969] [pure_pursuit_node]: Pure Pursuit: pose=(1.244, -3.282, -1.697) cte=-0.006 closest=323 target=367 path_dist=0.006 heading_err=0.007 steer=-0.013 speed=0.987
[gpu_amcl_cpp_node-6] [INFO] [1788984145.634794586] [gpu_amcl_cpp]: AMCL local correction: odom_prediction=(1.175, -3.799, -1.716) scan=(1.179, -3.801, -1.715) correction=0.004 m/0.001 rad cluster_weight=1.000 publish=true
[gpu_amcl_cpp_node-6] [INFO] [1788984145.683637192] [gpu_amcl_cpp]: AMCL odom delta: at_scan=(6.871, 0.346, -0.147) baseline=(6.823, 0.353, -0.145) delta=(0.047, -0.007, -0.002) moved=true scan_age=0.050s
[ground_truth_amcl_monitor-7] [INFO] [1788984145.786186942] [ground_truth_amcl_monitor]: AMCL vs GT: gt=(1.141, -4.018) amcl=(1.161, -3.896) error=0.124 m / 0.002 rad; current_map=(1.154, -3.946, -1.721) error=0.073 m / 0.000 rad; odom=(1.131, -3.812, -1.721) error=0.207 m / 0.000 rad; ekf=(1.131, -3.812, -1.721) error=0.207 m / 0.000 rad; RMS=0.127 m / 0.004 rad max=0.307 m / 0.039 rad samples=306
[component_container-9] [INFO] [1788984146.079947177] [pure_pursuit_node]: Pure Pursuit: pose=(1.101, -4.276, -1.732) cte=-0.002 closest=374 target=417 path_dist=0.002 heading_err=0.004 steer=-0.009 speed=0.994
[gpu_amcl_cpp_node-6] [INFO] [1788984146.683097638] [gpu_amcl_cpp]: AMCL local correction: odom_prediction=(1.007, -4.833, -1.747) scan=(1.006, -4.827, -1.744) correction=0.006 m/0.003 rad cluster_weight=1.000 publish=true
[gpu_amcl_cpp_node-6] [INFO] [1788984146.733468158] [gpu_amcl_cpp]: AMCL odom delta: at_scan=(7.891, 0.178, -0.178) baseline=(7.841, 0.187, -0.177) delta=(0.049, -0.009, -0.002) moved=true scan_age=0.051s
[ground_truth_amcl_monitor-7] [INFO] [1788984146.788016070] [ground_truth_amcl_monitor]: AMCL vs GT: gt=(0.977, -4.999) amcl=(0.988, -4.934) error=0.066 m / 0.000 rad; current_map=(0.988, -4.932, -1.751) error=0.068 m / 0.000 rad; odom=(0.968, -4.783, -1.751) error=0.216 m / 0.000 rad; ekf=(0.968, -4.783, -1.751) error=0.216 m / 0.000 rad; RMS=0.124 m / 0.004 rad max=0.307 m / 0.039 rad samples=347
[component_container-9] [INFO] [1788984147.081998952] [pure_pursuit_node]: Pure Pursuit: pose=(0.923, -5.278, -1.761) cte=-0.001 closest=425 target=468 path_dist=0.001 heading_err=0.000 steer=-0.009 speed=0.996
[gpu_amcl_cpp_node-6] [INFO] [1788984147.507590954] [gpu_amcl_cpp]: Received LiDAR callback #199 (1081 ranges).
[gpu_amcl_cpp_node-6] [INFO] [1788984147.507648432] [gpu_amcl_cpp]: Starting AMCL scan update #199 (sampled from 1081 ranges).
[gpu_amcl_cpp_node-6] [INFO] [1788984147.508263434] [gpu_amcl_cpp]: AMCL scan update #199 completed; evaluating pose confidence.
[gpu_amcl_cpp_node-6] [INFO] [1788984147.709039812] [gpu_amcl_cpp]: AMCL local correction: odom_prediction=(0.810, -5.851, -1.776) scan=(0.808, -5.854, -1.770) correction=0.003 m/0.006 rad cluster_weight=1.000 publish=true
[gpu_amcl_cpp_node-6] [INFO] [1788984147.757195650] [gpu_amcl_cpp]: AMCL odom delta: at_scan=(8.892, -0.018, -0.206) baseline=(8.843, -0.007, -0.205) delta=(0.048, -0.010, -0.001) moved=true scan_age=0.049s
[ground_truth_amcl_monitor-7] [INFO] [1788984147.807038211] [ground_truth_amcl_monitor]: AMCL vs GT: gt=(0.780, -6.003) amcl=(0.799, -5.900) error=0.105 m / 0.001 rad; current_map=(0.789, -5.948, -1.778) error=0.056 m / 0.000 rad; odom=(0.772, -5.782, -1.778) error=0.222 m / 0.000 rad; ekf=(0.772, -5.782, -1.778) error=0.222 m / 0.000 rad; RMS=0.121 m / 0.004 rad max=0.307 m / 0.039 rad samples=386
[component_container-9] [INFO] [1788984148.105396547] [pure_pursuit_node]: Pure Pursuit: pose=(0.717, -6.286, -1.786) cte=-0.002 closest=476 target=519 path_dist=0.002 heading_err=0.000 steer=-0.009 speed=0.994
[gpu_amcl_cpp_node-6] [INFO] [1788984148.733599557] [gpu_amcl_cpp]: AMCL local correction: odom_prediction=(0.591, -6.850, -1.799) scan=(0.589, -6.855, -1.796) correction=0.006 m/0.003 rad cluster_weight=0.999 publish=true
[gpu_amcl_cpp_node-6] [INFO] [1788984148.781231102] [gpu_amcl_cpp]: AMCL odom delta: at_scan=(9.874, -0.235, -0.230) baseline=(9.827, -0.225, -0.228) delta=(0.047, -0.011, -0.001) moved=true scan_age=0.049s
[ground_truth_amcl_monitor-7] [INFO] [1788984148.833034900] [ground_truth_amcl_monitor]: AMCL vs GT: gt=(0.559, -6.995) amcl=(0.580, -6.900) error=0.096 m / 0.001 rad; current_map=(0.569, -6.945, -1.801) error=0.050 m / 0.000 rad; odom=(0.553, -6.762, -1.801) error=0.233 m / 0.000 rad; ekf=(0.553, -6.762, -1.801) error=0.233 m / 0.000 rad; RMS=0.118 m / 0.004 rad max=0.307 m / 0.039 rad samples=426
[component_container-9] [INFO] [1788984149.131562293] [pure_pursuit_node]: Pure Pursuit: pose=(0.488, -7.279, -1.810) cte=-0.001 closest=527 target=570 path_dist=0.001 heading_err=0.004 steer=-0.010 speed=0.981
[gpu_amcl_cpp_node-6] [INFO] [1788984149.759568926] [gpu_amcl_cpp]: AMCL local correction: odom_prediction=(0.349, -7.836, -1.835) scan=(0.348, -7.837, -1.831) correction=0.002 m/0.005 rad cluster_weight=1.000 publish=true
[gpu_amcl_cpp_node-6] [INFO] [1788984149.807305559] [gpu_amcl_cpp]: AMCL odom delta: at_scan=(10.831, -0.474, -0.268) baseline=(10.784, -0.462, -0.265) delta=(0.046, -0.013, -0.003) moved=true scan_age=0.049s
[ground_truth_amcl_monitor-7] [INFO] [1788984149.859244159] [ground_truth_amcl_monitor]: AMCL vs GT: gt=(0.314, -7.965) amcl=(0.335, -7.884) error=0.083 m / 0.003 rad; current_map=(0.323, -7.930, -1.842) error=0.036 m / 0.000 rad; odom=(0.325, -7.673, -1.839) error=0.292 m / 0.003 rad; ekf=(0.325, -7.673, -1.839) error=0.292 m / 0.003 rad; RMS=0.115 m / 0.004 rad max=0.307 m / 0.039 rad samples=466
[component_container-9] [INFO] [1788984150.155194171] [pure_pursuit_node]: Pure Pursuit: pose=(0.228, -8.254, -1.872) cte=0.003 closest=577 target=621 path_dist=0.003 heading_err=0.011 steer=-0.041 speed=0.955
[gpu_amcl_cpp_node-6] [INFO] [1788984150.808097791] [gpu_amcl_cpp]: AMCL odom delta: at_scan=(11.709, -0.762, -0.384) baseline=(11.667, -0.745, -0.376) delta=(0.042, -0.017, -0.008) moved=true scan_age=0.050s
[gpu_amcl_cpp_node-6] [INFO] [1788984150.809593074] [gpu_amcl_cpp]: AMCL local correction: odom_prediction=(0.044, -8.783, -1.955) scan=(0.043, -8.787, -1.950) correction=0.005 m/0.005 rad cluster_weight=1.000 publish=true
[ground_truth_amcl_monitor-7] [INFO] [1788984150.860153460] [ground_truth_amcl_monitor]: AMCL vs GT: gt=(0.014, -8.862) amcl=(0.044, -8.784) error=0.083 m / 0.009 rad; current_map=(0.027, -8.825, -1.964) error=0.038 m / 0.000 rad; odom=(0.037, -8.552, -1.955) error=0.311 m / 0.009 rad; ekf=(0.037, -8.552, -1.955) error=0.311 m / 0.009 rad; RMS=0.112 m / 0.004 rad max=0.307 m / 0.039 rad samples=506
[gpu_amcl_cpp_node-6] [WARN] [1788984150.959852578] [gpu_amcl_cpp]: Queued LiDAR scan until source-time odometry arrives (queued=1).
[component_container-9] [INFO] [1788984151.180696659] [pure_pursuit_node]: Pure Pursuit: pose=(-0.120, -9.113, -2.091) cte=0.022 closest=624 target=667 path_dist=0.022 heading_err=0.063 steer=-0.291 speed=0.879
[gpu_amcl_cpp_node-6] [INFO] [1788984151.833497096] [gpu_amcl_cpp]: AMCL odom delta: at_scan=(12.400, -1.232, -0.855) baseline=(12.374, -1.204, -0.830) delta=(0.025, -0.028, -0.025) moved=true scan_age=0.049s
[gpu_amcl_cpp_node-6] [INFO] [1788984151.834886200] [gpu_amcl_cpp]: AMCL local correction: odom_prediction=(-0.442, -9.501, -2.426) scan=(-0.450, -9.505, -2.419) correction=0.009 m/0.007 rad cluster_weight=1.000 publish=true
[ground_truth_amcl_monitor-7] [INFO] [1788984151.885210274] [ground_truth_amcl_monitor]: AMCL vs GT: gt=(-0.493, -9.564) amcl=(-0.444, -9.502) error=0.079 m / 0.025 rad; current_map=(-0.472, -9.526, -2.451) error=0.043 m / 0.000 rad; odom=(-0.433, -9.242, -2.426) error=0.327 m / 0.025 rad; ekf=(-0.433, -9.242, -2.426) error=0.327 m / 0.025 rad; RMS=0.109 m / 0.006 rad max=0.307 m / 0.040 rad samples=546
[component_container-9] [INFO] [1788984152.185293236] [pure_pursuit_node]: Pure Pursuit: pose=(-0.696, -9.683, -2.620) cte=0.173 closest=666 target=709 path_dist=0.173 heading_err=0.215 steer=-0.235 speed=0.719
[actuator_interface-10] [ERROR] [1788984152.410215202] [autodrive_actuator_interface]: Collision count increased to 1; terminal stop latched, no simulator reset published
[ground_truth_amcl_monitor-7] [INFO] [1788984152.410217366] [ground_truth_amcl_monitor]: Collision epoch changed; discarding localization comparison; waiting for fresh AMCL alignment
[actuator_interface-10] [WARN] [1788984152.421828413] [autodrive_actuator_interface]: Neutral output: external stop
[gpu_amcl_cpp_node-6] [INFO] [1788984152.510383820] [gpu_amcl_cpp]: Received LiDAR callback #298 (1081 ranges).
[gpu_amcl_cpp_node-6] [INFO] [1788984152.510438733] [gpu_amcl_cpp]: Starting AMCL scan update #298 (sampled from 1081 ranges).
[gpu_amcl_cpp_node-6] [INFO] [1788984152.511206582] [gpu_amcl_cpp]: AMCL scan update #298 completed; evaluating pose confidence.
[gpu_amcl_cpp_node-6] [INFO] [1788984152.881386657] [gpu_amcl_cpp]: AMCL odom delta: at_scan=(12.673, -1.683, -1.188) baseline=(12.669, -1.672, -1.188) delta=(0.004, -0.011, -0.000) moved=false scan_age=0.050s
[component_container-9] [INFO] [1788984153.232582642] [pure_pursuit_node]: Pure Pursuit: pose=(-0.875, -9.797, -2.759) cte=0.185 closest=679 target=720 path_dist=0.185 heading_err=0.115 steer=-0.380 speed=0.709
[gpu_amcl_cpp_node-6] [INFO] [1788984153.883189480] [gpu_amcl_cpp]: AMCL odom delta: at_scan=(12.673, -1.683, -1.188) baseline=(12.669, -1.672, -1.188) delta=(0.004, -0.011, -0.000) moved=false scan_age=0.050s
[component_container-9] [INFO] [1788984154.281126693] [pure_pursuit_node]: Pure Pursuit: pose=(-0.875, -9.797, -2.759) cte=0.185 closest=679 target=720 path_dist=0.185 heading_err=0.115 steer=-0.380 speed=0.709
[gpu_amcl_cpp_node-6] [INFO] [1788984154.883225252] [gpu_amcl_cpp]: AMCL odom delta: at_scan=(12.673, -1.683, -1.188) baseline=(12.669, -1.672, -1.188) delta=(0.004, -0.011, -0.000) moved=false scan_age=0.050s
[component_container-9] [INFO] [1788984155.282013892] [pure_pursuit_node]: Pure Pursuit: pose=(-0.875, -9.797, -2.759) cte=0.185 closest=679 target=720 path_dist=0.185 heading_err=0.115 steer=-0.380 speed=0.709
[gpu_amcl_cpp_node-6] [INFO] [1788984155.883641720] [gpu_amcl_cpp]: AMCL odom delta: at_scan=(12.673, -1.683, -1.188) baseline=(12.669, -1.672, -1.188) delta=(0.004, -0.011, -0.000) moved=false scan_age=0.051s
[component_container-9] [INFO] [1788984156.305395775] [pure_pursuit_node]: Pure Pursuit: pose=(-0.875, -9.797, -2.759) cte=0.185 closest=679 target=720 path_dist=0.185 heading_err=0.115 steer=-0.380 speed=0.709
[gpu_amcl_cpp_node-6] [INFO] [1788984156.906671435] [gpu_amcl_cpp]: AMCL odom delta: at_scan=(12.673, -1.683, -1.188) baseline=(12.669, -1.672, -1.188) delta=(0.004, -0.011, -0.000) moved=false scan_age=0.050s
[component_container-9] [INFO] [1788984157.305880154] [pure_pursuit_node]: Pure Pursuit: pose=(-0.875, -9.797, -2.759) cte=0.185 closest=679 target=720 path_dist=0.185 heading_err=0.115 steer=-0.380 speed=0.709
[gpu_amcl_cpp_node-6] [INFO] [1788984157.510425922] [gpu_amcl_cpp]: Received LiDAR callback #396 (1081 ranges).
[gpu_amcl_cpp_node-6] [INFO] [1788984157.956465797] [gpu_amcl_cpp]: AMCL odom delta: at_scan=(12.673, -1.683, -1.188) baseline=(12.669, -1.672, -1.188) delta=(0.004, -0.011, -0.000) moved=false scan_age=0.050s
[component_container-9] [INFO] [1788984158.307011547] [pure_pursuit_node]: Pure Pursuit: pose=(-0.875, -9.797, -2.759) cte=0.185 closest=679 target=720 path_dist=0.185 heading_err=0.115 steer=-0.380 speed=0.709
[gpu_amcl_cpp_node-6] [WARN] [1788984158.756432913] [gpu_amcl_cpp]: Queued LiDAR scan until source-time odometry arrives (queued=1).
[gpu_amcl_cpp_node-6] [INFO] [1788984158.956483565] [gpu_amcl_cpp]: AMCL odom delta: at_scan=(12.673, -1.683, -1.188) baseline=(12.669, -1.672, -1.188) delta=(0.004, -0.011, -0.000) moved=false scan_age=0.049s
[component_container-9] [INFO] [1788984159.307324388] [pure_pursuit_node]: Pure Pursuit: pose=(-0.875, -9.797, -2.759) cte=0.185 closest=679 target=720 path_dist=0.185 heading_err=0.115 steer=-0.380 speed=0.709
[gpu_amcl_cpp_node-6] [INFO] [1788984159.981604666] [gpu_amcl_cpp]: AMCL odom delta: at_scan=(12.673, -1.683, -1.188) baseline=(12.669, -1.672, -1.188) delta=(0.004, -0.011, -0.000) moved=false scan_age=0.049s
[component_container-9] [INFO] [1788984160.332214698] [pure_pursuit_node]: Pure Pursuit: pose=(-0.875, -9.797, -2.759) cte=0.185 closest=679 target=720 path_dist=0.185 heading_err=0.115 steer=-0.380 speed=0.709
[gpu_amcl_cpp_node-6] [INFO] [1788984160.982496146] [gpu_amcl_cpp]: AMCL odom delta: at_scan=(12.673, -1.683, -1.188) baseline=(12.669, -1.672, -1.188) delta=(0.004, -0.011, -0.000) moved=false scan_age=0.049s
[component_container-9] [INFO] [1788984161.332306449] [pure_pursuit_node]: Pure Pursuit: pose=(-0.875, -9.797, -2.759) cte=0.185 closest=679 target=720 path_dist=0.185 heading_err=0.115 steer=-0.380 speed=0.709
[gpu_amcl_cpp_node-6] [INFO] [1788984162.006454391] [gpu_amcl_cpp]: AMCL odom delta: at_scan=(12.673, -1.683, -1.188) baseline=(12.669, -1.672, -1.188) delta=(0.004, -0.011, -0.000) moved=false scan_age=0.049s
[component_container-9] [INFO] [1788984162.357471889] [pure_pursuit_node]: Pure Pursuit: pose=(-0.875, -9.797, -2.759) cte=0.185 closest=679 target=720 path_dist=0.185 heading_err=0.115 steer=-0.380 speed=0.709
[gpu_amcl_cpp_node-6] [INFO] [1788984162.557670900] [gpu_amcl_cpp]: Received LiDAR callback #497 (1081 ranges).
[gpu_amcl_cpp_node-6] [INFO] [1788984163.010165020] [gpu_amcl_cpp]: AMCL odom delta: at_scan=(12.673, -1.683, -1.188) baseline=(12.669, -1.672, -1.188) delta=(0.004, -0.011, -0.000) moved=false scan_age=0.051s
[component_container-9] [INFO] [1788984163.384679419] [pure_pursuit_node]: Pure Pursuit: pose=(-0.875, -9.797, -2.759) cte=0.185 closest=679 target=720 path_dist=0.185 heading_err=0.115 steer=-0.380 speed=0.709
[gpu_amcl_cpp_node-6] [INFO] [1788984164.058950024] [gpu_amcl_cpp]: AMCL odom delta: at_scan=(12.673, -1.683, -1.188) baseline=(12.669, -1.672, -1.188) delta=(0.004, -0.011, -0.000) moved=false scan_age=0.050s
[component_container-9] [INFO] [1788984164.406118698] [pure_pursuit_node]: Pure Pursuit: pose=(-0.875, -9.797, -2.759) cte=0.185 closest=679 target=720 path_dist=0.185 heading_err=0.115 steer=-0.380 speed=0.709
[gpu_amcl_cpp_node-6] [INFO] [1788984165.107032654] [gpu_amcl_cpp]: AMCL odom delta: at_scan=(12.673, -1.683, -1.188) baseline=(12.669, -1.672, -1.188) delta=(0.004, -0.011, -0.000) moved=false scan_age=0.050s
[component_container-9] [INFO] [1788984165.409295391] [pure_pursuit_node]: Pure Pursuit: pose=(-0.875, -9.797, -2.759) cte=0.185 closest=679 target=720 path_dist=0.185 heading_err=0.115 steer=-0.380 speed=0.709
[gpu_amcl_cpp_node-6] [INFO] [1788984166.133965615] [gpu_amcl_cpp]: AMCL odom delta: at_scan=(12.673, -1.683, -1.188) baseline=(12.669, -1.672, -1.188) delta=(0.004, -0.011, -0.000) moved=false scan_age=0.051s
[component_container-9] [INFO] [1788984166.431677481] [pure_pursuit_node]: Pure Pursuit: pose=(-0.875, -9.797, -2.759) cte=0.185 closest=679 target=720 path_dist=0.185 heading_err=0.115 steer=-0.380 speed=0.709
[gpu_amcl_cpp_node-6] [INFO] [1788984167.134424998] [gpu_amcl_cpp]: AMCL odom delta: at_scan=(12.673, -1.683, -1.188) baseline=(12.669, -1.672, -1.188) delta=(0.004, -0.011, -0.000) moved=false scan_age=0.050s
[component_container-9] [INFO] [1788984167.481400301] [pure_pursuit_node]: Pure Pursuit: pose=(-0.875, -9.797, -2.759) cte=0.185 closest=679 target=720 path_dist=0.185 heading_err=0.115 steer=-0.380 speed=0.709
[gpu_amcl_cpp_node-6] [INFO] [1788984167.584749204] [gpu_amcl_cpp]: Received LiDAR callback #595 (1081 ranges).
[gpu_amcl_cpp_node-6] [INFO] [1788984168.157055498] [gpu_amcl_cpp]: AMCL odom delta: at_scan=(12.673, -1.683, -1.188) baseline=(12.669, -1.672, -1.188) delta=(0.004, -0.011, -0.000) moved=false scan_age=0.050s
[component_container-9] [INFO] [1788984168.531611007] [pure_pursuit_node]: Pure Pursuit: pose=(-0.875, -9.797, -2.759) cte=0.185 closest=679 target=720 path_dist=0.185 heading_err=0.115 steer=-0.380 speed=0.709
[gpu_amcl_cpp_node-6] [INFO] [1788984169.183316646] [gpu_amcl_cpp]: AMCL odom delta: at_scan=(12.673, -1.683, -1.188) baseline=(12.669, -1.672, -1.188) delta=(0.004, -0.011, -0.000) moved=false scan_age=0.049s
[component_container-9] [INFO] [1788984169.532361400] [pure_pursuit_node]: Pure Pursuit: pose=(-0.875, -9.797, -2.759) cte=0.185 closest=679 target=720 path_dist=0.185 heading_err=0.115 steer=-0.380 speed=0.709
[gpu_amcl_cpp_node-6] [INFO] [1788984170.210409556] [gpu_amcl_cpp]: AMCL odom delta: at_scan=(12.673, -1.683, -1.188) baseline=(12.669, -1.672, -1.188) delta=(0.004, -0.011, -0.000) moved=false scan_age=0.051s
[component_container-9] [INFO] [1788984170.533812368] [pure_pursuit_node]: Pure Pursuit: pose=(-0.875, -9.797, -2.759) cte=0.185 closest=679 target=720 path_dist=0.185 heading_err=0.115 steer=-0.380 speed=0.709
[gpu_amcl_cpp_node-6] [INFO] [1788984171.233874697] [gpu_amcl_cpp]: AMCL odom delta: at_scan=(12.673, -1.683, -1.188) baseline=(12.669, -1.672, -1.188) delta=(0.004, -0.011, -0.000) moved=false scan_age=0.049s
[component_container-9] [INFO] [1788984171.534442951] [pure_pursuit_node]: Pure Pursuit: pose=(-0.875, -9.797, -2.759) cte=0.185 closest=679 target=720 path_dist=0.185 heading_err=0.115 steer=-0.380 speed=0.709
[gpu_amcl_cpp_node-6] [INFO] [1788984172.261639331] [gpu_amcl_cpp]: AMCL odom delta: at_scan=(12.673, -1.683, -1.188) baseline=(12.669, -1.672, -1.188) delta=(0.004, -0.011, -0.000) moved=false scan_age=0.051s
[component_container-9] [INFO] [1788984172.556828741] [pure_pursuit_node]: Pure Pursuit: pose=(-0.875, -9.797, -2.759) cte=0.185 closest=679 target=720 path_dist=0.185 heading_err=0.115 steer=-0.380 speed=0.709
[gpu_amcl_cpp_node-6] [INFO] [1788984172.609058980] [gpu_amcl_cpp]: Received LiDAR callback #691 (1081 ranges).
[gpu_amcl_cpp_node-6] [INFO] [1788984173.309318732] [gpu_amcl_cpp]: AMCL odom delta: at_scan=(12.673, -1.683, -1.188) baseline=(12.669, -1.672, -1.188) delta=(0.004, -0.011, -0.000) moved=false scan_age=0.051s
[component_container-9] [INFO] [1788984173.582832266] [pure_pursuit_node]: Pure Pursuit: pose=(-0.875, -9.797, -2.759) cte=0.185 closest=679 target=720 path_dist=0.185 heading_err=0.115 steer=-0.380 speed=0.709
[gpu_amcl_cpp_node-6] [INFO] [1788984174.332628939] [gpu_amcl_cpp]: AMCL odom delta: at_scan=(12.673, -1.683, -1.188) baseline=(12.669, -1.672, -1.188) delta=(0.004, -0.011, -0.000) moved=false scan_age=0.052s
[component_container-9] [INFO] [1788984174.608265533] [pure_pursuit_node]: Pure Pursuit: pose=(-0.875, -9.797, -2.759) cte=0.185 closest=679 target=720 path_dist=0.185 heading_err=0.115 steer=-0.380 speed=0.709
[gpu_amcl_cpp_node-6] [INFO] [1788984175.337817173] [gpu_amcl_cpp]: AMCL odom delta: at_scan=(12.673, -1.683, -1.188) baseline=(12.669, -1.672, -1.188) delta=(0.004, -0.011, -0.000) moved=false scan_age=0.050s
[component_container-9] [INFO] [1788984175.632306393] [pure_pursuit_node]: Pure Pursuit: pose=(-0.875, -9.797, -2.759) cte=0.185 closest=679 target=720 path_dist=0.185 heading_err=0.115 steer=-0.380 speed=0.709
[gpu_amcl_cpp_node-6] [INFO] [1788984176.382683067] [gpu_amcl_cpp]: AMCL odom delta: at_scan=(12.673, -1.683, -1.188) baseline=(12.669, -1.672, -1.188) delta=(0.004, -0.011, -0.000) moved=false scan_age=0.049s
[component_container-9] [INFO] [1788984176.659517438] [pure_pursuit_node]: Pure Pursuit: pose=(-0.875, -9.797, -2.759) cte=0.185 closest=679 target=720 path_dist=0.185 heading_err=0.115 steer=-0.380 speed=0.709
[gpu_amcl_cpp_node-6] [INFO] [1788984177.410973467] [gpu_amcl_cpp]: AMCL odom delta: at_scan=(12.673, -1.683, -1.188) baseline=(12.669, -1.672, -1.188) delta=(0.004, -0.011, -0.000) moved=false scan_age=0.051s
[gpu_amcl_cpp_node-6] [INFO] [1788984177.611764835] [gpu_amcl_cpp]: Received LiDAR callback #783 (1081 ranges).
[component_container-9] [INFO] [1788984177.660910793] [pure_pursuit_node]: Pure Pursuit: pose=(-0.875, -9.797, -2.759) cte=0.185 closest=679 target=720 path_dist=0.185 heading_err=0.115 steer=-0.380 speed=0.709
