[INFO] [launch]: All log files can be found below /root/.ros/log/2026-09-10-02-49-44-955178-ExternalDrive-112
[INFO] [launch]: Default logging verbosity is set to INFO
[INFO] [launch.user]: controller=pure_pursuit custom_amcl=True rviz=False
[INFO] [autodrive_bridge_40hz-1]: process started with pid [140]
[INFO] [sensor_odometry_node-2]: process started with pid [142]
[INFO] [ekf_localization_node-3]: process started with pid [144]
[INFO] [map_server-4]: process started with pid [146]
[INFO] [lifecycle_manager-5]: process started with pid [148]
[INFO] [gpu_amcl_cpp_node-6]: process started with pid [150]
[INFO] [ground_truth_amcl_monitor-7]: process started with pid [152]
[INFO] [calibration-8]: process started with pid [154]
[INFO] [component_container-9]: process started with pid [156]
[INFO] [actuator_interface-10]: process started with pid [158]
[lifecycle_manager-5] [INFO] [1789008585.346807782] [lifecycle_manager_map]: Creating
[ekf_localization_node-3] [INFO] [1789008585.350851484] [ekf_localization]: Local odometry trust filter ready: /odom -> /ekf_odom and /ekf_pose in frame odom; reset events=/autodrive/reset_command
[lifecycle_manager-5] [INFO] [1789008585.352997789] [lifecycle_manager_map]: [34m[1mCreating and initializing lifecycle service clients[0m[0m
[sensor_odometry_node-2] [INFO] [1789008585.360563985] [sensor_odometry]: Deterministic odometry observer: exact timestamp packets, encoders + IMU only
[lifecycle_manager-5] [INFO] [1789008585.363325286] [lifecycle_manager_map]: [34m[1mStarting managed nodes bringup...[0m[0m
[lifecycle_manager-5] [INFO] [1789008585.363392152] [lifecycle_manager_map]: [34m[1mConfiguring map_server[0m[0m
[map_server-4] [INFO] [1789008585.364747119] [map_server]: 
[map_server-4] 	map_server lifecycle node launched. 
[map_server-4] 	Waiting on external lifecycle transitions to activate
[map_server-4] 	See https://design.ros2.org/articles/node_lifecycle.html for more information.
[map_server-4] [INFO] [1789008585.364908873] [map_server]: Creating
[map_server-4] [INFO] [1789008585.365315548] [map_server]: Configuring
[map_server-4] [INFO] [1789008585.365368347] [map_io]: Loading yaml file: /workspace/src/f1tenth_planning/maps/autodrive_track_ftg_commit_20260909_025m.yaml
[map_server-4] [INFO] [1789008585.366438589] [map_io]: resolution: 0.025
[map_server-4] [INFO] [1789008585.366451563] [map_io]: origin[0]: -6.82
[map_server-4] [INFO] [1789008585.366457384] [map_io]: origin[1]: -12.3
[map_server-4] [INFO] [1789008585.366461803] [map_io]: origin[2]: 0
[map_server-4] [INFO] [1789008585.366466451] [map_io]: free_thresh: 0.25
[map_server-4] [INFO] [1789008585.366471000] [map_io]: occupied_thresh: 0.65
[map_server-4] [INFO] [1789008585.366475839] [map_io]: mode: trinary
[map_server-4] [INFO] [1789008585.366481169] [map_io]: negate: 0
[map_server-4] [INFO] [1789008585.374848661] [map_io]: Loading image_file: /workspace/src/f1tenth_planning/maps/autodrive_track_ftg_commit_20260909_025m.pgm
[map_server-4] [INFO] [1789008585.471958144] [map_io]: Read map /workspace/src/f1tenth_planning/maps/autodrive_track_ftg_commit_20260909_025m.pgm: 349 X 877 map @ 0.025 m/cell
[lifecycle_manager-5] [INFO] [1789008585.478668730] [lifecycle_manager_map]: [34m[1mActivating map_server[0m[0m
[map_server-4] [INFO] [1789008585.478783786] [map_server]: Activating
[map_server-4] [INFO] [1789008585.479398562] [map_server]: Creating bond (map_server) to lifecycle manager.
[component_container-9] [INFO] [1789008585.566036799] [controller_container]: Load Library: /workspace/install/lib/libpure_pursuit_node.so
[component_container-9] [INFO] [1789008585.578199475] [controller_container]: Found class: rclcpp_components::NodeFactoryTemplate<f1tenth_control::PurePursuitNode>
[component_container-9] [INFO] [1789008585.578623953] [controller_container]: Instantiate class: rclcpp_components::NodeFactoryTemplate<f1tenth_control::PurePursuitNode>
[lifecycle_manager-5] [INFO] [1789008585.585399281] [lifecycle_manager_map]: Server map_server connected with bond.
[lifecycle_manager-5] [INFO] [1789008585.585464434] [lifecycle_manager_map]: [34m[1mManaged nodes are active[0m[0m
[lifecycle_manager-5] [INFO] [1789008585.585484311] [lifecycle_manager_map]: [34m[1mCreating bond timer...[0m[0m
[component_container-9] [INFO] [1789008585.612252447] [pure_pursuit_node]: Initializing Pure Pursuit Node
[gpu_amcl_cpp_node-6] [INFO] [1789008585.620267967] [gpu_amcl_cpp]: [AMCL] Parameters: update_min_d=0.02000, update_min_a=0.03500, max_scan_age=0.2500, odom_history=1.000s, cloud_publish_rate=1.0 Hz, debug_pre_resample=false, slip_threshold=1.00 rad/s, initial_raceline_heading=false, local_correction_gate=0.00m/0.00rad xy_gain=0.500 cross_track_only=true yaw_gain=0.000 association=0.80m recenter_cloud=true
[component_container-9] [INFO] [1789008585.622282535] [pure_pursuit_node]: Loaded trajectory with 2586 waypoints (51.7 m)
[component_container-9] [INFO] [1789008585.630907641] [pure_pursuit_node]: Pure Pursuit Node initialized
[component_container-9] [INFO] [1789008585.630972352] [pure_pursuit_node]:   Trajectory: /workspace/src/f1tenth_planning/trajectories/autodrive_track_ftg_commit_20260909_025m_mintime_raceline.csv (2586 points)
[INFO] [launch_ros.actions.load_composable_nodes]: Loaded node '/pure_pursuit_node' in container '/controller_container'
[component_container-9] [INFO] [1789008585.630985587] [pure_pursuit_node]:   Lookahead: 0.75 - 1.10 m (gain: 0.05)
[component_container-9] [INFO] [1789008585.631004603] [pure_pursuit_node]:   Max speed cap: 1.50 m/s
[component_container-9] [INFO] [1789008585.631014832] [pure_pursuit_node]:   Lookahead adapt: cte_weight=1.00 cte_gain=0.042 curvature_gain=1.900
[component_container-9] [INFO] [1789008585.631035842] [pure_pursuit_node]:   Speed adapt: curvature_factor=0.102 floor_ratio=0.52
[component_container-9] [INFO] [1789008585.631048996] [pure_pursuit_node]:   Speed adapt (CTE): factor=1.500 floor_ratio=0.55
[component_container-9] [INFO] [1789008585.631059266] [pure_pursuit_node]:   Speed limits: max_lat_accel=6.50 min_reg_speed=0.00
[component_container-9] [INFO] [1789008585.631070066] [pure_pursuit_node]:   Yaw-rate damping: 0.000 s
[component_container-9] [INFO] [1789008585.631080415] [pure_pursuit_node]:   Target-heading turn-in gain: 0.000
[component_container-9] [INFO] [1789008585.631091276] [pure_pursuit_node]:   Command shaping: steer_rate=3.20 accel=3.00 decel=8.00
[component_container-9] [INFO] [1789008585.631101786] [pure_pursuit_node]:   Pose: /current_map_pose (map frame)
[component_container-9] [INFO] [1789008585.631110823] [pure_pursuit_node]:   Odom: /odom
[component_container-9] [INFO] [1789008585.631120371] [pure_pursuit_node]:   Control trigger: /odom (one command per odometry update; nominal 40.0 Hz)
[component_container-9] [INFO] [1789008585.631132283] [pure_pursuit_node]:   Steering feedback: /autodrive/roboracer_1/steering (lead gain 0.25)
[component_container-9] [INFO] [1789008585.631142262] [pure_pursuit_node]:   Startup path gate: distance <= 0.80 m, heading <= 0.75 rad
[component_container-9] [INFO] [1789008585.631152070] [pure_pursuit_node]:   Command: /cmd/speed
[gpu_amcl_cpp_node-6] [INFO] [1789008585.634295340] [gpu_amcl_cpp]: Particle cloud publishing scan-synchronized, max 1.0 Hz
[gpu_amcl_cpp_node-6] [INFO] [1789008585.634344061] [gpu_amcl_cpp]: GPU AMCL C++ node created — waiting for map...
[ground_truth_amcl_monitor-7] [WARN] [1789008585.643331608] [ground_truth_amcl_monitor]: No map provenance supplied; AMCL error is relative-to-first-pair only
[gpu_amcl_cpp_node-6] [INFO] [1789008585.645971402] [gpu_amcl_cpp]: Received first map (349x877 @ 0.025 m/cell) — initialising PF
[calibration-8] [INFO] [1789008585.658358109] [allowed_telemetry_recorder]: Calibration mode=sensor_record duration=0.000 s output=/workspace/src/f1tenth_planning/analysis/amcl_tuning_campaign_20260909/acceptance_full_raceline_cross_track_gain050_ramp_20260910_run18/telemetry/sensor_record_20260910_024945.csv
[gpu_amcl_cpp_node-6] [INFO] [1789008585.661683622] [gpu_amcl_cpp]: Loaded 2587 global heading points from /workspace/src/f1tenth_planning/trajectories/autodrive_track_ftg_commit_20260909_025m_mintime_raceline.csv
[ground_truth_amcl_monitor-7] [WARN] [1789008585.662525615] [ground_truth_amcl_monitor]: Ground-truth monitor is diagnostics-only; simulator IPS/odom are not controller inputs
[autodrive_bridge_40hz-1] /usr/local/lib/python3.10/dist-packages/numpy/core/getlimits.py:499: UserWarning: The value of the smallest subnormal for <class 'numpy.float64'> type is zero.
[autodrive_bridge_40hz-1]   setattr(self, word, getattr(machar, word).flat[0])
[autodrive_bridge_40hz-1] /usr/local/lib/python3.10/dist-packages/numpy/core/getlimits.py:89: UserWarning: The value of the smallest subnormal for <class 'numpy.float64'> type is zero.
[autodrive_bridge_40hz-1]   return self._float_to_str(self.smallest_subnormal)
[gpu_amcl_cpp_node-6] [INFO] [1789008585.687383960] [gpu_amcl_cpp]: Global AMCL startup prior centred at saved map start (0.801, 3.158, -1.571) with covariance (0.500, 0.500, 0.200).
[gpu_amcl_cpp_node-6] [INFO] [1789008585.687435437] [gpu_amcl_cpp]: Particle filter initialised with 2500 particles (global)
[gpu_amcl_cpp_node-6] [INFO] [1789008585.687709552] [gpu_amcl_cpp]: Global particle initialization active; waiting for scans before publishing pose
[actuator_interface-10] [INFO] [1789008585.708696840] [autodrive_actuator_interface]: Actuator interface ready; no arming state
[actuator_interface-10] [WARN] [1789008585.710032862] [autodrive_actuator_interface]: Neutral output: no command
[autodrive_bridge_40hz-1] [autodrive_bridge_40hz] camera decode/publication disabled
[autodrive_bridge_40hz-1] [autodrive_bridge_40hz] bounded request pacing enabled at 40 Hz (max one outstanding request)
[autodrive_bridge_40hz-1] Connected!
[gpu_amcl_cpp_node-6] [INFO] [1789008586.288335764] [gpu_amcl_cpp]: Received LiDAR callback #1 (1081 ranges).
[gpu_amcl_cpp_node-6] [WARN] [1789008586.288433328] [gpu_amcl_cpp]: Waiting for AMCL inputs: map=ready odom=missing.
[component_container-9] [WARN] [1789008586.334947698] [pure_pursuit_node]: No pose received on /current_map_pose yet
[gpu_amcl_cpp_node-6] [INFO] [1789008586.335226132] [gpu_amcl_cpp]: Received first odometry sample at (0.00, 0.00, 0.00).
[gpu_amcl_cpp_node-6] [INFO] [1789008586.336270325] [gpu_amcl_cpp]: AMCL odom delta: at_scan=(0.000, 0.000, 0.000) baseline=(0.000, 0.000, 0.000) delta=(0.000, 0.000, 0.000) moved=false scan_age=0.047s
[gpu_amcl_cpp_node-6] [INFO] [1789008586.336312384] [gpu_amcl_cpp]: Starting AMCL scan update #2 (sampled from 1081 ranges).
[gpu_amcl_cpp_node-6] [INFO] [1789008586.344687169] [gpu_amcl_cpp]: AMCL scan update #2 completed; evaluating pose confidence.
[gpu_amcl_cpp_node-6] [INFO] [1789008586.351653256] [gpu_amcl_cpp]: Startup GPU scan refinement done: refined_particles=2232/2500, beams=180, best_mean_dist=0.000 m, time=6.92 ms
[gpu_amcl_cpp_node-6] [INFO] [1789008586.355971945] [gpu_amcl_cpp]: Global AMCL refining: cluster_weight=0.928, covariance xy=0.009 (max 0.250), yaw=0.000 (max 0.120).
[gpu_amcl_cpp_node-6] [INFO] [1789008586.356011480] [gpu_amcl_cpp]: Global AMCL lock evidence: quality=false stable_scans=1/5 travel=0.000/0.750 m (min_weight=0.500).
[gpu_amcl_cpp_node-6] [INFO] [1789008586.538104799] [gpu_amcl_cpp]: Publishing provisional global AMCL pose for localization ramp; travel=0.000/0.750 m stable_scans=5/5.
[ground_truth_amcl_monitor-7] [INFO] [1789008586.539479383] [ground_truth_amcl_monitor]: Relative GT alignment initialized: yaw=0.000, translation=(0.001, -0.000)
[ground_truth_amcl_monitor-7] [INFO] [1789008586.540067148] [ground_truth_amcl_monitor]: AMCL vs GT: gt=(0.801, 3.158) amcl=(0.801, 3.158) error=0.000 m / 0.000 rad; current_map=unavailable; odom=(0.801, 3.158, -1.571) error=0.000 m / 0.000 rad; ekf=(0.801, 3.158, -1.571) error=0.000 m / 0.000 rad; RMS=0.000 m / 0.000 rad max=0.000 m / 0.000 rad samples=1
[component_container-9] [INFO] [1789008586.833767937] [pure_pursuit_node]: Aligned closed trajectory seam to startup pose at original waypoint 1090
[component_container-9] [INFO] [1789008586.833874708] [pure_pursuit_node]: Startup path gate passed: path_distance=0.166 m heading_error=0.302 rad
[component_container-9] [INFO] [1789008586.833903913] [pure_pursuit_node]: Pure Pursuit: pose=(0.801, 3.158, -1.571) cte=-0.166 closest=0 target=38 path_dist=0.166 heading_err=0.302 steer=0.003 speed=0.003
[actuator_interface-10] [INFO] [1789008587.335339680] [autodrive_actuator_interface]: Collision baseline established at cumulative count 0
[gpu_amcl_cpp_node-6] [INFO] [1789008587.385000205] [gpu_amcl_cpp]: AMCL odom delta: at_scan=(0.214, 0.005, 0.047) baseline=(0.159, 0.003, 0.035) delta=(0.055, 0.002, 0.012) moved=true scan_age=0.048s
[ground_truth_amcl_monitor-7] [INFO] [1789008587.585335250] [ground_truth_amcl_monitor]: AMCL vs GT: gt=(0.826, 2.649) amcl=(0.818, 2.758) error=0.110 m / 0.014 rad; current_map=(0.825, 2.694, -1.469) error=0.046 m / 0.000 rad; odom=(0.818, 2.758, -1.482) error=0.110 m / 0.014 rad; ekf=(0.818, 2.758, -1.482) error=0.110 m / 0.014 rad; RMS=0.044 m / 0.005 rad max=0.110 m / 0.014 rad samples=42
[gpu_amcl_cpp_node-6] [INFO] [1789008587.788749985] [gpu_amcl_cpp]: Global AMCL candidate rejected: start-anchor distance 0.759 m > 0.750 m.
[component_container-9] [INFO] [1789008587.834802928] [pure_pursuit_node]: Pure Pursuit: pose=(0.882, 2.293, -1.394) cte=-0.002 closest=42 target=84 path_dist=0.002 heading_err=0.078 steer=0.036 speed=1.484
[gpu_amcl_cpp_node-6] [WARN] [1789008587.884997397] [gpu_amcl_cpp]: Queued LiDAR scan until source-time odometry arrives (queued=1).
[gpu_amcl_cpp_node-6] [INFO] [1789008588.038976539] [gpu_amcl_cpp]: Global AMCL lock accepted at (0.923, 2.077, -1.371); continuing with local tracking.
[gpu_amcl_cpp_node-6] [INFO] [1789008588.089116396] [gpu_amcl_cpp]: AMCL local correction: odom_prediction=(0.938, 2.006, -1.366) scan=(0.930, 1.999, -1.377) correction=0.011 m/0.011 rad cluster_weight=0.914 publish=true
[gpu_amcl_cpp_node-6] [INFO] [1789008588.386163627] [gpu_amcl_cpp]: AMCL odom delta: at_scan=(1.575, 0.229, 0.218) baseline=(1.506, 0.213, 0.217) delta=(0.069, 0.015, 0.001) moved=true scan_age=0.049s
[ground_truth_amcl_monitor-7] [INFO] [1789008588.585842067] [ground_truth_amcl_monitor]: AMCL vs GT: gt=(1.095, 1.244) amcl=(1.063, 1.374) error=0.133 m / 0.003 rad; current_map=(1.078, 1.305, -1.358) error=0.063 m / 0.000 rad; odom=(1.090, 1.307, -1.358) error=0.063 m / 0.000 rad; ekf=(1.090, 1.307, -1.358) error=0.063 m / 0.000 rad; RMS=0.113 m / 0.012 rad max=0.482 m / 0.056 rad samples=77
[component_container-9] [INFO] [1789008588.883942248] [pure_pursuit_node]: Pure Pursuit: pose=(1.172, 0.820, -1.385) cte=0.018 closest=117 target=160 path_dist=0.018 heading_err=-0.024 steer=-0.024 speed=1.448
[gpu_amcl_cpp_node-6] [WARN] [1789008588.989288707] [gpu_amcl_cpp]: No local AMCL cluster near odometry prediction; using causal odometry pose.
[gpu_amcl_cpp_node-6] [INFO] [1789008589.089257616] [gpu_amcl_cpp]: AMCL local correction: odom_prediction=(1.205, 0.603, -1.402) scan=(1.197, 0.657, -1.399) correction=0.055 m/0.002 rad cluster_weight=0.972 publish=true
[gpu_amcl_cpp_node-6] [INFO] [1789008589.434648066] [gpu_amcl_cpp]: AMCL odom delta: at_scan=(3.047, 0.501, 0.130) baseline=(2.976, 0.492, 0.136) delta=(0.070, 0.009, -0.006) moved=true scan_age=0.048s
[ground_truth_amcl_monitor-7] [INFO] [1789008589.590512443] [ground_truth_amcl_monitor]: AMCL vs GT: gt=(1.335, -0.181) amcl=(1.293, -0.109) error=0.083 m / 0.000 rad; current_map=(1.293, -0.109, -1.458) error=0.083 m / 0.000 rad; odom=(1.328, -0.103, -1.458) error=0.078 m / 0.000 rad; ekf=(1.328, -0.103, -1.458) error=0.078 m / 0.000 rad; RMS=0.113 m / 0.010 rad max=0.482 m / 0.056 rad samples=118
[component_container-9] [INFO] [1789008589.933731029] [pure_pursuit_node]: Pure Pursuit: pose=(1.348, -0.676, -1.506) cte=0.002 closest=193 target=235 path_dist=0.002 heading_err=-0.018 steer=-0.040 speed=1.482
[gpu_amcl_cpp_node-6] [INFO] [1789008590.089410649] [gpu_amcl_cpp]: AMCL local correction: odom_prediction=(1.368, -0.825, -1.523) scan=(1.381, -0.849, -1.514) correction=0.027 m/0.009 rad cluster_weight=0.966 publish=true
[gpu_amcl_cpp_node-6] [INFO] [1789008590.434975296] [gpu_amcl_cpp]: AMCL odom delta: at_scan=(4.485, 0.595, -0.018) baseline=(4.413, 0.595, -0.007) delta=(0.071, -0.001, -0.010) moved=true scan_age=0.048s
[ground_truth_amcl_monitor-7] [INFO] [1789008590.635004236] [ground_truth_amcl_monitor]: AMCL vs GT: gt=(1.393, -1.700) amcl=(1.403, -1.543) error=0.158 m / 0.008 rad; current_map=(1.400, -1.613, -1.622) error=0.087 m / 0.000 rad; odom=(1.388, -1.538, -1.615) error=0.162 m / 0.008 rad; ekf=(1.388, -1.538, -1.615) error=0.162 m / 0.008 rad; RMS=0.116 m / 0.009 rad max=0.482 m / 0.056 rad samples=159
[component_container-9] [INFO] [1789008590.934397147] [pure_pursuit_node]: Pure Pursuit: pose=(1.366, -2.095, -1.657) cte=-0.024 closest=264 target=306 path_dist=0.024 heading_err=0.034 steer=-0.015 speed=1.440
[gpu_amcl_cpp_node-6] [INFO] [1789008591.113249863] [gpu_amcl_cpp]: AMCL local correction: odom_prediction=(1.348, -2.275, -1.666) scan=(1.344, -2.305, -1.662) correction=0.031 m/0.004 rad cluster_weight=0.949 publish=true
[gpu_amcl_cpp_node-6] [INFO] [1789008591.310392957] [gpu_amcl_cpp]: Received LiDAR callback #102 (1081 ranges).
[gpu_amcl_cpp_node-6] [WARN] [1789008591.360058633] [gpu_amcl_cpp]: Queued LiDAR scan until source-time odometry arrives (queued=1).
[gpu_amcl_cpp_node-6] [INFO] [1789008591.361049906] [gpu_amcl_cpp]: Starting AMCL scan update #104 (sampled from 1081 ranges).
[gpu_amcl_cpp_node-6] [INFO] [1789008591.362160434] [gpu_amcl_cpp]: AMCL scan update #104 completed; evaluating pose confidence.
[gpu_amcl_cpp_node-6] [INFO] [1789008591.460777852] [gpu_amcl_cpp]: AMCL odom delta: at_scan=(5.930, 0.482, -0.108) baseline=(5.859, 0.490, -0.106) delta=(0.071, -0.008, -0.002) moved=true scan_age=0.049s
[ground_truth_amcl_monitor-7] [INFO] [1789008591.660513350] [ground_truth_amcl_monitor]: AMCL vs GT: gt=(1.255, -3.169) amcl=(1.281, -2.995) error=0.176 m / 0.002 rad; current_map=(1.272, -3.066, -1.690) error=0.104 m / 0.000 rad; odom=(1.258, -2.990, -1.688) error=0.179 m / 0.002 rad; ekf=(1.258, -2.990, -1.688) error=0.179 m / 0.002 rad; RMS=0.121 m / 0.008 rad max=0.482 m / 0.056 rad samples=199
[component_container-9] [INFO] [1789008591.960111236] [pure_pursuit_node]: Pure Pursuit: pose=(1.206, -3.572, -1.709) cte=-0.004 closest=338 target=380 path_dist=0.004 heading_err=0.007 steer=-0.012 speed=1.485
[gpu_amcl_cpp_node-6] [INFO] [1789008592.115030396] [gpu_amcl_cpp]: AMCL local correction: odom_prediction=(1.186, -3.720, -1.713) scan=(1.179, -3.745, -1.709) correction=0.026 m/0.004 rad cluster_weight=0.953 publish=true
[gpu_amcl_cpp_node-6] [INFO] [1789008592.463796653] [gpu_amcl_cpp]: AMCL odom delta: at_scan=(7.380, 0.285, -0.158) baseline=(7.274, 0.302, -0.156) delta=(0.106, -0.017, -0.002) moved=true scan_age=0.052s
[ground_truth_amcl_monitor-7] [INFO] [1789008592.690193887] [ground_truth_amcl_monitor]: AMCL vs GT: gt=(1.034, -4.677) amcl=(1.067, -4.483) error=0.197 m / 0.003 rad; current_map=(1.055, -4.559, -1.740) error=0.120 m / 0.000 rad; odom=(1.044, -4.478, -1.737) error=0.200 m / 0.003 rad; ekf=(1.044, -4.478, -1.737) error=0.200 m / 0.003 rad; RMS=0.128 m / 0.007 rad max=0.482 m / 0.056 rad samples=237
[component_container-9] [INFO] [1789008592.987778769] [pure_pursuit_node]: Pure Pursuit: pose=(0.964, -5.064, -1.756) cte=-0.001 closest=414 target=456 path_dist=0.001 heading_err=0.002 steer=-0.007 speed=1.494
[gpu_amcl_cpp_node-6] [INFO] [1789008593.165447610] [gpu_amcl_cpp]: AMCL local correction: odom_prediction=(0.929, -5.248, -1.762) scan=(0.924, -5.275, -1.757) correction=0.028 m/0.005 rad cluster_weight=0.937 publish=true
[gpu_amcl_cpp_node-6] [INFO] [1789008593.485900335] [gpu_amcl_cpp]: AMCL odom delta: at_scan=(8.872, 0.011, -0.202) baseline=(8.768, 0.032, -0.199) delta=(0.105, -0.021, -0.003) moved=true scan_age=0.049s
[ground_truth_amcl_monitor-7] [INFO] [1789008593.691608082] [ground_truth_amcl_monitor]: AMCL vs GT: gt=(0.752, -6.144) amcl=(0.776, -6.009) error=0.137 m / 0.000 rad; current_map=(0.778, -6.009, -1.779) error=0.137 m / 0.000 rad; odom=(0.752, -6.003, -1.779) error=0.140 m / 0.000 rad; ekf=(0.752, -6.003, -1.779) error=0.140 m / 0.000 rad; RMS=0.135 m / 0.007 rad max=0.482 m / 0.056 rad samples=274
[component_container-9] [INFO] [1789008594.039782987] [pure_pursuit_node]: Pure Pursuit: pose=(0.647, -6.589, -1.792) cte=0.001 closest=492 target=534 path_dist=0.001 heading_err=-0.001 steer=-0.007 speed=1.480
[gpu_amcl_cpp_node-6] [INFO] [1789008594.194719970] [gpu_amcl_cpp]: AMCL local correction: odom_prediction=(0.615, -6.729, -1.796) scan=(0.602, -6.787, -1.788) correction=0.059 m/0.008 rad cluster_weight=0.968 publish=true
[gpu_amcl_cpp_node-6] [INFO] [1789008594.511702090] [gpu_amcl_cpp]: AMCL odom delta: at_scan=(10.340, -0.315, -0.234) baseline=(10.268, -0.298, -0.232) delta=(0.072, -0.017, -0.002) moved=true scan_age=0.050s
[ground_truth_amcl_monitor-7] [INFO] [1789008594.712653644] [ground_truth_amcl_monitor]: AMCL vs GT: gt=(0.412, -7.619) amcl=(0.465, -7.399) error=0.226 m / 0.004 rad; current_map=(0.447, -7.468, -1.821) error=0.155 m / 0.000 rad; odom=(0.416, -7.461, -1.821) error=0.158 m / 0.000 rad; ekf=(0.416, -7.461, -1.821) error=0.158 m / 0.000 rad; RMS=0.143 m / 0.007 rad max=0.482 m / 0.056 rad samples=313
[component_container-9] [INFO] [1789008595.060135186] [pure_pursuit_node]: Pure Pursuit: pose=(0.302, -8.023, -1.854) cte=-0.004 closest=565 target=607 path_dist=0.004 heading_err=0.009 steer=-0.031 speed=1.451
[gpu_amcl_cpp_node-6] [INFO] [1789008595.215551030] [gpu_amcl_cpp]: AMCL local correction: odom_prediction=(0.263, -8.164, -1.867) scan=(0.245, -8.238, -1.856) correction=0.076 m/0.011 rad cluster_weight=0.985 publish=true
[gpu_amcl_cpp_node-6] [WARN] [1789008595.312939317] [gpu_amcl_cpp]: Queued LiDAR scan until source-time odometry arrives (queued=1).
[gpu_amcl_cpp_node-6] [INFO] [1789008595.545261541] [gpu_amcl_cpp]: AMCL odom delta: at_scan=(11.752, -0.722, -0.356) baseline=(11.684, -0.698, -0.345) delta=(0.068, -0.025, -0.011) moved=true scan_age=0.056s
[ground_truth_amcl_monitor-7] [INFO] [1789008595.713695950] [ground_truth_amcl_monitor]: AMCL vs GT: gt=(-0.018, -8.988) amcl=(0.065, -8.764) error=0.239 m / 0.014 rad; current_map=(0.039, -8.828, -1.967) error=0.171 m / 0.000 rad; odom=(-0.009, -8.815, -1.967) error=0.173 m / 0.000 rad; ekf=(-0.009, -8.815, -1.967) error=0.173 m / 0.000 rad; RMS=0.151 m / 0.007 rad max=0.482 m / 0.056 rad samples=351
[component_container-9] [INFO] [1789008596.060189514] [pure_pursuit_node]: Pure Pursuit: pose=(-0.185, -9.312, -2.118) cte=-0.013 closest=634 target=676 path_dist=0.013 heading_err=0.036 steer=-0.144 speed=1.336
[gpu_amcl_cpp_node-6] [INFO] [1789008596.265170534] [gpu_amcl_cpp]: AMCL local correction: odom_prediction=(-0.287, -9.484, -2.205) scan=(-0.337, -9.565, -2.178) correction=0.095 m/0.027 rad cluster_weight=0.997 publish=true
[gpu_amcl_cpp_node-6] [INFO] [1789008596.311623950] [gpu_amcl_cpp]: Received LiDAR callback #199 (1081 ranges).
[gpu_amcl_cpp_node-6] [INFO] [1789008596.361739281] [gpu_amcl_cpp]: Starting AMCL scan update #200 (sampled from 1081 ranges).
[gpu_amcl_cpp_node-6] [INFO] [1789008596.362885245] [gpu_amcl_cpp]: AMCL scan update #200 completed; evaluating pose confidence.
[gpu_amcl_cpp_node-6] [INFO] [1789008596.561013642] [gpu_amcl_cpp]: AMCL odom delta: at_scan=(12.910, -1.430, -0.869) baseline=(12.865, -1.379, -0.823) delta=(0.044, -0.050, -0.046) moved=true scan_age=0.049s
[ground_truth_amcl_monitor-7] [INFO] [1789008596.716839857] [ground_truth_amcl_monitor]: AMCL vs GT: gt=(-0.799, -10.044) amcl=(-0.671, -9.935) error=0.169 m / 0.000 rad; current_map=(-0.676, -9.927, -2.580) error=0.170 m / 0.000 rad; odom=(-0.787, -9.867, -2.580) error=0.177 m / 0.000 rad; ekf=(-0.787, -9.867, -2.580) error=0.177 m / 0.000 rad; RMS=0.157 m / 0.010 rad max=0.482 m / 0.056 rad samples=392
[component_container-9] [INFO] [1789008597.065610923] [pure_pursuit_node]: Pure Pursuit: pose=(-1.131, -10.151, -2.991) cte=-0.069 closest=698 target=739 path_dist=0.069 heading_err=0.040 steer=-0.272 speed=1.231
[gpu_amcl_cpp_node-6] [INFO] [1789008597.290071486] [gpu_amcl_cpp]: AMCL local correction: odom_prediction=(-1.337, -10.190, 3.121) scan=(-1.441, -10.215, -3.134) correction=0.107 m/0.029 rad cluster_weight=0.999 publish=true
[gpu_amcl_cpp_node-6] [INFO] [1789008597.585854631] [gpu_amcl_cpp]: AMCL odom delta: at_scan=(13.160, -2.627, -1.881) baseline=(13.176, -2.570, -1.834) delta=(-0.017, -0.057, -0.047) moved=true scan_age=0.049s
[ground_truth_amcl_monitor-7] [INFO] [1789008597.738159045] [ground_truth_amcl_monitor]: AMCL vs GT: gt=(-2.002, -10.107) amcl=(-1.809, -10.148) error=0.197 m / 0.047 rad; current_map=(-1.865, -10.122, 2.690) error=0.138 m / 0.000 rad; odom=(-1.994, -9.934, 2.690) error=0.173 m / 0.000 rad; ekf=(-1.994, -9.934, 2.690) error=0.173 m / 0.000 rad; RMS=0.160 m / 0.014 rad max=0.482 m / 0.074 rad samples=431
[component_container-9] [INFO] [1789008598.110545440] [pure_pursuit_node]: Pure Pursuit: pose=(-2.285, -9.872, 2.336) cte=-0.111 closest=755 target=796 path_dist=0.111 heading_err=0.074 steer=-0.194 speed=1.196
[gpu_amcl_cpp_node-6] [INFO] [1789008598.339956620] [gpu_amcl_cpp]: AMCL local correction: odom_prediction=(-2.438, -9.734, 2.214) scan=(-2.496, -9.685, 2.236) correction=0.076 m/0.022 rad cluster_weight=0.981 publish=true
[gpu_amcl_cpp_node-6] [WARN] [1789008598.536613951] [gpu_amcl_cpp]: Queued LiDAR scan until source-time odometry arrives (queued=1).
[gpu_amcl_cpp_node-6] [INFO] [1789008598.586887349] [gpu_amcl_cpp]: AMCL odom delta: at_scan=(12.396, -3.486, -2.638) baseline=(12.446, -3.457, -2.614) delta=(-0.051, -0.029, -0.024) moved=true scan_age=0.050s
[ground_truth_amcl_monitor-7] [INFO] [1789008598.741967281] [ground_truth_amcl_monitor]: AMCL vs GT: gt=(-2.776, -9.242) amcl=(-2.697, -9.346) error=0.130 m / 0.000 rad; current_map=(-2.696, -9.345, 2.006) error=0.131 m / 0.000 rad; odom=(-2.766, -9.077, 2.006) error=0.165 m / 0.000 rad; ekf=(-2.766, -9.077, 2.006) error=0.165 m / 0.000 rad; RMS=0.161 m / 0.016 rad max=0.482 m / 0.074 rad samples=470
[component_container-9] [INFO] [1789008599.139759120] [pure_pursuit_node]: Pure Pursuit: pose=(-2.905, -8.823, 1.863) cte=-0.064 closest=815 target=856 path_dist=0.064 heading_err=0.096 steer=-0.065 speed=1.320
[gpu_amcl_cpp_node-6] [INFO] [1789008599.364650824] [gpu_amcl_cpp]: AMCL local correction: odom_prediction=(-2.972, -8.607, 1.819) scan=(-3.001, -8.536, 1.839) correction=0.077 m/0.020 rad cluster_weight=0.973 publish=true
[gpu_amcl_cpp_node-6] [INFO] [1789008599.611661553] [gpu_amcl_cpp]: AMCL odom delta: at_scan=(11.164, -3.897, -2.951) baseline=(11.229, -3.884, -2.939) delta=(-0.065, -0.013, -0.013) moved=true scan_age=0.049s
[ground_truth_amcl_monitor-7] [INFO] [1789008599.762076665] [ground_truth_amcl_monitor]: AMCL vs GT: gt=(-3.144, -7.955) amcl=(-3.085, -8.155) error=0.208 m / 0.012 rad; current_map=(-3.096, -8.088, 1.725) error=0.142 m / 0.000 rad; odom=(-3.120, -7.874, 1.737) error=0.085 m / 0.012 rad; ekf=(-3.120, -7.874, 1.737) error=0.085 m / 0.012 rad; RMS=0.162 m / 0.015 rad max=0.482 m / 0.074 rad samples=509
[component_container-9] [INFO] [1789008600.160206810] [pure_pursuit_node]: Pure Pursuit: pose=(-3.175, -7.477, 1.615) cte=-0.031 closest=883 target=925 path_dist=0.031 heading_err=0.030 steer=-0.058 speed=1.406
[gpu_amcl_cpp_node-6] [INFO] [1789008600.414416063] [gpu_amcl_cpp]: AMCL local correction: odom_prediction=(-3.192, -7.199, 1.568) scan=(-3.201, -7.105, 1.582) correction=0.095 m/0.014 rad cluster_weight=0.997 publish=true
[gpu_amcl_cpp_node-6] [INFO] [1789008600.660816886] [gpu_amcl_cpp]: AMCL odom delta: at_scan=(9.727, -3.988, 3.086) baseline=(9.796, -3.992, 3.097) delta=(-0.069, 0.003, -0.011) moved=true scan_age=0.049s
[ground_truth_amcl_monitor-7] [INFO] [1789008600.763024013] [ground_truth_amcl_monitor]: AMCL vs GT: gt=(-3.191, -6.564) amcl=(-3.199, -6.784) error=0.221 m / 0.010 rad; current_map=(-3.194, -6.715, 1.495) error=0.152 m / 0.000 rad; odom=(-3.178, -6.431, 1.495) error=0.133 m / 0.000 rad; ekf=(-3.178, -6.431, 1.495) error=0.133 m / 0.000 rad; RMS=0.163 m / 0.015 rad max=0.482 m / 0.074 rad samples=549
[component_container-9] [INFO] [1789008601.209811709] [pure_pursuit_node]: Pure Pursuit: pose=(-3.123, -6.035, 1.396) cte=-0.030 closest=955 target=997 path_dist=0.030 heading_err=0.044 steer=-0.042 speed=1.399
[gpu_amcl_cpp_node-6] [INFO] [1789008601.361057122] [gpu_amcl_cpp]: Received LiDAR callback #299 (1081 ranges).
[gpu_amcl_cpp_node-6] [INFO] [1789008601.413430688] [gpu_amcl_cpp]: Starting AMCL scan update #300 (sampled from 1081 ranges).
[gpu_amcl_cpp_node-6] [INFO] [1789008601.414317435] [gpu_amcl_cpp]: AMCL scan update #300 completed; evaluating pose confidence.
[gpu_amcl_cpp_node-6] [INFO] [1789008601.416265588] [gpu_amcl_cpp]: AMCL local correction: odom_prediction=(-3.101, -5.828, 1.367) scan=(-3.095, -5.748, 1.362) correction=0.080 m/0.005 rad cluster_weight=0.962 publish=true
[gpu_amcl_cpp_node-6] [INFO] [1789008601.662310882] [gpu_amcl_cpp]: AMCL odom delta: at_scan=(8.368, -3.776, 2.892) baseline=(8.435, -3.793, 2.901) delta=(-0.066, 0.017, -0.009) moved=true scan_age=0.049s
[ground_truth_amcl_monitor-7] [INFO] [1789008601.767520073] [ground_truth_amcl_monitor]: AMCL vs GT: gt=(-2.950, -5.196) amcl=(-3.021, -5.354) error=0.173 m / 0.000 rad; current_map=(-3.014, -5.355, 1.302) error=0.172 m / 0.000 rad; odom=(-2.941, -5.079, 1.302) error=0.117 m / 0.000 rad; ekf=(-2.941, -5.079, 1.302) error=0.117 m / 0.000 rad; RMS=0.166 m / 0.014 rad max=0.482 m / 0.074 rad samples=590
[component_container-9] [INFO] [1789008602.260242840] [pure_pursuit_node]: Pure Pursuit: pose=(-2.808, -4.638, 1.240) cte=-0.038 closest=1026 target=1068 path_dist=0.038 heading_err=0.039 steer=0.004 speed=1.415
[gpu_amcl_cpp_node-6] [WARN] [1789008602.364874856] [gpu_amcl_cpp]: No local AMCL cluster near odometry prediction; using causal odometry pose.
[gpu_amcl_cpp_node-6] [INFO] [1789008602.464503386] [gpu_amcl_cpp]: AMCL local correction: odom_prediction=(-2.737, -4.439, 1.244) scan=(-2.719, -4.389, 1.221) correction=0.053 m/0.023 rad cluster_weight=0.954 publish=true
[gpu_amcl_cpp_node-6] [INFO] [1789008602.712398448] [gpu_amcl_cpp]: AMCL odom delta: at_scan=(6.988, -3.336, 2.831) baseline=(7.056, -3.358, 2.825) delta=(-0.068, 0.022, 0.005) moved=true scan_age=0.050s
[ground_truth_amcl_monitor-7] [INFO] [1789008602.767804024] [ground_truth_amcl_monitor]: AMCL vs GT: gt=(-2.518, -3.863) amcl=(-2.601, -4.034) error=0.189 m / 0.000 rad; current_map=(-2.601, -4.034, 1.265) error=0.189 m / 0.000 rad; odom=(-2.514, -3.761, 1.265) error=0.103 m / 0.000 rad; ekf=(-2.514, -3.761, 1.265) error=0.103 m / 0.000 rad; RMS=0.170 m / 0.014 rad max=0.482 m / 0.074 rad samples=630
[component_container-9] [INFO] [1789008603.310110763] [pure_pursuit_node]: Pure Pursuit: pose=(-2.330, -3.201, 1.309) cte=0.029 closest=1102 target=1144 path_dist=0.029 heading_err=-0.007 steer=0.026 speed=1.435
[gpu_amcl_cpp_node-6] [INFO] [1789008603.464538579] [gpu_amcl_cpp]: AMCL local correction: odom_prediction=(-2.292, -3.059, 1.321) scan=(-2.275, -3.003, 1.297) correction=0.059 m/0.024 rad cluster_weight=0.946 publish=true
[gpu_amcl_cpp_node-6] [INFO] [1789008603.761646064] [gpu_amcl_cpp]: AMCL odom delta: at_scan=(5.523, -2.928, 2.902) baseline=(5.592, -2.945, 2.901) delta=(-0.069, 0.017, 0.002) moved=true scan_age=0.050s
[ground_truth_amcl_monitor-7] [INFO] [1789008603.812901759] [ground_truth_amcl_monitor]: AMCL vs GT: gt=(-2.110, -2.380) amcl=(-2.184, -2.646) error=0.277 m / 0.001 rad; current_map=(-2.167, -2.577, 1.332) error=0.205 m / 0.000 rad; odom=(-2.110, -2.295, 1.332) error=0.084 m / 0.000 rad; ekf=(-2.127, -2.364, 1.331) error=0.023 m / 0.001 rad; RMS=0.175 m / 0.014 rad max=0.482 m / 0.074 rad samples=671
[component_container-9] [INFO] [1789008604.310759410] [pure_pursuit_node]: Pure Pursuit: pose=(-1.977, -1.811, 1.335) cte=0.010 closest=1174 target=1216 path_dist=0.010 heading_err=-0.019 steer=0.001 speed=1.472
[gpu_amcl_cpp_node-6] [INFO] [1789008604.514878029] [gpu_amcl_cpp]: AMCL local correction: odom_prediction=(-1.920, -1.597, 1.336) scan=(-1.895, -1.516, 1.314) correction=0.085 m/0.022 rad cluster_weight=0.958 publish=true
[gpu_amcl_cpp_node-6] [INFO] [1789008604.810776932] [gpu_amcl_cpp]: AMCL odom delta: at_scan=(4.047, -2.574, 2.913) baseline=(4.117, -2.590, 2.912) delta=(-0.070, 0.016, 0.002) moved=true scan_age=0.049s
[ground_truth_amcl_monitor-7] [INFO] [1789008604.815266523] [ground_truth_amcl_monitor]: AMCL vs GT: gt=(-1.769, -0.957) amcl=(-1.816, -1.174) error=0.222 m / 0.000 rad; current_map=(-1.816, -1.174, 1.343) error=0.222 m / 0.000 rad; odom=(-1.773, -0.889, 1.343) error=0.068 m / 0.000 rad; ekf=(-1.773, -0.889, 1.343) error=0.068 m / 0.000 rad; RMS=0.180 m / 0.013 rad max=0.482 m / 0.074 rad samples=712
[component_container-9] [INFO] [1789008605.360595083] [pure_pursuit_node]: Pure Pursuit: pose=(-1.607, -0.328, 1.371) cte=0.020 closest=1250 target=1292 path_dist=0.020 heading_err=-0.017 steer=0.018 speed=1.447
[gpu_amcl_cpp_node-6] [INFO] [1789008605.564237747] [gpu_amcl_cpp]: AMCL local correction: odom_prediction=(-1.544, -0.122, 1.384) scan=(-1.534, -0.116, 1.359) correction=0.011 m/0.025 rad cluster_weight=0.965 publish=true
[gpu_amcl_cpp_node-6] [INFO] [1789008605.811249819] [gpu_amcl_cpp]: AMCL odom delta: at_scan=(2.637, -2.284, 2.981) baseline=(2.707, -2.295, 2.975) delta=(-0.070, 0.012, 0.006) moved=true scan_age=0.049s
[ground_truth_amcl_monitor-7] [INFO] [1789008605.816870626] [ground_truth_amcl_monitor]: AMCL vs GT: gt=(-1.476, 0.469) amcl=(-1.475, 0.225) error=0.243 m / 0.000 rad; current_map=(-1.475, 0.225, 1.410) error=0.244 m / 0.000 rad; odom=(-1.483, 0.522, 1.410) error=0.053 m / 0.000 rad; ekf=(-1.483, 0.522, 1.410) error=0.053 m / 0.000 rad; RMS=0.186 m / 0.013 rad max=0.482 m / 0.074 rad samples=752
[gpu_amcl_cpp_node-6] [WARN] [1789008605.863960449] [gpu_amcl_cpp]: No local AMCL cluster near odometry prediction; using causal odometry pose.
[component_container-9] [INFO] [1789008606.410123027] [pure_pursuit_node]: Pure Pursuit: pose=(-1.345, 1.120, 1.447) cte=0.010 closest=1323 target=1365 path_dist=0.010 heading_err=-0.025 steer=0.023 speed=1.432
[gpu_amcl_cpp_node-6] [INFO] [1789008606.411439773] [gpu_amcl_cpp]: Received LiDAR callback #400 (1081 ranges).
[gpu_amcl_cpp_node-6] [INFO] [1789008606.461285837] [gpu_amcl_cpp]: Starting AMCL scan update #401 (sampled from 1081 ranges).
[gpu_amcl_cpp_node-6] [INFO] [1789008606.462471556] [gpu_amcl_cpp]: AMCL scan update #401 completed; evaluating pose confidence.
[gpu_amcl_cpp_node-6] [INFO] [1789008606.564948762] [gpu_amcl_cpp]: AMCL local correction: odom_prediction=(-1.326, 1.263, 1.458) scan=(-1.318, 1.345, 1.434) correction=0.083 m/0.024 rad cluster_weight=0.929 publish=true
[gpu_amcl_cpp_node-6] [INFO] [1789008606.862275860] [gpu_amcl_cpp]: AMCL odom delta: at_scan=(1.177, -2.100, 3.070) baseline=(1.249, -2.106, 3.061) delta=(-0.071, 0.005, 0.008) moved=true scan_age=0.050s
[ground_truth_amcl_monitor-7] [INFO] [1789008606.862684147] [ground_truth_amcl_monitor]: AMCL vs GT: gt=(-1.290, 1.946) amcl=(-1.290, 1.612) error=0.334 m / 0.008 rad; current_map=(-1.285, 1.684, 1.499) error=0.262 m / 0.000 rad; odom=(-1.305, 1.910, 1.491) error=0.039 m / 0.008 rad; ekf=(-1.305, 1.910, 1.491) error=0.039 m / 0.008 rad; RMS=0.193 m / 0.013 rad max=0.482 m / 0.074 rad samples=793
[component_container-9] [INFO] [1789008607.460055021] [pure_pursuit_node]: Pure Pursuit: pose=(-1.280, 2.583, 1.717) cte=0.008 closest=1397 target=1439 path_dist=0.008 heading_err=-0.014 steer=0.129 speed=1.276
[gpu_amcl_cpp_node-6] [INFO] [1789008607.614561486] [gpu_amcl_cpp]: AMCL local correction: odom_prediction=(-1.285, 2.712, 1.767) scan=(-1.306, 2.864, 1.745) correction=0.154 m/0.023 rad cluster_weight=0.970 publish=true
[ground_truth_amcl_monitor-7] [INFO] [1789008607.866714693] [ground_truth_amcl_monitor]: AMCL vs GT: gt=(-1.412, 3.282) amcl=(-1.338, 3.019) error=0.273 m / 0.000 rad; current_map=(-1.342, 3.018, 1.903) error=0.274 m / 0.000 rad; odom=(-1.419, 3.307, 1.903) error=0.026 m / 0.000 rad; ekf=(-1.419, 3.307, 1.903) error=0.026 m / 0.000 rad; RMS=0.200 m / 0.013 rad max=0.482 m / 0.074 rad samples=834
[gpu_amcl_cpp_node-6] [INFO] [1789008607.911228002] [gpu_amcl_cpp]: AMCL odom delta: at_scan=(-0.206, -2.240, -2.778) baseline=(-0.149, -2.220, -2.809) delta=(-0.057, -0.021, 0.032) moved=true scan_age=0.049s
[component_container-9] [INFO] [1789008608.509329970] [pure_pursuit_node]: Pure Pursuit: pose=(-1.734, 3.716, 2.556) cte=0.042 closest=1458 target=1499 path_dist=0.042 heading_err=-0.140 steer=0.347 speed=1.198
[gpu_amcl_cpp_node-6] [INFO] [1789008608.614880734] [gpu_amcl_cpp]: AMCL local correction: odom_prediction=(-1.755, 3.779, 2.621) scan=(-1.894, 3.932, 2.589) correction=0.206 m/0.032 rad cluster_weight=0.986 publish=true
[gpu_amcl_cpp_node-6] [INFO] [1789008608.911551418] [gpu_amcl_cpp]: AMCL odom delta: at_scan=(-0.950, -3.062, -1.717) baseline=(-0.941, -3.009, -1.779) delta=(-0.010, -0.054, 0.062) moved=true scan_age=0.050s
[ground_truth_amcl_monitor-7] [INFO] [1789008608.912848847] [ground_truth_amcl_monitor]: AMCL vs GT: gt=(-2.247, 4.076) amcl=(-1.971, 3.986) error=0.290 m / 0.062 rad; current_map=(-2.025, 3.995, 2.996) error=0.236 m / 0.000 rad; odom=(-2.262, 4.109, 2.996) error=0.036 m / 0.000 rad; ekf=(-2.262, 4.109, 2.996) error=0.036 m / 0.000 rad; RMS=0.205 m / 0.015 rad max=0.482 m / 0.074 rad samples=875
[component_container-9] [INFO] [1789008609.509809941] [pure_pursuit_node]: Pure Pursuit: pose=(-2.635, 3.996, -2.564) cte=0.204 closest=1500 target=1540 path_dist=0.204 heading_err=-0.190 steer=0.343 speed=0.986
[gpu_amcl_cpp_node-6] [INFO] [1789008609.663684868] [gpu_amcl_cpp]: AMCL local correction: odom_prediction=(-2.733, 3.989, -2.462) scan=(-2.900, 3.934, -2.475) correction=0.176 m/0.012 rad cluster_weight=0.982 publish=true
[gpu_amcl_cpp_node-6] [INFO] [1789008609.911628963] [gpu_amcl_cpp]: AMCL odom delta: at_scan=(-0.584, -3.920, -0.651) baseline=(-0.621, -3.891, -0.697) delta=(0.037, -0.030, 0.046) moved=true scan_age=0.050s
[ground_truth_amcl_monitor-7] [INFO] [1789008609.916924879] [ground_truth_amcl_monitor]: AMCL vs GT: gt=(-3.089, 3.710) amcl=(-2.931, 3.862) error=0.220 m / 0.000 rad; current_map=(-2.921, 3.851, -2.221) error=0.220 m / 0.000 rad; odom=(-3.120, 3.742, -2.221) error=0.045 m / 0.000 rad; ekf=(-3.120, 3.742, -2.221) error=0.045 m / 0.000 rad; RMS=0.207 m / 0.017 rad max=0.482 m / 0.074 rad samples=916
[component_container-9] [INFO] [1789008610.510124171] [pure_pursuit_node]: Pure Pursuit: pose=(-3.252, 3.350, -1.721) cte=0.236 closest=1536 target=1577 path_dist=0.236 heading_err=-0.163 steer=0.186 speed=1.018
[gpu_amcl_cpp_node-6] [INFO] [1789008610.664512052] [gpu_amcl_cpp]: AMCL local correction: odom_prediction=(-3.307, 3.264, -1.664) scan=(-3.343, 3.165, -1.661) correction=0.106 m/0.003 rad cluster_weight=0.972 publish=true
[gpu_amcl_cpp_node-6] [INFO] [1789008610.912012482] [gpu_amcl_cpp]: AMCL odom delta: at_scan=(0.345, -4.174, 0.026) baseline=(0.294, -4.175, 0.005) delta=(0.051, 0.001, 0.021) moved=true scan_age=0.051s
[ground_truth_amcl_monitor-7] [INFO] [1789008610.917615066] [ground_truth_amcl_monitor]: AMCL vs GT: gt=(-3.341, 2.774) amcl=(-3.327, 3.016) error=0.242 m / 0.000 rad; current_map=(-3.323, 3.015, -1.545) error=0.242 m / 0.000 rad; odom=(-3.373, 2.814, -1.545) error=0.052 m / 0.000 rad; ekf=(-3.373, 2.814, -1.545) error=0.052 m / 0.000 rad; RMS=0.209 m / 0.017 rad max=0.482 m / 0.074 rad samples=956
[gpu_amcl_cpp_node-6] [INFO] [1789008611.412039232] [gpu_amcl_cpp]: Received LiDAR callback #500 (1081 ranges).
[gpu_amcl_cpp_node-6] [INFO] [1789008611.461951321] [gpu_amcl_cpp]: Starting AMCL scan update #501 (sampled from 1081 ranges).
[gpu_amcl_cpp_node-6] [INFO] [1789008611.463384205] [gpu_amcl_cpp]: AMCL scan update #501 completed; evaluating pose confidence.
[component_container-9] [INFO] [1789008611.550533853] [pure_pursuit_node]: Pure Pursuit: pose=(-3.275, 2.224, -1.504) cte=0.084 closest=1590 target=1633 path_dist=0.084 heading_err=-0.189 steer=-0.074 speed=1.285
[gpu_amcl_cpp_node-6] [INFO] [1789008611.714515832] [gpu_amcl_cpp]: AMCL local correction: odom_prediction=(-3.274, 2.138, -1.532) scan=(-3.281, 2.068, -1.507) correction=0.071 m/0.025 rad cluster_weight=0.937 publish=true
[gpu_amcl_cpp_node-6] [INFO] [1789008611.960971067] [gpu_amcl_cpp]: AMCL odom delta: at_scan=(1.536, -4.106, -0.010) baseline=(1.471, -4.105, 0.001) delta=(0.065, -0.000, -0.011) moved=true scan_age=0.050s
[ground_truth_amcl_monitor-7] [INFO] [1789008611.961929619] [ground_truth_amcl_monitor]: AMCL vs GT: gt=(-3.270, 1.544) amcl=(-3.270, 1.891) error=0.347 m / 0.011 rad; current_map=(-3.270, 1.826, -1.580) error=0.282 m / 0.000 rad; odom=(-3.305, 1.622, -1.580) error=0.086 m / 0.000 rad; ekf=(-3.305, 1.622, -1.580) error=0.086 m / 0.000 rad; RMS=0.213 m / 0.017 rad max=0.482 m / 0.074 rad samples=995
[component_container-9] [INFO] [1789008612.560456497] [pure_pursuit_node]: Pure Pursuit: pose=(-3.336, 0.939, -1.779) cte=-0.017 closest=1655 target=1696 path_dist=0.017 heading_err=0.030 steer=-0.129 speed=1.309
[gpu_amcl_cpp_node-6] [INFO] [1789008612.714518045] [gpu_amcl_cpp]: AMCL local correction: odom_prediction=(-3.353, 0.804, -1.828) scan=(-3.372, 0.672, -1.803) correction=0.133 m/0.025 rad cluster_weight=0.972 publish=true
[gpu_amcl_cpp_node-6] [INFO] [1789008612.962962791] [gpu_amcl_cpp]: AMCL odom delta: at_scan=(2.860, -4.329, -0.401) baseline=(2.798, -4.304, -0.371) delta=(0.062, -0.025, -0.030) moved=true scan_age=0.049s
[ground_truth_amcl_monitor-7] [INFO] [1789008612.963925581] [ground_truth_amcl_monitor]: AMCL vs GT: gt=(-3.496, 0.211) amcl=(-3.407, 0.552) error=0.352 m / 0.030 rad; current_map=(-3.432, 0.490, -1.972) error=0.286 m / 0.000 rad; odom=(-3.529, 0.298, -1.972) error=0.094 m / 0.000 rad; ekf=(-3.529, 0.298, -1.972) error=0.094 m / 0.000 rad; RMS=0.218 m / 0.017 rad max=0.482 m / 0.074 rad samples=1033
[component_container-9] [INFO] [1789008613.609522675] [pure_pursuit_node]: Pure Pursuit: pose=(-3.839, -0.224, -2.504) cte=-0.089 closest=1717 target=1758 path_dist=0.089 heading_err=0.105 steer=-0.247 speed=1.131
[gpu_amcl_cpp_node-6] [INFO] [1789008613.715828007] [gpu_amcl_cpp]: AMCL local correction: odom_prediction=(-3.873, -0.271, -2.548) scan=(-3.999, -0.384, -2.526) correction=0.169 m/0.023 rad cluster_weight=0.984 publish=true
[ground_truth_amcl_monitor-7] [INFO] [1789008613.967278905] [ground_truth_amcl_monitor]: AMCL vs GT: gt=(-4.286, -0.607) amcl=(-4.087, -0.447) error=0.255 m / 0.000 rad; current_map=(-4.088, -0.445, -2.752) error=0.256 m / 0.000 rad; odom=(-4.317, -0.522, -2.752) error=0.091 m / 0.000 rad; ekf=(-4.317, -0.522, -2.752) error=0.091 m / 0.000 rad; RMS=0.222 m / 0.017 rad max=0.482 m / 0.074 rad samples=1074
[gpu_amcl_cpp_node-6] [INFO] [1789008614.011782495] [gpu_amcl_cpp]: AMCL odom delta: at_scan=(3.700, -5.168, -1.223) baseline=(3.680, -5.118, -1.181) delta=(0.020, -0.051, -0.042) moved=true scan_age=0.050s
[component_container-9] [INFO] [1789008614.637473835] [pure_pursuit_node]: Pure Pursuit: pose=(-4.814, -0.577, 2.848) cte=-0.097 closest=1766 target=1807 path_dist=0.097 heading_err=0.170 steer=-0.302 speed=1.127
[gpu_amcl_cpp_node-6] [INFO] [1789008614.739639995] [gpu_amcl_cpp]: AMCL local correction: odom_prediction=(-4.865, -0.618, 2.796) scan=(-5.045, -0.668, 2.820) correction=0.186 m/0.023 rad cluster_weight=0.986 publish=true
[ground_truth_amcl_monitor-7] [INFO] [1789008614.987718122] [ground_truth_amcl_monitor]: AMCL vs GT: gt=(-5.323, -0.508) amcl=(-5.093, -0.642) error=0.266 m / 0.049 rad; current_map=(-5.138, -0.613, 2.549) error=0.213 m / 0.000 rad; odom=(-5.360, -0.426, 2.549) error=0.090 m / 0.000 rad; ekf=(-5.316, -0.455, 2.598) error=0.054 m / 0.049 rad; RMS=0.223 m / 0.018 rad max=0.482 m / 0.074 rad samples=1113
[gpu_amcl_cpp_node-6] [INFO] [1789008615.036770815] [gpu_amcl_cpp]: AMCL odom delta: at_scan=(3.554, -6.203, -2.210) baseline=(3.584, -6.161, -2.163) delta=(-0.030, -0.042, -0.047) moved=true scan_age=0.050s
[component_container-9] [INFO] [1789008615.660234697] [pure_pursuit_node]: Pure Pursuit: pose=(-5.649, -0.154, 1.978) cte=-0.231 closest=1808 target=1848 path_dist=0.231 heading_err=0.212 steer=-0.166 speed=1.051
[gpu_amcl_cpp_node-6] [INFO] [1789008615.764256586] [gpu_amcl_cpp]: AMCL local correction: odom_prediction=(-5.684, -0.115, 1.950) scan=(-5.756, -0.041, 1.960) correction=0.103 m/0.010 rad cluster_weight=0.953 publish=true
[ground_truth_amcl_monitor-7] [INFO] [1789008616.012512497] [ground_truth_amcl_monitor]: AMCL vs GT: gt=(-5.863, 0.343) amcl=(-5.759, 0.075) error=0.288 m / 0.021 rad; current_map=(-5.774, 0.126, 1.834) error=0.235 m / 0.000 rad; odom=(-5.903, 0.420, 1.834) error=0.086 m / 0.000 rad; ekf=(-5.903, 0.420, 1.834) error=0.086 m / 0.000 rad; RMS=0.224 m / 0.018 rad max=0.482 m / 0.074 rad samples=1153
[gpu_amcl_cpp_node-6] [INFO] [1789008616.061120885] [gpu_amcl_cpp]: AMCL odom delta: at_scan=(2.688, -6.717, -2.898) baseline=(2.739, -6.704, -2.878) delta=(-0.051, -0.013, -0.020) moved=true scan_age=0.049s
[gpu_amcl_cpp_node-6] [INFO] [1789008616.436056193] [gpu_amcl_cpp]: Received LiDAR callback #597 (1081 ranges).
[gpu_amcl_cpp_node-6] [INFO] [1789008616.487554454] [gpu_amcl_cpp]: Starting AMCL scan update #598 (sampled from 1081 ranges).
[gpu_amcl_cpp_node-6] [INFO] [1789008616.488409381] [gpu_amcl_cpp]: AMCL scan update #598 completed; evaluating pose confidence.
[component_container-9] [INFO] [1789008616.684871185] [pure_pursuit_node]: Pure Pursuit: pose=(-5.943, 0.938, 1.696) cte=-0.074 closest=1861 target=1902 path_dist=0.074 heading_err=0.145 steer=0.006 speed=1.330
[gpu_amcl_cpp_node-6] [INFO] [1789008616.789512299] [gpu_amcl_cpp]: AMCL local correction: odom_prediction=(-5.961, 1.001, 1.695) scan=(-5.982, 1.071, 1.698) correction=0.074 m/0.003 rad cluster_weight=0.948 publish=true
[ground_truth_amcl_monitor-7] [INFO] [1789008617.037004985] [ground_truth_amcl_monitor]: AMCL vs GT: gt=(-6.059, 1.578) amcl=(-5.999, 1.259) error=0.325 m / 0.002 rad; current_map=(-6.007, 1.325, 1.694) error=0.259 m / 0.000 rad; odom=(-6.088, 1.569, 1.696) error=0.031 m / 0.002 rad; ekf=(-6.088, 1.569, 1.696) error=0.031 m / 0.002 rad; RMS=0.227 m / 0.018 rad max=0.482 m / 0.074 rad samples=1193
[gpu_amcl_cpp_node-6] [INFO] [1789008617.086513625] [gpu_amcl_cpp]: AMCL odom delta: at_scan=(1.457, -6.905, -3.020) baseline=(1.524, -6.897, -3.018) delta=(-0.067, -0.008, -0.002) moved=true scan_age=0.050s
[gpu_amcl_cpp_node-6] [WARN] [1789008617.643534308] [gpu_amcl_cpp]: No local AMCL cluster near odometry prediction; using causal odometry pose.
[component_container-9] [INFO] [1789008617.709610316] [pure_pursuit_node]: Pure Pursuit: pose=(-6.125, 2.342, 1.651) cte=-0.002 closest=1931 target=1973 path_dist=0.002 heading_err=0.013 steer=-0.028 speed=1.476
[gpu_amcl_cpp_node-6] [INFO] [1789008617.814276527] [gpu_amcl_cpp]: AMCL local correction: odom_prediction=(-6.132, 2.420, 1.645) scan=(-6.147, 2.536, 1.656) correction=0.118 m/0.011 rad cluster_weight=0.919 publish=true
[ground_truth_amcl_monitor-7] [INFO] [1789008618.064810651] [ground_truth_amcl_monitor]: AMCL vs GT: gt=(-6.198, 3.054) amcl=(-6.158, 2.708) error=0.349 m / 0.008 rad; current_map=(-6.161, 2.781, 1.612) error=0.276 m / 0.000 rad; odom=(-6.231, 3.020, 1.620) error=0.047 m / 0.008 rad; ekf=(-6.231, 3.020, 1.620) error=0.047 m / 0.008 rad; RMS=0.230 m / 0.018 rad max=0.482 m / 0.074 rad samples=1233
[gpu_amcl_cpp_node-6] [INFO] [1789008618.113035608] [gpu_amcl_cpp]: AMCL odom delta: at_scan=(-0.011, -7.038, -3.109) baseline=(0.066, -7.035, -3.100) delta=(-0.076, -0.003, -0.009) moved=true scan_age=0.049s
[component_container-9] [INFO] [1789008618.742020641] [pure_pursuit_node]: Pure Pursuit: pose=(-6.149, 3.837, 1.487) cte=-0.008 closest=2006 target=2048 path_dist=0.008 heading_err=0.009 steer=-0.046 speed=1.455
[gpu_amcl_cpp_node-6] [INFO] [1789008618.815774023] [gpu_amcl_cpp]: AMCL local correction: odom_prediction=(-6.151, 3.865, 1.483) scan=(-6.141, 3.996, 1.504) correction=0.131 m/0.022 rad cluster_weight=0.950 publish=true
[ground_truth_amcl_monitor-7] [INFO] [1789008619.090362561] [ground_truth_amcl_monitor]: AMCL vs GT: gt=(-6.128, 4.548) amcl=(-6.124, 4.188) error=0.360 m / 0.011 rad; current_map=(-6.114, 4.261, 1.426) error=0.287 m / 0.000 rad; odom=(-6.165, 4.572, 1.426) error=0.044 m / 0.000 rad; ekf=(-6.165, 4.572, 1.426) error=0.044 m / 0.000 rad; RMS=0.233 m / 0.018 rad max=0.482 m / 0.074 rad samples=1271
[gpu_amcl_cpp_node-6] [INFO] [1789008619.144966150] [gpu_amcl_cpp]: AMCL odom delta: at_scan=(-1.485, -6.955, 2.986) baseline=(-1.413, -6.966, 2.996) delta=(-0.072, 0.011, -0.011) moved=true scan_age=0.056s
[component_container-9] [INFO] [1789008619.784516386] [pure_pursuit_node]: Pure Pursuit: pose=(-5.909, 5.287, 1.238) cte=-0.032 closest=2080 target=2121 path_dist=0.032 heading_err=0.036 steer=-0.066 speed=1.399
[gpu_amcl_cpp_node-6] [INFO] [1789008619.839257704] [gpu_amcl_cpp]: AMCL local correction: odom_prediction=(-5.912, 5.292, 1.237) scan=(-5.860, 5.459, 1.265) correction=0.175 m/0.028 rad cluster_weight=0.984 publish=true
[ground_truth_amcl_monitor-7] [INFO] [1789008620.091246594] [ground_truth_amcl_monitor]: AMCL vs GT: gt=(-5.756, 5.904) amcl=(-5.805, 5.617) error=0.292 m / 0.000 rad; current_map=(-5.801, 5.615, 1.169) error=0.292 m / 0.000 rad; odom=(-5.798, 5.913, 1.169) error=0.043 m / 0.000 rad; ekf=(-5.798, 5.913, 1.169) error=0.043 m / 0.000 rad; RMS=0.236 m / 0.017 rad max=0.482 m / 0.074 rad samples=1310
[gpu_amcl_cpp_node-6] [INFO] [1789008620.187087843] [gpu_amcl_cpp]: AMCL odom delta: at_scan=(-2.878, -6.545, 2.713) baseline=(-2.816, -6.572, 2.728) delta=(-0.062, 0.028, -0.015) moved=true scan_age=0.050s
[component_container-9] [INFO] [1789008620.784844393] [pure_pursuit_node]: Pure Pursuit: pose=(-5.378, 6.489, 0.936) cte=-0.048 closest=2145 target=2187 path_dist=0.048 heading_err=0.079 steer=-0.122 speed=1.295
[gpu_amcl_cpp_node-6] [INFO] [1789008620.839567077] [gpu_amcl_cpp]: AMCL local correction: odom_prediction=(-5.387, 6.497, 0.934) scan=(-5.300, 6.671, 0.966) correction=0.195 m/0.033 rad cluster_weight=0.994 publish=true
[ground_truth_amcl_monitor-7] [INFO] [1789008621.117806559] [ground_truth_amcl_monitor]: AMCL vs GT: gt=(-5.113, 6.963) amcl=(-5.257, 6.718) error=0.284 m / 0.000 rad; current_map=(-5.249, 6.712, 0.839) error=0.286 m / 0.000 rad; odom=(-5.162, 6.964, 0.839) error=0.048 m / 0.000 rad; ekf=(-5.162, 6.964, 0.839) error=0.048 m / 0.000 rad; RMS=0.239 m / 0.017 rad max=0.482 m / 0.074 rad samples=1348
[gpu_amcl_cpp_node-6] [INFO] [1789008621.236819994] [gpu_amcl_cpp]: AMCL odom delta: at_scan=(-3.985, -5.783, 2.305) baseline=(-3.941, -5.831, 2.332) delta=(-0.044, 0.047, -0.027) moved=true scan_age=0.050s
[gpu_amcl_cpp_node-6] [INFO] [1789008621.436260809] [gpu_amcl_cpp]: Received LiDAR callback #694 (1081 ranges).
[gpu_amcl_cpp_node-6] [INFO] [1789008621.536176188] [gpu_amcl_cpp]: Starting AMCL scan update #696 (sampled from 1081 ranges).
[gpu_amcl_cpp_node-6] [INFO] [1789008621.537016037] [gpu_amcl_cpp]: AMCL scan update #696 completed; evaluating pose confidence.
[component_container-9] [INFO] [1789008621.785043318] [pure_pursuit_node]: Pure Pursuit: pose=(-4.534, 7.377, 0.405) cte=-0.113 closest=2205 target=2246 path_dist=0.113 heading_err=0.107 steer=-0.146 speed=1.211
[gpu_amcl_cpp_node-6] [INFO] [1789008621.889172610] [gpu_amcl_cpp]: AMCL local correction: odom_prediction=(-4.488, 7.419, 0.378) scan=(-4.338, 7.519, 0.416) correction=0.180 m/0.038 rad cluster_weight=0.997 publish=true
[ground_truth_amcl_monitor-7] [INFO] [1789008622.142249495] [ground_truth_amcl_monitor]: AMCL vs GT: gt=(-3.963, 7.657) amcl=(-4.275, 7.531) error=0.336 m / 0.025 rad; current_map=(-4.220, 7.546, 0.250) error=0.280 m / 0.000 rad; odom=(-4.022, 7.655, 0.250) error=0.058 m / 0.000 rad; ekf=(-4.022, 7.655, 0.250) error=0.058 m / 0.000 rad; RMS=0.242 m / 0.017 rad max=0.482 m / 0.074 rad samples=1391
[gpu_amcl_cpp_node-6] [INFO] [1789008622.260735237] [gpu_amcl_cpp]: AMCL odom delta: at_scan=(-4.529, -4.679, 1.761) baseline=(-4.516, -4.739, 1.786) delta=(-0.012, 0.059, -0.025) moved=true scan_age=0.049s
[gpu_amcl_cpp_node-6] [WARN] [1789008622.360537203] [gpu_amcl_cpp]: Queued LiDAR scan until source-time odometry arrives (queued=1).
[component_container-9] [INFO] [1789008622.810325371] [pure_pursuit_node]: Pure Pursuit: pose=(-3.390, 7.717, -0.095) cte=-0.125 closest=2262 target=2303 path_dist=0.125 heading_err=0.136 steer=-0.135 speed=1.198
[gpu_amcl_cpp_node-6] [INFO] [1789008622.914547477] [gpu_amcl_cpp]: AMCL local correction: odom_prediction=(-3.331, 7.725, -0.119) scan=(-3.206, 7.743, -0.080) correction=0.127 m/0.039 rad cluster_weight=0.958 publish=true
[ground_truth_amcl_monitor-7] [INFO] [1789008623.162116317] [ground_truth_amcl_monitor]: AMCL vs GT: gt=(-2.746, 7.663) amcl=(-3.096, 7.717) error=0.354 m / 0.021 rad; current_map=(-3.039, 7.704, -0.230) error=0.296 m / 0.000 rad; odom=(-2.816, 7.662, -0.230) error=0.069 m / 0.000 rad; ekf=(-2.816, 7.662, -0.230) error=0.069 m / 0.000 rad; RMS=0.244 m / 0.017 rad max=0.482 m / 0.074 rad samples=1431
[gpu_amcl_cpp_node-6] [INFO] [1789008623.261469228] [gpu_amcl_cpp]: AMCL odom delta: at_scan=(-4.474, -3.499, 1.297) baseline=(-4.489, -3.557, 1.319) delta=(0.016, 0.058, -0.022) moved=true scan_age=0.049s
[component_container-9] [INFO] [1789008623.811326014] [pure_pursuit_node]: Pure Pursuit: pose=(-2.231, 7.458, -0.512) cte=-0.085 closest=2320 target=2361 path_dist=0.085 heading_err=0.104 steer=-0.098 speed=1.287
[gpu_amcl_cpp_node-6] [INFO] [1789008623.930099638] [gpu_amcl_cpp]: AMCL local correction: odom_prediction=(-2.164, 7.444, -0.531) scan=(-2.056, 7.411, -0.494) correction=0.112 m/0.038 rad cluster_weight=0.966 publish=true
[ground_truth_amcl_monitor-7] [INFO] [1789008624.163764206] [ground_truth_amcl_monitor]: AMCL vs GT: gt=(-1.620, 7.138) amcl=(-1.968, 7.345) error=0.404 m / 0.027 rad; current_map=(-1.895, 7.294, -0.624) error=0.316 m / 0.000 rad; odom=(-1.703, 7.146, -0.624) error=0.084 m / 0.000 rad; ekf=(-1.703, 7.146, -0.624) error=0.084 m / 0.000 rad; RMS=0.247 m / 0.017 rad max=0.482 m / 0.074 rad samples=1467
[gpu_amcl_cpp_node-6] [INFO] [1789008624.263833244] [gpu_amcl_cpp]: AMCL odom delta: at_scan=(-3.909, -2.399, 0.909) baseline=(-3.948, -2.450, 0.928) delta=(0.039, 0.051, -0.019) moved=true scan_age=0.051s
[component_container-9] [INFO] [1789008624.835804336] [pure_pursuit_node]: Pure Pursuit: pose=(-1.172, 6.712, -0.868) cte=-0.073 closest=2383 target=2425 path_dist=0.073 heading_err=0.080 steer=-0.075 speed=1.319
[gpu_amcl_cpp_node-6] [INFO] [1789008624.941629546] [gpu_amcl_cpp]: AMCL local correction: odom_prediction=(-1.115, 6.672, -0.884) scan=(-1.005, 6.579, -0.850) correction=0.144 m/0.034 rad cluster_weight=0.973 publish=true
[ground_truth_amcl_monitor-7] [INFO] [1789008625.190055347] [ground_truth_amcl_monitor]: AMCL vs GT: gt=(-0.685, 6.178) amcl=(-0.932, 6.483) error=0.392 m / 0.015 rad; current_map=(-0.894, 6.430, -0.957) error=0.328 m / 0.000 rad; odom=(-0.776, 6.196, -0.957) error=0.093 m / 0.000 rad; ekf=(-0.776, 6.196, -0.957) error=0.093 m / 0.000 rad; RMS=0.250 m / 0.017 rad max=0.482 m / 0.074 rad samples=1505
[gpu_amcl_cpp_node-6] [INFO] [1789008625.291143310] [gpu_amcl_cpp]: AMCL odom delta: at_scan=(-2.929, -1.503, 0.587) baseline=(-2.983, -1.539, 0.600) delta=(0.054, 0.036, -0.013) moved=true scan_age=0.050s
[component_container-9] [INFO] [1789008625.885002995] [pure_pursuit_node]: Pure Pursuit: pose=(-0.349, 5.636, -1.120) cte=-0.080 closest=2450 target=2492 path_dist=0.080 heading_err=0.084 steer=-0.051 speed=1.316
[gpu_amcl_cpp_node-6] [INFO] [1789008625.993479339] [gpu_amcl_cpp]: AMCL local correction: odom_prediction=(-0.307, 5.581, -1.130) scan=(-0.232, 5.475, -1.108) correction=0.130 m/0.022 rad cluster_weight=0.959 publish=true
[ground_truth_amcl_monitor-7] [INFO] [1789008626.213409426] [ground_truth_amcl_monitor]: AMCL vs GT: gt=(-0.042, 4.998) amcl=(-0.205, 5.412) error=0.445 m / 0.011 rad; current_map=(-0.167, 5.327, -1.167) error=0.352 m / 0.000 rad; odom=(-0.141, 5.032, -1.167) error=0.104 m / 0.000 rad; ekf=(-0.141, 5.032, -1.167) error=0.104 m / 0.000 rad; RMS=0.254 m / 0.017 rad max=0.482 m / 0.074 rad samples=1543
[gpu_amcl_cpp_node-6] [INFO] [1789008626.311367866] [gpu_amcl_cpp]: AMCL odom delta: at_scan=(-1.751, -0.890, 0.387) baseline=(-1.812, -0.915, 0.396) delta=(0.061, 0.025, -0.009) moved=true scan_age=0.049s
[gpu_amcl_cpp_node-6] [INFO] [1789008626.460840907] [gpu_amcl_cpp]: Received LiDAR callback #791 (1081 ranges).
[gpu_amcl_cpp_node-6] [INFO] [1789008626.561273829] [gpu_amcl_cpp]: Starting AMCL scan update #793 (sampled from 1081 ranges).
[gpu_amcl_cpp_node-6] [INFO] [1789008626.562437688] [gpu_amcl_cpp]: AMCL scan update #793 completed; evaluating pose confidence.
[component_container-9] [INFO] [1789008626.910558473] [pure_pursuit_node]: Pure Pursuit: pose=(0.231, 4.424, -1.255) cte=-0.062 closest=2517 target=2559 path_dist=0.062 heading_err=0.083 steer=-0.017 speed=1.362
[gpu_amcl_cpp_node-6] [INFO] [1789008627.016027684] [gpu_amcl_cpp]: AMCL local correction: odom_prediction=(0.257, 4.361, -1.257) scan=(0.284, 4.311, -1.252) correction=0.056 m/0.005 rad cluster_weight=0.935 publish=true
[ground_truth_amcl_monitor-7] [INFO] [1789008627.215790674] [ground_truth_amcl_monitor]: AMCL vs GT: gt=(0.410, 3.732) amcl=(0.349, 4.108) error=0.381 m / 0.000 rad; current_map=(0.345, 4.106, -1.270) error=0.380 m / 0.000 rad; odom=(0.307, 3.780, -1.270) error=0.114 m / 0.000 rad; ekf=(0.307, 3.780, -1.270) error=0.114 m / 0.000 rad; RMS=0.259 m / 0.017 rad max=0.482 m / 0.074 rad samples=1584
[gpu_amcl_cpp_node-6] [INFO] [1789008627.311569256] [gpu_amcl_cpp]: AMCL odom delta: at_scan=(-0.492, -0.454, 0.297) baseline=(-0.557, -0.473, 0.299) delta=(0.065, 0.020, -0.003) moved=true scan_age=0.050s
[component_container-9] [INFO] [1789008627.937008252] [pure_pursuit_node]: Pure Pursuit: pose=(0.689, 3.094, -1.314) cte=-0.040 closest=1 target=43 path_dist=0.040 heading_err=0.043 steer=-0.018 speed=1.398
[gpu_amcl_cpp_node-6] [INFO] [1789008628.045306993] [gpu_amcl_cpp]: AMCL local correction: odom_prediction=(0.711, 3.025, -1.318) scan=(0.726, 3.025, -1.326) correction=0.015 m/0.008 rad cluster_weight=0.938 publish=true
[ground_truth_amcl_monitor-7] [INFO] [1789008628.218246433] [ground_truth_amcl_monitor]: AMCL vs GT: gt=(0.789, 2.382) amcl=(0.757, 2.859) error=0.477 m / 0.003 rad; current_map=(0.774, 2.791, -1.330) error=0.409 m / 0.000 rad; odom=(0.682, 2.446, -1.330) error=0.125 m / 0.000 rad; ekf=(0.682, 2.446, -1.330) error=0.125 m / 0.000 rad; RMS=0.264 m / 0.017 rad max=0.506 m / 0.074 rad samples=1621
[gpu_amcl_cpp_node-6] [INFO] [1789008628.336102703] [gpu_amcl_cpp]: AMCL odom delta: at_scan=(0.877, -0.079, 0.234) baseline=(0.810, -0.095, 0.237) delta=(0.067, 0.016, -0.003) moved=true scan_age=0.049s
[gpu_amcl_cpp_node-6] [WARN] [1789008628.538961604] [gpu_amcl_cpp]: No local AMCL cluster near odometry prediction; using causal odometry pose.
[component_container-9] [INFO] [1789008628.985776222] [pure_pursuit_node]: Pure Pursuit: pose=(1.020, 1.644, -1.362) cte=0.013 closest=76 target=118 path_dist=0.013 heading_err=0.005 steer=-0.000 speed=1.460
[gpu_amcl_cpp_node-6] [INFO] [1789008629.090862172] [gpu_amcl_cpp]: AMCL local correction: odom_prediction=(1.037, 1.571, -1.361) scan=(1.034, 1.558, -1.365) correction=0.013 m/0.004 rad cluster_weight=0.923 publish=true
[ground_truth_amcl_monitor-7] [INFO] [1789008629.237476880] [ground_truth_amcl_monitor]: AMCL vs GT: gt=(1.113, 0.939) amcl=(1.061, 1.429) error=0.493 m / 0.002 rad; current_map=(1.075, 1.361, -1.365) error=0.423 m / 0.000 rad; odom=(1.002, 1.021, -1.365) error=0.138 m / 0.000 rad; ekf=(1.002, 1.021, -1.365) error=0.138 m / 0.000 rad; RMS=0.270 m / 0.016 rad max=0.509 m / 0.074 rad samples=1661
[gpu_amcl_cpp_node-6] [INFO] [1789008629.387137965] [gpu_amcl_cpp]: AMCL odom delta: at_scan=(2.350, 0.244, 0.195) baseline=(2.279, 0.230, 0.198) delta=(0.071, 0.014, -0.004) moved=true scan_age=0.050s
[gpu_amcl_cpp_node-6] [WARN] [1789008629.990185815] [gpu_amcl_cpp]: No local AMCL cluster near odometry prediction; using causal odometry pose.
[component_container-9] [INFO] [1789008630.034785375] [pure_pursuit_node]: Pure Pursuit: pose=(1.284, 0.155, -1.449) cte=-0.001 closest=151 target=193 path_dist=0.001 heading_err=-0.008 steer=-0.033 speed=1.485
[gpu_amcl_cpp_node-6] [INFO] [1789008630.089318522] [gpu_amcl_cpp]: AMCL recovery candidate: pose=(1.287, 0.092, -1.426) weight=0.861 stable_scans=1/3 odom_prediction=(1.284, 0.153).
[gpu_amcl_cpp_node-6] [INFO] [1789008630.138669807] [gpu_amcl_cpp]: AMCL local correction: odom_prediction=(1.293, 0.081, -1.456) scan=(1.302, 0.021, -1.438) correction=0.060 m/0.018 rad cluster_weight=0.919 publish=true
[ground_truth_amcl_monitor-7] [INFO] [1789008630.241410979] [ground_truth_amcl_monitor]: AMCL vs GT: gt=(1.347, -0.503) amcl=(1.310, -0.065) error=0.440 m / 0.000 rad; current_map=(1.310, -0.065, -1.471) error=0.440 m / 0.000 rad; odom=(1.234, -0.405, -1.471) error=0.150 m / 0.000 rad; ekf=(1.234, -0.405, -1.471) error=0.150 m / 0.000 rad; RMS=0.277 m / 0.016 rad max=0.513 m / 0.074 rad samples=1702
[gpu_amcl_cpp_node-6] [INFO] [1789008630.436088929] [gpu_amcl_cpp]: AMCL odom delta: at_scan=(3.854, 0.459, 0.074) baseline=(3.781, 0.453, 0.080) delta=(0.073, 0.006, -0.007) moved=true scan_age=0.049s
[component_container-9] [INFO] [1789008631.034796048] [pure_pursuit_node]: Pure Pursuit: pose=(1.406, -1.276, -1.607) cte=-0.042 closest=223 target=265 path_dist=0.042 heading_err=0.036 steer=-0.031 speed=1.401
[gpu_amcl_cpp_node-6] [INFO] [1789008631.139634563] [gpu_amcl_cpp]: AMCL local correction: odom_prediction=(1.408, -1.348, -1.613) scan=(1.410, -1.438, -1.607) correction=0.091 m/0.006 rad cluster_weight=0.921 publish=true
[ground_truth_amcl_monitor-7] [INFO] [1789008631.241550613] [ground_truth_amcl_monitor]: AMCL vs GT: gt=(1.383, -1.940) amcl=(1.399, -1.487) error=0.454 m / 0.000 rad; current_map=(1.398, -1.487, -1.625) error=0.454 m / 0.000 rad; odom=(1.269, -1.830, -1.625) error=0.158 m / 0.000 rad; ekf=(1.269, -1.830, -1.625) error=0.158 m / 0.000 rad; RMS=0.283 m / 0.016 rad max=0.523 m / 0.074 rad samples=1742
[gpu_amcl_cpp_node-6] [INFO] [1789008631.436395658] [gpu_amcl_cpp]: AMCL odom delta: at_scan=(5.265, 0.451, -0.073) baseline=(5.196, 0.456, -0.070) delta=(0.069, -0.005, -0.003) moved=true scan_age=0.049s
[gpu_amcl_cpp_node-6] [INFO] [1789008631.485871707] [gpu_amcl_cpp]: Received LiDAR callback #890 (1081 ranges).
[gpu_amcl_cpp_node-6] [INFO] [1789008631.586247422] [gpu_amcl_cpp]: Starting AMCL scan update #892 (sampled from 1081 ranges).
[gpu_amcl_cpp_node-6] [INFO] [1789008631.587106377] [gpu_amcl_cpp]: AMCL scan update #892 completed; evaluating pose confidence.
[component_container-9] [INFO] [1789008632.086008654] [pure_pursuit_node]: Pure Pursuit: pose=(1.314, -2.760, -1.684) cte=-0.020 closest=297 target=339 path_dist=0.020 heading_err=0.021 steer=-0.019 speed=1.448
[gpu_amcl_cpp_node-6] [INFO] [1789008632.140673138] [gpu_amcl_cpp]: AMCL local correction: odom_prediction=(1.320, -2.763, -1.684) scan=(1.318, -2.788, -1.681) correction=0.026 m/0.004 rad cluster_weight=0.961 publish=true
[ground_truth_amcl_monitor-7] [INFO] [1789008632.242864286] [ground_truth_amcl_monitor]: AMCL vs GT: gt=(1.257, -3.372) amcl=(1.307, -2.906) error=0.468 m / 0.000 rad; current_map=(1.304, -2.906, -1.692) error=0.468 m / 0.000 rad; odom=(1.145, -3.247, -1.692) error=0.167 m / 0.000 rad; ekf=(1.145, -3.247, -1.692) error=0.167 m / 0.000 rad; RMS=0.290 m / 0.016 rad max=0.540 m / 0.074 rad samples=1782
[gpu_amcl_cpp_node-6] [INFO] [1789008632.487146156] [gpu_amcl_cpp]: AMCL odom delta: at_scan=(6.761, 0.297, -0.141) baseline=(6.689, 0.307, -0.137) delta=(0.072, -0.010, -0.004) moved=true scan_age=0.050s
[gpu_amcl_cpp_node-6] [WARN] [1789008632.645254102] [gpu_amcl_cpp]: No local AMCL cluster near odometry prediction; using causal odometry pose.
[component_container-9] [INFO] [1789008633.110132141] [pure_pursuit_node]: Pure Pursuit: pose=(1.109, -4.228, -1.732) cte=-0.002 closest=371 target=413 path_dist=0.002 heading_err=0.005 steer=-0.009 speed=1.490
[gpu_amcl_cpp_node-6] [INFO] [1789008633.215032282] [gpu_amcl_cpp]: AMCL local correction: odom_prediction=(1.094, -4.303, -1.735) scan=(1.087, -4.348, -1.727) correction=0.046 m/0.008 rad cluster_weight=0.936 publish=true
[ground_truth_amcl_monitor-7] [INFO] [1789008633.262963787] [ground_truth_amcl_monitor]: AMCL vs GT: gt=(1.033, -4.857) amcl=(1.094, -4.303) error=0.557 m / 0.002 rad; current_map=(1.082, -4.375, -1.737) error=0.484 m / 0.000 rad; odom=(0.924, -4.717, -1.737) error=0.178 m / 0.000 rad; ekf=(0.924, -4.717, -1.737) error=0.178 m / 0.000 rad; RMS=0.297 m / 0.016 rad max=0.580 m / 0.074 rad samples=1821
[gpu_amcl_cpp_node-6] [INFO] [1789008633.511203769] [gpu_amcl_cpp]: AMCL odom delta: at_scan=(8.240, 0.061, -0.173) baseline=(8.166, 0.074, -0.171) delta=(0.074, -0.013, -0.002) moved=true scan_age=0.049s
[gpu_amcl_cpp_node-6] [WARN] [1789008633.664744759] [gpu_amcl_cpp]: No local AMCL cluster near odometry prediction; using causal odometry pose.
[component_container-9] [INFO] [1789008634.159567627] [pure_pursuit_node]: Pure Pursuit: pose=(0.831, -5.758, -1.775) cte=-0.004 closest=449 target=491 path_dist=0.004 heading_err=0.002 steer=-0.010 speed=1.488
[ground_truth_amcl_monitor-7] [INFO] [1789008634.265755519] [ground_truth_amcl_monitor]: AMCL vs GT: gt=(0.759, -6.328) amcl=(0.818, -5.833) error=0.498 m / 0.000 rad; current_map=(0.818, -5.833, -1.777) error=0.498 m / 0.000 rad; odom=(0.653, -6.173, -1.777) error=0.188 m / 0.000 rad; ekf=(0.653, -6.173, -1.777) error=0.188 m / 0.000 rad; RMS=0.304 m / 0.016 rad max=0.580 m / 0.074 rad samples=1862
[gpu_amcl_cpp_node-6] [INFO] [1789008634.314705970] [gpu_amcl_cpp]: AMCL local correction: odom_prediction=(0.803, -5.905, -1.779) scan=(0.785, -6.006, -1.759) correction=0.103 m/0.021 rad cluster_weight=0.923 publish=true
[gpu_amcl_cpp_node-6] [INFO] [1789008634.511278202] [gpu_amcl_cpp]: AMCL odom delta: at_scan=(9.688, -0.225, -0.218) baseline=(9.617, -0.209, -0.216) delta=(0.071, -0.016, -0.002) moved=true scan_age=0.049s
[gpu_amcl_cpp_node-6] [WARN] [1789008635.014082576] [gpu_amcl_cpp]: No local AMCL cluster near odometry prediction; using causal odometry pose.
[component_container-9] [INFO] [1789008635.159969716] [pure_pursuit_node]: Pure Pursuit: pose=(0.531, -7.176, -1.821) cte=-0.018 closest=521 target=563 path_dist=0.018 heading_err=0.016 steer=-0.015 speed=1.438
[ground_truth_amcl_monitor-7] [INFO] [1789008635.267026171] [ground_truth_amcl_monitor]: AMCL vs GT: gt=(0.428, -7.755) amcl=(0.520, -7.250) error=0.513 m / 0.000 rad; current_map=(0.518, -7.250, -1.823) error=0.513 m / 0.000 rad; odom=(0.325, -7.584, -1.823) error=0.200 m / 0.000 rad; ekf=(0.325, -7.584, -1.823) error=0.200 m / 0.000 rad; RMS=0.311 m / 0.015 rad max=0.586 m / 0.074 rad samples=1902
[gpu_amcl_cpp_node-6] [INFO] [1789008635.364738618] [gpu_amcl_cpp]: AMCL local correction: odom_prediction=(0.484, -7.388, -1.830) scan=(0.439, -7.582, -1.796) correction=0.200 m/0.034 rad cluster_weight=0.949 publish=true
[gpu_amcl_cpp_node-6] [INFO] [1789008635.511740224] [gpu_amcl_cpp]: AMCL odom delta: at_scan=(11.083, -0.567, -0.272) baseline=(11.014, -0.548, -0.268) delta=(0.069, -0.019, -0.004) moved=true scan_age=0.050s
[component_container-9] [INFO] [1789008636.210023665] [pure_pursuit_node]: Pure Pursuit: pose=(0.146, -8.594, -1.942) cte=-0.023 closest=595 target=637 path_dist=0.023 heading_err=0.032 steer=-0.066 speed=1.360
[gpu_amcl_cpp_node-6] [WARN] [1789008636.214935880] [gpu_amcl_cpp]: No local AMCL cluster near odometry prediction; using causal odometry pose.
[ground_truth_amcl_monitor-7] [INFO] [1789008636.312251451] [ground_truth_amcl_monitor]: AMCL vs GT: gt=(-0.015, -9.169) amcl=(0.153, -8.599) error=0.595 m / 0.012 rad; current_map=(0.128, -8.661, -1.955) error=0.528 m / 0.000 rad; odom=(-0.087, -8.919, -1.943) error=0.261 m / 0.012 rad; ekf=(-0.087, -8.919, -1.943) error=0.261 m / 0.012 rad; RMS=0.318 m / 0.015 rad max=0.595 m / 0.074 rad samples=1943
[gpu_amcl_cpp_node-6] [INFO] [1789008636.416043569] [gpu_amcl_cpp]: AMCL local correction: odom_prediction=(0.087, -8.791, -1.982) scan=(0.000, -9.050, -1.930) correction=0.274 m/0.052 rad cluster_weight=0.925 publish=true
[gpu_amcl_cpp_node-6] [INFO] [1789008636.511447266] [gpu_amcl_cpp]: Received LiDAR callback #990 (1081 ranges).
[gpu_amcl_cpp_node-6] [INFO] [1789008636.561010659] [gpu_amcl_cpp]: AMCL odom delta: at_scan=(12.445, -1.048, -0.454) baseline=(12.386, -1.020, -0.439) delta=(0.059, -0.028, -0.015) moved=true scan_age=0.049s
[gpu_amcl_cpp_node-6] [INFO] [1789008636.611854029] [gpu_amcl_cpp]: Starting AMCL scan update #992 (sampled from 1081 ranges).
[gpu_amcl_cpp_node-6] [INFO] [1789008636.612984955] [gpu_amcl_cpp]: AMCL scan update #992 completed; evaluating pose confidence.
[component_container-9] [INFO] [1789008637.259310942] [pure_pursuit_node]: Pure Pursuit: pose=(-0.376, -9.747, -2.420) cte=-0.101 closest=657 target=698 path_dist=0.101 heading_err=0.129 steer=-0.237 speed=1.179
[ground_truth_amcl_monitor-7] [INFO] [1789008637.312269639] [ground_truth_amcl_monitor]: AMCL vs GT: gt=(-0.655, -10.180) amcl=(-0.315, -9.726) error=0.568 m / 0.039 rad; current_map=(-0.358, -9.765, -2.423) error=0.510 m / 0.000 rad; odom=(-0.711, -9.957, -2.384) error=0.230 m / 0.039 rad; ekf=(-0.711, -9.957, -2.384) error=0.230 m / 0.039 rad; RMS=0.324 m / 0.015 rad max=0.642 m / 0.074 rad samples=1981
[gpu_amcl_cpp_node-6] [INFO] [1789008637.464989836] [gpu_amcl_cpp]: AMCL local correction: odom_prediction=(-0.456, -9.908, -2.546) scan=(-0.711, -10.207, -2.496) correction=0.393 m/0.050 rad cluster_weight=0.985 publish=true
[gpu_amcl_cpp_node-6] [INFO] [1789008637.611502191] [gpu_amcl_cpp]: AMCL odom delta: at_scan=(13.347, -1.839, -1.105) baseline=(13.321, -1.790, -1.061) delta=(0.026, -0.049, -0.043) moved=true scan_age=0.050s
[component_container-9] [INFO] [1789008638.263342525] [pure_pursuit_node]: Pure Pursuit: pose=(-1.169, -10.380, 3.035) cte=-0.288 closest=701 target=742 path_dist=0.288 heading_err=0.251 steer=-0.256 speed=0.948
[ground_truth_amcl_monitor-7] [INFO] [1789008638.319383868] [ground_truth_amcl_monitor]: AMCL vs GT: gt=(-1.636, -10.497) amcl=(-1.117, -10.408) error=0.526 m / 0.038 rad; current_map=(-1.165, -10.404, 3.034) error=0.480 m / 0.000 rad; odom=(-1.737, -10.317, 3.034) error=0.206 m / 0.000 rad; ekf=(-1.737, -10.317, 3.034) error=0.206 m / 0.000 rad; RMS=0.329 m / 0.016 rad max=0.642 m / 0.074 rad samples=2021
[gpu_amcl_cpp_node-6] [INFO] [1789008638.492463021] [gpu_amcl_cpp]: AMCL local correction: odom_prediction=(-1.320, -10.426, 2.910) scan=(-1.700, -10.469, 2.958) correction=0.383 m/0.047 rad cluster_weight=0.993 publish=true
[gpu_amcl_cpp_node-6] [INFO] [1789008638.645275982] [gpu_amcl_cpp]: AMCL odom delta: at_scan=(13.408, -2.833, -1.905) baseline=(13.423, -2.787, -1.871) delta=(-0.015, -0.046, -0.035) moved=true scan_age=0.056s
