[INFO] [launch]: All log files can be found below /root/.ros/log/2026-09-15-12-30-22-095992-ExternalDrive-98
[INFO] [launch]: Default logging verbosity is set to INFO
[INFO] [launch.user]: controller=pure_pursuit custom_amcl=True rviz=False
[INFO] [autodrive_bridge_40hz-1]: process started with pid [208]
[INFO] [sensor_odometry_node-2]: process started with pid [210]
[INFO] [ekf_localization_node-3]: process started with pid [212]
[INFO] [map_server-4]: process started with pid [214]
[INFO] [lifecycle_manager-5]: process started with pid [216]
[INFO] [gpu_amcl_cpp_node-6]: process started with pid [218]
[INFO] [ground_truth_amcl_monitor-7]: process started with pid [220]
[INFO] [model_id_timing_recorder-8]: process started with pid [222]
[INFO] [component_container-9]: process started with pid [224]
[INFO] [actuator_interface-10]: process started with pid [226]
[ekf_localization_node-3] [INFO] [1789475423.502231083] [ekf_localization]: Local odometry trust filter ready: /odom -> /ekf_odom and /ekf_pose in frame odom; reset events=/autodrive/reset_command
[lifecycle_manager-5] [INFO] [1789475423.513628979] [lifecycle_manager_map]: Creating
[map_server-4] [INFO] [1789475423.515856582] [map_server]: 
[map_server-4] 	map_server lifecycle node launched. 
[map_server-4] 	Waiting on external lifecycle transitions to activate
[map_server-4] 	See https://design.ros2.org/articles/node_lifecycle.html for more information.
[map_server-4] [INFO] [1789475423.516080815] [map_server]: Creating
[sensor_odometry_node-2] [INFO] [1789475423.516571611] [sensor_odometry]: Deterministic odometry observer: exact timestamp packets, encoders + IMU only
[lifecycle_manager-5] [INFO] [1789475423.520884659] [lifecycle_manager_map]: [34m[1mCreating and initializing lifecycle service clients[0m[0m
[lifecycle_manager-5] [INFO] [1789475423.525033768] [lifecycle_manager_map]: [34m[1mStarting managed nodes bringup...[0m[0m
[lifecycle_manager-5] [INFO] [1789475423.525221212] [lifecycle_manager_map]: [34m[1mConfiguring map_server[0m[0m
[map_server-4] [INFO] [1789475423.525758065] [map_server]: Configuring
[map_server-4] [INFO] [1789475423.525859727] [map_io]: Loading yaml file: /workspace/src/f1tenth_planning/maps/autodrive_track_ftg_commit_20260909_025m.yaml
[map_server-4] [INFO] [1789475423.526587339] [map_io]: resolution: 0.025
[map_server-4] [INFO] [1789475423.526611365] [map_io]: origin[0]: -6.82
[map_server-4] [INFO] [1789475423.526622786] [map_io]: origin[1]: -12.3
[map_server-4] [INFO] [1789475423.526630551] [map_io]: origin[2]: 0
[map_server-4] [INFO] [1789475423.526639127] [map_io]: free_thresh: 0.25
[map_server-4] [INFO] [1789475423.526648765] [map_io]: occupied_thresh: 0.65
[map_server-4] [INFO] [1789475423.526659375] [map_io]: mode: trinary
[map_server-4] [INFO] [1789475423.526670587] [map_io]: negate: 0
[map_server-4] [INFO] [1789475423.527247716] [map_io]: Loading image_file: /workspace/src/f1tenth_planning/maps/autodrive_track_ftg_commit_20260909_025m.pgm
[map_server-4] [INFO] [1789475423.576740380] [map_io]: Read map /workspace/src/f1tenth_planning/maps/autodrive_track_ftg_commit_20260909_025m.pgm: 349 X 877 map @ 0.025 m/cell
[lifecycle_manager-5] [INFO] [1789475423.589487963] [lifecycle_manager_map]: [34m[1mActivating map_server[0m[0m
[map_server-4] [INFO] [1789475423.589766348] [map_server]: Activating
[map_server-4] [INFO] [1789475423.591394771] [map_server]: Creating bond (map_server) to lifecycle manager.
[component_container-9] [INFO] [1789475423.673147916] [controller_container]: Load Library: /workspace/src/install/lib/libpure_pursuit_node.so
[component_container-9] [INFO] [1789475423.678116551] [controller_container]: Found class: rclcpp_components::NodeFactoryTemplate<f1tenth_control::PurePursuitNode>
[component_container-9] [INFO] [1789475423.678182866] [controller_container]: Instantiate class: rclcpp_components::NodeFactoryTemplate<f1tenth_control::PurePursuitNode>
[lifecycle_manager-5] [INFO] [1789475423.699445445] [lifecycle_manager_map]: Server map_server connected with bond.
[lifecycle_manager-5] [INFO] [1789475423.699512512] [lifecycle_manager_map]: [34m[1mManaged nodes are active[0m[0m
[lifecycle_manager-5] [INFO] [1789475423.699531518] [lifecycle_manager_map]: [34m[1mCreating bond timer...[0m[0m
[component_container-9] [INFO] [1789475423.712666632] [pure_pursuit_node]: Initializing Pure Pursuit Node
[gpu_amcl_cpp_node-6] [INFO] [1789475423.783955953] [gpu_amcl_cpp]: [AMCL] Parameters: update_min_d=0.02000, update_min_a=0.03500, max_scan_age=0.2500, odom_history=1.000s, cloud_publish_rate=1.0 Hz, debug_pre_resample=false, slip_threshold=1.00 rad/s, initial_raceline_heading=false, local_correction_gate=0.00m/0.00rad xy_gain=0.500 cross_track_only=false along_track_gain=0.250 fast_speed=3.00mps fast_along_gain=0.250 yaw_gain=0.000 association=0.80m recenter_cloud=true
[component_container-9] [INFO] [1789475423.788699384] [pure_pursuit_node]: Loaded trajectory with 2586 waypoints (51.7 m)
[component_container-9] [INFO] [1789475423.828552530] [pure_pursuit_node]: Pure Pursuit Node initialized
[component_container-9] [INFO] [1789475423.829318515] [pure_pursuit_node]:   Trajectory: /workspace/src/f1tenth_planning/trajectories/autodrive_track_ftg_commit_20260909_025m_mintime_raceline.csv (2586 points)
[component_container-9] [INFO] [1789475423.829342391] [pure_pursuit_node]:   Lookahead: 0.75 - 1.10 m (gain: 0.05)
[component_container-9] [INFO] [1789475423.829366746] [pure_pursuit_node]:   Max speed cap: 12.00 m/s
[component_container-9] [INFO] [1789475423.829382085] [pure_pursuit_node]:   Lookahead adapt: cte_weight=1.00 cte_gain=0.042 curvature_gain=1.900
[component_container-9] [INFO] [1789475423.829397525] [pure_pursuit_node]:   Speed adapt: curvature_factor=0.102 floor_ratio=0.52
[component_container-9] [INFO] [1789475423.829411882] [pure_pursuit_node]:   Speed adapt (CTE): factor=1.500 floor_ratio=0.55
[component_container-9] [INFO] [1789475423.829426349] [pure_pursuit_node]:   Speed limits: max_lat_accel=6.50 min_reg_speed=0.00
[component_container-9] [INFO] [1789475423.829441217] [pure_pursuit_node]:   Yaw-rate damping: 0.000 s
[component_container-9] [INFO] [1789475423.829568006] [pure_pursuit_node]:   Target-heading turn-in gain: 0.000
[component_container-9] [INFO] [1789475423.829588425] [pure_pursuit_node]:   Command shaping: steer_rate=3.20 accel=3.00 decel=8.00
[component_container-9] [INFO] [1789475423.829602491] [pure_pursuit_node]:   Startup speed ramp: 1.50 -> 12.00 m/s over 1.00 lap(s)
[component_container-9] [INFO] [1789475423.829616578] [pure_pursuit_node]:   Pose: /current_map_pose (map frame)
[component_container-9] [INFO] [1789475423.829627709] [pure_pursuit_node]:   Odom: /odom
[component_container-9] [INFO] [1789475423.829638710] [pure_pursuit_node]:   Control trigger: /odom (one command per odometry update; nominal 40.0 Hz)
[component_container-9] [INFO] [1789475423.829652536] [pure_pursuit_node]:   Steering feedback: /autodrive/roboracer_1/steering (lead gain 0.25)
[component_container-9] [INFO] [1789475423.829664889] [pure_pursuit_node]:   Startup path gate: distance <= 0.80 m, heading <= 0.75 rad
[component_container-9] [INFO] [1789475423.829678154] [pure_pursuit_node]:   Command: /cmd/speed
[gpu_amcl_cpp_node-6] [INFO] [1789475423.834816509] [gpu_amcl_cpp]: Particle cloud publishing scan-synchronized, max 1.0 Hz
[gpu_amcl_cpp_node-6] [INFO] [1789475423.834869990] [gpu_amcl_cpp]: GPU AMCL C++ node created — waiting for map...
[INFO] [launch_ros.actions.load_composable_nodes]: Loaded node '/pure_pursuit_node' in container '/controller_container'
[gpu_amcl_cpp_node-6] [INFO] [1789475423.846544208] [gpu_amcl_cpp]: Received first map (349x877 @ 0.025 m/cell) — initialising PF
[gpu_amcl_cpp_node-6] [INFO] [1789475423.870551586] [gpu_amcl_cpp]: Loaded 2587 global heading points from /workspace/src/f1tenth_planning/trajectories/autodrive_track_ftg_commit_20260909_025m_mintime_raceline.csv
[autodrive_bridge_40hz-1] /usr/local/lib/python3.10/dist-packages/numpy/core/getlimits.py:499: UserWarning: The value of the smallest subnormal for <class 'numpy.float64'> type is zero.
[autodrive_bridge_40hz-1]   setattr(self, word, getattr(machar, word).flat[0])
[autodrive_bridge_40hz-1] /usr/local/lib/python3.10/dist-packages/numpy/core/getlimits.py:89: UserWarning: The value of the smallest subnormal for <class 'numpy.float64'> type is zero.
[autodrive_bridge_40hz-1]   return self._float_to_str(self.smallest_subnormal)
[model_id_timing_recorder-8] [INFO] [1789475423.995317239] [model_id_timing_recorder]: Recording causal model-ID events to /workspace/src/sdu_apex_autodrive/artifacts/model_id/track_validation
[actuator_interface-10] [INFO] [1789475424.012795238] [autodrive_actuator_interface]: Actuator interface ready; no arming state
[actuator_interface-10] [WARN] [1789475424.014235706] [autodrive_actuator_interface]: Neutral output: no command
[ground_truth_amcl_monitor-7] [WARN] [1789475424.016127165] [ground_truth_amcl_monitor]: No map provenance supplied; AMCL error is relative-to-first-pair only
[ground_truth_amcl_monitor-7] [WARN] [1789475424.026241209] [ground_truth_amcl_monitor]: Ground-truth monitor is diagnostics-only; simulator IPS/odom are not controller inputs
[autodrive_bridge_40hz-1] [autodrive_bridge_40hz] camera decode/publication disabled
[autodrive_bridge_40hz-1] [autodrive_bridge_40hz] strict request pacing enabled at 40 Hz (2 bounded outstanding requests; missing/deadline data is a fatal fault)
[autodrive_bridge_40hz-1] Connected!
[autodrive_bridge_40hz-1] [autodrive_bridge_40hz] source 40 Hz contract established after 3 stable intervals
[gpu_amcl_cpp_node-6] [INFO] [1789475425.882622147] [gpu_amcl_cpp]: Global AMCL startup prior centred at saved map start (0.801, 3.158, -1.571) with covariance (0.500, 0.500, 0.200).
[gpu_amcl_cpp_node-6] [INFO] [1789475425.882680858] [gpu_amcl_cpp]: Particle filter initialised with 2500 particles (global)
[gpu_amcl_cpp_node-6] [INFO] [1789475425.882758635] [gpu_amcl_cpp]: Global particle initialization active; waiting for scans before publishing pose
[autodrive_bridge_40hz-1] [autodrive_bridge_40hz] FATAL timing fault: no simulator response within 0.075s; stream stopped and neutral command latched
