stdin is not a terminal device. Keyboard handling disabled.[INFO] [1789475422.076091617] [rosbag2_recorder]: Press SPACE for pausing/resuming
[INFO] [1789475422.082927505] [rosbag2_storage]: Opened database '/workspace/src/sdu_apex_autodrive/artifacts/model_id_work/run_live/live_odom_ekf_amcl_pp_12mps_lateral_candidate_20260915_final/rosbags/track_validation/track_validation_0.db3' for READ_WRITE.
[INFO] [1789475422.084946785] [rosbag2_recorder]: Listening for topics...
[INFO] [1789475422.084965080] [rosbag2_recorder]: Event publisher thread: Starting
[INFO] [1789475422.085140310] [rosbag2_recorder]: Recording...
[INFO] [1789475423.595611818] [rosbag2_recorder]: Subscribed to topic '/ekf_odom'
[INFO] [1789475423.600236895] [rosbag2_recorder]: Subscribed to topic '/odom'
[INFO] [1789475423.603754141] [rosbag2_recorder]: Subscribed to topic '/odom/diagnostics'
[INFO] [1789475423.823858393] [rosbag2_recorder]: Subscribed to topic '/amcl_pose'
[INFO] [1789475423.825267953] [rosbag2_recorder]: Subscribed to topic '/current_map_pose'
[INFO] [1789475423.929163297] [rosbag2_recorder]: Subscribed to topic '/cmd/speed'
[INFO] [1789475425.446207490] [rosbag2_recorder]: Subscribed to topic '/autodrive/roboracer_1/bridge_packet_timing'
[INFO] [1789475425.448115530] [rosbag2_recorder]: Subscribed to topic '/autodrive/roboracer_1/imu'
[INFO] [1789475425.449201229] [rosbag2_recorder]: Subscribed to topic '/autodrive/roboracer_1/left_encoder'
[INFO] [1789475425.450253986] [rosbag2_recorder]: Subscribed to topic '/autodrive/roboracer_1/throttle'
[INFO] [1789475425.451242030] [rosbag2_recorder]: Subscribed to topic '/autodrive/roboracer_1/lidar'
[INFO] [1789475425.452365209] [rosbag2_recorder]: Subscribed to topic '/autodrive/roboracer_1/right_encoder'
[INFO] [1789475425.453312417] [rosbag2_recorder]: Subscribed to topic '/autodrive/roboracer_1/steering'
[INFO] [1789475484.877631901] [rosbag2_cpp]: Writing remaining messages from cache to the bag. It may take a while
[INFO] [1789475484.883544223] [rosbag2_recorder]: Event publisher thread: Exiting
[INFO] [1789475484.883682625] [rosbag2_recorder]: Recording stopped
