[INFO] [launch]: All log files can be found below /root/.ros/log/2026-09-09-19-51-50-577982-ExternalDrive-6375
[INFO] [launch]: Default logging verbosity is set to INFO
[INFO] [launch.user]: controller=pure_pursuit custom_amcl=True rviz=False
[INFO] [autodrive_bridge_40hz-1]: process started with pid [6404]
[INFO] [sensor_odometry_node-2]: process started with pid [6406]
[INFO] [ekf_localization_node-3]: process started with pid [6408]
[INFO] [map_server-4]: process started with pid [6410]
[INFO] [lifecycle_manager-5]: process started with pid [6412]
[INFO] [gpu_amcl_cpp_node-6]: process started with pid [6414]
[INFO] [ground_truth_amcl_monitor-7]: process started with pid [6416]
[INFO] [calibration-8]: process started with pid [6418]
[INFO] [component_container-9]: process started with pid [6420]
[INFO] [actuator_interface-10]: process started with pid [6422]
[lifecycle_manager-5] [INFO] [1788983510.786702034] [lifecycle_manager_map]: Creating
[ekf_localization_node-3] [INFO] [1788983510.787002257] [ekf_localization]: Local odometry trust filter ready: /odom -> /ekf_odom and /ekf_pose in frame odom; reset events=/autodrive/reset_command
[lifecycle_manager-5] [INFO] [1788983510.791441233] [lifecycle_manager_map]: [34m[1mCreating and initializing lifecycle service clients[0m[0m
[sensor_odometry_node-2] [INFO] [1788983510.797081102] [sensor_odometry]: Deterministic odometry observer: exact timestamp packets, encoders + IMU only
[map_server-4] [INFO] [1788983510.799281449] [map_server]: 
[map_server-4] 	map_server lifecycle node launched. 
[map_server-4] 	Waiting on external lifecycle transitions to activate
[map_server-4] 	See https://design.ros2.org/articles/node_lifecycle.html for more information.
[map_server-4] [INFO] [1788983510.800400077] [map_server]: Creating
[lifecycle_manager-5] [INFO] [1788983510.875284526] [lifecycle_manager_map]: [34m[1mStarting managed nodes bringup...[0m[0m
[lifecycle_manager-5] [INFO] [1788983510.875364345] [lifecycle_manager_map]: [34m[1mConfiguring map_server[0m[0m
[component_container-9] [INFO] [1788983510.996305962] [controller_container]: Load Library: /workspace/install/lib/libpure_pursuit_node.so
[gpu_amcl_cpp_node-6] [INFO] [1788983510.997562329] [gpu_amcl_cpp]: [AMCL] Parameters: update_min_d=0.02000, update_min_a=0.03500, max_scan_age=0.2500, odom_history=1.000s, cloud_publish_rate=1.0 Hz, debug_pre_resample=false, slip_threshold=1.00 rad/s, initial_raceline_heading=false, local_correction_gate=0.00m/0.00rad xy_gain=0.250 cross_track_only=false yaw_gain=0.000 association=0.80m recenter_cloud=true
[component_container-9] [INFO] [1788983510.999931813] [controller_container]: Found class: rclcpp_components::NodeFactoryTemplate<f1tenth_control::PurePursuitNode>
[component_container-9] [INFO] [1788983511.000004630] [controller_container]: Instantiate class: rclcpp_components::NodeFactoryTemplate<f1tenth_control::PurePursuitNode>
[component_container-9] [INFO] [1788983511.012738895] [pure_pursuit_node]: Initializing Pure Pursuit Node
[gpu_amcl_cpp_node-6] [INFO] [1788983511.013564554] [gpu_amcl_cpp]: Particle cloud publishing scan-synchronized, max 1.0 Hz
[gpu_amcl_cpp_node-6] [INFO] [1788983511.013609999] [gpu_amcl_cpp]: GPU AMCL C++ node created — waiting for map...
[component_container-9] [INFO] [1788983511.018998536] [pure_pursuit_node]: Loaded trajectory with 2586 waypoints (51.7 m)
[map_server-4] [INFO] [1788983511.020786189] [map_server]: Configuring
[map_server-4] [INFO] [1788983511.020912716] [map_io]: Loading yaml file: /workspace/src/f1tenth_planning/maps/autodrive_track_ftg_commit_20260909_025m.yaml
[map_server-4] [INFO] [1788983511.021300093] [map_io]: resolution: 0.025
[map_server-4] [INFO] [1788983511.021314189] [map_io]: origin[0]: -6.82
[map_server-4] [INFO] [1788983511.021320371] [map_io]: origin[1]: -12.3
[map_server-4] [INFO] [1788983511.021325280] [map_io]: origin[2]: 0
[map_server-4] [INFO] [1788983511.021330329] [map_io]: free_thresh: 0.25
[map_server-4] [INFO] [1788983511.021335138] [map_io]: occupied_thresh: 0.65
[map_server-4] [INFO] [1788983511.021341190] [map_io]: mode: trinary
[map_server-4] [INFO] [1788983511.021346740] [map_io]: negate: 0
[map_server-4] [INFO] [1788983511.021655419] [map_io]: Loading image_file: /workspace/src/f1tenth_planning/maps/autodrive_track_ftg_commit_20260909_025m.pgm
[component_container-9] [INFO] [1788983511.024203919] [pure_pursuit_node]: Pure Pursuit Node initialized
[component_container-9] [INFO] [1788983511.024246379] [pure_pursuit_node]:   Trajectory: /workspace/src/f1tenth_planning/trajectories/autodrive_track_ftg_commit_20260909_025m_mintime_raceline.csv (2586 points)
[component_container-9] [INFO] [1788983511.024258682] [pure_pursuit_node]:   Lookahead: 0.35 - 0.95 m (gain: 0.05)
[component_container-9] [INFO] [1788983511.024285021] [pure_pursuit_node]:   Max speed cap: 3.00 m/s
[component_container-9] [INFO] [1788983511.024295752] [pure_pursuit_node]:   Lookahead adapt: cte_weight=1.00 cte_gain=0.042 curvature_gain=1.900
[component_container-9] [INFO] [1788983511.024308125] [pure_pursuit_node]:   Speed adapt: curvature_factor=0.102 floor_ratio=0.52
[component_container-9] [INFO] [1788983511.024320328] [pure_pursuit_node]:   Speed adapt (CTE): factor=1.500 floor_ratio=0.55
[component_container-9] [INFO] [1788983511.024332240] [pure_pursuit_node]:   Speed limits: max_lat_accel=6.50 min_reg_speed=0.00
[component_container-9] [INFO] [1788983511.024343912] [pure_pursuit_node]:   Yaw-rate damping: 0.000 s
[component_container-9] [INFO] [1788983511.024354412] [pure_pursuit_node]:   Target-heading turn-in gain: 0.000
[component_container-9] [INFO] [1788983511.024365342] [pure_pursuit_node]:   Command shaping: steer_rate=3.20 accel=3.00 decel=8.00
[component_container-9] [INFO] [1788983511.024385109] [pure_pursuit_node]:   Pose: /current_map_pose (map frame)
[component_container-9] [INFO] [1788983511.024394938] [pure_pursuit_node]:   Odom: /odom
[component_container-9] [INFO] [1788983511.024403914] [pure_pursuit_node]:   Control trigger: /odom (one command per odometry update; nominal 40.0 Hz)
[component_container-9] [INFO] [1788983511.024414595] [pure_pursuit_node]:   Steering feedback: /autodrive/roboracer_1/steering (lead gain 0.25)
[component_container-9] [INFO] [1788983511.024424714] [pure_pursuit_node]:   Startup path gate: distance <= 0.80 m, heading <= 0.75 rad
[component_container-9] [INFO] [1788983511.024435063] [pure_pursuit_node]:   Command: /cmd/speed
[INFO] [launch_ros.actions.load_composable_nodes]: Loaded node '/pure_pursuit_node' in container '/controller_container'
[autodrive_bridge_40hz-1] /usr/local/lib/python3.10/dist-packages/numpy/core/getlimits.py:499: UserWarning: The value of the smallest subnormal for <class 'numpy.float64'> type is zero.
[autodrive_bridge_40hz-1]   setattr(self, word, getattr(machar, word).flat[0])
[autodrive_bridge_40hz-1] /usr/local/lib/python3.10/dist-packages/numpy/core/getlimits.py:89: UserWarning: The value of the smallest subnormal for <class 'numpy.float64'> type is zero.
[autodrive_bridge_40hz-1]   return self._float_to_str(self.smallest_subnormal)
[map_server-4] [INFO] [1788983511.052747498] [map_io]: Read map /workspace/src/f1tenth_planning/maps/autodrive_track_ftg_commit_20260909_025m.pgm: 349 X 877 map @ 0.025 m/cell
[lifecycle_manager-5] [INFO] [1788983511.057638732] [lifecycle_manager_map]: [34m[1mActivating map_server[0m[0m
[map_server-4] [INFO] [1788983511.057759569] [map_server]: Activating
[map_server-4] [INFO] [1788983511.058289312] [map_server]: Creating bond (map_server) to lifecycle manager.
[gpu_amcl_cpp_node-6] [INFO] [1788983511.059060819] [gpu_amcl_cpp]: Received first map (349x877 @ 0.025 m/cell) — initialising PF
[gpu_amcl_cpp_node-6] [INFO] [1788983511.074765356] [gpu_amcl_cpp]: Loaded 2587 global heading points from /workspace/src/f1tenth_planning/trajectories/autodrive_track_ftg_commit_20260909_025m_mintime_raceline.csv
[calibration-8] [INFO] [1788983511.077202417] [allowed_telemetry_recorder]: Calibration mode=sensor_record duration=120.000 s output=/workspace/src/f1tenth_planning/analysis/amcl_tuning_campaign_20260909/acceptance_3mps_full_xy_gain025_weight090/telemetry/sensor_record_20260909_195151.csv
[ground_truth_amcl_monitor-7] [INFO] [1788983511.084983602] [ground_truth_amcl_monitor]: Absolute map scoring enabled from explicit map start: (0.8006, 3.1583, -1.5708)
[gpu_amcl_cpp_node-6] [INFO] [1788983511.090860475] [gpu_amcl_cpp]: Global AMCL startup prior centred at saved map start (0.801, 3.158, -1.571) with covariance (0.500, 0.500, 0.200).
[gpu_amcl_cpp_node-6] [INFO] [1788983511.090989397] [gpu_amcl_cpp]: Particle filter initialised with 2500 particles (global)
[gpu_amcl_cpp_node-6] [INFO] [1788983511.091075859] [gpu_amcl_cpp]: Global particle initialization active; waiting for scans before publishing pose
[ground_truth_amcl_monitor-7] [WARN] [1788983511.093960620] [ground_truth_amcl_monitor]: Ground-truth monitor is diagnostics-only; simulator IPS/odom are not controller inputs
[actuator_interface-10] [INFO] [1788983511.097593544] [autodrive_actuator_interface]: Actuator interface ready; no arming state
[actuator_interface-10] [WARN] [1788983511.101447703] [autodrive_actuator_interface]: Neutral output: no command
[lifecycle_manager-5] [INFO] [1788983511.162344285] [lifecycle_manager_map]: Server map_server connected with bond.
[lifecycle_manager-5] [INFO] [1788983511.162410369] [lifecycle_manager_map]: [34m[1mManaged nodes are active[0m[0m
[lifecycle_manager-5] [INFO] [1788983511.162422532] [lifecycle_manager_map]: [34m[1mCreating bond timer...[0m[0m
[autodrive_bridge_40hz-1] [autodrive_bridge_40hz] camera decode/publication disabled
[autodrive_bridge_40hz-1] [autodrive_bridge_40hz] bounded request pacing enabled at 40 Hz (max one outstanding request)
[autodrive_bridge_40hz-1] Connected!
[autodrive_bridge_40hz-1] [autodrive_bridge_40hz] dropping incomplete startup packet (missing V1 LIDAR Range Array); requesting retry
[component_container-9] [WARN] [1788983523.490586627] [pure_pursuit_node]: No pose received on /current_map_pose yet
[gpu_amcl_cpp_node-6] [INFO] [1788983523.490862364] [gpu_amcl_cpp]: Received first odometry sample at (0.00, 0.00, 0.00).
[gpu_amcl_cpp_node-6] [INFO] [1788983523.492208469] [gpu_amcl_cpp]: Received LiDAR callback #1 (1081 ranges).
[gpu_amcl_cpp_node-6] [INFO] [1788983523.492270265] [gpu_amcl_cpp]: AMCL odom delta: at_scan=(0.000, 0.000, 0.000) baseline=(0.000, 0.000, 0.000) delta=(0.000, 0.000, 0.000) moved=false scan_age=0.064s
[gpu_amcl_cpp_node-6] [INFO] [1788983523.492294781] [gpu_amcl_cpp]: Starting AMCL scan update #1 (sampled from 1081 ranges).
[gpu_amcl_cpp_node-6] [INFO] [1788983523.494441718] [gpu_amcl_cpp]: AMCL scan update #1 completed; evaluating pose confidence.
[gpu_amcl_cpp_node-6] [INFO] [1788983523.496137298] [gpu_amcl_cpp]: Global AMCL refining: cluster_weight=0.610, covariance xy=0.030 (max 0.250), yaw=0.004 (max 0.120).
[gpu_amcl_cpp_node-6] [INFO] [1788983523.496190277] [gpu_amcl_cpp]: Global AMCL lock evidence: quality=false stable_scans=1/5 travel=0.000/0.750 m (min_weight=0.500).
[gpu_amcl_cpp_node-6] [INFO] [1788983523.704539583] [gpu_amcl_cpp]: Publishing provisional global AMCL pose for localization ramp; travel=0.000/0.750 m stable_scans=5/5.
[ground_truth_amcl_monitor-7] [INFO] [1788983523.705476992] [ground_truth_amcl_monitor]: Relative GT alignment initialized: yaw=-0.000, translation=(-0.000, -0.001)
[ground_truth_amcl_monitor-7] [INFO] [1788983523.706047572] [ground_truth_amcl_monitor]: AMCL vs GT: gt=(0.801, 3.158) amcl=(0.801, 3.158) error=0.001 m / 0.000 rad; current_map=unavailable; odom=(0.801, 3.158, -1.571) error=0.000 m / 0.000 rad; ekf=(0.801, 3.158, -1.571) error=0.000 m / 0.000 rad; RMS=0.001 m / 0.000 rad max=0.001 m / 0.000 rad samples=1
[component_container-9] [INFO] [1788983524.001833090] [pure_pursuit_node]: Aligned closed trajectory seam to startup pose at original waypoint 1090
[component_container-9] [INFO] [1788983524.001950320] [pure_pursuit_node]: Startup path gate passed: path_distance=0.166 m heading_error=0.301 rad
[component_container-9] [INFO] [1788983524.001974696] [pure_pursuit_node]: Pure Pursuit: pose=(0.801, 3.158, -1.571) cte=-0.166 closest=0 target=41 path_dist=0.166 heading_err=0.301 steer=0.003 speed=0.003
[gpu_amcl_cpp_node-6] [INFO] [1788983524.530008717] [gpu_amcl_cpp]: AMCL odom delta: at_scan=(0.162, 0.004, 0.042) baseline=(0.115, 0.002, 0.031) delta=(0.047, 0.002, 0.011) moved=true scan_age=0.050s
[actuator_interface-10] [INFO] [1788983524.530868660] [autodrive_actuator_interface]: Collision baseline established at cumulative count 0
[ground_truth_amcl_monitor-7] [INFO] [1788983524.751731638] [ground_truth_amcl_monitor]: AMCL vs GT: gt=(0.829, 2.619) amcl=(0.820, 2.764) error=0.145 m / 0.017 rad; current_map=(0.827, 2.689, -1.464) error=0.070 m / 0.000 rad; odom=(0.820, 2.763, -1.481) error=0.144 m / 0.017 rad; ekf=(0.820, 2.763, -1.481) error=0.144 m / 0.017 rad; RMS=0.056 m / 0.006 rad max=0.168 m / 0.022 rad samples=40
[gpu_amcl_cpp_node-6] [INFO] [1788983524.854012224] [gpu_amcl_cpp]: Global AMCL candidate rejected: start-anchor distance 0.848 m > 0.750 m.
[component_container-9] [INFO] [1788983525.050041602] [pure_pursuit_node]: Pure Pursuit: pose=(0.954, 1.948, -1.356) cte=0.011 closest=60 target=107 path_dist=0.011 heading_err=0.018 steer=0.002 speed=2.929
[gpu_amcl_cpp_node-6] [INFO] [1788983525.154836433] [gpu_amcl_cpp]: Global AMCL lock accepted at (0.985, 1.804, -1.354); continuing with local tracking.
[gpu_amcl_cpp_node-6] [INFO] [1788983525.202731218] [gpu_amcl_cpp]: AMCL local correction: odom_prediction=(1.015, 1.668, -1.353) scan=(1.009, 1.657, -1.364) correction=0.012 m/0.011 rad cluster_weight=0.930 publish=true
[gpu_amcl_cpp_node-6] [INFO] [1788983525.552546990] [gpu_amcl_cpp]: AMCL odom delta: at_scan=(2.501, 0.412, 0.160) baseline=(2.356, 0.388, 0.169) delta=(0.145, 0.024, -0.008) moved=true scan_age=0.050s
[gpu_amcl_cpp_node-6] [WARN] [1788983525.656949826] [gpu_amcl_cpp]: Queued LiDAR scan until source-time odometry arrives (queued=1).
[ground_truth_amcl_monitor-7] [INFO] [1788983525.755190624] [ground_truth_amcl_monitor]: AMCL vs GT: gt=(1.308, -0.042) amcl=(1.255, 0.231) error=0.279 m / 0.010 rad; current_map=(1.273, 0.092, -1.448) error=0.139 m / 0.000 rad; odom=(1.297, 0.072, -1.448) error=0.115 m / 0.000 rad; ekf=(1.297, 0.072, -1.448) error=0.115 m / 0.000 rad; RMS=0.174 m / 0.016 rad max=0.648 m / 0.079 rad samples=72
[gpu_amcl_cpp_node-6] [WARN] [1788983525.806334293] [gpu_amcl_cpp]: No local AMCL cluster near odometry prediction; using causal odometry pose.
[component_container-9] [INFO] [1788983526.052505301] [pure_pursuit_node]: Pure Pursuit: pose=(1.361, -0.992, -1.528) cte=0.001 closest=209 target=257 path_dist=0.001 heading_err=-0.021 steer=-0.040 speed=2.970
[gpu_amcl_cpp_node-6] [INFO] [1788983526.204185645] [gpu_amcl_cpp]: AMCL local correction: odom_prediction=(1.381, -1.323, -1.563) scan=(1.397, -1.307, -1.561) correction=0.022 m/0.002 rad cluster_weight=0.955 publish=true
[gpu_amcl_cpp_node-6] [INFO] [1788983526.578756109] [gpu_amcl_cpp]: AMCL odom delta: at_scan=(5.479, 0.535, -0.095) baseline=(5.276, 0.553, -0.079) delta=(0.203, -0.018, -0.016) moved=true scan_age=0.051s
[ground_truth_amcl_monitor-7] [INFO] [1788983526.755321749] [ground_truth_amcl_monitor]: AMCL vs GT: gt=(1.293, -2.937) amcl=(1.299, -2.907) error=0.031 m / 0.000 rad; current_map=(1.297, -2.911, -1.695) error=0.027 m / 0.000 rad; odom=(1.280, -2.814, -1.695) error=0.124 m / 0.000 rad; ekf=(1.280, -2.814, -1.695) error=0.124 m / 0.000 rad; RMS=0.165 m / 0.014 rad max=0.648 m / 0.079 rad samples=111
[component_container-9] [INFO] [1788983527.054631148] [pure_pursuit_node]: Pure Pursuit: pose=(1.160, -3.910, -1.723) cte=-0.005 closest=355 target=404 path_dist=0.005 heading_err=0.008 steer=-0.010 speed=2.965
[gpu_amcl_cpp_node-6] [INFO] [1788983527.211859037] [gpu_amcl_cpp]: AMCL local correction: odom_prediction=(1.112, -4.213, -1.733) scan=(1.116, -4.202, -1.731) correction=0.012 m/0.002 rad cluster_weight=0.951 publish=true
[gpu_amcl_cpp_node-6] [INFO] [1788983527.581874317] [gpu_amcl_cpp]: AMCL odom delta: at_scan=(8.395, 0.093, -0.191) baseline=(8.248, 0.121, -0.187) delta=(0.148, -0.028, -0.005) moved=true scan_age=0.051s
[ground_truth_amcl_monitor-7] [INFO] [1788983527.782571059] [ground_truth_amcl_monitor]: AMCL vs GT: gt=(0.788, -5.938) amcl=(0.830, -5.750) error=0.193 m / 0.003 rad; current_map=(0.799, -5.898, -1.779) error=0.042 m / 0.000 rad; odom=(0.771, -5.835, -1.779) error=0.104 m / 0.000 rad; ekf=(0.771, -5.835, -1.779) error=0.104 m / 0.000 rad; RMS=0.159 m / 0.012 rad max=0.648 m / 0.079 rad samples=150
[component_container-9] [INFO] [1788983528.102616402] [pure_pursuit_node]: Pure Pursuit: pose=(0.558, -6.983, -1.801) cte=-0.001 closest=512 target=560 path_dist=0.001 heading_err=-0.000 steer=-0.008 speed=2.950
[gpu_amcl_cpp_node-6] [INFO] [1788983528.254242193] [gpu_amcl_cpp]: AMCL local correction: odom_prediction=(0.490, -7.275, -1.808) scan=(0.492, -7.258, -1.804) correction=0.017 m/0.004 rad cluster_weight=0.979 publish=true
[gpu_amcl_cpp_node-6] [INFO] [1788983528.502540021] [gpu_amcl_cpp]: Received LiDAR callback #100 (1081 ranges).
[gpu_amcl_cpp_node-6] [INFO] [1788983528.502595625] [gpu_amcl_cpp]: Starting AMCL scan update #100 (sampled from 1081 ranges).
[gpu_amcl_cpp_node-6] [INFO] [1788983528.503415102] [gpu_amcl_cpp]: AMCL scan update #100 completed; evaluating pose confidence.
[gpu_amcl_cpp_node-6] [INFO] [1788983528.602867453] [gpu_amcl_cpp]: AMCL odom delta: at_scan=(11.368, -0.609, -0.301) baseline=(11.227, -0.566, -0.287) delta=(0.141, -0.043, -0.014) moved=true scan_age=0.050s
[ground_truth_amcl_monitor-7] [INFO] [1788983528.802065134] [ground_truth_amcl_monitor]: AMCL vs GT: gt=(0.026, -8.824) amcl=(0.091, -8.664) error=0.173 m / 0.026 rad; current_map=(0.041, -8.791, -1.957) error=0.037 m / 0.000 rad; odom=(0.005, -8.735, -1.957) error=0.092 m / 0.000 rad; ekf=(0.005, -8.735, -1.957) error=0.092 m / 0.000 rad; RMS=0.154 m / 0.011 rad max=0.648 m / 0.079 rad samples=190
[component_container-9] [INFO] [1788983529.104029653] [pure_pursuit_node]: Pure Pursuit: pose=(-0.304, -9.378, -2.178) cte=0.057 closest=640 target=687 path_dist=0.057 heading_err=0.059 steer=-0.392 speed=2.389
[gpu_amcl_cpp_node-6] [INFO] [1788983529.256425549] [gpu_amcl_cpp]: AMCL local correction: odom_prediction=(-0.508, -9.657, -2.334) scan=(-0.530, -9.713, -2.312) correction=0.060 m/0.022 rad cluster_weight=0.997 publish=true
[gpu_amcl_cpp_node-6] [INFO] [1788983529.603408999] [gpu_amcl_cpp]: AMCL odom delta: at_scan=(13.031, -2.000, -1.320) baseline=(12.995, -1.880, -1.238) delta=(0.036, -0.120, -0.083) moved=true scan_age=0.050s
[ground_truth_amcl_monitor-7] [INFO] [1788983529.803457546] [ground_truth_amcl_monitor]: AMCL vs GT: gt=(-1.714, -10.212) amcl=(-1.609, -10.187) error=0.108 m / 0.077 rad; current_map=(-1.732, -10.184, 3.082) error=0.033 m / 0.000 rad; odom=(-1.570, -9.922, -3.124) error=0.324 m / 0.077 rad; ekf=(-1.570, -9.922, -3.124) error=0.324 m / 0.077 rad; RMS=0.155 m / 0.022 rad max=0.648 m / 0.083 rad samples=230
[component_container-9] [INFO] [1788983530.150877626] [pure_pursuit_node]: Pure Pursuit: pose=(-2.223, -9.998, 2.381) cte=-0.169 closest=749 target=794 path_dist=0.169 heading_err=0.120 steer=-0.214 speed=2.164
[gpu_amcl_cpp_node-6] [INFO] [1788983530.303954198] [gpu_amcl_cpp]: AMCL local correction: odom_prediction=(-2.462, -9.800, 2.243) scan=(-2.489, -9.801, 2.257) correction=0.027 m/0.015 rad cluster_weight=0.965 publish=true
[gpu_amcl_cpp_node-6] [INFO] [1788983530.651649033] [gpu_amcl_cpp]: AMCL odom delta: at_scan=(12.008, -3.466, -2.828) baseline=(12.125, -3.426, -2.794) delta=(-0.117, -0.040, -0.034) moved=true scan_age=0.049s
[ground_truth_amcl_monitor-7] [INFO] [1788983530.804308754] [ground_truth_amcl_monitor]: AMCL vs GT: gt=(-2.957, -8.742) amcl=(-2.940, -8.815) error=0.075 m / 0.024 rad; current_map=(-2.971, -8.692, 1.804) error=0.051 m / 0.000 rad; odom=(-2.768, -8.487, 1.804) error=0.318 m / 0.000 rad; ekf=(-2.768, -8.487, 1.804) error=0.318 m / 0.000 rad; RMS=0.147 m / 0.028 rad max=0.648 m / 0.100 rad samples=270
[component_container-9] [INFO] [1788983531.153408023] [pure_pursuit_node]: Pure Pursuit: pose=(-3.121, -7.706, 1.663) cte=-0.000 closest=871 target=919 path_dist=0.000 heading_err=0.027 steer=-0.039 speed=2.937
[gpu_amcl_cpp_node-6] [INFO] [1788983531.306284921] [gpu_amcl_cpp]: AMCL local correction: odom_prediction=(-3.138, -7.409, 1.630) scan=(-3.135, -7.402, 1.637) correction=0.007 m/0.007 rad cluster_weight=0.988 publish=true
[gpu_amcl_cpp_node-6] [INFO] [1788983531.702445513] [gpu_amcl_cpp]: AMCL odom delta: at_scan=(9.209, -3.728, 3.046) baseline=(9.352, -3.740, 3.067) delta=(-0.144, 0.012, -0.020) moved=true scan_age=0.050s
[ground_truth_amcl_monitor-7] [INFO] [1788983531.805272664] [ground_truth_amcl_monitor]: AMCL vs GT: gt=(-3.092, -5.958) amcl=(-3.099, -6.103) error=0.145 m / 0.022 rad; current_map=(-3.080, -5.956, 1.433) error=0.012 m / 0.000 rad; odom=(-2.895, -5.760, 1.433) error=0.280 m / 0.000 rad; ekf=(-2.895, -5.760, 1.433) error=0.280 m / 0.000 rad; RMS=0.141 m / 0.026 rad max=0.648 m / 0.100 rad samples=310
[component_container-9] [INFO] [1788983532.203672876] [pure_pursuit_node]: Pure Pursuit: pose=(-2.791, -4.675, 1.287) cte=-0.011 closest=1025 target=1073 path_dist=0.011 heading_err=-0.008 steer=-0.006 speed=2.943
[gpu_amcl_cpp_node-6] [INFO] [1788983532.354128653] [gpu_amcl_cpp]: AMCL local correction: odom_prediction=(-2.700, -4.382, 1.281) scan=(-2.707, -4.391, 1.271) correction=0.011 m/0.010 rad cluster_weight=0.953 publish=true
[gpu_amcl_cpp_node-6] [INFO] [1788983532.704655861] [gpu_amcl_cpp]: AMCL odom delta: at_scan=(6.359, -3.030, 2.869) baseline=(6.501, -3.070, 2.867) delta=(-0.142, 0.040, 0.002) moved=true scan_age=0.050s
[ground_truth_amcl_monitor-7] [INFO] [1788983532.805335143] [ground_truth_amcl_monitor]: AMCL vs GT: gt=(-2.349, -3.113) amcl=(-2.372, -3.238) error=0.128 m / 0.002 rad; current_map=(-2.330, -3.087, 1.301) error=0.032 m / 0.000 rad; odom=(-2.148, -2.905, 1.301) error=0.289 m / 0.000 rad; ekf=(-2.148, -2.905, 1.301) error=0.289 m / 0.000 rad; RMS=0.137 m / 0.025 rad max=0.648 m / 0.100 rad samples=350
[component_container-9] [INFO] [1788983533.251221053] [pure_pursuit_node]: Pure Pursuit: pose=(-1.943, -1.638, 1.319) cte=-0.001 closest=1182 target=1231 path_dist=0.001 heading_err=-0.001 steer=0.008 speed=2.985
[gpu_amcl_cpp_node-6] [INFO] [1788983533.354274158] [gpu_amcl_cpp]: AMCL local correction: odom_prediction=(-1.902, -1.480, 1.323) scan=(-1.902, -1.470, 1.311) correction=0.010 m/0.012 rad cluster_weight=0.957 publish=true
[gpu_amcl_cpp_node-6] [INFO] [1788983533.556313901] [gpu_amcl_cpp]: Received LiDAR callback #201 (1081 ranges).
[gpu_amcl_cpp_node-6] [INFO] [1788983533.556359416] [gpu_amcl_cpp]: Starting AMCL scan update #201 (sampled from 1081 ranges).
[gpu_amcl_cpp_node-6] [INFO] [1788983533.557158836] [gpu_amcl_cpp]: AMCL scan update #201 completed; evaluating pose confidence.
[gpu_amcl_cpp_node-6] [INFO] [1788983533.705958877] [gpu_amcl_cpp]: AMCL odom delta: at_scan=(3.432, -2.275, 2.921) baseline=(3.574, -2.307, 2.916) delta=(-0.142, 0.032, 0.005) moved=true scan_age=0.051s
[ground_truth_amcl_monitor-7] [INFO] [1788983533.807590777] [ground_truth_amcl_monitor]: AMCL vs GT: gt=(-1.619, -0.221) amcl=(-1.632, -0.296) error=0.076 m / 0.005 rad; current_map=(-1.600, -0.148, 1.360) error=0.075 m / 0.000 rad; odom=(-1.409, 0.024, 1.360) error=0.323 m / 0.000 rad; ekf=(-1.409, 0.024, 1.360) error=0.323 m / 0.000 rad; RMS=0.132 m / 0.023 rad max=0.648 m / 0.100 rad samples=390
[component_container-9] [INFO] [1788983534.254164898] [pure_pursuit_node]: Pure Pursuit: pose=(-1.344, 1.271, 1.428) cte=-0.011 closest=1331 target=1379 path_dist=0.011 heading_err=0.004 steer=0.040 speed=2.834
[gpu_amcl_cpp_node-6] [INFO] [1788983534.357138594] [gpu_amcl_cpp]: AMCL local correction: odom_prediction=(-1.326, 1.417, 1.445) scan=(-1.324, 1.410, 1.438) correction=0.007 m/0.006 rad cluster_weight=0.944 publish=true
[gpu_amcl_cpp_node-6] [INFO] [1788983534.753386390] [gpu_amcl_cpp]: AMCL odom delta: at_scan=(0.513, -1.890, -3.030) baseline=(0.610, -1.881, -3.070) delta=(-0.097, -0.009, 0.040) moved=true scan_age=0.049s
[ground_truth_amcl_monitor-7] [INFO] [1788983534.853399903] [ground_truth_amcl_monitor]: AMCL vs GT: gt=(-1.331, 2.657) amcl=(-1.295, 2.554) error=0.109 m / 0.054 rad; current_map=(-1.300, 2.586, 1.775) error=0.077 m / 0.000 rad; odom=(-1.105, 2.749, 1.775) error=0.244 m / 0.000 rad; ekf=(-1.105, 2.749, 1.775) error=0.244 m / 0.000 rad; RMS=0.127 m / 0.023 rad max=0.648 m / 0.100 rad samples=432
[component_container-9] [INFO] [1788983535.304075879] [pure_pursuit_node]: Pure Pursuit: pose=(-1.710, 3.397, 2.365) cte=-0.143 closest=1444 target=1488 path_dist=0.143 heading_err=-0.235 steer=0.524 speed=1.564
[gpu_amcl_cpp_node-6] [INFO] [1788983535.357754573] [gpu_amcl_cpp]: AMCL local correction: odom_prediction=(-1.691, 3.394, 2.350) scan=(-1.717, 3.452, 2.337) correction=0.064 m/0.013 rad cluster_weight=0.981 publish=true
[gpu_amcl_cpp_node-6] [INFO] [1788983535.778081704] [gpu_amcl_cpp]: AMCL odom delta: at_scan=(-0.407, -2.679, -1.656) baseline=(-0.396, -2.604, -1.766) delta=(-0.011, -0.075, 0.109) moved=true scan_age=0.049s
[ground_truth_amcl_monitor-7] [INFO] [1788983535.879023940] [ground_truth_amcl_monitor]: AMCL vs GT: gt=(-2.345, 3.660) amcl=(-2.286, 3.684) error=0.064 m / 0.109 rad; current_map=(-2.360, 3.678, -3.007) error=0.024 m / 0.000 rad; odom=(-1.952, 3.567, -3.116) error=0.403 m / 0.109 rad; ekf=(-1.952, 3.567, -3.116) error=0.403 m / 0.109 rad; RMS=0.126 m / 0.028 rad max=0.648 m / 0.123 rad samples=472
[component_container-9] [INFO] [1788983536.352282303] [pure_pursuit_node]: Pure Pursuit: pose=(-2.963, 3.215, -2.119) cte=-0.080 closest=1539 target=1584 path_dist=0.080 heading_err=0.267 steer=0.218 speed=2.168
[gpu_amcl_cpp_node-6] [INFO] [1788983536.410002448] [gpu_amcl_cpp]: AMCL local correction: odom_prediction=(-2.965, 3.204, -2.120) scan=(-2.956, 3.171, -2.118) correction=0.034 m/0.002 rad cluster_weight=0.957 publish=true
[gpu_amcl_cpp_node-6] [INFO] [1788983536.778168812] [gpu_amcl_cpp]: AMCL odom delta: at_scan=(0.874, -3.727, -0.132) baseline=(0.741, -3.707, -0.164) delta=(0.133, -0.020, 0.032) moved=true scan_age=0.048s
[ground_truth_amcl_monitor-7] [INFO] [1788983536.879030767] [ground_truth_amcl_monitor]: AMCL vs GT: gt=(-3.243, 2.084) amcl=(-3.220, 2.249) error=0.167 m / 0.011 rad; current_map=(-3.236, 2.109, -1.672) error=0.026 m / 0.000 rad; odom=(-2.957, 2.015, -1.672) error=0.295 m / 0.000 rad; ekf=(-2.957, 2.015, -1.672) error=0.295 m / 0.000 rad; RMS=0.123 m / 0.030 rad max=0.648 m / 0.123 rad samples=510
[component_container-9] [INFO] [1788983537.379283533] [pure_pursuit_node]: Pure Pursuit: pose=(-3.467, 0.745, -2.050) cte=0.072 closest=1665 target=1711 path_dist=0.072 heading_err=0.233 steer=-0.083 speed=2.292
[gpu_amcl_cpp_node-6] [INFO] [1788983537.431594823] [gpu_amcl_cpp]: AMCL local correction: odom_prediction=(-3.449, 0.779, -2.041) scan=(-3.478, 0.729, -2.018) correction=0.058 m/0.022 rad cluster_weight=0.984 publish=true
[gpu_amcl_cpp_node-6] [INFO] [1788983537.782563039] [gpu_amcl_cpp]: AMCL odom delta: at_scan=(2.928, -4.256, -0.570) baseline=(2.841, -4.203, -0.524) delta=(0.087, -0.053, -0.046) moved=true scan_age=0.051s
[ground_truth_amcl_monitor-7] [INFO] [1788983537.903310713] [ground_truth_amcl_monitor]: AMCL vs GT: gt=(-3.995, -0.148) amcl=(-3.896, 0.039) error=0.211 m / 0.101 rad; current_map=(-3.916, 0.017, -2.367) error=0.183 m / 0.000 rad; odom=(-3.529, 0.136, -2.367) error=0.545 m / 0.000 rad; ekf=(-3.529, 0.136, -2.367) error=0.545 m / 0.000 rad; RMS=0.129 m / 0.031 rad max=0.648 m / 0.126 rad samples=550
[component_container-9] [INFO] [1788983538.401640012] [pure_pursuit_node]: Pure Pursuit: pose=(-4.713, -0.494, -3.100) cte=-0.008 closest=1762 target=1807 path_dist=0.008 heading_err=-0.020 steer=-0.524 speed=1.970
[gpu_amcl_cpp_node-6] [INFO] [1788983538.455668883] [gpu_amcl_cpp]: AMCL local correction: odom_prediction=(-4.721, -0.510, -3.090) scan=(-4.700, -0.549, -3.072) correction=0.045 m/0.017 rad cluster_weight=0.981 publish=true
[gpu_amcl_cpp_node-6] [INFO] [1788983538.557698569] [gpu_amcl_cpp]: Received LiDAR callback #299 (1081 ranges).
[gpu_amcl_cpp_node-6] [INFO] [1788983538.557762349] [gpu_amcl_cpp]: Starting AMCL scan update #299 (sampled from 1081 ranges).
[gpu_amcl_cpp_node-6] [INFO] [1788983538.558585202] [gpu_amcl_cpp]: AMCL scan update #299 completed; evaluating pose confidence.
[gpu_amcl_cpp_node-6] [INFO] [1788983538.831058857] [gpu_amcl_cpp]: AMCL odom delta: at_scan=(3.070, -5.684, -2.377) baseline=(3.141, -5.611, -2.304) delta=(-0.071, -0.074, -0.073) moved=true scan_age=0.051s
[ground_truth_amcl_monitor-7] [INFO] [1788983538.932482065] [ground_truth_amcl_monitor]: AMCL vs GT: gt=(-5.434, -0.124) amcl=(-5.379, -0.165) error=0.068 m / 0.062 rad; current_map=(-5.440, -0.087, 2.203) error=0.038 m / 0.000 rad; odom=(-5.013, 0.243, 2.203) error=0.559 m / 0.000 rad; ekf=(-4.952, 0.165, 2.265) error=0.562 m / 0.062 rad; RMS=0.128 m / 0.035 rad max=0.648 m / 0.193 rad samples=590
[component_container-9] [INFO] [1788983539.451401475] [pure_pursuit_node]: Pure Pursuit: pose=(-5.974, 1.313, 1.787) cte=-0.013 closest=1879 target=1928 path_dist=0.013 heading_err=0.004 steer=-0.047 speed=2.906
[gpu_amcl_cpp_node-6] [INFO] [1788983539.503339585] [gpu_amcl_cpp]: AMCL local correction: odom_prediction=(-5.977, 1.321, 1.786) scan=(-5.977, 1.311, 1.785) correction=0.010 m/0.001 rad cluster_weight=0.955 publish=true
[gpu_amcl_cpp_node-6] [INFO] [1788983539.853806410] [gpu_amcl_cpp]: AMCL odom delta: at_scan=(0.508, -6.502, -3.054) baseline=(0.652, -6.488, -3.037) delta=(-0.144, -0.014, -0.016) moved=true scan_age=0.051s
[ground_truth_amcl_monitor-7] [INFO] [1788983539.953181246] [ground_truth_amcl_monitor]: AMCL vs GT: gt=(-6.160, 2.616) amcl=(-6.140, 2.450) error=0.167 m / 0.015 rad; current_map=(-6.149, 2.595, 1.628) error=0.024 m / 0.000 rad; odom=(-5.723, 2.943, 1.628) error=0.546 m / 0.000 rad; ekf=(-5.723, 2.943, 1.628) error=0.546 m / 0.000 rad; RMS=0.127 m / 0.034 rad max=0.648 m / 0.193 rad samples=630
[component_container-9] [INFO] [1788983540.458138718] [pure_pursuit_node]: Pure Pursuit: pose=(-6.101, 4.214, 1.445) cte=0.001 closest=2025 target=2074 path_dist=0.001 heading_err=-0.000 steer=-0.049 speed=2.934
[gpu_amcl_cpp_node-6] [INFO] [1788983540.529098196] [gpu_amcl_cpp]: AMCL local correction: odom_prediction=(-6.096, 4.269, 1.438) scan=(-6.100, 4.282, 1.436) correction=0.013 m/0.002 rad cluster_weight=0.984 publish=true
[gpu_amcl_cpp_node-6] [INFO] [1788983540.876147331] [gpu_amcl_cpp]: AMCL odom delta: at_scan=(-2.470, -6.250, 2.841) baseline=(-2.330, -6.292, 2.867) delta=(-0.139, 0.041, -0.026) moved=true scan_age=0.048s
[ground_truth_amcl_monitor-7] [INFO] [1788983540.977961503] [ground_truth_amcl_monitor]: AMCL vs GT: gt=(-5.797, 5.570) amcl=(-5.831, 5.413) error=0.161 m / 0.026 rad; current_map=(-5.783, 5.547, 1.218) error=0.027 m / 0.000 rad; odom=(-5.356, 5.903, 1.218) error=0.552 m / 0.000 rad; ekf=(-5.356, 5.903, 1.218) error=0.552 m / 0.000 rad; RMS=0.127 m / 0.034 rad max=0.648 m / 0.193 rad samples=670
[component_container-9] [INFO] [1788983541.477200048] [pure_pursuit_node]: Pure Pursuit: pose=(-5.029, 6.795, 0.864) cte=0.050 closest=2168 target=2215 path_dist=0.050 heading_err=-0.031 steer=-0.161 speed=2.583
[gpu_amcl_cpp_node-6] [INFO] [1788983541.578130943] [gpu_amcl_cpp]: AMCL local correction: odom_prediction=(-4.943, 6.891, 0.810) scan=(-4.942, 6.905, 0.829) correction=0.015 m/0.019 rad cluster_weight=0.995 publish=true
[gpu_amcl_cpp_node-6] [INFO] [1788983541.878181905] [gpu_amcl_cpp]: AMCL odom delta: at_scan=(-4.494, -4.717, 2.023) baseline=(-4.438, -4.829, 2.057) delta=(-0.057, 0.112, -0.035) moved=true scan_age=0.050s
[ground_truth_amcl_monitor-7] [INFO] [1788983541.979261238] [ground_truth_amcl_monitor]: AMCL vs GT: gt=(-4.043, 7.501) amcl=(-4.201, 7.412) error=0.182 m / 0.046 rad; current_map=(-4.078, 7.462, 0.366) error=0.052 m / 0.000 rad; odom=(-3.674, 7.758, 0.366) error=0.449 m / 0.000 rad; ekf=(-3.674, 7.758, 0.366) error=0.449 m / 0.000 rad; RMS=0.126 m / 0.034 rad max=0.648 m / 0.193 rad samples=710
[component_container-9] [INFO] [1788983542.479303692] [pure_pursuit_node]: Pure Pursuit: pose=(-2.601, 7.530, -0.276) cte=-0.028 closest=2301 target=2349 path_dist=0.028 heading_err=-0.002 steer=-0.135 speed=2.764
[gpu_amcl_cpp_node-6] [INFO] [1788983542.581119346] [gpu_amcl_cpp]: AMCL local correction: odom_prediction=(-2.460, 7.496, -0.339) scan=(-2.443, 7.504, -0.330) correction=0.018 m/0.009 rad cluster_weight=0.975 publish=true
[gpu_amcl_cpp_node-6] [INFO] [1788983542.882141289] [gpu_amcl_cpp]: AMCL odom delta: at_scan=(-4.222, -2.204, 0.954) baseline=(-4.296, -2.313, 0.996) delta=(0.074, 0.109, -0.042) moved=true scan_age=0.051s
[ground_truth_amcl_monitor-7] [INFO] [1788983543.004829364] [ground_truth_amcl_monitor]: AMCL vs GT: gt=(-1.431, 6.902) amcl=(-1.622, 7.055) error=0.245 m / 0.056 rad; current_map=(-1.477, 6.936, -0.715) error=0.056 m / 0.000 rad; odom=(-1.294, 7.299, -0.659) error=0.420 m / 0.056 rad; ekf=(-1.294, 7.299, -0.659) error=0.420 m / 0.056 rad; RMS=0.126 m / 0.034 rad max=0.648 m / 0.193 rad samples=750
[component_container-9] [INFO] [1788983543.482032889] [pure_pursuit_node]: Pure Pursuit: pose=(-0.524, 5.809, -1.015) cte=-0.023 closest=2439 target=2486 path_dist=0.023 heading_err=0.024 steer=-0.050 speed=2.835
[gpu_amcl_cpp_node-6] [INFO] [1788983543.609684263] [gpu_amcl_cpp]: Received LiDAR callback #397 (1081 ranges).
[gpu_amcl_cpp_node-6] [INFO] [1788983543.609780153] [gpu_amcl_cpp]: Starting AMCL scan update #397 (sampled from 1081 ranges).
[gpu_amcl_cpp_node-6] [INFO] [1788983543.610350903] [gpu_amcl_cpp]: AMCL scan update #397 completed; evaluating pose confidence.
[gpu_amcl_cpp_node-6] [INFO] [1788983543.610848136] [gpu_amcl_cpp]: AMCL local correction: odom_prediction=(-0.409, 5.628, -1.049) scan=(-0.392, 5.620, -1.047) correction=0.018 m/0.002 rad cluster_weight=0.962 publish=true
[gpu_amcl_cpp_node-6] [INFO] [1788983543.931020550] [gpu_amcl_cpp]: AMCL odom delta: at_scan=(-1.926, -0.523, 0.420) baseline=(-2.058, -0.583, 0.432) delta=(0.132, 0.060, -0.012) moved=true scan_age=0.050s
[ground_truth_amcl_monitor-7] [INFO] [1788983544.033635633] [ground_truth_amcl_monitor]: AMCL vs GT: gt=(0.149, 4.487) amcl=(0.078, 4.675) error=0.201 m / 0.012 rad; current_map=(0.135, 4.541, -1.176) error=0.056 m / 0.000 rad; odom=(0.336, 4.950, -1.164) error=0.499 m / 0.012 rad; ekf=(0.336, 4.950, -1.164) error=0.499 m / 0.012 rad; RMS=0.128 m / 0.033 rad max=0.648 m / 0.193 rad samples=788
[component_container-9] [INFO] [1788983544.501117394] [pure_pursuit_node]: Pure Pursuit: pose=(0.646, 3.131, -1.277) cte=-0.010 closest=2585 target=47 path_dist=0.010 heading_err=0.009 steer=-0.016 speed=2.923
[gpu_amcl_cpp_node-6] [INFO] [1788983544.655306625] [gpu_amcl_cpp]: AMCL local correction: odom_prediction=(0.732, 2.844, -1.290) scan=(0.731, 2.840, -1.296) correction=0.004 m/0.006 rad cluster_weight=0.949 publish=true
[gpu_amcl_cpp_node-6] [WARN] [1788983544.707202125] [gpu_amcl_cpp]: No local AMCL cluster near odometry prediction; using causal odometry pose.
[gpu_amcl_cpp_node-6] [INFO] [1788983544.953952682] [gpu_amcl_cpp]: AMCL odom delta: at_scan=(0.899, 0.403, 0.233) baseline=(0.758, 0.369, 0.240) delta=(0.142, 0.034, -0.007) moved=true scan_age=0.049s
[ground_truth_amcl_monitor-7] [INFO] [1788983545.053473352] [ground_truth_amcl_monitor]: AMCL vs GT: gt=(1.029, 1.637) amcl=(0.987, 1.857) error=0.224 m / 0.009 rad; current_map=(1.020, 1.711, -1.354) error=0.075 m / 0.000 rad; odom=(1.270, 1.969, -1.354) error=0.410 m / 0.000 rad; ekf=(1.270, 1.969, -1.354) error=0.410 m / 0.000 rad; RMS=0.129 m / 0.032 rad max=0.648 m / 0.193 rad samples=828
[component_container-9] [INFO] [1788983545.528083633] [pure_pursuit_node]: Pure Pursuit: pose=(1.267, 0.188, -1.447) cte=0.012 closest=149 target=198 path_dist=0.012 heading_err=-0.008 steer=-0.023 speed=2.922
[gpu_amcl_cpp_node-6] [INFO] [1788983545.683304940] [gpu_amcl_cpp]: AMCL local correction: odom_prediction=(1.302, -0.112, -1.464) scan=(1.285, -0.175, -1.453) correction=0.065 m/0.011 rad cluster_weight=0.902 publish=true
[gpu_amcl_cpp_node-6] [INFO] [1788983545.956196279] [gpu_amcl_cpp]: AMCL odom delta: at_scan=(3.836, 0.825, 0.035) baseline=(3.687, 0.819, 0.046) delta=(0.149, 0.006, -0.012) moved=true scan_age=0.053s
[ground_truth_amcl_monitor-7] [INFO] [1788983546.055739892] [ground_truth_amcl_monitor]: AMCL vs GT: gt=(1.390, -1.294) amcl=(1.367, -1.140) error=0.156 m / 0.010 rad; current_map=(1.370, -1.289, -1.557) error=0.020 m / 0.000 rad; odom=(1.633, -0.985, -1.557) error=0.393 m / 0.000 rad; ekf=(1.633, -0.985, -1.557) error=0.393 m / 0.000 rad; RMS=0.131 m / 0.032 rad max=0.648 m / 0.193 rad samples=866
[component_container-9] [INFO] [1788983546.576119994] [pure_pursuit_node]: Pure Pursuit: pose=(1.288, -2.963, -1.697) cte=-0.014 closest=307 target=355 path_dist=0.014 heading_err=0.022 steer=-0.010 speed=2.922
[gpu_amcl_cpp_node-6] [INFO] [1788983546.727570659] [gpu_amcl_cpp]: AMCL local correction: odom_prediction=(1.251, -3.254, -1.705) scan=(1.260, -3.250, -1.704) correction=0.010 m/0.001 rad cluster_weight=0.935 publish=true
[gpu_amcl_cpp_node-6] [INFO] [1788983546.977588635] [gpu_amcl_cpp]: AMCL odom delta: at_scan=(6.818, 0.588, -0.153) baseline=(6.671, 0.610, -0.148) delta=(0.147, -0.022, -0.005) moved=true scan_age=0.050s
[ground_truth_amcl_monitor-7] [INFO] [1788983547.078538025] [ground_truth_amcl_monitor]: AMCL vs GT: gt=(1.097, -4.268) amcl=(1.128, -4.111) error=0.160 m / 0.005 rad; current_map=(1.104, -4.261, -1.734) error=0.009 m / 0.000 rad; odom=(1.340, -3.960, -1.734) error=0.391 m / 0.000 rad; ekf=(1.340, -3.960, -1.734) error=0.391 m / 0.000 rad; RMS=0.130 m / 0.031 rad max=0.648 m / 0.193 rad samples=906
[component_container-9] [INFO] [1788983547.600275122] [pure_pursuit_node]: Pure Pursuit: pose=(0.792, -5.936, -1.779) cte=-0.002 closest=458 target=507 path_dist=0.002 heading_err=0.001 steer=-0.008 speed=2.984
[gpu_amcl_cpp_node-6] [INFO] [1788983547.756179079] [gpu_amcl_cpp]: AMCL local correction: odom_prediction=(0.726, -6.232, -1.786) scan=(0.728, -6.209, -1.784) correction=0.023 m/0.002 rad cluster_weight=0.934 publish=true
[gpu_amcl_cpp_node-6] [INFO] [1788983548.004017838] [gpu_amcl_cpp]: AMCL odom delta: at_scan=(9.851, -0.009, -0.228) baseline=(9.707, 0.024, -0.226) delta=(0.144, -0.033, -0.002) moved=true scan_age=0.049s
[ground_truth_amcl_monitor-7] [INFO] [1788983548.107455024] [ground_truth_amcl_monitor]: AMCL vs GT: gt=(0.487, -7.256) amcl=(0.531, -7.083) error=0.178 m / 0.003 rad; current_map=(0.497, -7.230, -1.804) error=0.028 m / 0.000 rad; odom=(0.756, -6.838, -1.801) error=0.497 m / 0.003 rad; ekf=(0.756, -6.838, -1.801) error=0.497 m / 0.003 rad; RMS=0.130 m / 0.030 rad max=0.648 m / 0.193 rad samples=946
[component_container-9] [INFO] [1788983548.652037823] [pure_pursuit_node]: Pure Pursuit: pose=(-0.041, -8.993, -1.965) cte=0.002 closest=617 target=665 path_dist=0.002 heading_err=-0.031 steer=-0.432 speed=2.549
[gpu_amcl_cpp_node-6] [INFO] [1788983548.653275204] [gpu_amcl_cpp]: Received LiDAR callback #494 (1081 ranges).
[gpu_amcl_cpp_node-6] [INFO] [1788983548.653322252] [gpu_amcl_cpp]: Starting AMCL scan update #494 (sampled from 1081 ranges).
[gpu_amcl_cpp_node-6] [INFO] [1788983548.654418208] [gpu_amcl_cpp]: AMCL scan update #494 completed; evaluating pose confidence.
[gpu_amcl_cpp_node-6] [INFO] [1788983548.803905811] [gpu_amcl_cpp]: AMCL local correction: odom_prediction=(-0.038, -8.975, -2.124) scan=(-0.079, -9.046, -2.103) correction=0.082 m/0.021 rad cluster_weight=0.988 publish=true
[gpu_amcl_cpp_node-6] [INFO] [1788983549.054859913] [gpu_amcl_cpp]: AMCL odom delta: at_scan=(12.264, -0.904, -0.647) baseline=(12.165, -0.828, -0.666) delta=(0.099, -0.076, 0.019) moved=true scan_age=0.051s
[ground_truth_amcl_monitor-7] [INFO] [1788983549.152789789] [ground_truth_amcl_monitor]: AMCL vs GT: gt=(-0.627, -9.767) amcl=(-0.499, -9.582) error=0.225 m / 0.065 rad; current_map=(-0.576, -9.674, -2.302) error=0.106 m / 0.000 rad; odom=(-0.260, -9.299, -2.302) error=0.595 m / 0.000 rad; ekf=(-0.260, -9.299, -2.302) error=0.595 m / 0.000 rad; RMS=0.131 m / 0.030 rad max=0.648 m / 0.193 rad samples=986
[component_container-9] [INFO] [1788983549.654514500] [pure_pursuit_node]: Pure Pursuit: pose=(-1.599, -9.947, 2.832) cte=0.138 closest=722 target=769 path_dist=0.138 heading_err=0.098 steer=-0.337 speed=2.187
[gpu_amcl_cpp_node-6] [INFO] [1788983549.811236512] [gpu_amcl_cpp]: AMCL local correction: odom_prediction=(-1.732, -9.892, 2.614) scan=(-1.760, -9.881, 2.630) correction=0.030 m/0.016 rad cluster_weight=0.984 publish=true
[gpu_amcl_cpp_node-6] [INFO] [1788983550.077344529] [gpu_amcl_cpp]: AMCL odom delta: at_scan=(12.225, -2.499, -2.274) baseline=(12.290, -2.426, -2.307) delta=(-0.065, -0.074, 0.033) moved=true scan_age=0.049s
[ground_truth_amcl_monitor-7] [INFO] [1788983550.177797067] [ground_truth_amcl_monitor]: AMCL vs GT: gt=(-2.338, -9.425) amcl=(-2.244, -9.479) error=0.109 m / 0.010 rad; current_map=(-2.320, -9.415, 2.440) error=0.020 m / 0.000 rad; odom=(-1.852, -8.940, 2.440) error=0.687 m / 0.000 rad; ekf=(-1.852, -8.940, 2.440) error=0.687 m / 0.000 rad; RMS=0.131 m / 0.032 rad max=0.648 m / 0.193 rad samples=1026
[component_container-9] [INFO] [1788983550.680046191] [pure_pursuit_node]: Pure Pursuit: pose=(-3.048, -8.266, 1.812) cte=-0.025 closest=843 target=891 path_dist=0.025 heading_err=0.006 steer=-0.090 speed=2.789
[gpu_amcl_cpp_node-6] [INFO] [1788983550.830216284] [gpu_amcl_cpp]: AMCL local correction: odom_prediction=(-3.105, -7.998, 1.737) scan=(-3.107, -7.993, 1.749) correction=0.005 m/0.012 rad cluster_weight=0.986 publish=true
[gpu_amcl_cpp_node-6] [INFO] [1788983551.081291193] [gpu_amcl_cpp]: AMCL odom delta: at_scan=(10.032, -3.470, -3.113) baseline=(10.173, -3.464, -3.089) delta=(-0.141, -0.006, -0.023) moved=true scan_age=0.053s
[ground_truth_amcl_monitor-7] [INFO] [1788983551.183159147] [ground_truth_amcl_monitor]: AMCL vs GT: gt=(-3.177, -7.014) amcl=(-3.170, -7.163) error=0.150 m / 0.020 rad; current_map=(-3.170, -7.019, 1.558) error=0.009 m / 0.000 rad; odom=(-2.673, -6.725, 1.577) error=0.581 m / 0.020 rad; ekf=(-2.673, -6.725, 1.577) error=0.581 m / 0.020 rad; RMS=0.129 m / 0.033 rad max=0.648 m / 0.193 rad samples=1066
[component_container-9] [INFO] [1788983551.702712849] [pure_pursuit_node]: Pure Pursuit: pose=(-2.967, -5.359, 1.347) cte=0.000 closest=989 target=1038 path_dist=0.000 heading_err=-0.014 steer=-0.034 speed=2.921
[gpu_amcl_cpp_node-6] [INFO] [1788983551.856160490] [gpu_amcl_cpp]: AMCL local correction: odom_prediction=(-2.895, -5.066, 1.316) scan=(-2.902, -5.067, 1.307) correction=0.008 m/0.009 rad cluster_weight=0.928 publish=true
[gpu_amcl_cpp_node-6] [INFO] [1788983552.109170589] [gpu_amcl_cpp]: AMCL odom delta: at_scan=(7.101, -3.007, 2.855) baseline=(7.244, -3.049, 2.857) delta=(-0.143, 0.042, -0.002) moved=true scan_age=0.052s
[ground_truth_amcl_monitor-7] [INFO] [1788983552.227754546] [ground_truth_amcl_monitor]: AMCL vs GT: gt=(-2.612, -4.028) amcl=(-2.636, -4.151) error=0.126 m / 0.001 rad; current_map=(-2.595, -4.011, 1.285) error=0.024 m / 0.000 rad; odom=(-2.106, -3.598, 1.285) error=0.664 m / 0.000 rad; ekf=(-2.106, -3.598, 1.285) error=0.664 m / 0.000 rad; RMS=0.128 m / 0.032 rad max=0.648 m / 0.193 rad samples=1106
[component_container-9] [INFO] [1788983552.726121049] [pure_pursuit_node]: Pure Pursuit: pose=(-2.151, -2.427, 1.307) cte=-0.002 closest=1141 target=1190 path_dist=0.002 heading_err=0.003 steer=0.004 speed=2.979
[gpu_amcl_cpp_node-6] [INFO] [1788983552.882066425] [gpu_amcl_cpp]: AMCL local correction: odom_prediction=(-2.067, -2.114, 1.311) scan=(-2.064, -2.122, 1.304) correction=0.009 m/0.007 rad cluster_weight=0.944 publish=true
[gpu_amcl_cpp_node-6] [INFO] [1788983553.151625495] [gpu_amcl_cpp]: AMCL odom delta: at_scan=(4.073, -2.173, 2.899) baseline=(4.278, -2.224, 2.894) delta=(-0.204, 0.051, 0.005) moved=true scan_age=0.049s
[ground_truth_amcl_monitor-7] [INFO] [1788983553.254281276] [ground_truth_amcl_monitor]: AMCL vs GT: gt=(-1.816, -1.086) amcl=(-1.822, -1.166) error=0.080 m / 0.004 rad; current_map=(-1.786, -1.020, 1.336) error=0.073 m / 0.000 rad; odom=(-1.301, -0.622, 1.336) error=0.694 m / 0.000 rad; ekf=(-1.301, -0.622, 1.336) error=0.694 m / 0.000 rad; RMS=0.127 m / 0.031 rad max=0.648 m / 0.193 rad samples=1146
[gpu_amcl_cpp_node-6] [INFO] [1788983553.680778754] [gpu_amcl_cpp]: Received LiDAR callback #592 (1081 ranges).
[gpu_amcl_cpp_node-6] [INFO] [1788983553.680842353] [gpu_amcl_cpp]: Starting AMCL scan update #592 (sampled from 1081 ranges).
[gpu_amcl_cpp_node-6] [INFO] [1788983553.682198417] [gpu_amcl_cpp]: AMCL scan update #592 completed; evaluating pose confidence.
[component_container-9] [INFO] [1788983553.730963475] [pure_pursuit_node]: Pure Pursuit: pose=(-1.466, 0.526, 1.379) cte=-0.012 closest=1293 target=1341 path_dist=0.012 heading_err=0.009 steer=0.018 speed=2.883
[gpu_amcl_cpp_node-6] [INFO] [1788983553.904531676] [gpu_amcl_cpp]: AMCL local correction: odom_prediction=(-1.409, 0.876, 1.395) scan=(-1.412, 0.872, 1.389) correction=0.005 m/0.007 rad cluster_weight=0.925 publish=true
[gpu_amcl_cpp_node-6] [INFO] [1788983554.152717847] [gpu_amcl_cpp]: AMCL odom delta: at_scan=(1.190, -1.599, 3.034) baseline=(1.327, -1.615, 3.016) delta=(-0.137, 0.016, 0.018) moved=true scan_age=0.050s
[ground_truth_amcl_monitor-7] [INFO] [1788983554.255284421] [ground_truth_amcl_monitor]: AMCL vs GT: gt=(-1.291, 1.783) amcl=(-1.293, 1.705) error=0.078 m / 0.025 rad; current_map=(-1.283, 1.846, 1.509) error=0.064 m / 0.000 rad; odom=(-0.775, 2.247, 1.509) error=0.694 m / 0.000 rad; ekf=(-0.775, 2.247, 1.509) error=0.694 m / 0.000 rad; RMS=0.126 m / 0.031 rad max=0.648 m / 0.193 rad samples=1184
[component_container-9] [INFO] [1788983554.753214065] [pure_pursuit_node]: Pure Pursuit: pose=(-1.392, 2.820, 2.021) cte=-0.060 closest=1410 target=1454 path_dist=0.060 heading_err=-0.217 steer=0.101 speed=1.833
[gpu_amcl_cpp_node-6] [INFO] [1788983554.906010133] [gpu_amcl_cpp]: AMCL local correction: odom_prediction=(-1.517, 3.120, 2.003) scan=(-1.535, 3.191, 1.993) correction=0.073 m/0.011 rad cluster_weight=0.978 publish=true
[gpu_amcl_cpp_node-6] [INFO] [1788983555.177568063] [gpu_amcl_cpp]: AMCL odom delta: at_scan=(-0.463, -1.930, -2.264) baseline=(-0.453, -1.919, -2.368) delta=(-0.010, -0.011, 0.104) moved=true scan_age=0.050s
[ground_truth_amcl_monitor-7] [INFO] [1788983555.278862961] [ground_truth_amcl_monitor]: AMCL vs GT: gt=(-1.837, 3.573) amcl=(-1.741, 3.494) error=0.124 m / 0.090 rad; current_map=(-1.778, 3.519, 2.606) error=0.081 m / 0.000 rad; odom=(-1.146, 3.634, 2.516) error=0.693 m / 0.090 rad; ekf=(-1.146, 3.634, 2.516) error=0.693 m / 0.090 rad; RMS=0.126 m / 0.032 rad max=0.648 m / 0.193 rad samples=1224
[component_container-9] [INFO] [1788983555.775291840] [pure_pursuit_node]: Pure Pursuit: pose=(-2.591, 3.589, -2.548) cte=-0.178 closest=1507 target=1552 path_dist=0.178 heading_err=-0.006 steer=0.222 speed=1.612
[gpu_amcl_cpp_node-6] [INFO] [1788983555.930010245] [gpu_amcl_cpp]: AMCL local correction: odom_prediction=(-2.683, 3.494, -2.405) scan=(-2.663, 3.489, -2.395) correction=0.020 m/0.010 rad cluster_weight=0.966 publish=true
[gpu_amcl_cpp_node-6] [WARN] [1788983556.176581026] [gpu_amcl_cpp]: Queued LiDAR scan until source-time odometry arrives (queued=1).
[gpu_amcl_cpp_node-6] [INFO] [1788983556.181385428] [gpu_amcl_cpp]: AMCL odom delta: at_scan=(-0.103, -3.135, -0.561) baseline=(-0.173, -3.088, -0.621) delta=(0.070, -0.047, 0.060) moved=true scan_age=0.054s
[ground_truth_amcl_monitor-7] [INFO] [1788983556.278957373] [ground_truth_amcl_monitor]: AMCL vs GT: gt=(-3.017, 3.003) amcl=(-2.969, 3.099) error=0.108 m / 0.059 rad; current_map=(-3.015, 3.008, -2.016) error=0.005 m / 0.000 rad; odom=(-2.381, 3.183, -2.074) error=0.661 m / 0.059 rad; ekf=(-2.381, 3.183, -2.074) error=0.661 m / 0.059 rad; RMS=0.124 m / 0.033 rad max=0.648 m / 0.193 rad samples=1264
[component_container-9] [INFO] [1788983556.801606253] [pure_pursuit_node]: Pure Pursuit: pose=(-3.292, 1.581, -1.658) cte=0.024 closest=1622 target=1670 path_dist=0.024 heading_err=-0.028 steer=-0.032 speed=2.740
[gpu_amcl_cpp_node-6] [INFO] [1788983556.954553395] [gpu_amcl_cpp]: AMCL local correction: odom_prediction=(-3.319, 1.312, -1.678) scan=(-3.320, 1.304, -1.665) correction=0.008 m/0.013 rad cluster_weight=0.967 publish=true
[gpu_amcl_cpp_node-6] [INFO] [1788983557.207659135] [gpu_amcl_cpp]: AMCL odom delta: at_scan=(2.257, -3.656, -0.466) baseline=(2.216, -3.637, -0.388) delta=(0.041, -0.019, -0.078) moved=true scan_age=0.051s
[ground_truth_amcl_monitor-7] [INFO] [1788983557.330732713] [ground_truth_amcl_monitor]: AMCL vs GT: gt=(-3.610, 0.446) amcl=(-3.477, 0.713) error=0.299 m / 0.046 rad; current_map=(-3.508, 0.662, -2.149) error=0.239 m / 0.000 rad; odom=(-2.870, 0.875, -2.103) error=0.856 m / 0.046 rad; ekf=(-2.870, 0.875, -2.103) error=0.856 m / 0.046 rad; RMS=0.125 m / 0.033 rad max=0.648 m / 0.193 rad samples=1304
[component_container-9] [INFO] [1788983557.852625265] [pure_pursuit_node]: Pure Pursuit: pose=(-4.123, -0.173, -2.721) cte=0.122 closest=1727 target=1771 path_dist=0.122 heading_err=0.110 steer=-0.454 speed=1.696
[gpu_amcl_cpp_node-6] [INFO] [1788983557.957229891] [gpu_amcl_cpp]: AMCL local correction: odom_prediction=(-4.270, -0.278, -2.779) scan=(-4.303, -0.348, -2.762) correction=0.078 m/0.017 rad cluster_weight=0.981 publish=true
[gpu_amcl_cpp_node-6] [INFO] [1788983558.208455775] [gpu_amcl_cpp]: AMCL odom delta: at_scan=(3.055, -4.732, -1.768) baseline=(3.068, -4.644, -1.669) delta=(-0.013, -0.087, -0.098) moved=true scan_age=0.051s
[ground_truth_amcl_monitor-7] [INFO] [1788983558.332091808] [ground_truth_amcl_monitor]: AMCL vs GT: gt=(-4.900, -0.356) amcl=(-4.894, -0.329) error=0.028 m / 0.000 rad; current_map=(-4.897, -0.329, 2.685) error=0.028 m / 0.000 rad; odom=(-4.118, 0.165, 2.685) error=0.940 m / 0.000 rad; ekf=(-4.118, 0.165, 2.685) error=0.940 m / 0.000 rad; RMS=0.126 m / 0.034 rad max=0.648 m / 0.193 rad samples=1343
[gpu_amcl_cpp_node-6] [INFO] [1788983558.704105353] [gpu_amcl_cpp]: Received LiDAR callback #690 (1081 ranges).
[gpu_amcl_cpp_node-6] [INFO] [1788983558.704160366] [gpu_amcl_cpp]: Starting AMCL scan update #690 (sampled from 1081 ranges).
[gpu_amcl_cpp_node-6] [INFO] [1788983558.705267713] [gpu_amcl_cpp]: AMCL scan update #690 completed; evaluating pose confidence.
[component_container-9] [INFO] [1788983558.854195106] [pure_pursuit_node]: Pure Pursuit: pose=(-5.607, 0.440, 2.163) cte=0.088 closest=1832 target=1878 path_dist=0.088 heading_err=-0.208 steer=-0.143 speed=2.566
[gpu_amcl_cpp_node-6] [INFO] [1788983559.006129108] [gpu_amcl_cpp]: AMCL local correction: odom_prediction=(-5.740, 0.657, 2.053) scan=(-5.738, 0.655, 2.053) correction=0.003 m/0.000 rad cluster_weight=0.938 publish=true
[gpu_amcl_cpp_node-6] [INFO] [1788983559.255488710] [gpu_amcl_cpp]: AMCL odom delta: at_scan=(1.376, -6.012, -2.894) baseline=(1.517, -5.973, -2.854) delta=(-0.141, -0.039, -0.039) moved=true scan_age=0.050s
[ground_truth_amcl_monitor-7] [INFO] [1788983559.358922701] [ground_truth_amcl_monitor]: AMCL vs GT: gt=(-6.049, 1.559) amcl=(-6.008, 1.414) error=0.150 m / 0.028 rad; current_map=(-6.038, 1.560, 1.758) error=0.011 m / 0.000 rad; odom=(-5.275, 2.072, 1.758) error=0.928 m / 0.000 rad; ekf=(-5.246, 1.926, 1.787) error=0.884 m / 0.028 rad; RMS=0.125 m / 0.034 rad max=0.648 m / 0.193 rad samples=1382
[component_container-9] [INFO] [1788983559.902314399] [pure_pursuit_node]: Pure Pursuit: pose=(-6.165, 3.244, 1.561) cte=-0.002 closest=1977 target=2025 path_dist=0.002 heading_err=0.005 steer=-0.038 speed=2.943
[gpu_amcl_cpp_node-6] [INFO] [1788983560.006247877] [gpu_amcl_cpp]: AMCL local correction: odom_prediction=(-6.164, 3.394, 1.543) scan=(-6.160, 3.389, 1.543) correction=0.006 m/0.000 rad cluster_weight=0.961 publish=true
[gpu_amcl_cpp_node-6] [INFO] [1788983560.276179497] [gpu_amcl_cpp]: AMCL odom delta: at_scan=(-1.572, -6.138, 3.019) baseline=(-1.364, -6.161, 3.044) delta=(-0.208, 0.023, -0.026) moved=true scan_age=0.049s
[ground_truth_amcl_monitor-7] [INFO] [1788983560.378073890] [ground_truth_amcl_monitor]: AMCL vs GT: gt=(-6.073, 4.517) amcl=(-6.083, 4.346) error=0.171 m / 0.020 rad; current_map=(-6.061, 4.489, 1.408) error=0.030 m / 0.000 rad; odom=(-5.317, 4.879, 1.428) error=0.838 m / 0.020 rad; ekf=(-5.317, 4.879, 1.428) error=0.838 m / 0.020 rad; RMS=0.125 m / 0.034 rad max=0.648 m / 0.193 rad samples=1420
[component_container-9] [INFO] [1788983560.928847064] [pure_pursuit_node]: Pure Pursuit: pose=(-5.533, 6.128, 1.089) cte=-0.003 closest=2125 target=2173 path_dist=0.003 heading_err=-0.002 steer=-0.091 speed=2.764
[gpu_amcl_cpp_node-6] [INFO] [1788983561.034146975] [gpu_amcl_cpp]: AMCL local correction: odom_prediction=(-5.455, 6.253, 1.020) scan=(-5.454, 6.256, 1.029) correction=0.004 m/0.009 rad cluster_weight=0.994 publish=true
[gpu_amcl_cpp_node-6] [INFO] [1788983561.303909357] [gpu_amcl_cpp]: AMCL odom delta: at_scan=(-4.184, -5.083, 2.418) baseline=(-4.087, -5.164, 2.473) delta=(-0.097, 0.081, -0.055) moved=true scan_age=0.050s
[ground_truth_amcl_monitor-7] [INFO] [1788983561.403316385] [ground_truth_amcl_monitor]: AMCL vs GT: gt=(-4.849, 7.066) amcl=(-4.953, 6.936) error=0.166 m / 0.072 rad; current_map=(-4.862, 7.020, 0.711) error=0.048 m / 0.000 rad; odom=(-4.105, 7.517, 0.711) error=0.870 m / 0.000 rad; ekf=(-4.105, 7.517, 0.711) error=0.870 m / 0.000 rad; RMS=0.125 m / 0.034 rad max=0.648 m / 0.193 rad samples=1460
[component_container-9] [INFO] [1788983561.954668976] [pure_pursuit_node]: Pure Pursuit: pose=(-3.343, 7.612, 0.018) cte=-0.019 closest=2264 target=2312 path_dist=0.019 heading_err=0.006 steer=-0.137 speed=2.766
[gpu_amcl_cpp_node-6] [INFO] [1788983562.058436973] [gpu_amcl_cpp]: AMCL local correction: odom_prediction=(-3.188, 7.621, -0.037) scan=(-3.183, 7.634, -0.023) correction=0.014 m/0.014 rad cluster_weight=0.958 publish=true
[gpu_amcl_cpp_node-6] [INFO] [1788983562.329082923] [gpu_amcl_cpp]: AMCL odom delta: at_scan=(-4.779, -2.564, 1.227) baseline=(-4.819, -2.687, 1.280) delta=(0.040, 0.122, -0.053) moved=true scan_age=0.051s
[ground_truth_amcl_monitor-7] [INFO] [1788983562.434496687] [ground_truth_amcl_monitor]: AMCL vs GT: gt=(-2.179, 7.390) amcl=(-2.355, 7.462) error=0.190 m / 0.048 rad; current_map=(-2.229, 7.407, -0.441) error=0.053 m / 0.000 rad; odom=(-1.513, 7.833, -0.441) error=0.800 m / 0.000 rad; ekf=(-1.513, 7.833, -0.441) error=0.800 m / 0.000 rad; RMS=0.125 m / 0.034 rad max=0.648 m / 0.193 rad samples=1500
[component_container-9] [INFO] [1788983563.000683072] [pure_pursuit_node]: Pure Pursuit: pose=(-0.904, 6.348, -0.904) cte=-0.030 closest=2406 target=2453 path_dist=0.030 heading_err=0.016 steer=-0.066 speed=2.807
[gpu_amcl_cpp_node-6] [INFO] [1788983563.106433418] [gpu_amcl_cpp]: AMCL local correction: odom_prediction=(-0.802, 6.225, -0.934) scan=(-0.787, 6.221, -0.931) correction=0.015 m/0.003 rad cluster_weight=0.983 publish=true
[gpu_amcl_cpp_node-6] [INFO] [1788983563.354630291] [gpu_amcl_cpp]: AMCL odom delta: at_scan=(-2.942, -0.585, 0.519) baseline=(-3.059, -0.653, 0.539) delta=(0.117, 0.068, -0.020) moved=true scan_age=0.051s
[ground_truth_amcl_monitor-7] [INFO] [1788983563.455463824] [ground_truth_amcl_monitor]: AMCL vs GT: gt=(-0.260, 5.358) amcl=(-0.341, 5.517) error=0.178 m / 0.017 rad; current_map=(-0.279, 5.399, -1.087) error=0.046 m / 0.000 rad; odom=(0.347, 5.860, -1.087) error=0.788 m / 0.000 rad; ekf=(0.347, 5.860, -1.087) error=0.788 m / 0.000 rad; RMS=0.125 m / 0.034 rad max=0.648 m / 0.193 rad samples=1540
[gpu_amcl_cpp_node-6] [INFO] [1788983563.728431389] [gpu_amcl_cpp]: Received LiDAR callback #787 (1081 ranges).
[gpu_amcl_cpp_node-6] [INFO] [1788983563.728486803] [gpu_amcl_cpp]: Starting AMCL scan update #787 (sampled from 1081 ranges).
[gpu_amcl_cpp_node-6] [INFO] [1788983563.729013271] [gpu_amcl_cpp]: AMCL scan update #787 completed; evaluating pose confidence.
[component_container-9] [INFO] [1788983564.027577717] [pure_pursuit_node]: Pure Pursuit: pose=(0.442, 3.734, -1.237) cte=-0.007 closest=2553 target=15 path_dist=0.007 heading_err=0.011 steer=-0.019 speed=2.933
[gpu_amcl_cpp_node-6] [INFO] [1788983564.133176940] [gpu_amcl_cpp]: AMCL local correction: odom_prediction=(0.493, 3.596, -1.247) scan=(0.496, 3.582, -1.253) correction=0.015 m/0.007 rad cluster_weight=0.945 publish=true
[gpu_amcl_cpp_node-6] [INFO] [1788983564.356612798] [gpu_amcl_cpp]: AMCL odom delta: at_scan=(-0.283, 0.495, 0.291) baseline=(-0.430, 0.451, 0.298) delta=(0.147, 0.045, -0.007) moved=true scan_age=0.051s
[ground_truth_amcl_monitor-7] [INFO] [1788983564.458756479] [ground_truth_amcl_monitor]: AMCL vs GT: gt=(0.780, 2.637) amcl=(0.735, 2.825) error=0.193 m / 0.008 rad; current_map=(0.776, 2.681, -1.295) error=0.044 m / 0.000 rad; odom=(1.380, 3.152, -1.295) error=0.790 m / 0.000 rad; ekf=(1.380, 3.152, -1.295) error=0.790 m / 0.000 rad; RMS=0.126 m / 0.033 rad max=0.648 m / 0.193 rad samples=1578
[gpu_amcl_cpp_node-6] [WARN] [1788983564.729991935] [gpu_amcl_cpp]: No local AMCL cluster near odometry prediction; using causal odometry pose.
[component_container-9] [INFO] [1788983565.078357905] [pure_pursuit_node]: Pure Pursuit: pose=(1.197, 0.759, -1.413) cte=0.004 closest=121 target=169 path_dist=0.004 heading_err=-0.001 steer=-0.021 speed=2.957
[gpu_amcl_cpp_node-6] [INFO] [1788983565.180070197] [gpu_amcl_cpp]: AMCL local correction: odom_prediction=(1.209, 0.626, -1.424) scan=(1.195, 0.642, -1.419) correction=0.021 m/0.005 rad cluster_weight=0.934 publish=true
[gpu_amcl_cpp_node-6] [INFO] [1788983565.379255839] [gpu_amcl_cpp]: AMCL odom delta: at_scan=(2.702, 1.112, 0.114) baseline=(2.555, 1.094, 0.122) delta=(0.147, 0.017, -0.008) moved=true scan_age=0.052s
[ground_truth_amcl_monitor-7] [INFO] [1788983565.480274340] [ground_truth_amcl_monitor]: AMCL vs GT: gt=(1.340, -0.328) amcl=(1.292, -0.102) error=0.231 m / 0.009 rad; current_map=(1.306, -0.244, -1.473) error=0.091 m / 0.000 rad; odom=(1.943, 0.162, -1.473) error=0.777 m / 0.000 rad; ekf=(1.943, 0.162, -1.473) error=0.777 m / 0.000 rad; RMS=0.127 m / 0.033 rad max=0.648 m / 0.193 rad samples=1618
[component_container-9] [INFO] [1788983566.102359194] [pure_pursuit_node]: Pure Pursuit: pose=(1.356, -2.293, -1.658) cte=-0.026 closest=274 target=322 path_dist=0.026 heading_err=0.024 steer=-0.021 speed=2.871
[gpu_amcl_cpp_node-6] [INFO] [1788983566.204482617] [gpu_amcl_cpp]: AMCL local correction: odom_prediction=(1.348, -2.444, -1.669) scan=(1.350, -2.432, -1.667) correction=0.012 m/0.002 rad cluster_weight=0.942 publish=true
[gpu_amcl_cpp_node-6] [INFO] [1788983566.404053122] [gpu_amcl_cpp]: AMCL odom delta: at_scan=(5.670, 1.086, -0.127) baseline=(5.530, 1.103, -0.121) delta=(0.140, -0.017, -0.006) moved=true scan_age=0.051s
[ground_truth_amcl_monitor-7] [INFO] [1788983566.506035530] [ground_truth_amcl_monitor]: AMCL vs GT: gt=(1.245, -3.300) amcl=(1.269, -3.153) error=0.149 m / 0.005 rad; current_map=(1.250, -3.296, -1.707) error=0.006 m / 0.000 rad; odom=(1.847, -2.801, -1.707) error=0.782 m / 0.000 rad; ekf=(1.847, -2.801, -1.707) error=0.782 m / 0.000 rad; RMS=0.127 m / 0.033 rad max=0.648 m / 0.193 rad samples=1658
[component_container-9] [INFO] [1788983567.127351222] [pure_pursuit_node]: Pure Pursuit: pose=(0.931, -5.238, -1.758) cte=-0.001 closest=423 target=471 path_dist=0.001 heading_err=-0.001 steer=-0.010 speed=2.988
[gpu_amcl_cpp_node-6] [INFO] [1788983567.227858243] [gpu_amcl_cpp]: AMCL local correction: odom_prediction=(0.904, -5.378, -1.762) scan=(0.902, -5.379, -1.758) correction=0.002 m/0.004 rad cluster_weight=0.908 publish=true
[gpu_amcl_cpp_node-6] [INFO] [1788983567.432161144] [gpu_amcl_cpp]: AMCL odom delta: at_scan=(8.688, 0.570, -0.208) baseline=(8.538, 0.602, -0.204) delta=(0.151, -0.032, -0.004) moved=true scan_age=0.052s
[ground_truth_amcl_monitor-7] [INFO] [1788983567.554773749] [ground_truth_amcl_monitor]: AMCL vs GT: gt=(0.695, -6.364) amcl=(0.750, -6.127) error=0.243 m / 0.005 rad; current_map=(0.704, -6.339, -1.788) error=0.027 m / 0.000 rad; odom=(1.291, -5.899, -1.788) error=0.756 m / 0.000 rad; ekf=(1.291, -5.899, -1.788) error=0.756 m / 0.000 rad; RMS=0.127 m / 0.032 rad max=0.648 m / 0.193 rad samples=1698
[component_container-9] [INFO] [1788983568.127714374] [pure_pursuit_node]: Pure Pursuit: pose=(0.267, -8.128, -1.857) cte=0.001 closest=571 target=619 path_dist=0.001 heading_err=0.007 steer=-0.042 speed=2.843
[gpu_amcl_cpp_node-6] [INFO] [1788983568.231304418] [gpu_amcl_cpp]: AMCL local correction: odom_prediction=(0.224, -8.271, -1.873) scan=(0.232, -8.258, -1.868) correction=0.015 m/0.006 rad cluster_weight=0.980 publish=true
[gpu_amcl_cpp_node-6] [INFO] [1788983568.477285816] [gpu_amcl_cpp]: AMCL odom delta: at_scan=(11.628, -0.224, -0.416) baseline=(11.535, -0.184, -0.390) delta=(0.093, -0.040, -0.026) moved=true scan_age=0.049s
[ground_truth_amcl_monitor-7] [INFO] [1788983568.580004125] [ground_truth_amcl_monitor]: AMCL vs GT: gt=(-0.129, -9.156) amcl=(-0.040, -8.970) error=0.207 m / 0.040 rad; current_map=(-0.074, -9.035, -2.073) error=0.133 m / 0.000 rad; odom=(0.544, -8.537, -2.033) error=0.915 m / 0.040 rad; ekf=(0.544, -8.537, -2.033) error=0.915 m / 0.040 rad; RMS=0.127 m / 0.032 rad max=0.648 m / 0.193 rad samples=1738
[gpu_amcl_cpp_node-6] [INFO] [1788983568.733807454] [gpu_amcl_cpp]: Received LiDAR callback #884 (1081 ranges).
[gpu_amcl_cpp_node-6] [INFO] [1788983568.733856115] [gpu_amcl_cpp]: Starting AMCL scan update #884 (sampled from 1081 ranges).
[gpu_amcl_cpp_node-6] [INFO] [1788983568.734918768] [gpu_amcl_cpp]: AMCL scan update #884 completed; evaluating pose confidence.
[component_container-9] [INFO] [1788983569.151039677] [pure_pursuit_node]: Pure Pursuit: pose=(-0.895, -9.884, -3.019) cte=0.116 closest=682 target=724 path_dist=0.116 heading_err=0.314 steer=-0.103 speed=2.208
[gpu_amcl_cpp_node-6] [INFO] [1788983569.254512020] [gpu_amcl_cpp]: AMCL local correction: odom_prediction=(-1.072, -9.937, -3.074) scan=(-1.174, -9.973, -3.067) correction=0.108 m/0.008 rad cluster_weight=0.997 publish=true
[gpu_amcl_cpp_node-6] [INFO] [1788983569.504707372] [gpu_amcl_cpp]: AMCL odom delta: at_scan=(12.473, -1.674, -1.810) baseline=(12.487, -1.599, -1.709) delta=(-0.014, -0.075, -0.101) moved=true scan_age=0.049s
[ground_truth_amcl_monitor-7] [INFO] [1788983569.607384063] [ground_truth_amcl_monitor]: AMCL vs GT: gt=(-1.898, -9.906) amcl=(-1.765, -9.916) error=0.133 m / 0.105 rad; current_map=(-1.836, -9.887, 2.709) error=0.064 m / 0.000 rad; odom=(-1.015, -9.266, 2.709) error=1.090 m / 0.000 rad; ekf=(-1.015, -9.266, 2.709) error=1.090 m / 0.000 rad; RMS=0.128 m / 0.033 rad max=0.648 m / 0.193 rad samples=1778
[component_container-9] [INFO] [1788983570.177941028] [pure_pursuit_node]: Pure Pursuit: pose=(-2.873, -8.785, 1.955) cte=-0.021 closest=816 target=863 path_dist=0.021 heading_err=-0.002 steer=-0.098 speed=2.807
[gpu_amcl_cpp_node-6] [INFO] [1788983570.281303976] [gpu_amcl_cpp]: AMCL local correction: odom_prediction=(-2.932, -8.643, 1.922) scan=(-2.930, -8.652, 1.928) correction=0.009 m/0.006 rad cluster_weight=0.970 publish=true
[gpu_amcl_cpp_node-6] [WARN] [1788983570.381401700] [gpu_amcl_cpp]: Queued LiDAR scan until source-time odometry arrives (queued=1).
[gpu_amcl_cpp_node-6] [INFO] [1788983570.554484061] [gpu_amcl_cpp]: AMCL odom delta: at_scan=(10.476, -3.030, -2.999) baseline=(10.662, -2.999, -2.953) delta=(-0.187, -0.031, -0.046) moved=true scan_age=0.051s
[ground_truth_amcl_monitor-7] [INFO] [1788983570.608703109] [ground_truth_amcl_monitor]: AMCL vs GT: gt=(-3.124, -7.802) amcl=(-3.124, -7.784) error=0.018 m / 0.000 rad; current_map=(-3.125, -7.783, 1.682) error=0.018 m / 0.000 rad; odom=(-2.248, -7.179, 1.682) error=1.074 m / 0.000 rad; ekf=(-2.248, -7.179, 1.682) error=1.074 m / 0.000 rad; RMS=0.127 m / 0.033 rad max=0.648 m / 0.193 rad samples=1817
[component_container-9] [INFO] [1788983571.200516906] [pure_pursuit_node]: Pure Pursuit: pose=(-3.076, -5.930, 1.428) cte=0.003 closest=960 target=1009 path_dist=0.003 heading_err=-0.003 steer=-0.047 speed=2.910
[gpu_amcl_cpp_node-6] [INFO] [1788983571.305934348] [gpu_amcl_cpp]: AMCL local correction: odom_prediction=(-3.049, -5.778, 1.403) scan=(-3.041, -5.769, 1.402) correction=0.013 m/0.001 rad cluster_weight=0.960 publish=true
[gpu_amcl_cpp_node-6] [INFO] [1788983571.554893862] [gpu_amcl_cpp]: AMCL odom delta: at_scan=(7.611, -2.830, 2.888) baseline=(7.753, -2.865, 2.903) delta=(-0.142, 0.036, -0.015) moved=true scan_age=0.051s
[ground_truth_amcl_monitor-7] [INFO] [1788983571.608966506] [ground_truth_amcl_monitor]: AMCL vs GT: gt=(-2.871, -4.926) amcl=(-2.843, -4.896) error=0.041 m / 0.000 rad; current_map=(-2.848, -4.904, 1.306) error=0.032 m / 0.000 rad; odom=(-1.992, -4.310, 1.306) error=1.073 m / 0.000 rad; ekf=(-1.992, -4.310, 1.306) error=1.073 m / 0.000 rad; RMS=0.126 m / 0.033 rad max=0.648 m / 0.193 rad samples=1855
[component_container-9] [INFO] [1788983572.204697621] [pure_pursuit_node]: Pure Pursuit: pose=(-2.310, -3.011, 1.307) cte=-0.002 closest=1111 target=1160 path_dist=0.002 heading_err=-0.004 steer=-0.001 speed=2.978
[gpu_amcl_cpp_node-6] [INFO] [1788983572.307311364] [gpu_amcl_cpp]: AMCL local correction: odom_prediction=(-2.274, -2.864, 1.307) scan=(-2.278, -2.866, 1.296) correction=0.004 m/0.010 rad cluster_weight=0.955 publish=true
[gpu_amcl_cpp_node-6] [INFO] [1788983572.576976225] [gpu_amcl_cpp]: AMCL odom delta: at_scan=(4.647, -2.006, 2.877) baseline=(4.785, -2.044, 2.876) delta=(-0.138, 0.037, 0.001) moved=true scan_age=0.050s
[ground_truth_amcl_monitor-7] [INFO] [1788983572.628173907] [ground_truth_amcl_monitor]: AMCL vs GT: gt=(-2.056, -1.995) amcl=(-2.065, -2.085) error=0.090 m / 0.002 rad; current_map=(-2.026, -1.939, 1.308) error=0.063 m / 0.000 rad; odom=(-1.167, -1.344, 1.308) error=1.102 m / 0.000 rad; ekf=(-1.167, -1.344, 1.308) error=1.102 m / 0.000 rad; RMS=0.126 m / 0.032 rad max=0.648 m / 0.193 rad samples=1892
[component_container-9] [INFO] [1788983573.253677165] [pure_pursuit_node]: Pure Pursuit: pose=(-1.559, 0.042, 1.364) cte=-0.010 closest=1268 target=1317 path_dist=0.010 heading_err=0.003 steer=0.010 speed=2.912
[gpu_amcl_cpp_node-6] [INFO] [1788983573.356915710] [gpu_amcl_cpp]: AMCL local correction: odom_prediction=(-1.536, 0.184, 1.367) scan=(-1.539, 0.183, 1.364) correction=0.003 m/0.004 rad cluster_weight=0.914 publish=true
[gpu_amcl_cpp_node-6] [INFO] [1788983573.581454248] [gpu_amcl_cpp]: AMCL odom delta: at_scan=(1.741, -1.335, 2.963) baseline=(1.887, -1.362, 2.956) delta=(-0.145, 0.027, 0.007) moved=true scan_age=0.052s
[ground_truth_amcl_monitor-7] [INFO] [1788983573.631664658] [ground_truth_amcl_monitor]: AMCL vs GT: gt=(-1.403, 0.887) amcl=(-1.418, 0.829) error=0.060 m / 0.008 rad; current_map=(-1.392, 0.974, 1.401) error=0.088 m / 0.000 rad; odom=(-0.509, 1.562, 1.401) error=1.120 m / 0.000 rad; ekf=(-0.509, 1.562, 1.401) error=1.120 m / 0.000 rad; RMS=0.125 m / 0.032 rad max=0.648 m / 0.193 rad samples=1930
[gpu_amcl_cpp_node-6] [INFO] [1788983573.775358956] [gpu_amcl_cpp]: Received LiDAR callback #980 (1081 ranges).
[gpu_amcl_cpp_node-6] [INFO] [1788983573.775418588] [gpu_amcl_cpp]: Starting AMCL scan update #980 (sampled from 1081 ranges).
[gpu_amcl_cpp_node-6] [INFO] [1788983573.776013414] [gpu_amcl_cpp]: AMCL scan update #980 completed; evaluating pose confidence.
[component_container-9] [INFO] [1788983574.301118375] [pure_pursuit_node]: Pure Pursuit: pose=(-1.332, 2.801, 1.707) cte=-0.005 closest=1408 target=1455 path_dist=0.005 heading_err=0.083 steer=0.524 speed=1.967
[gpu_amcl_cpp_node-6] [INFO] [1788983574.405899904] [gpu_amcl_cpp]: AMCL local correction: odom_prediction=(-1.336, 2.841, 1.823) scan=(-1.341, 2.915, 1.809) correction=0.074 m/0.014 rad cluster_weight=0.972 publish=true
[gpu_amcl_cpp_node-6] [INFO] [1788983574.602805862] [gpu_amcl_cpp]: AMCL odom delta: at_scan=(-0.387, -1.354, -2.462) baseline=(-0.328, -1.310, -2.529) delta=(-0.059, -0.044, 0.068) moved=true scan_age=0.050s
[ground_truth_amcl_monitor-7] [INFO] [1788983574.653991220] [ground_truth_amcl_monitor]: AMCL vs GT: gt=(-1.584, 3.290) amcl=(-1.471, 3.109) error=0.213 m / 0.025 rad; current_map=(-1.535, 3.186, 2.276) error=0.115 m / 0.000 rad; odom=(-0.617, 3.621, 2.276) error=1.022 m / 0.000 rad; ekf=(-0.617, 3.621, 2.276) error=1.022 m / 0.000 rad; RMS=0.125 m / 0.032 rad max=0.648 m / 0.193 rad samples=1968
[component_container-9] [INFO] [1788983575.330242217] [pure_pursuit_node]: Pure Pursuit: pose=(-2.486, 3.640, -2.807) cte=-0.183 closest=1500 target=1544 path_dist=0.183 heading_err=0.050 steer=0.524 speed=1.503
[gpu_amcl_cpp_node-6] [INFO] [1788983575.436927127] [gpu_amcl_cpp]: AMCL local correction: odom_prediction=(-2.550, 3.622, -2.692) scan=(-2.518, 3.631, -2.705) correction=0.033 m/0.013 rad cluster_weight=0.977 publish=true
[gpu_amcl_cpp_node-6] [INFO] [1788983575.603874140] [gpu_amcl_cpp]: AMCL odom delta: at_scan=(-0.579, -2.549, -0.820) baseline=(-0.629, -2.493, -0.887) delta=(0.049, -0.057, 0.067) moved=true scan_age=0.050s
[ground_truth_amcl_monitor-7] [INFO] [1788983575.657575638] [ground_truth_amcl_monitor]: AMCL vs GT: gt=(-2.760, 3.416) amcl=(-2.725, 3.475) error=0.069 m / 0.060 rad; current_map=(-2.779, 3.422, -2.331) error=0.019 m / 0.000 rad; odom=(-1.802, 3.685, -2.331) error=0.996 m / 0.000 rad; ekf=(-1.802, 3.685, -2.331) error=0.996 m / 0.000 rad; RMS=0.124 m / 0.033 rad max=0.648 m / 0.193 rad samples=2006
[component_container-9] [INFO] [1788983576.353560661] [pure_pursuit_node]: Pure Pursuit: pose=(-3.259, 1.801, -1.656) cte=0.017 closest=1611 target=1659 path_dist=0.017 heading_err=-0.035 steer=-0.019 speed=2.772
[gpu_amcl_cpp_node-6] [INFO] [1788983576.458402584] [gpu_amcl_cpp]: AMCL local correction: odom_prediction=(-3.272, 1.657, -1.667) scan=(-3.271, 1.651, -1.656) correction=0.006 m/0.011 rad cluster_weight=0.952 publish=true
[gpu_amcl_cpp_node-6] [INFO] [1788983576.630769493] [gpu_amcl_cpp]: AMCL odom delta: at_scan=(1.659, -3.171, -0.139) baseline=(1.523, -3.153, -0.120) delta=(0.136, -0.018, -0.019) moved=true scan_age=0.052s
[ground_truth_amcl_monitor-7] [INFO] [1788983576.682340004] [ground_truth_amcl_monitor]: AMCL vs GT: gt=(-3.358, 1.031) amcl=(-3.326, 1.201) error=0.173 m / 0.048 rad; current_map=(-3.349, 1.062, -1.758) error=0.033 m / 0.000 rad; odom=(-2.394, 1.360, -1.758) error=1.019 m / 0.000 rad; ekf=(-2.394, 1.360, -1.758) error=1.019 m / 0.000 rad; RMS=0.124 m / 0.033 rad max=0.648 m / 0.193 rad samples=2044
[component_container-9] [INFO] [1788983577.354805702] [pure_pursuit_node]: Pure Pursuit: pose=(-3.929, 0.020, -2.438) cte=0.147 closest=1712 target=1754 path_dist=0.147 heading_err=0.121 steer=-0.329 speed=1.648
[gpu_amcl_cpp_node-6] [INFO] [1788983577.459952917] [gpu_amcl_cpp]: AMCL local correction: odom_prediction=(-4.053, -0.116, -2.550) scan=(-4.097, -0.218, -2.525) correction=0.112 m/0.025 rad cluster_weight=0.983 publish=true
[gpu_amcl_cpp_node-6] [INFO] [1788983577.680923543] [gpu_amcl_cpp]: AMCL odom delta: at_scan=(2.880, -4.089, -1.378) baseline=(2.859, -4.008, -1.265) delta=(0.021, -0.081, -0.113) moved=true scan_age=0.050s
[ground_truth_amcl_monitor-7] [INFO] [1788983577.682578778] [ground_truth_amcl_monitor]: AMCL vs GT: gt=(-4.445, -0.387) amcl=(-4.327, -0.307) error=0.142 m / 0.113 rad; current_map=(-4.409, -0.328, -2.949) error=0.069 m / 0.000 rad; odom=(-3.289, 0.278, -2.949) error=1.334 m / 0.000 rad; ekf=(-3.289, 0.278, -2.949) error=1.334 m / 0.000 rad; RMS=0.125 m / 0.034 rad max=0.648 m / 0.193 rad samples=2082
[component_container-9] [INFO] [1788983578.402168377] [pure_pursuit_node]: Pure Pursuit: pose=(-5.445, 0.232, 2.323) cte=0.147 closest=1818 target=1864 path_dist=0.147 heading_err=-0.252 steer=-0.191 speed=2.333
[gpu_amcl_cpp_node-6] [INFO] [1788983578.505220983] [gpu_amcl_cpp]: AMCL local correction: odom_prediction=(-5.520, 0.319, 2.265) scan=(-5.536, 0.328, 2.267) correction=0.018 m/0.002 rad cluster_weight=0.949 publish=true
[gpu_amcl_cpp_node-6] [INFO] [1788983578.706492379] [gpu_amcl_cpp]: AMCL odom delta: at_scan=(1.779, -5.477, -2.694) baseline=(1.889, -5.421, -2.639) delta=(-0.110, -0.056, -0.056) moved=true scan_age=0.051s
[ground_truth_amcl_monitor-7] [INFO] [1788983578.707346862] [ground_truth_amcl_monitor]: AMCL vs GT: gt=(-5.803, 0.719) amcl=(-5.736, 0.631) error=0.111 m / 0.056 rad; current_map=(-5.792, 0.740, 2.018) error=0.023 m / 0.000 rad; odom=(-4.677, 1.379, 2.018) error=1.305 m / 0.000 rad; ekf=(-4.677, 1.379, 2.018) error=1.305 m / 0.000 rad; RMS=0.125 m / 0.034 rad max=0.648 m / 0.193 rad samples=2122
[gpu_amcl_cpp_node-6] [INFO] [1788983578.806847155] [gpu_amcl_cpp]: Received LiDAR callback #1076 (1081 ranges).
[gpu_amcl_cpp_node-6] [INFO] [1788983578.806899513] [gpu_amcl_cpp]: Starting AMCL scan update #1076 (sampled from 1081 ranges).
[gpu_amcl_cpp_node-6] [INFO] [1788983578.807958670] [gpu_amcl_cpp]: AMCL scan update #1076 completed; evaluating pose confidence.
[component_container-9] [INFO] [1788983579.429846269] [pure_pursuit_node]: Pure Pursuit: pose=(-6.163, 2.844, 1.595) cte=-0.007 closest=1956 target=2005 path_dist=0.007 heading_err=0.015 steer=-0.031 speed=2.928
[gpu_amcl_cpp_node-6] [INFO] [1788983579.537266708] [gpu_amcl_cpp]: AMCL local correction: odom_prediction=(-6.167, 2.999, 1.581) scan=(-6.167, 2.998, 1.583) correction=0.001 m/0.002 rad cluster_weight=0.950 publish=true
[ground_truth_amcl_monitor-7] [INFO] [1788983579.710338700] [ground_truth_amcl_monitor]: AMCL vs GT: gt=(-6.172, 3.529) amcl=(-6.160, 3.496) error=0.035 m / 0.000 rad; current_map=(-6.161, 3.500, 1.533) error=0.031 m / 0.000 rad; odom=(-5.035, 4.152, 1.533) error=1.296 m / 0.000 rad; ekf=(-5.035, 4.152, 1.533) error=1.296 m / 0.000 rad; RMS=0.124 m / 0.034 rad max=0.648 m / 0.193 rad samples=2161
[gpu_amcl_cpp_node-6] [INFO] [1788983579.757052101] [gpu_amcl_cpp]: AMCL odom delta: at_scan=(-1.146, -5.829, 3.086) baseline=(-0.994, -5.836, 3.104) delta=(-0.152, 0.007, -0.018) moved=true scan_age=0.051s
[component_container-9] [INFO] [1788983580.430881488] [pure_pursuit_node]: Pure Pursuit: pose=(-5.722, 5.717, 1.187) cte=0.000 closest=2103 target=2151 path_dist=0.000 heading_err=-0.005 steer=-0.071 speed=2.774
[gpu_amcl_cpp_node-6] [INFO] [1788983580.553736508] [gpu_amcl_cpp]: AMCL local correction: odom_prediction=(-5.648, 5.891, 1.143) scan=(-5.639, 5.898, 1.150) correction=0.011 m/0.007 rad cluster_weight=0.991 publish=true
[ground_truth_amcl_monitor-7] [INFO] [1788983580.752734009] [ground_truth_amcl_monitor]: AMCL vs GT: gt=(-5.391, 6.410) amcl=(-5.453, 6.261) error=0.161 m / 0.035 rad; current_map=(-5.382, 6.374, 0.986) error=0.038 m / 0.000 rad; odom=(-4.335, 6.901, 1.021) error=1.165 m / 0.035 rad; ekf=(-4.335, 6.901, 1.021) error=1.165 m / 0.035 rad; RMS=0.125 m / 0.034 rad max=0.648 m / 0.193 rad samples=2200
[gpu_amcl_cpp_node-6] [INFO] [1788983580.802680464] [gpu_amcl_cpp]: AMCL odom delta: at_scan=(-3.967, -4.989, 2.543) baseline=(-3.856, -5.064, 2.557) delta=(-0.111, 0.075, -0.014) moved=true scan_age=0.049s
[component_container-9] [INFO] [1788983581.453405063] [pure_pursuit_node]: Pure Pursuit: pose=(-3.824, 7.558, 0.222) cte=-0.023 closest=2240 target=2288 path_dist=0.023 heading_err=-0.007 steer=-0.153 speed=2.748
[gpu_amcl_cpp_node-6] [INFO] [1788983581.558086545] [gpu_amcl_cpp]: AMCL local correction: odom_prediction=(-3.679, 7.594, 0.148) scan=(-3.648, 7.608, 0.159) correction=0.034 m/0.011 rad cluster_weight=0.974 publish=true
[ground_truth_amcl_monitor-7] [INFO] [1788983581.758390096] [ground_truth_amcl_monitor]: AMCL vs GT: gt=(-3.099, 7.632) amcl=(-3.263, 7.627) error=0.164 m / 0.053 rad; current_map=(-3.133, 7.616, -0.109) error=0.037 m / 0.000 rad; odom=(-2.168, 8.201, -0.056) error=1.092 m / 0.053 rad; ekf=(-2.168, 8.201, -0.056) error=1.092 m / 0.053 rad; RMS=0.125 m / 0.034 rad max=0.648 m / 0.193 rad samples=2238
[gpu_amcl_cpp_node-6] [INFO] [1788983581.827367808] [gpu_amcl_cpp]: AMCL odom delta: at_scan=(-5.008, -2.658, 1.412) baseline=(-5.033, -2.838, 1.462) delta=(0.024, 0.180, -0.050) moved=true scan_age=0.049s
[component_container-9] [INFO] [1788983582.479442820] [pure_pursuit_node]: Pure Pursuit: pose=(-1.269, 6.747, -0.792) cte=-0.030 closest=2379 target=2426 path_dist=0.030 heading_err=0.027 steer=-0.076 speed=2.799
[gpu_amcl_cpp_node-6] [INFO] [1788983582.582246160] [gpu_amcl_cpp]: AMCL local correction: odom_prediction=(-1.165, 6.647, -0.823) scan=(-1.143, 6.638, -0.819) correction=0.023 m/0.005 rad cluster_weight=0.975 publish=true
[ground_truth_amcl_monitor-7] [INFO] [1788983582.804474986] [ground_truth_amcl_monitor]: AMCL vs GT: gt=(-0.736, 6.128) amcl=(-0.850, 6.281) error=0.191 m / 0.026 rad; current_map=(-0.767, 6.169, -0.950) error=0.052 m / 0.000 rad; odom=(0.242, 6.735, -0.950) error=1.151 m / 0.000 rad; ekf=(0.242, 6.735, -0.950) error=1.151 m / 0.000 rad; RMS=0.125 m / 0.034 rad max=0.648 m / 0.193 rad samples=2278
[gpu_amcl_cpp_node-6] [INFO] [1788983582.856128763] [gpu_amcl_cpp]: AMCL odom delta: at_scan=(-3.465, -0.481, 0.596) baseline=(-3.577, -0.559, 0.621) delta=(0.112, 0.078, -0.024) moved=true scan_age=0.053s
[component_container-9] [INFO] [1788983583.527611960] [pure_pursuit_node]: Pure Pursuit: pose=(0.270, 4.201, -1.202) cte=-0.013 closest=2528 target=2576 path_dist=0.013 heading_err=0.013 steer=-0.024 speed=2.920
[gpu_amcl_cpp_node-6] [INFO] [1788983583.583295136] [gpu_amcl_cpp]: AMCL local correction: odom_prediction=(0.275, 4.194, -1.203) scan=(0.278, 4.193, -1.208) correction=0.003 m/0.006 rad cluster_weight=0.958 publish=true
[ground_truth_amcl_monitor-7] [INFO] [1788983583.806933276] [ground_truth_amcl_monitor]: AMCL vs GT: gt=(0.503, 3.541) amcl=(0.450, 3.718) error=0.185 m / 0.010 rad; current_map=(0.498, 3.577, -1.248) error=0.036 m / 0.000 rad; odom=(1.464, 4.175, -1.248) error=1.152 m / 0.000 rad; ekf=(1.464, 4.175, -1.248) error=1.152 m / 0.000 rad; RMS=0.125 m / 0.034 rad max=0.648 m / 0.193 rad samples=2316
[gpu_amcl_cpp_node-6] [INFO] [1788983583.856108414] [gpu_amcl_cpp]: Received LiDAR callback #1172 (1081 ranges).
[gpu_amcl_cpp_node-6] [INFO] [1788983583.856167265] [gpu_amcl_cpp]: AMCL odom delta: at_scan=(-0.876, 0.710, 0.314) baseline=(-1.018, 0.664, 0.323) delta=(0.141, 0.047, -0.009) moved=true scan_age=0.050s
[gpu_amcl_cpp_node-6] [INFO] [1788983583.856196790] [gpu_amcl_cpp]: Starting AMCL scan update #1172 (sampled from 1081 ranges).
[gpu_amcl_cpp_node-6] [INFO] [1788983583.857494584] [gpu_amcl_cpp]: AMCL scan update #1172 completed; evaluating pose confidence.
[gpu_amcl_cpp_node-6] [WARN] [1788983583.908288569] [gpu_amcl_cpp]: No local AMCL cluster near odometry prediction; using causal odometry pose.
[component_container-9] [INFO] [1788983584.576598955] [pure_pursuit_node]: Pure Pursuit: pose=(1.114, 1.252, -1.383) cte=-0.000 closest=96 target=144 path_dist=0.000 heading_err=0.001 steer=-0.021 speed=2.975
[gpu_amcl_cpp_node-6] [INFO] [1788983584.630183594] [gpu_amcl_cpp]: AMCL local correction: odom_prediction=(1.110, 1.264, -1.383) scan=(1.100, 1.265, -1.391) correction=0.010 m/0.008 rad cluster_weight=0.915 publish=true
[ground_truth_amcl_monitor-7] [INFO] [1788983584.833394559] [ground_truth_amcl_monitor]: AMCL vs GT: gt=(1.225, 0.598) amcl=(1.179, 0.838) error=0.245 m / 0.009 rad; current_map=(1.204, 0.680, -1.419) error=0.085 m / 0.000 rad; odom=(2.190, 1.209, -1.419) error=1.142 m / 0.000 rad; ekf=(2.190, 1.209, -1.419) error=1.142 m / 0.000 rad; RMS=0.126 m / 0.033 rad max=0.648 m / 0.193 rad samples=2356
[gpu_amcl_cpp_node-6] [INFO] [1788983584.883292323] [gpu_amcl_cpp]: AMCL odom delta: at_scan=(2.099, 1.412, 0.143) baseline=(1.948, 1.389, 0.152) delta=(0.151, 0.022, -0.008) moved=true scan_age=0.051s
[gpu_amcl_cpp_node-6] [WARN] [1788983584.954293921] [gpu_amcl_cpp]: No local AMCL cluster near odometry prediction; using causal odometry pose.
[component_container-9] [INFO] [1788983585.605339313] [pure_pursuit_node]: Pure Pursuit: pose=(1.373, -1.839, -1.611) cte=-0.019 closest=251 target=299 path_dist=0.019 heading_err=0.003 steer=-0.031 speed=2.898
[gpu_amcl_cpp_node-6] [INFO] [1788983585.659998949] [gpu_amcl_cpp]: AMCL local correction: odom_prediction=(1.380, -1.840, -1.612) scan=(1.387, -1.838, -1.610) correction=0.007 m/0.001 rad cluster_weight=0.909 publish=true
[ground_truth_amcl_monitor-7] [INFO] [1788983585.879822484] [ground_truth_amcl_monitor]: AMCL vs GT: gt=(1.342, -2.458) amcl=(1.355, -2.323) error=0.136 m / 0.011 rad; current_map=(1.342, -2.467, -1.668) error=0.008 m / 0.000 rad; odom=(2.306, -1.854, -1.668) error=1.138 m / 0.000 rad; ekf=(2.306, -1.854, -1.668) error=1.138 m / 0.000 rad; RMS=0.126 m / 0.033 rad max=0.648 m / 0.193 rad samples=2396
[gpu_amcl_cpp_node-6] [INFO] [1788983585.928889109] [gpu_amcl_cpp]: AMCL odom delta: at_scan=(5.159, 1.491, -0.107) baseline=(5.012, 1.506, -0.097) delta=(0.147, -0.015, -0.010) moved=true scan_age=0.050s
[component_container-9] [INFO] [1788983586.651495960] [pure_pursuit_node]: Pure Pursuit: pose=(1.005, -4.853, -1.748) cte=-0.004 closest=403 target=451 path_dist=0.004 heading_err=0.001 steer=-0.012 speed=2.974
[gpu_amcl_cpp_node-6] [INFO] [1788983586.705310250] [gpu_amcl_cpp]: AMCL local correction: odom_prediction=(1.006, -4.838, -1.748) scan=(1.007, -4.834, -1.748) correction=0.004 m/0.000 rad cluster_weight=0.941 publish=true
[ground_truth_amcl_monitor-7] [INFO] [1788983586.903228026] [ground_truth_amcl_monitor]: AMCL vs GT: gt=(0.885, -5.441) amcl=(0.922, -5.293) error=0.152 m / 0.004 rad; current_map=(0.892, -5.448, -1.767) error=0.010 m / 0.000 rad; odom=(1.844, -4.859, -1.767) error=1.121 m / 0.000 rad; ekf=(1.844, -4.859, -1.767) error=1.121 m / 0.000 rad; RMS=0.125 m / 0.033 rad max=0.648 m / 0.193 rad samples=2436
[gpu_amcl_cpp_node-6] [INFO] [1788983586.953169933] [gpu_amcl_cpp]: AMCL odom delta: at_scan=(8.165, 1.015, -0.199) baseline=(8.017, 1.044, -0.197) delta=(0.148, -0.030, -0.003) moved=true scan_age=0.051s
[component_container-9] [INFO] [1788983587.701279540] [pure_pursuit_node]: Pure Pursuit: pose=(0.333, -7.881, -1.835) cte=0.004 closest=558 target=606 path_dist=0.004 heading_err=0.002 steer=-0.030 speed=2.896
[gpu_amcl_cpp_node-6] [INFO] [1788983587.752872574] [gpu_amcl_cpp]: AMCL local correction: odom_prediction=(0.333, -7.882, -1.837) scan=(0.331, -7.877, -1.834) correction=0.006 m/0.003 rad cluster_weight=0.981 publish=true
[ground_truth_amcl_monitor-7] [INFO] [1788983587.905445286] [ground_truth_amcl_monitor]: AMCL vs GT: gt=(0.202, -8.317) amcl=(0.255, -8.157) error=0.168 m / 0.015 rad; current_map=(0.212, -8.296, -1.875) error=0.023 m / 0.000 rad; odom=(1.196, -7.623, -1.860) error=1.212 m / 0.015 rad; ekf=(1.196, -7.623, -1.860) error=1.212 m / 0.015 rad; RMS=0.125 m / 0.033 rad max=0.648 m / 0.193 rad samples=2474
[gpu_amcl_cpp_node-6] [INFO] [1788983587.957874037] [gpu_amcl_cpp]: AMCL odom delta: at_scan=(11.062, 0.308, -0.323) baseline=(10.920, 0.354, -0.304) delta=(0.142, -0.046, -0.019) moved=true scan_age=0.053s
[actuator_interface-10] [ERROR] [1788983588.653559963] [autodrive_actuator_interface]: Collision count increased to 1; terminal stop latched, no simulator reset published
[ground_truth_amcl_monitor-7] [INFO] [1788983588.653642448] [ground_truth_amcl_monitor]: Collision epoch changed; discarding localization comparison; waiting for fresh AMCL alignment
[gpu_amcl_cpp_node-6] [WARN] [1788983588.654423032] [gpu_amcl_cpp]: No local AMCL cluster near odometry prediction; using causal odometry pose.
[actuator_interface-10] [WARN] [1788983588.670953098] [autodrive_actuator_interface]: Neutral output: external stop
[component_container-9] [INFO] [1788983588.703954880] [pure_pursuit_node]: Pure Pursuit: pose=(-0.806, -9.779, -2.681) cte=0.166 closest=675 target=717 path_dist=0.166 heading_err=0.119 steer=-0.362 speed=2.046
[gpu_amcl_cpp_node-6] [INFO] [1788983588.858253079] [gpu_amcl_cpp]: Received LiDAR callback #1268 (1081 ranges).
[gpu_amcl_cpp_node-6] [INFO] [1788983588.858313412] [gpu_amcl_cpp]: Starting AMCL scan update #1268 (sampled from 1081 ranges).
[gpu_amcl_cpp_node-6] [INFO] [1788983588.859588393] [gpu_amcl_cpp]: AMCL scan update #1268 completed; evaluating pose confidence.
[gpu_amcl_cpp_node-6] [INFO] [1788983588.977234744] [gpu_amcl_cpp]: AMCL odom delta: at_scan=(12.446, -0.781, -1.117) baseline=(12.446, -0.781, -1.117) delta=(0.000, 0.000, 0.000) moved=false scan_age=0.049s
[component_container-9] [INFO] [1788983589.750993112] [pure_pursuit_node]: Pure Pursuit: pose=(-0.913, -9.831, -2.688) cte=0.173 closest=682 target=723 path_dist=0.173 heading_err=-0.012 steer=-0.524 speed=2.060
[gpu_amcl_cpp_node-6] [INFO] [1788983590.004597300] [gpu_amcl_cpp]: AMCL odom delta: at_scan=(12.446, -0.781, -1.117) baseline=(12.446, -0.781, -1.117) delta=(0.000, -0.000, 0.000) moved=false scan_age=0.050s
[component_container-9] [INFO] [1788983590.777281574] [pure_pursuit_node]: Pure Pursuit: pose=(-0.913, -9.831, -2.688) cte=0.173 closest=682 target=723 path_dist=0.173 heading_err=-0.012 steer=-0.524 speed=2.060
[gpu_amcl_cpp_node-6] [INFO] [1788983591.055818238] [gpu_amcl_cpp]: AMCL odom delta: at_scan=(12.446, -0.781, -1.117) baseline=(12.446, -0.781, -1.117) delta=(0.000, -0.000, 0.000) moved=false scan_age=0.052s
[component_container-9] [INFO] [1788983591.802800162] [pure_pursuit_node]: Pure Pursuit: pose=(-0.913, -9.831, -2.688) cte=0.173 closest=682 target=723 path_dist=0.173 heading_err=-0.012 steer=-0.524 speed=2.060
[gpu_amcl_cpp_node-6] [INFO] [1788983592.078027069] [gpu_amcl_cpp]: AMCL odom delta: at_scan=(12.446, -0.781, -1.117) baseline=(12.446, -0.781, -1.117) delta=(0.000, -0.000, 0.000) moved=false scan_age=0.050s
[component_container-9] [INFO] [1788983592.826969820] [pure_pursuit_node]: Pure Pursuit: pose=(-0.913, -9.831, -2.688) cte=0.173 closest=682 target=723 path_dist=0.173 heading_err=-0.012 steer=-0.524 speed=2.060
[gpu_amcl_cpp_node-6] [INFO] [1788983593.081480399] [gpu_amcl_cpp]: AMCL odom delta: at_scan=(12.446, -0.781, -1.117) baseline=(12.446, -0.781, -1.117) delta=(0.000, -0.000, 0.000) moved=false scan_age=0.049s
