[INFO] [launch]: All log files can be found below /root/.ros/log/2026-09-09-19-43-30-106615-ExternalDrive-5331
[INFO] [launch]: Default logging verbosity is set to INFO
[INFO] [launch.user]: controller=pure_pursuit custom_amcl=True rviz=False
[INFO] [autodrive_bridge_40hz-1]: process started with pid [5360]
[INFO] [sensor_odometry_node-2]: process started with pid [5362]
[INFO] [ekf_localization_node-3]: process started with pid [5364]
[INFO] [map_server-4]: process started with pid [5366]
[INFO] [lifecycle_manager-5]: process started with pid [5368]
[INFO] [gpu_amcl_cpp_node-6]: process started with pid [5370]
[INFO] [ground_truth_amcl_monitor-7]: process started with pid [5372]
[INFO] [calibration-8]: process started with pid [5374]
[INFO] [component_container-9]: process started with pid [5376]
[INFO] [actuator_interface-10]: process started with pid [5378]
[ekf_localization_node-3] [INFO] [1788983010.316140300] [ekf_localization]: Local odometry trust filter ready: /odom -> /ekf_odom and /ekf_pose in frame odom; reset events=/autodrive/reset_command
[lifecycle_manager-5] [INFO] [1788983010.316976137] [lifecycle_manager_map]: Creating
[lifecycle_manager-5] [INFO] [1788983010.321750770] [lifecycle_manager_map]: [34m[1mCreating and initializing lifecycle service clients[0m[0m
[sensor_odometry_node-2] [INFO] [1788983010.332163496] [sensor_odometry]: Deterministic odometry observer: exact timestamp packets, encoders + IMU only
[lifecycle_manager-5] [INFO] [1788983010.339341877] [lifecycle_manager_map]: [34m[1mStarting managed nodes bringup...[0m[0m
[lifecycle_manager-5] [INFO] [1788983010.339418871] [lifecycle_manager_map]: [34m[1mConfiguring map_server[0m[0m
[map_server-4] [INFO] [1788983010.340311024] [map_server]: 
[map_server-4] 	map_server lifecycle node launched. 
[map_server-4] 	Waiting on external lifecycle transitions to activate
[map_server-4] 	See https://design.ros2.org/articles/node_lifecycle.html for more information.
[map_server-4] [INFO] [1788983010.340499908] [map_server]: Creating
[map_server-4] [INFO] [1788983010.472798623] [map_server]: Configuring
[map_server-4] [INFO] [1788983010.472926192] [map_io]: Loading yaml file: /workspace/src/f1tenth_planning/maps/autodrive_track_ftg_commit_20260909_025m.yaml
[map_server-4] [INFO] [1788983010.473293591] [map_io]: resolution: 0.025
[map_server-4] [INFO] [1788983010.473311174] [map_io]: origin[0]: -6.82
[map_server-4] [INFO] [1788983010.473321553] [map_io]: origin[1]: -12.3
[map_server-4] [INFO] [1788983010.473329939] [map_io]: origin[2]: 0
[map_server-4] [INFO] [1788983010.473339146] [map_io]: free_thresh: 0.25
[map_server-4] [INFO] [1788983010.473347512] [map_io]: occupied_thresh: 0.65
[map_server-4] [INFO] [1788983010.473356830] [map_io]: mode: trinary
[map_server-4] [INFO] [1788983010.473365355] [map_io]: negate: 0
[map_server-4] [INFO] [1788983010.473660870] [map_io]: Loading image_file: /workspace/src/f1tenth_planning/maps/autodrive_track_ftg_commit_20260909_025m.pgm
[map_server-4] [INFO] [1788983010.519931666] [map_io]: Read map /workspace/src/f1tenth_planning/maps/autodrive_track_ftg_commit_20260909_025m.pgm: 349 X 877 map @ 0.025 m/cell
[lifecycle_manager-5] [INFO] [1788983010.525088045] [lifecycle_manager_map]: [34m[1mActivating map_server[0m[0m
[map_server-4] [INFO] [1788983010.525197530] [map_server]: Activating
[map_server-4] [INFO] [1788983010.525706515] [map_server]: Creating bond (map_server) to lifecycle manager.
[component_container-9] [INFO] [1788983010.528810545] [controller_container]: Load Library: /workspace/install/lib/libpure_pursuit_node.so
[component_container-9] [INFO] [1788983010.531651984] [controller_container]: Found class: rclcpp_components::NodeFactoryTemplate<f1tenth_control::PurePursuitNode>
[component_container-9] [INFO] [1788983010.531704702] [controller_container]: Instantiate class: rclcpp_components::NodeFactoryTemplate<f1tenth_control::PurePursuitNode>
[component_container-9] [INFO] [1788983010.543827725] [pure_pursuit_node]: Initializing Pure Pursuit Node
[autodrive_bridge_40hz-1] /usr/local/lib/python3.10/dist-packages/numpy/core/getlimits.py:499: UserWarning: The value of the smallest subnormal for <class 'numpy.float64'> type is zero.
[autodrive_bridge_40hz-1]   setattr(self, word, getattr(machar, word).flat[0])
[autodrive_bridge_40hz-1] /usr/local/lib/python3.10/dist-packages/numpy/core/getlimits.py:89: UserWarning: The value of the smallest subnormal for <class 'numpy.float64'> type is zero.
[autodrive_bridge_40hz-1]   return self._float_to_str(self.smallest_subnormal)
[gpu_amcl_cpp_node-6] [INFO] [1788983010.551541640] [gpu_amcl_cpp]: [AMCL] Parameters: update_min_d=0.02000, update_min_a=0.03500, max_scan_age=0.2500, odom_history=1.000s, cloud_publish_rate=1.0 Hz, debug_pre_resample=false, slip_threshold=1.00 rad/s, initial_raceline_heading=false, local_correction_gate=0.00m/0.00rad xy_gain=1.000 cross_track_only=true yaw_gain=0.000 association=0.80m recenter_cloud=true
[component_container-9] [INFO] [1788983010.555361864] [pure_pursuit_node]: Loaded trajectory with 2586 waypoints (51.7 m)
[component_container-9] [INFO] [1788983010.560326944] [pure_pursuit_node]: Pure Pursuit Node initialized
[component_container-9] [INFO] [1788983010.560368402] [pure_pursuit_node]:   Trajectory: /workspace/src/f1tenth_planning/trajectories/autodrive_track_ftg_commit_20260909_025m_mintime_raceline.csv (2586 points)
[component_container-9] [INFO] [1788983010.560388730] [pure_pursuit_node]:   Lookahead: 0.35 - 0.95 m (gain: 0.05)
[component_container-9] [INFO] [1788983010.560400232] [pure_pursuit_node]:   Max speed cap: 3.00 m/s
[component_container-9] [INFO] [1788983010.560406403] [pure_pursuit_node]:   Lookahead adapt: cte_weight=1.00 cte_gain=0.042 curvature_gain=1.900
[component_container-9] [INFO] [1788983010.560413988] [pure_pursuit_node]:   Speed adapt: curvature_factor=0.102 floor_ratio=0.52
[component_container-9] [INFO] [1788983010.560420931] [pure_pursuit_node]:   Speed adapt (CTE): factor=1.500 floor_ratio=0.55
[component_container-9] [INFO] [1788983010.560431941] [pure_pursuit_node]:   Speed limits: max_lat_accel=6.50 min_reg_speed=0.00
[INFO] [launch_ros.actions.load_composable_nodes]: Loaded node '/pure_pursuit_node' in container '/controller_container'
[component_container-9] [INFO] [1788983010.560437782] [pure_pursuit_node]:   Yaw-rate damping: 0.000 s
[component_container-9] [INFO] [1788983010.560443222] [pure_pursuit_node]:   Target-heading turn-in gain: 0.000
[component_container-9] [INFO] [1788983010.560448793] [pure_pursuit_node]:   Command shaping: steer_rate=3.20 accel=3.00 decel=8.00
[component_container-9] [INFO] [1788983010.560455806] [pure_pursuit_node]:   Pose: /current_map_pose (map frame)
[component_container-9] [INFO] [1788983010.560460976] [pure_pursuit_node]:   Odom: /odom
[component_container-9] [INFO] [1788983010.560466085] [pure_pursuit_node]:   Control trigger: /odom (one command per odometry update; nominal 40.0 Hz)
[component_container-9] [INFO] [1788983010.560472628] [pure_pursuit_node]:   Steering feedback: /autodrive/roboracer_1/steering (lead gain 0.25)
[component_container-9] [INFO] [1788983010.560478308] [pure_pursuit_node]:   Startup path gate: distance <= 0.80 m, heading <= 0.75 rad
[component_container-9] [INFO] [1788983010.560484339] [pure_pursuit_node]:   Command: /cmd/speed
[gpu_amcl_cpp_node-6] [INFO] [1788983010.566265630] [gpu_amcl_cpp]: Particle cloud publishing scan-synchronized, max 1.0 Hz
[gpu_amcl_cpp_node-6] [INFO] [1788983010.566306277] [gpu_amcl_cpp]: GPU AMCL C++ node created — waiting for map...
[gpu_amcl_cpp_node-6] [INFO] [1788983010.577242544] [gpu_amcl_cpp]: Received first map (349x877 @ 0.025 m/cell) — initialising PF
[gpu_amcl_cpp_node-6] [INFO] [1788983010.591738747] [gpu_amcl_cpp]: Loaded 2587 global heading points from /workspace/src/f1tenth_planning/trajectories/autodrive_track_ftg_commit_20260909_025m_mintime_raceline.csv
[gpu_amcl_cpp_node-6] [INFO] [1788983010.607147482] [gpu_amcl_cpp]: Global AMCL startup prior centred at saved map start (0.801, 3.158, -1.571) with covariance (0.500, 0.500, 0.200).
[gpu_amcl_cpp_node-6] [INFO] [1788983010.607218314] [gpu_amcl_cpp]: Particle filter initialised with 2500 particles (global)
[gpu_amcl_cpp_node-6] [INFO] [1788983010.607262838] [gpu_amcl_cpp]: Global particle initialization active; waiting for scans before publishing pose
[ground_truth_amcl_monitor-7] [INFO] [1788983010.607560666] [ground_truth_amcl_monitor]: Absolute map scoring enabled from explicit map start: (0.8006, 3.1583, -1.5708)
[calibration-8] [INFO] [1788983010.613300449] [allowed_telemetry_recorder]: Calibration mode=sensor_record duration=120.000 s output=/workspace/src/f1tenth_planning/analysis/amcl_tuning_campaign_20260909/acceptance_3mps_cross_track_nocap/telemetry/sensor_record_20260909_194330.csv
[ground_truth_amcl_monitor-7] [WARN] [1788983010.615588239] [ground_truth_amcl_monitor]: Ground-truth monitor is diagnostics-only; simulator IPS/odom are not controller inputs
[actuator_interface-10] [INFO] [1788983010.628390296] [autodrive_actuator_interface]: Actuator interface ready; no arming state
[lifecycle_manager-5] [INFO] [1788983010.629781745] [lifecycle_manager_map]: Server map_server connected with bond.
[lifecycle_manager-5] [INFO] [1788983010.629852327] [lifecycle_manager_map]: [34m[1mManaged nodes are active[0m[0m
[lifecycle_manager-5] [INFO] [1788983010.629876563] [lifecycle_manager_map]: [34m[1mCreating bond timer...[0m[0m
[actuator_interface-10] [WARN] [1788983010.632186424] [autodrive_actuator_interface]: Neutral output: no command
[autodrive_bridge_40hz-1] [autodrive_bridge_40hz] camera decode/publication disabled
[autodrive_bridge_40hz-1] [autodrive_bridge_40hz] bounded request pacing enabled at 40 Hz (max one outstanding request)
[autodrive_bridge_40hz-1] Connected!
[autodrive_bridge_40hz-1] [autodrive_bridge_40hz] dropping incomplete startup packet (missing V1 LIDAR Range Array); requesting retry
[component_container-9] [WARN] [1788983025.482518597] [pure_pursuit_node]: No pose received on /current_map_pose yet
[gpu_amcl_cpp_node-6] [INFO] [1788983025.482788864] [gpu_amcl_cpp]: Received first odometry sample at (0.00, 0.00, 0.00).
[gpu_amcl_cpp_node-6] [INFO] [1788983025.483777548] [gpu_amcl_cpp]: Received LiDAR callback #1 (1081 ranges).
[gpu_amcl_cpp_node-6] [INFO] [1788983025.483833583] [gpu_amcl_cpp]: AMCL odom delta: at_scan=(0.000, 0.000, 0.000) baseline=(0.000, 0.000, 0.000) delta=(0.000, 0.000, 0.000) moved=false scan_age=0.065s
[gpu_amcl_cpp_node-6] [INFO] [1788983025.483859431] [gpu_amcl_cpp]: Starting AMCL scan update #1 (sampled from 1081 ranges).
[gpu_amcl_cpp_node-6] [INFO] [1788983025.486990793] [gpu_amcl_cpp]: AMCL scan update #1 completed; evaluating pose confidence.
[gpu_amcl_cpp_node-6] [INFO] [1788983025.488058035] [gpu_amcl_cpp]: Global AMCL refining: cluster_weight=0.609, covariance xy=0.030 (max 0.250), yaw=0.004 (max 0.120).
[gpu_amcl_cpp_node-6] [INFO] [1788983025.488092750] [gpu_amcl_cpp]: Global AMCL lock evidence: quality=false stable_scans=1/5 travel=0.000/0.750 m (min_weight=0.500).
[gpu_amcl_cpp_node-6] [INFO] [1788983025.694494506] [gpu_amcl_cpp]: Publishing provisional global AMCL pose for localization ramp; travel=0.000/0.750 m stable_scans=5/5.
[ground_truth_amcl_monitor-7] [INFO] [1788983025.695677885] [ground_truth_amcl_monitor]: Relative GT alignment initialized: yaw=-0.000, translation=(-0.000, -0.001)
[ground_truth_amcl_monitor-7] [INFO] [1788983025.696176830] [ground_truth_amcl_monitor]: AMCL vs GT: gt=(0.801, 3.158) amcl=(0.801, 3.158) error=0.001 m / 0.000 rad; current_map=unavailable; odom=(0.801, 3.158, -1.571) error=0.000 m / 0.000 rad; ekf=(0.801, 3.158, -1.571) error=0.000 m / 0.000 rad; RMS=0.001 m / 0.000 rad max=0.001 m / 0.000 rad samples=1
[component_container-9] [INFO] [1788983025.995578490] [pure_pursuit_node]: Aligned closed trajectory seam to startup pose at original waypoint 1090
[component_container-9] [INFO] [1788983025.995709726] [pure_pursuit_node]: Startup path gate passed: path_distance=0.166 m heading_error=0.301 rad
[component_container-9] [INFO] [1788983025.995734292] [pure_pursuit_node]: Pure Pursuit: pose=(0.801, 3.158, -1.571) cte=-0.166 closest=0 target=41 path_dist=0.166 heading_err=0.301 steer=0.003 speed=0.003
[gpu_amcl_cpp_node-6] [INFO] [1788983026.497744947] [gpu_amcl_cpp]: AMCL odom delta: at_scan=(0.142, 0.003, 0.037) baseline=(0.098, 0.002, 0.028) delta=(0.044, 0.001, 0.009) moved=true scan_age=0.051s
[actuator_interface-10] [INFO] [1788983026.499201598] [autodrive_actuator_interface]: Collision baseline established at cumulative count 0
[ground_truth_amcl_monitor-7] [INFO] [1788983026.719195372] [ground_truth_amcl_monitor]: AMCL vs GT: gt=(0.825, 2.659) amcl=(0.816, 2.802) error=0.143 m / 0.016 rad; current_map=(0.823, 2.728, -1.473) error=0.069 m / 0.000 rad; odom=(0.823, 2.727, -1.473) error=0.068 m / 0.000 rad; ekf=(0.816, 2.801, -1.489) error=0.142 m / 0.016 rad; RMS=0.056 m / 0.005 rad max=0.155 m / 0.019 rad samples=40
[gpu_amcl_cpp_node-6] [INFO] [1788983026.819325267] [gpu_amcl_cpp]: Global AMCL candidate rejected: start-anchor distance 0.804 m > 0.750 m.
[component_container-9] [INFO] [1788983027.018098418] [pure_pursuit_node]: Pure Pursuit: pose=(0.942, 2.002, -1.360) cte=0.010 closest=57 target=104 path_dist=0.010 heading_err=0.025 steer=0.006 speed=2.935
[gpu_amcl_cpp_node-6] [INFO] [1788983027.120785247] [gpu_amcl_cpp]: Global AMCL lock accepted at (0.968, 1.878, -1.357); continuing with local tracking.
[gpu_amcl_cpp_node-6] [INFO] [1788983027.170412699] [gpu_amcl_cpp]: AMCL local correction: odom_prediction=(0.998, 1.744, -1.354) scan=(0.988, 1.739, -1.367) correction=0.011 m/0.013 rad cluster_weight=0.930 publish=true
[gpu_amcl_cpp_node-6] [INFO] [1788983027.522241802] [gpu_amcl_cpp]: AMCL odom delta: at_scan=(2.409, 0.399, 0.179) baseline=(2.263, 0.372, 0.184) delta=(0.146, 0.027, -0.005) moved=true scan_age=0.052s
[ground_truth_amcl_monitor-7] [INFO] [1788983027.726826141] [ground_truth_amcl_monitor]: AMCL vs GT: gt=(1.305, 0.046) amcl=(1.241, 0.320) error=0.282 m / 0.013 rad; current_map=(1.261, 0.175, -1.438) error=0.136 m / 0.000 rad; odom=(1.270, 0.325, -1.425) error=0.282 m / 0.013 rad; ekf=(1.270, 0.325, -1.425) error=0.282 m / 0.013 rad; RMS=0.173 m / 0.016 rad max=0.632 m / 0.083 rad samples=72
[component_container-9] [INFO] [1788983028.041979599] [pure_pursuit_node]: Pure Pursuit: pose=(1.368, -0.882, -1.530) cte=-0.009 closest=203 target=251 path_dist=0.009 heading_err=-0.009 steer=-0.038 speed=2.934
[gpu_amcl_cpp_node-6] [INFO] [1788983028.196547767] [gpu_amcl_cpp]: AMCL local correction: odom_prediction=(1.402, -1.191, -1.563) scan=(1.408, -1.182, -1.556) correction=0.010 m/0.006 rad cluster_weight=0.949 publish=true
[gpu_amcl_cpp_node-6] [INFO] [1788983028.546083581] [gpu_amcl_cpp]: AMCL odom delta: at_scan=(5.329, 0.544, -0.098) baseline=(5.190, 0.557, -0.088) delta=(0.139, -0.013, -0.009) moved=true scan_age=0.051s
[ground_truth_amcl_monitor-7] [INFO] [1788983028.748804355] [ground_truth_amcl_monitor]: AMCL vs GT: gt=(1.297, -2.894) amcl=(1.329, -2.591) error=0.305 m / 0.005 rad; current_map=(1.312, -2.734, -1.689) error=0.161 m / 0.000 rad; odom=(1.283, -2.731, -1.689) error=0.164 m / 0.000 rad; ekf=(1.283, -2.731, -1.689) error=0.164 m / 0.000 rad; RMS=0.194 m / 0.014 rad max=0.632 m / 0.083 rad samples=112
[component_container-9] [INFO] [1788983029.066264419] [pure_pursuit_node]: Pure Pursuit: pose=(1.179, -3.797, -1.721) cte=-0.008 closest=349 target=398 path_dist=0.008 heading_err=0.010 steer=-0.010 speed=2.955
[gpu_amcl_cpp_node-6] [INFO] [1788983029.223309803] [gpu_amcl_cpp]: AMCL local correction: odom_prediction=(1.129, -4.109, -1.732) scan=(1.128, -4.134, -1.728) correction=0.024 m/0.004 rad cluster_weight=0.923 publish=true
[gpu_amcl_cpp_node-6] [INFO] [1788983029.571730616] [gpu_amcl_cpp]: AMCL odom delta: at_scan=(8.295, 0.110, -0.192) baseline=(8.147, 0.139, -0.186) delta=(0.148, -0.028, -0.007) moved=true scan_age=0.050s
[ground_truth_amcl_monitor-7] [INFO] [1788983029.792862395] [ground_truth_amcl_monitor]: AMCL vs GT: gt=(0.798, -5.936) amcl=(0.850, -5.648) error=0.292 m / 0.004 rad; current_map=(0.820, -5.794, -1.774) error=0.143 m / 0.000 rad; odom=(0.779, -5.789, -1.774) error=0.148 m / 0.000 rad; ekf=(0.779, -5.789, -1.774) error=0.148 m / 0.000 rad; RMS=0.210 m / 0.012 rad max=0.632 m / 0.083 rad samples=152
[component_container-9] [INFO] [1788983030.097401571] [pure_pursuit_node]: Pure Pursuit: pose=(0.597, -6.837, -1.803) cte=-0.006 closest=504 target=553 path_dist=0.006 heading_err=0.005 steer=-0.007 speed=2.937
[gpu_amcl_cpp_node-6] [INFO] [1788983030.270380423] [gpu_amcl_cpp]: AMCL local correction: odom_prediction=(0.506, -7.186, -1.810) scan=(0.510, -7.212, -1.804) correction=0.026 m/0.006 rad cluster_weight=0.965 publish=true
[gpu_amcl_cpp_node-6] [INFO] [1788983030.542389318] [gpu_amcl_cpp]: Received LiDAR callback #99 (1081 ranges).
[gpu_amcl_cpp_node-6] [INFO] [1788983030.542447577] [gpu_amcl_cpp]: Starting AMCL scan update #99 (sampled from 1081 ranges).
[gpu_amcl_cpp_node-6] [INFO] [1788983030.543302480] [gpu_amcl_cpp]: AMCL scan update #99 completed; evaluating pose confidence.
[gpu_amcl_cpp_node-6] [INFO] [1788983030.594988923] [gpu_amcl_cpp]: AMCL odom delta: at_scan=(11.257, -0.576, -0.282) baseline=(11.115, -0.536, -0.273) delta=(0.142, -0.040, -0.010) moved=true scan_age=0.052s
[ground_truth_amcl_monitor-7] [INFO] [1788983030.794411223] [ground_truth_amcl_monitor]: AMCL vs GT: gt=(0.064, -8.779) amcl=(0.161, -8.526) error=0.271 m / 0.025 rad; current_map=(0.113, -8.655, -1.942) error=0.133 m / 0.000 rad; odom=(0.042, -8.642, -1.942) error=0.139 m / 0.000 rad; ekf=(0.042, -8.642, -1.942) error=0.139 m / 0.000 rad; RMS=0.212 m / 0.011 rad max=0.632 m / 0.083 rad samples=190
[component_container-9] [INFO] [1788983031.146501618] [pure_pursuit_node]: Pure Pursuit: pose=(-0.222, -9.242, -2.181) cte=0.054 closest=632 target=679 path_dist=0.054 heading_err=0.112 steer=-0.245 speed=2.405
[gpu_amcl_cpp_node-6] [INFO] [1788983031.320286482] [gpu_amcl_cpp]: AMCL local correction: odom_prediction=(-0.368, -9.507, -2.234) scan=(-0.508, -9.774, -2.187) correction=0.302 m/0.047 rad cluster_weight=0.976 publish=true
[gpu_amcl_cpp_node-6] [INFO] [1788983031.617857441] [gpu_amcl_cpp]: AMCL odom delta: at_scan=(13.093, -1.841, -1.150) baseline=(13.037, -1.729, -1.067) delta=(0.056, -0.112, -0.084) moved=true scan_age=0.049s
[ground_truth_amcl_monitor-7] [INFO] [1788983031.817953294] [ground_truth_amcl_monitor]: AMCL vs GT: gt=(-1.564, -10.421) amcl=(-1.133, -10.329) error=0.441 m / 0.072 rad; current_map=(-1.254, -10.347, -3.031) error=0.319 m / 0.000 rad; odom=(-1.519, -10.063, -3.031) error=0.361 m / 0.000 rad; ekf=(-1.519, -10.063, -3.031) error=0.361 m / 0.000 rad; RMS=0.258 m / 0.021 rad max=0.632 m / 0.085 rad samples=230
[component_container-9] [INFO] [1788983032.166366765] [pure_pursuit_node]: Pure Pursuit: pose=(-1.673, -10.292, 2.461) cte=-0.214 closest=722 target=768 path_dist=0.214 heading_err=0.467 steer=-0.076 speed=1.999
[gpu_amcl_cpp_node-6] [INFO] [1788983032.321734212] [gpu_amcl_cpp]: AMCL local correction: odom_prediction=(-1.853, -10.332, 2.380) scan=(-2.162, -10.285, 2.419) correction=0.312 m/0.038 rad cluster_weight=0.978 publish=true
[gpu_amcl_cpp_node-6] [INFO] [1788983032.618618895] [gpu_amcl_cpp]: AMCL odom delta: at_scan=(12.502, -3.276, -2.528) baseline=(12.582, -3.217, -2.497) delta=(-0.081, -0.059, -0.031) moved=true scan_age=0.050s
[ground_truth_amcl_monitor-7] [INFO] [1788983032.818126155] [ground_truth_amcl_monitor]: AMCL vs GT: gt=(-2.890, -9.350) amcl=(-2.525, -9.850) error=0.619 m / 0.037 rad; current_map=(-2.570, -9.762, 2.032) error=0.521 m / 0.000 rad; odom=(-2.681, -9.001, 2.032) error=0.407 m / 0.000 rad; ekf=(-2.681, -9.001, 2.032) error=0.407 m / 0.000 rad; RMS=0.311 m / 0.027 rad max=0.632 m / 0.130 rad samples=270
[component_container-9] [INFO] [1788983033.167439273] [pure_pursuit_node]: Pure Pursuit: pose=(-2.906, -9.009, 1.813) cte=-0.139 closest=806 target=853 path_dist=0.139 heading_err=0.186 steer=-0.051 speed=2.394
[gpu_amcl_cpp_node-6] [INFO] [1788983033.370201166] [gpu_amcl_cpp]: AMCL local correction: odom_prediction=(-3.047, -8.665, 1.760) scan=(-3.141, -8.437, 1.809) correction=0.247 m/0.049 rad cluster_weight=0.925 publish=true
[gpu_amcl_cpp_node-6] [INFO] [1788983033.666425821] [gpu_amcl_cpp]: AMCL odom delta: at_scan=(10.257, -3.929, -3.089) baseline=(10.379, -3.921, -3.064) delta=(-0.122, -0.008, -0.026) moved=true scan_age=0.049s
[ground_truth_amcl_monitor-7] [INFO] [1788983033.818473945] [ground_truth_amcl_monitor]: AMCL vs GT: gt=(-3.350, -7.070) amcl=(-3.291, -7.709) error=0.642 m / 0.025 rad; current_map=(-3.289, -7.586, 1.543) error=0.520 m / 0.000 rad; odom=(-3.136, -6.848, 1.568) error=0.308 m / 0.025 rad; ekf=(-3.136, -6.848, 1.568) error=0.308 m / 0.025 rad; RMS=0.360 m / 0.026 rad max=0.676 m / 0.130 rad samples=310
[component_container-9] [INFO] [1788983034.167525172] [pure_pursuit_node]: Pure Pursuit: pose=(-3.298, -6.606, 1.378) cte=-0.150 closest=926 target=973 path_dist=0.150 heading_err=0.136 steer=-0.059 speed=2.402
[gpu_amcl_cpp_node-6] [INFO] [1788983034.422541925] [gpu_amcl_cpp]: AMCL local correction: odom_prediction=(-3.363, -6.107, 1.295) scan=(-3.342, -5.948, 1.285) correction=0.160 m/0.009 rad cluster_weight=0.948 publish=true
[gpu_amcl_cpp_node-6] [INFO] [1788983034.673004397] [gpu_amcl_cpp]: AMCL odom delta: at_scan=(7.825, -3.502, 2.742) baseline=(7.937, -3.548, 2.764) delta=(-0.112, 0.046, -0.022) moved=true scan_age=0.051s
[ground_truth_amcl_monitor-7] [INFO] [1788983034.822895696] [ground_truth_amcl_monitor]: AMCL vs GT: gt=(-2.797, -4.757) amcl=(-3.134, -5.298) error=0.638 m / 0.006 rad; current_map=(-3.081, -5.185, 1.134) error=0.514 m / 0.000 rad; odom=(-2.558, -4.345, 1.134) error=0.477 m / 0.000 rad; ekf=(-2.558, -4.345, 1.134) error=0.477 m / 0.000 rad; RMS=0.393 m / 0.025 rad max=0.676 m / 0.130 rad samples=350
[component_container-9] [INFO] [1788983035.169390230] [pure_pursuit_node]: Pure Pursuit: pose=(-2.649, -4.290, 1.238) cte=0.016 closest=1045 target=1092 path_dist=0.016 heading_err=0.051 steer=0.053 speed=2.921
[gpu_amcl_cpp_node-6] [INFO] [1788983035.473286592] [gpu_amcl_cpp]: AMCL local correction: odom_prediction=(-2.410, -3.606, 1.320) scan=(-2.383, -3.538, 1.261) correction=0.073 m/0.058 rad cluster_weight=0.936 publish=true
[gpu_amcl_cpp_node-6] [INFO] [1788983035.570027753] [gpu_amcl_cpp]: Received LiDAR callback #199 (1081 ranges).
[gpu_amcl_cpp_node-6] [INFO] [1788983035.570104968] [gpu_amcl_cpp]: Starting AMCL scan update #199 (sampled from 1081 ranges).
[gpu_amcl_cpp_node-6] [INFO] [1788983035.571210802] [gpu_amcl_cpp]: AMCL scan update #199 completed; evaluating pose confidence.
[gpu_amcl_cpp_node-6] [INFO] [1788983035.720699035] [gpu_amcl_cpp]: AMCL odom delta: at_scan=(5.227, -2.597, 2.926) baseline=(5.359, -2.627, 2.918) delta=(-0.132, 0.029, 0.008) moved=true scan_age=0.049s
[ground_truth_amcl_monitor-7] [INFO] [1788983035.824423091] [ground_truth_amcl_monitor]: AMCL vs GT: gt=(-1.971, -2.181) amcl=(-2.141, -2.685) error=0.533 m / 0.000 rad; current_map=(-2.142, -2.685, 1.369) error=0.533 m / 0.000 rad; odom=(-1.742, -1.810, 1.369) error=0.436 m / 0.000 rad; ekf=(-1.742, -1.810, 1.369) error=0.436 m / 0.000 rad; RMS=0.417 m / 0.024 rad max=0.676 m / 0.130 rad samples=391
[component_container-9] [INFO] [1788983036.172512866] [pure_pursuit_node]: Pure Pursuit: pose=(-1.913, -1.656, 1.371) cte=0.033 closest=1182 target=1230 path_dist=0.033 heading_err=-0.054 steer=-0.004 speed=2.846
[gpu_amcl_cpp_node-6] [INFO] [1788983036.495539764] [gpu_amcl_cpp]: AMCL local correction: odom_prediction=(-1.711, -0.942, 1.367) scan=(-1.668, -0.849, 1.312) correction=0.103 m/0.055 rad cluster_weight=0.969 publish=true
[gpu_amcl_cpp_node-6] [INFO] [1788983036.767594066] [gpu_amcl_cpp]: AMCL odom delta: at_scan=(2.449, -2.046, 2.993) baseline=(2.585, -2.067, 2.976) delta=(-0.135, 0.021, 0.017) moved=true scan_age=0.049s
[ground_truth_amcl_monitor-7] [INFO] [1788983036.869307982] [ground_truth_amcl_monitor]: AMCL vs GT: gt=(-1.422, 0.688) amcl=(-1.439, -0.087) error=0.775 m / 0.012 rad; current_map=(-1.422, 0.042, 1.449) error=0.646 m / 0.000 rad; odom=(-1.228, 0.833, 1.437) error=0.242 m / 0.012 rad; ekf=(-1.228, 0.833, 1.437) error=0.242 m / 0.012 rad; RMS=0.445 m / 0.023 rad max=0.815 m / 0.130 rad samples=430
[component_container-9] [INFO] [1788983037.216626502] [pure_pursuit_node]: Pure Pursuit: pose=(-1.307, 1.024, 1.513) cte=0.062 closest=1319 target=1366 path_dist=0.062 heading_err=-0.096 steer=0.011 speed=2.652
[gpu_amcl_cpp_node-6] [INFO] [1788983037.520451813] [gpu_amcl_cpp]: AMCL local correction: odom_prediction=(-1.276, 1.652, 1.544) scan=(-1.264, 1.742, 1.501) correction=0.091 m/0.043 rad cluster_weight=0.885 publish=true
[gpu_amcl_cpp_node-6] [INFO] [1788983037.768563958] [gpu_amcl_cpp]: AMCL odom delta: at_scan=(-0.087, -1.907, -3.073) baseline=(0.050, -1.900, -3.105) delta=(-0.137, -0.007, 0.033) moved=true scan_age=0.050s
[ground_truth_amcl_monitor-7] [INFO] [1788983037.871232545] [ground_truth_amcl_monitor]: AMCL vs GT: gt=(-1.336, 3.330) amcl=(-1.222, 2.418) error=0.919 m / 0.040 rad; current_map=(-1.228, 2.466, 1.716) error=0.870 m / 0.000 rad; odom=(-1.115, 3.344, 1.677) error=0.222 m / 0.040 rad; ekf=(-1.115, 3.344, 1.677) error=0.222 m / 0.040 rad; RMS=0.483 m / 0.022 rad max=0.919 m / 0.130 rad samples=470
[component_container-9] [INFO] [1788983038.219627614] [pure_pursuit_node]: Pure Pursuit: pose=(-1.364, 2.962, 1.998) cte=0.004 closest=1416 target=1462 path_dist=0.004 heading_err=-0.141 steer=0.459 speed=1.967
[gpu_amcl_cpp_node-6] [INFO] [1788983038.524512332] [gpu_amcl_cpp]: AMCL local correction: odom_prediction=(-1.546, 3.397, 2.452) scan=(-1.568, 3.484, 2.363) correction=0.089 m/0.090 rad cluster_weight=0.757 publish=true
[gpu_amcl_cpp_node-6] [INFO] [1788983038.770145710] [gpu_amcl_cpp]: AMCL odom delta: at_scan=(-1.317, -2.766, -1.869) baseline=(-1.303, -2.725, -1.951) delta=(-0.014, -0.040, 0.082) moved=true scan_age=0.050s
[ground_truth_amcl_monitor-7] [INFO] [1788983038.872584435] [ground_truth_amcl_monitor]: AMCL vs GT: gt=(-2.316, 4.645) amcl=(-2.143, 3.320) error=1.336 m / 0.000 rad; current_map=(-2.122, 3.376, 2.998) error=1.284 m / 0.000 rad; odom=(-2.004, 4.483, 2.998) error=0.351 m / 0.000 rad; ekf=(-2.004, 4.483, 2.998) error=0.351 m / 0.000 rad; RMS=0.565 m / 0.025 rad max=1.336 m / 0.130 rad samples=511
[component_container-9] [INFO] [1788983039.267262616] [pure_pursuit_node]: Pure Pursuit: pose=(-2.693, 3.526, -2.802) cte=-0.162 closest=1515 target=1558 path_dist=0.162 heading_err=0.436 steer=0.511 speed=1.653
[gpu_amcl_cpp_node-6] [INFO] [1788983039.570632864] [gpu_amcl_cpp]: AMCL local correction: odom_prediction=(-3.207, 3.486, -2.227) scan=(-3.132, 3.547, -2.207) correction=0.097 m/0.020 rad cluster_weight=0.860 publish=true
[gpu_amcl_cpp_node-6] [INFO] [1788983039.772008149] [gpu_amcl_cpp]: AMCL odom delta: at_scan=(-0.761, -3.725, -0.261) baseline=(-0.838, -3.701, -0.352) delta=(0.077, -0.024, 0.090) moved=true scan_age=0.051s
[ground_truth_amcl_monitor-7] [INFO] [1788983039.873033083] [ground_truth_amcl_monitor]: AMCL vs GT: gt=(-3.259, 3.940) amcl=(-3.135, 3.040) error=0.908 m / 0.071 rad; current_map=(-3.149, 2.946, -1.680) error=1.000 m / 0.000 rad; odom=(-2.957, 3.741, -1.680) error=0.362 m / 0.000 rad; ekf=(-2.957, 3.741, -1.680) error=0.362 m / 0.000 rad; RMS=0.612 m / 0.029 rad max=1.354 m / 0.130 rad samples=550
[component_container-9] [INFO] [1788983040.274500486] [pure_pursuit_node]: Pure Pursuit: pose=(-3.215, 1.827, -1.732) cte=-0.024 closest=1610 target=1657 path_dist=0.024 heading_err=0.040 steer=0.004 speed=2.743
[gpu_amcl_cpp_node-6] [INFO] [1788983040.594296417] [gpu_amcl_cpp]: Received LiDAR callback #298 (1081 ranges).
[gpu_amcl_cpp_node-6] [INFO] [1788983040.594357852] [gpu_amcl_cpp]: Starting AMCL scan update #298 (sampled from 1081 ranges).
[gpu_amcl_cpp_node-6] [INFO] [1788983040.595477371] [gpu_amcl_cpp]: AMCL scan update #298 completed; evaluating pose confidence.
[gpu_amcl_cpp_node-6] [INFO] [1788983040.596037842] [gpu_amcl_cpp]: AMCL local correction: odom_prediction=(-3.374, 1.147, -1.751) scan=(-3.366, 1.281, -1.791) correction=0.134 m/0.040 rad cluster_weight=0.924 publish=true
[gpu_amcl_cpp_node-6] [INFO] [1788983040.798170808] [gpu_amcl_cpp]: AMCL odom delta: at_scan=(1.588, -4.079, -0.487) baseline=(1.549, -4.060, -0.429) delta=(0.039, -0.019, -0.059) moved=true scan_age=0.050s
[ground_truth_amcl_monitor-7] [INFO] [1788983040.919708168] [ground_truth_amcl_monitor]: AMCL vs GT: gt=(-3.736, 1.400) amcl=(-3.631, 0.783) error=0.625 m / 0.010 rad; current_map=(-3.659, 0.734, -2.095) error=0.670 m / 0.000 rad; odom=(-3.291, 1.547, -2.085) error=0.468 m / 0.010 rad; ekf=(-3.291, 1.547, -2.085) error=0.468 m / 0.010 rad; RMS=0.633 m / 0.029 rad max=1.354 m / 0.130 rad samples=590
[ground_truth_amcl_monitor-7] [INFO] [1788983040.969950484] [ground_truth_amcl_monitor]: Collision epoch changed; discarding localization comparison; waiting for fresh AMCL alignment
[actuator_interface-10] [ERROR] [1788983040.970003062] [autodrive_actuator_interface]: Collision count increased to 1; terminal stop latched, no simulator reset published
[actuator_interface-10] [WARN] [1788983040.977684827] [autodrive_actuator_interface]: Neutral output: external stop
[component_container-9] [INFO] [1788983041.318897870] [pure_pursuit_node]: Pure Pursuit: pose=(-3.110, 0.005, -2.072) cte=-0.533 closest=1690 target=1731 path_dist=0.533 heading_err=-0.001 steer=-0.524 speed=1.231
[gpu_amcl_cpp_node-6] [INFO] [1788983041.820001725] [gpu_amcl_cpp]: AMCL odom delta: at_scan=(2.100, -4.365, -0.501) baseline=(2.100, -4.365, -0.501) delta=(-0.000, 0.000, -0.000) moved=false scan_age=0.049s
[component_container-9] [INFO] [1788983042.366627064] [pure_pursuit_node]: Pure Pursuit: pose=(-3.099, -0.001, -2.072) cte=-0.545 closest=1690 target=1731 path_dist=0.545 heading_err=-0.001 steer=-0.524 speed=1.219
[gpu_amcl_cpp_node-6] [INFO] [1788983042.820730162] [gpu_amcl_cpp]: AMCL odom delta: at_scan=(2.100, -4.365, -0.501) baseline=(2.100, -4.365, -0.501) delta=(-0.000, 0.000, -0.000) moved=false scan_age=0.050s
[component_container-9] [INFO] [1788983043.368619912] [pure_pursuit_node]: Pure Pursuit: pose=(-3.099, -0.001, -2.072) cte=-0.545 closest=1690 target=1731 path_dist=0.545 heading_err=-0.001 steer=-0.524 speed=1.219
[gpu_amcl_cpp_node-6] [INFO] [1788983043.868344152] [gpu_amcl_cpp]: AMCL odom delta: at_scan=(2.100, -4.365, -0.501) baseline=(2.100, -4.365, -0.501) delta=(-0.000, 0.000, -0.000) moved=false scan_age=0.050s
[component_container-9] [INFO] [1788983044.369813454] [pure_pursuit_node]: Pure Pursuit: pose=(-3.099, -0.001, -2.072) cte=-0.545 closest=1690 target=1731 path_dist=0.545 heading_err=-0.001 steer=-0.524 speed=1.219
[gpu_amcl_cpp_node-6] [INFO] [1788983044.895064172] [gpu_amcl_cpp]: AMCL odom delta: at_scan=(2.100, -4.365, -0.501) baseline=(2.100, -4.365, -0.501) delta=(-0.000, 0.000, -0.000) moved=false scan_age=0.051s
[component_container-9] [INFO] [1788983045.395787756] [pure_pursuit_node]: Pure Pursuit: pose=(-3.099, -0.001, -2.072) cte=-0.545 closest=1690 target=1731 path_dist=0.545 heading_err=-0.001 steer=-0.524 speed=1.219
[gpu_amcl_cpp_node-6] [INFO] [1788983045.618121584] [gpu_amcl_cpp]: Received LiDAR callback #397 (1081 ranges).
[gpu_amcl_cpp_node-6] [INFO] [1788983045.919781808] [gpu_amcl_cpp]: AMCL odom delta: at_scan=(2.100, -4.365, -0.501) baseline=(2.100, -4.365, -0.501) delta=(-0.000, 0.000, -0.000) moved=false scan_age=0.050s
[component_container-9] [INFO] [1788983046.420156890] [pure_pursuit_node]: Pure Pursuit: pose=(-3.099, -0.001, -2.072) cte=-0.545 closest=1690 target=1731 path_dist=0.545 heading_err=-0.001 steer=-0.524 speed=1.219
[gpu_amcl_cpp_node-6] [INFO] [1788983046.943021605] [gpu_amcl_cpp]: AMCL odom delta: at_scan=(2.100, -4.365, -0.501) baseline=(2.100, -4.365, -0.501) delta=(-0.000, 0.000, -0.000) moved=false scan_age=0.050s
[component_container-9] [INFO] [1788983047.443228983] [pure_pursuit_node]: Pure Pursuit: pose=(-3.099, -0.001, -2.072) cte=-0.545 closest=1690 target=1731 path_dist=0.545 heading_err=-0.001 steer=-0.524 speed=1.219
[gpu_amcl_cpp_node-6] [INFO] [1788983047.945596362] [gpu_amcl_cpp]: AMCL odom delta: at_scan=(2.100, -4.365, -0.501) baseline=(2.100, -4.365, -0.501) delta=(-0.000, 0.000, -0.000) moved=false scan_age=0.050s
[component_container-9] [INFO] [1788983048.468723160] [pure_pursuit_node]: Pure Pursuit: pose=(-3.099, -0.001, -2.072) cte=-0.545 closest=1690 target=1731 path_dist=0.545 heading_err=-0.001 steer=-0.524 speed=1.219
[gpu_amcl_cpp_node-6] [INFO] [1788983048.995510853] [gpu_amcl_cpp]: AMCL odom delta: at_scan=(2.100, -4.365, -0.501) baseline=(2.100, -4.365, -0.501) delta=(-0.000, 0.000, -0.000) moved=false scan_age=0.051s
[component_container-9] [INFO] [1788983049.517496522] [pure_pursuit_node]: Pure Pursuit: pose=(-3.099, -0.001, -2.072) cte=-0.545 closest=1690 target=1731 path_dist=0.545 heading_err=-0.001 steer=-0.524 speed=1.219
[gpu_amcl_cpp_node-6] [INFO] [1788983050.022107760] [gpu_amcl_cpp]: AMCL odom delta: at_scan=(2.100, -4.365, -0.501) baseline=(2.100, -4.365, -0.501) delta=(-0.000, 0.000, -0.000) moved=false scan_age=0.050s
[component_container-9] [INFO] [1788983050.588927835] [pure_pursuit_node]: Pure Pursuit: pose=(-3.099, -0.001, -2.072) cte=-0.545 closest=1690 target=1731 path_dist=0.545 heading_err=-0.001 steer=-0.524 speed=1.219
[gpu_amcl_cpp_node-6] [INFO] [1788983050.646054942] [gpu_amcl_cpp]: Received LiDAR callback #494 (1081 ranges).
[gpu_amcl_cpp_node-6] [INFO] [1788983051.046882000] [gpu_amcl_cpp]: AMCL odom delta: at_scan=(2.100, -4.365, -0.501) baseline=(2.100, -4.365, -0.501) delta=(-0.000, 0.000, -0.000) moved=false scan_age=0.049s
[component_container-9] [INFO] [1788983051.616232621] [pure_pursuit_node]: Pure Pursuit: pose=(-3.099, -0.001, -2.072) cte=-0.545 closest=1690 target=1731 path_dist=0.545 heading_err=-0.001 steer=-0.524 speed=1.219
[gpu_amcl_cpp_node-6] [INFO] [1788983052.072555959] [gpu_amcl_cpp]: AMCL odom delta: at_scan=(2.100, -4.365, -0.501) baseline=(2.100, -4.365, -0.501) delta=(-0.000, 0.000, -0.000) moved=false scan_age=0.051s
[component_container-9] [INFO] [1788983052.645530867] [pure_pursuit_node]: Pure Pursuit: pose=(-3.099, -0.001, -2.072) cte=-0.545 closest=1690 target=1731 path_dist=0.545 heading_err=-0.001 steer=-0.524 speed=1.219
[gpu_amcl_cpp_node-6] [INFO] [1788983053.118516341] [gpu_amcl_cpp]: AMCL odom delta: at_scan=(2.100, -4.365, -0.501) baseline=(2.100, -4.365, -0.501) delta=(-0.000, 0.000, -0.000) moved=false scan_age=0.050s
[component_container-9] [INFO] [1788983053.668638246] [pure_pursuit_node]: Pure Pursuit: pose=(-3.099, -0.001, -2.072) cte=-0.545 closest=1690 target=1731 path_dist=0.545 heading_err=-0.001 steer=-0.524 speed=1.219
[gpu_amcl_cpp_node-6] [INFO] [1788983054.142475317] [gpu_amcl_cpp]: AMCL odom delta: at_scan=(2.100, -4.365, -0.501) baseline=(2.100, -4.365, -0.501) delta=(-0.000, 0.000, -0.000) moved=false scan_age=0.049s
[component_container-9] [INFO] [1788983054.718018173] [pure_pursuit_node]: Pure Pursuit: pose=(-3.099, -0.001, -2.072) cte=-0.545 closest=1690 target=1731 path_dist=0.545 heading_err=-0.001 steer=-0.524 speed=1.219
[gpu_amcl_cpp_node-6] [INFO] [1788983055.171798023] [gpu_amcl_cpp]: AMCL odom delta: at_scan=(2.100, -4.365, -0.501) baseline=(2.100, -4.365, -0.501) delta=(-0.000, 0.000, -0.000) moved=false scan_age=0.050s
[gpu_amcl_cpp_node-6] [INFO] [1788983055.648993043] [gpu_amcl_cpp]: Received LiDAR callback #591 (1081 ranges).
[component_container-9] [INFO] [1788983055.770617459] [pure_pursuit_node]: Pure Pursuit: pose=(-3.099, -0.001, -2.072) cte=-0.545 closest=1690 target=1731 path_dist=0.545 heading_err=-0.001 steer=-0.524 speed=1.219
[gpu_amcl_cpp_node-6] [INFO] [1788983056.199571735] [gpu_amcl_cpp]: AMCL odom delta: at_scan=(2.100, -4.365, -0.501) baseline=(2.100, -4.365, -0.501) delta=(-0.000, 0.000, -0.000) moved=false scan_age=0.051s
[component_container-9] [INFO] [1788983056.817466623] [pure_pursuit_node]: Pure Pursuit: pose=(-3.099, -0.001, -2.072) cte=-0.545 closest=1690 target=1731 path_dist=0.545 heading_err=-0.001 steer=-0.524 speed=1.219
[gpu_amcl_cpp_node-6] [INFO] [1788983057.219119794] [gpu_amcl_cpp]: AMCL odom delta: at_scan=(2.100, -4.365, -0.501) baseline=(2.100, -4.365, -0.501) delta=(-0.000, 0.000, -0.000) moved=false scan_age=0.049s
[component_container-9] [INFO] [1788983057.869775488] [pure_pursuit_node]: Pure Pursuit: pose=(-3.099, -0.001, -2.072) cte=-0.545 closest=1690 target=1731 path_dist=0.545 heading_err=-0.001 steer=-0.524 speed=1.219
[gpu_amcl_cpp_node-6] [INFO] [1788983058.245992069] [gpu_amcl_cpp]: AMCL odom delta: at_scan=(2.100, -4.365, -0.501) baseline=(2.100, -4.365, -0.501) delta=(-0.000, 0.000, -0.000) moved=false scan_age=0.050s
[component_container-9] [INFO] [1788983058.873023833] [pure_pursuit_node]: Pure Pursuit: pose=(-3.099, -0.001, -2.072) cte=-0.545 closest=1690 target=1731 path_dist=0.545 heading_err=-0.001 steer=-0.524 speed=1.219
[gpu_amcl_cpp_node-6] [INFO] [1788983059.269324147] [gpu_amcl_cpp]: AMCL odom delta: at_scan=(2.100, -4.365, -0.501) baseline=(2.100, -4.365, -0.501) delta=(-0.000, 0.000, -0.000) moved=false scan_age=0.051s
[component_container-9] [INFO] [1788983059.897256139] [pure_pursuit_node]: Pure Pursuit: pose=(-3.099, -0.001, -2.072) cte=-0.545 closest=1690 target=1731 path_dist=0.545 heading_err=-0.001 steer=-0.524 speed=1.219
[gpu_amcl_cpp_node-6] [INFO] [1788983060.296897760] [gpu_amcl_cpp]: AMCL odom delta: at_scan=(2.100, -4.365, -0.501) baseline=(2.100, -4.365, -0.501) delta=(-0.000, 0.000, -0.000) moved=false scan_age=0.052s
[gpu_amcl_cpp_node-6] [INFO] [1788983060.674885293] [gpu_amcl_cpp]: Received LiDAR callback #685 (1081 ranges).
[component_container-9] [INFO] [1788983060.947672319] [pure_pursuit_node]: Pure Pursuit: pose=(-3.099, -0.001, -2.072) cte=-0.545 closest=1690 target=1731 path_dist=0.545 heading_err=-0.001 steer=-0.524 speed=1.219
[gpu_amcl_cpp_node-6] [INFO] [1788983061.321857392] [gpu_amcl_cpp]: AMCL odom delta: at_scan=(2.100, -4.365, -0.501) baseline=(2.100, -4.365, -0.501) delta=(-0.000, 0.000, -0.000) moved=false scan_age=0.050s
